command: python -m hingesense.trainer --out results/raw/ablation_no_augmentation --target Data_09 --seed 2027 --epochs 300 --patience 50 --ablation no_augmentation
UserWarning: Can't initialize NVML
os: Linux-6.8.0-138-generic-x86_64-with-glibc2.35
cpu: Intel(R) Xeon(R) Platinum 8480C x224, ram 1007.5 GB
gpu: NVIDIA H100 (driver 580.173.02)
python 3.11.15, torch 2.12.0+cu130, cuda 13.0
channel mask top40 = [6, 7, 8, 9, 10, 11, 12, 13, 14, 21, 22, 25, 26, 27, 28, 34, 38, 41, 46, 48, 53, 57, 59, 61, 62, 64, 67, 69, 71, 72, 74, 76, 77, 78, 80, 81, 83, 84, 85, 98]
=== Data_09 seed=2027 epochs=300 patience=50 ablation=no_augmentation channels=120 dev=cuda:0 ===
pool=9 folds (flips=False)
  [Data_09] cond=assembly sources=8
  [Data_09] NEWBEST ep0 val=0.5336 test=0.7135
  [Data_09] ep 0 val 0.5336 best 0.5336@ep0 pat 0 (6s)
  [Data_09] NEWBEST ep1 val=0.4328 test=0.7792
  [Data_09] ep 1 val 0.4328 best 0.4328@ep1 pat 0 (12s)
  [Data_09] ep 2 val 0.4670 best 0.4328@ep1 pat 1 (18s)
  [Data_09] ep 3 val 0.5466 best 0.4328@ep1 pat 2 (23s)
  [Data_09] NEWBEST ep4 val=0.4247 test=0.7854
  [Data_09] ep 4 val 0.4247 best 0.4247@ep4 pat 0 (30s)
  [Data_09] ep 5 val 0.4264 best 0.4247@ep4 pat 1 (36s)
  [Data_09] ep 6 val 0.4336 best 0.4247@ep4 pat 2 (42s)
  [Data_09] ep 7 val 0.4457 best 0.4247@ep4 pat 3 (48s)
  [Data_09] NEWBEST ep8 val=0.3881 test=0.6198
  [Data_09] ep 8 val 0.3881 best 0.3881@ep8 pat 0 (55s)
  [Data_09] NEWBEST ep9 val=0.3747 test=0.6003
  [Data_09] ep 9 val 0.3747 best 0.3747@ep9 pat 0 (61s)
  [Data_09] ep 10 val 0.4033 best 0.3747@ep9 pat 1 (67s)
  [Data_09] ep 11 val 0.3960 best 0.3747@ep9 pat 2 (73s)
  [Data_09] ep 12 val 0.4219 best 0.3747@ep9 pat 3 (80s)
  [Data_09] ep 13 val 0.3886 best 0.3747@ep9 pat 4 (86s)
  [Data_09] ep 14 val 0.4016 best 0.3747@ep9 pat 5 (92s)
  [Data_09] ep 15 val 0.3998 best 0.3747@ep9 pat 6 (98s)
  [Data_09] ep 16 val 0.3942 best 0.3747@ep9 pat 7 (105s)
  [Data_09] ep 17 val 0.4220 best 0.3747@ep9 pat 8 (111s)
  [Data_09] ep 18 val 0.4180 best 0.3747@ep9 pat 9 (118s)
  [Data_09] ep 19 val 0.4259 best 0.3747@ep9 pat 10 (124s)
  [Data_09] ep 20 val 0.4089 best 0.3747@ep9 pat 11 (130s)
  [Data_09] ep 21 val 0.3998 best 0.3747@ep9 pat 12 (137s)
  [Data_09] ep 22 val 0.3944 best 0.3747@ep9 pat 13 (143s)
  [Data_09] ep 23 val 0.3894 best 0.3747@ep9 pat 14 (149s)
  [Data_09] NEWBEST ep24 val=0.3570 test=0.5486
  [Data_09] ep 24 val 0.3570 best 0.3570@ep24 pat 0 (156s)
  [Data_09] ep 25 val 0.3852 best 0.3570@ep24 pat 1 (162s)
  [Data_09] NEWBEST ep26 val=0.3525 test=0.6604
  [Data_09] ep 26 val 0.3525 best 0.3525@ep26 pat 0 (168s)
  [Data_09] ep 27 val 0.3762 best 0.3525@ep26 pat 1 (175s)
  [Data_09] ep 28 val 0.4051 best 0.3525@ep26 pat 2 (181s)
  [Data_09] ep 29 val 0.3565 best 0.3525@ep26 pat 3 (187s)
  [Data_09] ep 30 val 0.4034 best 0.3525@ep26 pat 4 (193s)
  [Data_09] ep 31 val 0.4413 best 0.3525@ep26 pat 5 (200s)
  [Data_09] ep 32 val 0.3793 best 0.3525@ep26 pat 6 (206s)
  [Data_09] ep 33 val 0.3835 best 0.3525@ep26 pat 7 (212s)
  [Data_09] ep 34 val 0.3585 best 0.3525@ep26 pat 8 (218s)
  [Data_09] ep 35 val 0.4186 best 0.3525@ep26 pat 9 (225s)
  [Data_09] ep 36 val 0.3896 best 0.3525@ep26 pat 10 (231s)
  [Data_09] ep 37 val 0.3945 best 0.3525@ep26 pat 11 (238s)
  [Data_09] ep 38 val 0.3820 best 0.3525@ep26 pat 12 (244s)
  [Data_09] NEWBEST ep39 val=0.3503 test=0.5950
  [Data_09] ep 39 val 0.3503 best 0.3503@ep39 pat 0 (251s)
  [Data_09] ep 40 val 0.4012 best 0.3503@ep39 pat 1 (257s)
  [Data_09] ep 41 val 0.4002 best 0.3503@ep39 pat 2 (263s)
  [Data_09] ep 42 val 0.3922 best 0.3503@ep39 pat 3 (270s)
  [Data_09] ep 43 val 0.4220 best 0.3503@ep39 pat 4 (276s)
  [Data_09] ep 44 val 0.4036 best 0.3503@ep39 pat 5 (282s)
  [Data_09] ep 45 val 0.3924 best 0.3503@ep39 pat 6 (288s)
  [Data_09] ep 46 val 0.3784 best 0.3503@ep39 pat 7 (295s)
  [Data_09] ep 47 val 0.3734 best 0.3503@ep39 pat 8 (301s)
  [Data_09] ep 48 val 0.4142 best 0.3503@ep39 pat 9 (307s)
  [Data_09] ep 49 val 0.3795 best 0.3503@ep39 pat 10 (314s)
  [Data_09] ep 50 val 0.3873 best 0.3503@ep39 pat 11 (320s)
  [Data_09] ep 51 val 0.4223 best 0.3503@ep39 pat 12 (327s)
  [Data_09] ep 52 val 0.3991 best 0.3503@ep39 pat 13 (333s)
  [Data_09] ep 53 val 0.4125 best 0.3503@ep39 pat 14 (339s)
  [Data_09] ep 54 val 0.4254 best 0.3503@ep39 pat 15 (345s)
  [Data_09] ep 55 val 0.4020 best 0.3503@ep39 pat 16 (350s)
  [Data_09] ep 56 val 0.4093 best 0.3503@ep39 pat 17 (355s)
  [Data_09] ep 57 val 0.4017 best 0.3503@ep39 pat 18 (360s)
  [Data_09] ep 58 val 0.3680 best 0.3503@ep39 pat 19 (365s)
  [Data_09] ep 59 val 0.3838 best 0.3503@ep39 pat 20 (371s)
  [Data_09] ep 60 val 0.3638 best 0.3503@ep39 pat 21 (377s)
  [Data_09] ep 61 val 0.3944 best 0.3503@ep39 pat 22 (383s)
  [Data_09] ep 62 val 0.3665 best 0.3503@ep39 pat 23 (389s)
  [Data_09] ep 63 val 0.3795 best 0.3503@ep39 pat 24 (395s)
  [Data_09] ep 64 val 0.3919 best 0.3503@ep39 pat 25 (401s)
  [Data_09] ep 65 val 0.3598 best 0.3503@ep39 pat 26 (408s)
  [Data_09] ep 66 val 0.3654 best 0.3503@ep39 pat 27 (414s)
  [Data_09] NEWBEST ep67 val=0.3477 test=0.5432
  [Data_09] ep 67 val 0.3477 best 0.3477@ep67 pat 0 (420s)
  [Data_09] ep 68 val 0.3808 best 0.3477@ep67 pat 1 (426s)
  [Data_09] ep 69 val 0.4102 best 0.3477@ep67 pat 2 (432s)
  [Data_09] ep 70 val 0.3503 best 0.3477@ep67 pat 3 (438s)
  [Data_09] ep 71 val 0.3759 best 0.3477@ep67 pat 4 (444s)
  [Data_09] ep 72 val 0.3548 best 0.3477@ep67 pat 5 (450s)
  [Data_09] ep 73 val 0.3629 best 0.3477@ep67 pat 6 (457s)
  [Data_09] ep 74 val 0.3785 best 0.3477@ep67 pat 7 (463s)
  [Data_09] NEWBEST ep75 val=0.3410 test=0.5828
  [Data_09] ep 75 val 0.3410 best 0.3410@ep75 pat 0 (469s)
  [Data_09] ep 76 val 0.3678 best 0.3410@ep75 pat 1 (475s)
  [Data_09] ep 77 val 0.3813 best 0.3410@ep75 pat 2 (481s)
  [Data_09] ep 78 val 0.3552 best 0.3410@ep75 pat 3 (487s)
  [Data_09] ep 79 val 0.3834 best 0.3410@ep75 pat 4 (493s)
  [Data_09] ep 80 val 0.3790 best 0.3410@ep75 pat 5 (499s)
  [Data_09] ep 81 val 0.3889 best 0.3410@ep75 pat 6 (505s)
  [Data_09] ep 82 val 0.3620 best 0.3410@ep75 pat 7 (511s)
  [Data_09] ep 83 val 0.3600 best 0.3410@ep75 pat 8 (517s)
  [Data_09] ep 84 val 0.3769 best 0.3410@ep75 pat 9 (523s)
  [Data_09] ep 85 val 0.3570 best 0.3410@ep75 pat 10 (529s)
  [Data_09] ep 86 val 0.3729 best 0.3410@ep75 pat 11 (535s)
  [Data_09] ep 87 val 0.3431 best 0.3410@ep75 pat 12 (541s)
  [Data_09] ep 88 val 0.3956 best 0.3410@ep75 pat 13 (547s)
  [Data_09] ep 89 val 0.4336 best 0.3410@ep75 pat 14 (552s)
  [Data_09] ep 90 val 0.3736 best 0.3410@ep75 pat 15 (558s)
  [Data_09] ep 91 val 0.3685 best 0.3410@ep75 pat 16 (564s)
  [Data_09] ep 92 val 0.3764 best 0.3410@ep75 pat 17 (570s)
  [Data_09] ep 93 val 0.3539 best 0.3410@ep75 pat 18 (576s)
  [Data_09] ep 94 val 0.3718 best 0.3410@ep75 pat 19 (582s)
  [Data_09] ep 95 val 0.3648 best 0.3410@ep75 pat 20 (588s)
  [Data_09] ep 96 val 0.3574 best 0.3410@ep75 pat 21 (594s)
  [Data_09] ep 97 val 0.3517 best 0.3410@ep75 pat 22 (600s)
  [Data_09] ep 98 val 0.3710 best 0.3410@ep75 pat 23 (606s)
  [Data_09] ep 99 val 0.3795 best 0.3410@ep75 pat 24 (612s)
  [Data_09] ep 100 val 0.3783 best 0.3410@ep75 pat 25 (618s)
  [Data_09] ep 101 val 0.3463 best 0.3410@ep75 pat 26 (624s)
  [Data_09] ep 102 val 0.3831 best 0.3410@ep75 pat 27 (630s)
  [Data_09] ep 103 val 0.3651 best 0.3410@ep75 pat 28 (636s)
  [Data_09] ep 104 val 0.3647 best 0.3410@ep75 pat 29 (642s)
  [Data_09] ep 105 val 0.3597 best 0.3410@ep75 pat 30 (648s)
  [Data_09] ep 106 val 0.3863 best 0.3410@ep75 pat 31 (654s)
  [Data_09] ep 107 val 0.3676 best 0.3410@ep75 pat 32 (660s)
  [Data_09] ep 108 val 0.3837 best 0.3410@ep75 pat 33 (665s)
  [Data_09] ep 109 val 0.3688 best 0.3410@ep75 pat 34 (671s)
  [Data_09] ep 110 val 0.3956 best 0.3410@ep75 pat 35 (677s)
  [Data_09] ep 111 val 0.3854 best 0.3410@ep75 pat 36 (683s)
  [Data_09] ep 112 val 0.3625 best 0.3410@ep75 pat 37 (689s)
  [Data_09] ep 113 val 0.4008 best 0.3410@ep75 pat 38 (695s)
  [Data_09] ep 114 val 0.3649 best 0.3410@ep75 pat 39 (701s)
  [Data_09] ep 115 val 0.3801 best 0.3410@ep75 pat 40 (707s)
  [Data_09] ep 116 val 0.3542 best 0.3410@ep75 pat 41 (713s)
  [Data_09] ep 117 val 0.3875 best 0.3410@ep75 pat 42 (719s)
  [Data_09] ep 118 val 0.3741 best 0.3410@ep75 pat 43 (725s)
  [Data_09] ep 119 val 0.3669 best 0.3410@ep75 pat 44 (731s)
  [Data_09] ep 120 val 0.3644 best 0.3410@ep75 pat 45 (737s)
  [Data_09] ep 121 val 0.3565 best 0.3410@ep75 pat 46 (743s)
  [Data_09] ep 122 val 0.3822 best 0.3410@ep75 pat 47 (749s)
  [Data_09] ep 123 val 0.3793 best 0.3410@ep75 pat 48 (755s)
  [Data_09] ep 124 val 0.3804 best 0.3410@ep75 pat 49 (761s)
  [Data_09] ep 125 val 0.3714 best 0.3410@ep75 pat 50 (767s)
  [Data_09] EARLYSTOP ep125 best 0.3410@ep75
*** Data_09 test MAE 0.583 (767s)
==== Data_09 DONE
