command: python -m hingesense.trainer --out results/raw/ablation_no_augmentation --target Data_07 --seed 2027 --epochs 300 --patience 50 --ablation no_augmentation
UserWarning: Can't initialize NVML
os: Linux-6.8.0-138-generic-x86_64-with-glibc2.35
cpu: Intel(R) Xeon(R) Platinum 8480C x224, ram 1007.5 GB
gpu: NVIDIA H100 (driver 580.173.02)
python 3.11.15, torch 2.12.0+cu130, cuda 13.0
channel mask top40 = [6, 7, 8, 9, 10, 11, 12, 13, 14, 21, 22, 25, 26, 27, 28, 34, 38, 41, 46, 48, 53, 57, 59, 61, 62, 64, 67, 69, 71, 72, 74, 76, 77, 78, 80, 81, 83, 84, 85, 98]
=== Data_07 seed=2027 epochs=300 patience=50 ablation=no_augmentation channels=120 dev=cuda:0 ===
pool=9 folds (flips=False)
  [Data_07] cond=assembly sources=8
  [Data_07] NEWBEST ep0 val=1.5127 test=1.2223
  [Data_07] ep 0 val 1.5127 best 1.5127@ep0 pat 0 (6s)
  [Data_07] ep 1 val 1.8770 best 1.5127@ep0 pat 1 (12s)
  [Data_07] NEWBEST ep2 val=1.4707 test=1.1372
  [Data_07] ep 2 val 1.4707 best 1.4707@ep2 pat 0 (18s)
  [Data_07] ep 3 val 2.0144 best 1.4707@ep2 pat 1 (24s)
  [Data_07] ep 4 val 1.7948 best 1.4707@ep2 pat 2 (30s)
  [Data_07] ep 5 val 1.7934 best 1.4707@ep2 pat 3 (37s)
  [Data_07] ep 6 val 1.4950 best 1.4707@ep2 pat 4 (43s)
  [Data_07] ep 7 val 1.5193 best 1.4707@ep2 pat 5 (49s)
  [Data_07] ep 8 val 1.5361 best 1.4707@ep2 pat 6 (55s)
  [Data_07] ep 9 val 1.7556 best 1.4707@ep2 pat 7 (61s)
  [Data_07] NEWBEST ep10 val=1.1993 test=0.8557
  [Data_07] ep 10 val 1.1993 best 1.1993@ep10 pat 0 (68s)
  [Data_07] ep 11 val 1.3654 best 1.1993@ep10 pat 1 (74s)
  [Data_07] ep 12 val 1.4131 best 1.1993@ep10 pat 2 (81s)
  [Data_07] NEWBEST ep13 val=1.0584 test=0.9040
  [Data_07] ep 13 val 1.0584 best 1.0584@ep13 pat 0 (87s)
  [Data_07] NEWBEST ep14 val=0.9358 test=0.7924
  [Data_07] ep 14 val 0.9358 best 0.9358@ep14 pat 0 (93s)
  [Data_07] ep 15 val 1.4660 best 0.9358@ep14 pat 1 (100s)
  [Data_07] NEWBEST ep16 val=0.9253 test=0.9432
  [Data_07] ep 16 val 0.9253 best 0.9253@ep16 pat 0 (106s)
  [Data_07] ep 17 val 1.1430 best 0.9253@ep16 pat 1 (113s)
  [Data_07] ep 18 val 0.9551 best 0.9253@ep16 pat 2 (119s)
  [Data_07] ep 19 val 1.2132 best 0.9253@ep16 pat 3 (125s)
  [Data_07] ep 20 val 0.9842 best 0.9253@ep16 pat 4 (132s)
  [Data_07] ep 21 val 1.0278 best 0.9253@ep16 pat 5 (138s)
  [Data_07] NEWBEST ep22 val=0.8545 test=0.7807
  [Data_07] ep 22 val 0.8545 best 0.8545@ep22 pat 0 (145s)
  [Data_07] ep 23 val 1.1051 best 0.8545@ep22 pat 1 (151s)
  [Data_07] ep 24 val 0.8794 best 0.8545@ep22 pat 2 (157s)
  [Data_07] NEWBEST ep25 val=0.8228 test=0.8353
  [Data_07] ep 25 val 0.8228 best 0.8228@ep25 pat 0 (164s)
  [Data_07] NEWBEST ep26 val=0.6679 test=0.9161
  [Data_07] ep 26 val 0.6679 best 0.6679@ep26 pat 0 (170s)
  [Data_07] ep 27 val 0.7082 best 0.6679@ep26 pat 1 (176s)
  [Data_07] ep 28 val 0.7430 best 0.6679@ep26 pat 2 (182s)
  [Data_07] ep 29 val 1.0100 best 0.6679@ep26 pat 3 (188s)
  [Data_07] ep 30 val 0.6853 best 0.6679@ep26 pat 4 (195s)
  [Data_07] ep 31 val 0.9348 best 0.6679@ep26 pat 5 (201s)
  [Data_07] ep 32 val 0.7654 best 0.6679@ep26 pat 6 (208s)
  [Data_07] ep 33 val 0.8111 best 0.6679@ep26 pat 7 (214s)
  [Data_07] ep 34 val 1.2095 best 0.6679@ep26 pat 8 (220s)
  [Data_07] ep 35 val 0.7939 best 0.6679@ep26 pat 9 (227s)
  [Data_07] ep 36 val 0.7139 best 0.6679@ep26 pat 10 (233s)
  [Data_07] ep 37 val 0.7446 best 0.6679@ep26 pat 11 (239s)
  [Data_07] ep 38 val 0.7278 best 0.6679@ep26 pat 12 (246s)
  [Data_07] ep 39 val 0.7100 best 0.6679@ep26 pat 13 (252s)
  [Data_07] ep 40 val 0.7763 best 0.6679@ep26 pat 14 (257s)
  [Data_07] ep 41 val 0.6807 best 0.6679@ep26 pat 15 (263s)
  [Data_07] ep 42 val 0.8582 best 0.6679@ep26 pat 16 (270s)
  [Data_07] ep 43 val 0.8282 best 0.6679@ep26 pat 17 (276s)
  [Data_07] ep 44 val 0.7527 best 0.6679@ep26 pat 18 (282s)
  [Data_07] ep 45 val 0.7716 best 0.6679@ep26 pat 19 (288s)
  [Data_07] ep 46 val 0.7447 best 0.6679@ep26 pat 20 (295s)
  [Data_07] ep 47 val 0.7384 best 0.6679@ep26 pat 21 (301s)
  [Data_07] ep 48 val 0.6771 best 0.6679@ep26 pat 22 (307s)
  [Data_07] NEWBEST ep49 val=0.6593 test=0.7884
  [Data_07] ep 49 val 0.6593 best 0.6593@ep49 pat 0 (314s)
  [Data_07] ep 50 val 0.7134 best 0.6593@ep49 pat 1 (320s)
  [Data_07] NEWBEST ep51 val=0.6153 test=0.8609
  [Data_07] ep 51 val 0.6153 best 0.6153@ep51 pat 0 (327s)
  [Data_07] ep 52 val 0.7205 best 0.6153@ep51 pat 1 (333s)
  [Data_07] ep 53 val 0.7357 best 0.6153@ep51 pat 2 (339s)
  [Data_07] ep 54 val 0.7696 best 0.6153@ep51 pat 3 (345s)
  [Data_07] ep 55 val 0.7329 best 0.6153@ep51 pat 4 (352s)
  [Data_07] ep 56 val 0.7044 best 0.6153@ep51 pat 5 (358s)
  [Data_07] ep 57 val 0.6276 best 0.6153@ep51 pat 6 (364s)
  [Data_07] ep 58 val 0.7713 best 0.6153@ep51 pat 7 (370s)
  [Data_07] ep 59 val 0.6351 best 0.6153@ep51 pat 8 (377s)
  [Data_07] ep 60 val 0.7732 best 0.6153@ep51 pat 9 (383s)
  [Data_07] ep 61 val 0.7134 best 0.6153@ep51 pat 10 (389s)
  [Data_07] ep 62 val 0.6580 best 0.6153@ep51 pat 11 (395s)
  [Data_07] ep 63 val 0.6288 best 0.6153@ep51 pat 12 (401s)
  [Data_07] ep 64 val 0.6960 best 0.6153@ep51 pat 13 (407s)
  [Data_07] ep 65 val 0.7573 best 0.6153@ep51 pat 14 (413s)
  [Data_07] ep 66 val 0.7564 best 0.6153@ep51 pat 15 (420s)
  [Data_07] ep 67 val 0.7830 best 0.6153@ep51 pat 16 (426s)
  [Data_07] ep 68 val 0.8359 best 0.6153@ep51 pat 17 (432s)
  [Data_07] ep 69 val 0.7340 best 0.6153@ep51 pat 18 (438s)
  [Data_07] ep 70 val 0.6221 best 0.6153@ep51 pat 19 (444s)
  [Data_07] ep 71 val 0.6987 best 0.6153@ep51 pat 20 (450s)
  [Data_07] ep 72 val 0.7123 best 0.6153@ep51 pat 21 (456s)
  [Data_07] ep 73 val 0.8639 best 0.6153@ep51 pat 22 (462s)
  [Data_07] ep 74 val 0.6514 best 0.6153@ep51 pat 23 (468s)
  [Data_07] ep 75 val 0.7404 best 0.6153@ep51 pat 24 (475s)
  [Data_07] ep 76 val 0.7269 best 0.6153@ep51 pat 25 (481s)
  [Data_07] NEWBEST ep77 val=0.5944 test=0.6983
  [Data_07] ep 77 val 0.5944 best 0.5944@ep77 pat 0 (487s)
  [Data_07] ep 78 val 0.9390 best 0.5944@ep77 pat 1 (493s)
  [Data_07] ep 79 val 0.9075 best 0.5944@ep77 pat 2 (499s)
  [Data_07] ep 80 val 0.7401 best 0.5944@ep77 pat 3 (505s)
  [Data_07] ep 81 val 0.7382 best 0.5944@ep77 pat 4 (511s)
  [Data_07] ep 82 val 0.6269 best 0.5944@ep77 pat 5 (517s)
  [Data_07] ep 83 val 0.6367 best 0.5944@ep77 pat 6 (523s)
  [Data_07] ep 84 val 0.7495 best 0.5944@ep77 pat 7 (529s)
  [Data_07] ep 85 val 0.6743 best 0.5944@ep77 pat 8 (535s)
  [Data_07] ep 86 val 0.8214 best 0.5944@ep77 pat 9 (541s)
  [Data_07] ep 87 val 0.7062 best 0.5944@ep77 pat 10 (546s)
  [Data_07] ep 88 val 0.7494 best 0.5944@ep77 pat 11 (552s)
  [Data_07] ep 89 val 0.7934 best 0.5944@ep77 pat 12 (558s)
  [Data_07] ep 90 val 0.7161 best 0.5944@ep77 pat 13 (564s)
  [Data_07] ep 91 val 0.8163 best 0.5944@ep77 pat 14 (570s)
  [Data_07] ep 92 val 0.8563 best 0.5944@ep77 pat 15 (576s)
  [Data_07] ep 93 val 0.7279 best 0.5944@ep77 pat 16 (582s)
  [Data_07] ep 94 val 0.7983 best 0.5944@ep77 pat 17 (588s)
  [Data_07] ep 95 val 0.6742 best 0.5944@ep77 pat 18 (594s)
  [Data_07] ep 96 val 0.7442 best 0.5944@ep77 pat 19 (600s)
  [Data_07] ep 97 val 0.7845 best 0.5944@ep77 pat 20 (606s)
  [Data_07] ep 98 val 0.7201 best 0.5944@ep77 pat 21 (612s)
  [Data_07] ep 99 val 0.7670 best 0.5944@ep77 pat 22 (618s)
  [Data_07] ep 100 val 0.7865 best 0.5944@ep77 pat 23 (623s)
  [Data_07] ep 101 val 0.7163 best 0.5944@ep77 pat 24 (629s)
  [Data_07] ep 102 val 0.6828 best 0.5944@ep77 pat 25 (636s)
  [Data_07] ep 103 val 0.7306 best 0.5944@ep77 pat 26 (642s)
  [Data_07] ep 104 val 0.6855 best 0.5944@ep77 pat 27 (647s)
  [Data_07] ep 105 val 0.7918 best 0.5944@ep77 pat 28 (654s)
  [Data_07] ep 106 val 0.8964 best 0.5944@ep77 pat 29 (659s)
  [Data_07] ep 107 val 0.9694 best 0.5944@ep77 pat 30 (665s)
  [Data_07] ep 108 val 0.8148 best 0.5944@ep77 pat 31 (671s)
  [Data_07] ep 109 val 0.7483 best 0.5944@ep77 pat 32 (677s)
  [Data_07] ep 110 val 0.9644 best 0.5944@ep77 pat 33 (683s)
  [Data_07] ep 111 val 0.8519 best 0.5944@ep77 pat 34 (689s)
  [Data_07] ep 112 val 0.7722 best 0.5944@ep77 pat 35 (694s)
  [Data_07] ep 113 val 0.6444 best 0.5944@ep77 pat 36 (700s)
  [Data_07] ep 114 val 0.7669 best 0.5944@ep77 pat 37 (706s)
  [Data_07] ep 115 val 0.7255 best 0.5944@ep77 pat 38 (712s)
  [Data_07] ep 116 val 0.8516 best 0.5944@ep77 pat 39 (718s)
  [Data_07] NEWBEST ep117 val=0.5531 test=0.7545
  [Data_07] ep 117 val 0.5531 best 0.5531@ep117 pat 0 (724s)
  [Data_07] ep 118 val 0.6463 best 0.5531@ep117 pat 1 (730s)
  [Data_07] ep 119 val 0.6829 best 0.5531@ep117 pat 2 (736s)
  [Data_07] ep 120 val 0.6222 best 0.5531@ep117 pat 3 (742s)
  [Data_07] ep 121 val 0.6585 best 0.5531@ep117 pat 4 (748s)
  [Data_07] ep 122 val 0.7753 best 0.5531@ep117 pat 5 (754s)
  [Data_07] ep 123 val 0.7609 best 0.5531@ep117 pat 6 (760s)
  [Data_07] ep 124 val 0.7492 best 0.5531@ep117 pat 7 (766s)
  [Data_07] ep 125 val 0.7780 best 0.5531@ep117 pat 8 (772s)
  [Data_07] ep 126 val 0.7248 best 0.5531@ep117 pat 9 (778s)
  [Data_07] ep 127 val 0.7172 best 0.5531@ep117 pat 10 (783s)
  [Data_07] ep 128 val 0.7834 best 0.5531@ep117 pat 11 (789s)
  [Data_07] ep 129 val 0.7376 best 0.5531@ep117 pat 12 (795s)
  [Data_07] ep 130 val 0.6670 best 0.5531@ep117 pat 13 (801s)
  [Data_07] ep 131 val 0.8862 best 0.5531@ep117 pat 14 (807s)
  [Data_07] ep 132 val 0.7758 best 0.5531@ep117 pat 15 (813s)
  [Data_07] ep 133 val 0.8201 best 0.5531@ep117 pat 16 (818s)
  [Data_07] ep 134 val 0.8620 best 0.5531@ep117 pat 17 (824s)
  [Data_07] ep 135 val 0.7319 best 0.5531@ep117 pat 18 (829s)
  [Data_07] ep 136 val 0.8215 best 0.5531@ep117 pat 19 (835s)
  [Data_07] ep 137 val 0.8193 best 0.5531@ep117 pat 20 (841s)
  [Data_07] ep 138 val 0.8083 best 0.5531@ep117 pat 21 (846s)
  [Data_07] ep 139 val 0.8210 best 0.5531@ep117 pat 22 (852s)
  [Data_07] ep 140 val 0.8959 best 0.5531@ep117 pat 23 (857s)
  [Data_07] ep 141 val 0.8731 best 0.5531@ep117 pat 24 (863s)
  [Data_07] ep 142 val 0.7245 best 0.5531@ep117 pat 25 (869s)
  [Data_07] ep 143 val 0.8297 best 0.5531@ep117 pat 26 (874s)
  [Data_07] ep 144 val 0.7817 best 0.5531@ep117 pat 27 (880s)
  [Data_07] ep 145 val 0.7110 best 0.5531@ep117 pat 28 (886s)
  [Data_07] ep 146 val 0.7736 best 0.5531@ep117 pat 29 (892s)
  [Data_07] ep 147 val 0.7841 best 0.5531@ep117 pat 30 (897s)
  [Data_07] ep 148 val 0.8082 best 0.5531@ep117 pat 31 (903s)
  [Data_07] ep 149 val 0.7878 best 0.5531@ep117 pat 32 (908s)
  [Data_07] ep 150 val 0.8148 best 0.5531@ep117 pat 33 (914s)
  [Data_07] ep 151 val 0.7689 best 0.5531@ep117 pat 34 (920s)
  [Data_07] ep 152 val 0.8291 best 0.5531@ep117 pat 35 (926s)
  [Data_07] ep 153 val 0.7796 best 0.5531@ep117 pat 36 (931s)
  [Data_07] ep 154 val 0.7748 best 0.5531@ep117 pat 37 (937s)
  [Data_07] ep 155 val 0.8449 best 0.5531@ep117 pat 38 (942s)
  [Data_07] ep 156 val 0.6598 best 0.5531@ep117 pat 39 (948s)
  [Data_07] ep 157 val 0.8729 best 0.5531@ep117 pat 40 (954s)
  [Data_07] ep 158 val 0.8620 best 0.5531@ep117 pat 41 (959s)
  [Data_07] ep 159 val 0.8239 best 0.5531@ep117 pat 42 (965s)
  [Data_07] ep 160 val 0.8660 best 0.5531@ep117 pat 43 (970s)
  [Data_07] ep 161 val 0.8792 best 0.5531@ep117 pat 44 (976s)
  [Data_07] ep 162 val 0.8330 best 0.5531@ep117 pat 45 (982s)
  [Data_07] ep 163 val 0.7011 best 0.5531@ep117 pat 46 (987s)
  [Data_07] ep 164 val 0.8408 best 0.5531@ep117 pat 47 (993s)
  [Data_07] ep 165 val 0.6924 best 0.5531@ep117 pat 48 (998s)
  [Data_07] ep 166 val 0.6872 best 0.5531@ep117 pat 49 (1004s)
  [Data_07] ep 167 val 0.6885 best 0.5531@ep117 pat 50 (1010s)
  [Data_07] EARLYSTOP ep167 best 0.5531@ep117
*** Data_07 test MAE 0.754 (1010s)
==== Data_07 DONE
