command: python -m hingesense.trainer --out results/raw/ablation_no_augmentation --target Data_06 --seed 2027 --epochs 300 --patience 50 --ablation no_augmentation
UserWarning: Can't initialize NVML
os: Linux-6.8.0-138-generic-x86_64-with-glibc2.35
cpu: Intel(R) Xeon(R) Platinum 8480C x224, ram 1007.5 GB
gpu: NVIDIA H100 (driver 580.173.02)
python 3.11.15, torch 2.12.0+cu130, cuda 13.0
channel mask top40 = [6, 7, 8, 9, 10, 11, 12, 13, 14, 21, 22, 25, 26, 27, 28, 34, 38, 41, 46, 48, 53, 57, 59, 61, 62, 64, 67, 69, 71, 72, 74, 76, 77, 78, 80, 81, 83, 84, 85, 98]
=== Data_06 seed=2027 epochs=300 patience=50 ablation=no_augmentation channels=120 dev=cuda:0 ===
pool=14 folds (flips=False)
  [Data_06] cond=noload sources=13
  [Data_06] NEWBEST ep0 val=0.5494 test=0.5517
  [Data_06] ep 0 val 0.5494 best 0.5494@ep0 pat 0 (6s)
  [Data_06] ep 1 val 0.6179 best 0.5494@ep0 pat 1 (12s)
  [Data_06] NEWBEST ep2 val=0.4341 test=0.4055
  [Data_06] ep 2 val 0.4341 best 0.4341@ep2 pat 0 (18s)
  [Data_06] ep 3 val 0.5461 best 0.4341@ep2 pat 1 (24s)
  [Data_06] ep 4 val 0.5082 best 0.4341@ep2 pat 2 (30s)
  [Data_06] ep 5 val 0.4655 best 0.4341@ep2 pat 3 (37s)
  [Data_06] ep 6 val 0.6367 best 0.4341@ep2 pat 4 (43s)
  [Data_06] NEWBEST ep7 val=0.3590 test=0.3640
  [Data_06] ep 7 val 0.3590 best 0.3590@ep7 pat 0 (49s)
  [Data_06] ep 8 val 0.4412 best 0.3590@ep7 pat 1 (56s)
  [Data_06] ep 9 val 0.5404 best 0.3590@ep7 pat 2 (62s)
  [Data_06] ep 10 val 0.4085 best 0.3590@ep7 pat 3 (69s)
  [Data_06] ep 11 val 0.3826 best 0.3590@ep7 pat 4 (75s)
  [Data_06] ep 12 val 0.4498 best 0.3590@ep7 pat 5 (82s)
  [Data_06] ep 13 val 0.3948 best 0.3590@ep7 pat 6 (88s)
  [Data_06] ep 14 val 0.5050 best 0.3590@ep7 pat 7 (94s)
  [Data_06] ep 15 val 0.3917 best 0.3590@ep7 pat 8 (101s)
  [Data_06] ep 16 val 0.4870 best 0.3590@ep7 pat 9 (107s)
  [Data_06] ep 17 val 0.3758 best 0.3590@ep7 pat 10 (114s)
  [Data_06] ep 18 val 0.5088 best 0.3590@ep7 pat 11 (120s)
  [Data_06] ep 19 val 0.4264 best 0.3590@ep7 pat 12 (126s)
  [Data_06] ep 20 val 0.4051 best 0.3590@ep7 pat 13 (133s)
  [Data_06] NEWBEST ep21 val=0.3510 test=0.3556
  [Data_06] ep 21 val 0.3510 best 0.3510@ep21 pat 0 (139s)
  [Data_06] ep 22 val 0.4025 best 0.3510@ep21 pat 1 (145s)
  [Data_06] ep 23 val 0.4649 best 0.3510@ep21 pat 2 (152s)
  [Data_06] ep 24 val 0.4188 best 0.3510@ep21 pat 3 (158s)
  [Data_06] ep 25 val 0.5037 best 0.3510@ep21 pat 4 (165s)
  [Data_06] ep 26 val 0.4223 best 0.3510@ep21 pat 5 (171s)
  [Data_06] ep 27 val 0.4254 best 0.3510@ep21 pat 6 (177s)
  [Data_06] ep 28 val 0.3732 best 0.3510@ep21 pat 7 (184s)
  [Data_06] ep 29 val 0.4762 best 0.3510@ep21 pat 8 (190s)
  [Data_06] ep 30 val 0.4062 best 0.3510@ep21 pat 9 (197s)
  [Data_06] ep 31 val 0.4348 best 0.3510@ep21 pat 10 (203s)
  [Data_06] NEWBEST ep32 val=0.3399 test=0.3513
  [Data_06] ep 32 val 0.3399 best 0.3399@ep32 pat 0 (210s)
  [Data_06] ep 33 val 0.3726 best 0.3399@ep32 pat 1 (216s)
  [Data_06] ep 34 val 0.4473 best 0.3399@ep32 pat 2 (223s)
  [Data_06] ep 35 val 0.4203 best 0.3399@ep32 pat 3 (229s)
  [Data_06] ep 36 val 0.4087 best 0.3399@ep32 pat 4 (235s)
  [Data_06] ep 37 val 0.4322 best 0.3399@ep32 pat 5 (242s)
  [Data_06] ep 38 val 0.3877 best 0.3399@ep32 pat 6 (248s)
  [Data_06] ep 39 val 0.4301 best 0.3399@ep32 pat 7 (255s)
  [Data_06] ep 40 val 0.3515 best 0.3399@ep32 pat 8 (261s)
  [Data_06] ep 41 val 0.4204 best 0.3399@ep32 pat 9 (268s)
  [Data_06] ep 42 val 0.3496 best 0.3399@ep32 pat 10 (274s)
  [Data_06] NEWBEST ep43 val=0.3202 test=0.3121
  [Data_06] ep 43 val 0.3202 best 0.3202@ep43 pat 0 (280s)
  [Data_06] ep 44 val 0.4047 best 0.3202@ep43 pat 1 (287s)
  [Data_06] ep 45 val 0.4481 best 0.3202@ep43 pat 2 (293s)
  [Data_06] ep 46 val 0.3710 best 0.3202@ep43 pat 3 (300s)
  [Data_06] ep 47 val 0.4373 best 0.3202@ep43 pat 4 (306s)
  [Data_06] ep 48 val 0.4419 best 0.3202@ep43 pat 5 (312s)
  [Data_06] ep 49 val 0.4520 best 0.3202@ep43 pat 6 (319s)
  [Data_06] ep 50 val 0.3799 best 0.3202@ep43 pat 7 (326s)
  [Data_06] ep 51 val 0.4054 best 0.3202@ep43 pat 8 (332s)
  [Data_06] ep 52 val 0.4001 best 0.3202@ep43 pat 9 (338s)
  [Data_06] ep 53 val 0.4495 best 0.3202@ep43 pat 10 (345s)
  [Data_06] ep 54 val 0.4010 best 0.3202@ep43 pat 11 (351s)
  [Data_06] ep 55 val 0.4433 best 0.3202@ep43 pat 12 (357s)
  [Data_06] ep 56 val 0.3633 best 0.3202@ep43 pat 13 (364s)
  [Data_06] ep 57 val 0.3984 best 0.3202@ep43 pat 14 (370s)
  [Data_06] ep 58 val 0.3951 best 0.3202@ep43 pat 15 (376s)
  [Data_06] ep 59 val 0.4031 best 0.3202@ep43 pat 16 (383s)
  [Data_06] ep 60 val 0.4116 best 0.3202@ep43 pat 17 (389s)
  [Data_06] ep 61 val 0.3793 best 0.3202@ep43 pat 18 (395s)
  [Data_06] ep 62 val 0.4295 best 0.3202@ep43 pat 19 (402s)
  [Data_06] ep 63 val 0.3339 best 0.3202@ep43 pat 20 (408s)
  [Data_06] ep 64 val 0.3845 best 0.3202@ep43 pat 21 (414s)
  [Data_06] ep 65 val 0.5416 best 0.3202@ep43 pat 22 (421s)
  [Data_06] ep 66 val 0.4397 best 0.3202@ep43 pat 23 (427s)
  [Data_06] ep 67 val 0.5030 best 0.3202@ep43 pat 24 (433s)
  [Data_06] ep 68 val 0.4655 best 0.3202@ep43 pat 25 (440s)
  [Data_06] ep 69 val 0.3979 best 0.3202@ep43 pat 26 (446s)
  [Data_06] ep 70 val 0.4276 best 0.3202@ep43 pat 27 (452s)
  [Data_06] ep 71 val 0.3726 best 0.3202@ep43 pat 28 (458s)
  [Data_06] ep 72 val 0.3827 best 0.3202@ep43 pat 29 (465s)
  [Data_06] ep 73 val 0.4403 best 0.3202@ep43 pat 30 (471s)
  [Data_06] ep 74 val 0.4145 best 0.3202@ep43 pat 31 (477s)
  [Data_06] ep 75 val 0.4301 best 0.3202@ep43 pat 32 (484s)
  [Data_06] ep 76 val 0.3515 best 0.3202@ep43 pat 33 (490s)
  [Data_06] ep 77 val 0.4495 best 0.3202@ep43 pat 34 (496s)
  [Data_06] ep 78 val 0.3934 best 0.3202@ep43 pat 35 (503s)
  [Data_06] ep 79 val 0.3459 best 0.3202@ep43 pat 36 (509s)
  [Data_06] ep 80 val 0.4870 best 0.3202@ep43 pat 37 (515s)
  [Data_06] ep 81 val 0.3866 best 0.3202@ep43 pat 38 (522s)
  [Data_06] ep 82 val 0.3825 best 0.3202@ep43 pat 39 (528s)
  [Data_06] ep 83 val 0.4401 best 0.3202@ep43 pat 40 (534s)
  [Data_06] ep 84 val 0.4503 best 0.3202@ep43 pat 41 (540s)
  [Data_06] ep 85 val 0.4884 best 0.3202@ep43 pat 42 (546s)
  [Data_06] ep 86 val 0.4150 best 0.3202@ep43 pat 43 (553s)
  [Data_06] ep 87 val 0.5075 best 0.3202@ep43 pat 44 (559s)
  [Data_06] ep 88 val 0.4395 best 0.3202@ep43 pat 45 (565s)
  [Data_06] ep 89 val 0.4358 best 0.3202@ep43 pat 46 (571s)
  [Data_06] ep 90 val 0.4604 best 0.3202@ep43 pat 47 (577s)
  [Data_06] ep 91 val 0.4145 best 0.3202@ep43 pat 48 (584s)
  [Data_06] ep 92 val 0.4986 best 0.3202@ep43 pat 49 (589s)
  [Data_06] ep 93 val 0.4045 best 0.3202@ep43 pat 50 (596s)
  [Data_06] EARLYSTOP ep93 best 0.3202@ep43
*** Data_06 test MAE 0.312 (596s)
==== Data_06 DONE
