command: python -m hingesense.trainer --out results/raw/ablation_no_augmentation --target Data_04 --seed 2027 --epochs 300 --patience 50 --ablation no_augmentation
UserWarning: Can't initialize NVML
os: Linux-6.8.0-138-generic-x86_64-with-glibc2.35
cpu: Intel(R) Xeon(R) Platinum 8480C x224, ram 1007.5 GB
gpu: NVIDIA H100 (driver 580.173.02)
python 3.11.15, torch 2.12.0+cu130, cuda 13.0
channel mask top40 = [6, 7, 8, 9, 10, 11, 12, 13, 14, 21, 22, 25, 26, 27, 28, 34, 38, 41, 46, 48, 53, 57, 59, 61, 62, 64, 67, 69, 71, 72, 74, 76, 77, 78, 80, 81, 83, 84, 85, 98]
=== Data_04 seed=2027 epochs=300 patience=50 ablation=no_augmentation channels=120 dev=cuda:0 ===
pool=14 folds (flips=False)
  [Data_04] cond=noload sources=13
  [Data_04] NEWBEST ep0 val=0.2644 test=0.2410
  [Data_04] ep 0 val 0.2644 best 0.2644@ep0 pat 0 (6s)
  [Data_04] ep 1 val 0.3094 best 0.2644@ep0 pat 1 (12s)
  [Data_04] ep 2 val 0.3160 best 0.2644@ep0 pat 2 (18s)
  [Data_04] ep 3 val 0.3131 best 0.2644@ep0 pat 3 (24s)
  [Data_04] ep 4 val 0.3069 best 0.2644@ep0 pat 4 (30s)
  [Data_04] ep 5 val 0.3245 best 0.2644@ep0 pat 5 (37s)
  [Data_04] ep 6 val 0.3237 best 0.2644@ep0 pat 6 (43s)
  [Data_04] ep 7 val 0.3576 best 0.2644@ep0 pat 7 (48s)
  [Data_04] ep 8 val 0.3080 best 0.2644@ep0 pat 8 (55s)
  [Data_04] ep 9 val 0.3294 best 0.2644@ep0 pat 9 (61s)
  [Data_04] ep 10 val 0.3697 best 0.2644@ep0 pat 10 (68s)
  [Data_04] ep 11 val 0.3359 best 0.2644@ep0 pat 11 (74s)
  [Data_04] ep 12 val 0.3094 best 0.2644@ep0 pat 12 (81s)
  [Data_04] ep 13 val 0.3370 best 0.2644@ep0 pat 13 (87s)
  [Data_04] ep 14 val 0.2987 best 0.2644@ep0 pat 14 (94s)
  [Data_04] ep 15 val 0.3233 best 0.2644@ep0 pat 15 (100s)
  [Data_04] ep 16 val 0.2888 best 0.2644@ep0 pat 16 (107s)
  [Data_04] ep 17 val 0.3198 best 0.2644@ep0 pat 17 (113s)
  [Data_04] ep 18 val 0.3131 best 0.2644@ep0 pat 18 (120s)
  [Data_04] ep 19 val 0.2984 best 0.2644@ep0 pat 19 (126s)
  [Data_04] NEWBEST ep20 val=0.2610 test=0.2341
  [Data_04] ep 20 val 0.2610 best 0.2610@ep20 pat 0 (133s)
  [Data_04] ep 21 val 0.2992 best 0.2610@ep20 pat 1 (139s)
  [Data_04] ep 22 val 0.2866 best 0.2610@ep20 pat 2 (146s)
  [Data_04] ep 23 val 0.2872 best 0.2610@ep20 pat 3 (152s)
  [Data_04] ep 24 val 0.3090 best 0.2610@ep20 pat 4 (159s)
  [Data_04] ep 25 val 0.3139 best 0.2610@ep20 pat 5 (165s)
  [Data_04] ep 26 val 0.3115 best 0.2610@ep20 pat 6 (172s)
  [Data_04] ep 27 val 0.2769 best 0.2610@ep20 pat 7 (178s)
  [Data_04] ep 28 val 0.3046 best 0.2610@ep20 pat 8 (184s)
  [Data_04] ep 29 val 0.2806 best 0.2610@ep20 pat 9 (191s)
  [Data_04] ep 30 val 0.3125 best 0.2610@ep20 pat 10 (197s)
  [Data_04] ep 31 val 0.2817 best 0.2610@ep20 pat 11 (204s)
  [Data_04] ep 32 val 0.2719 best 0.2610@ep20 pat 12 (210s)
  [Data_04] ep 33 val 0.2893 best 0.2610@ep20 pat 13 (217s)
  [Data_04] ep 34 val 0.2875 best 0.2610@ep20 pat 14 (223s)
  [Data_04] ep 35 val 0.2880 best 0.2610@ep20 pat 15 (230s)
  [Data_04] ep 36 val 0.2829 best 0.2610@ep20 pat 16 (236s)
  [Data_04] ep 37 val 0.2786 best 0.2610@ep20 pat 17 (242s)
  [Data_04] ep 38 val 0.3029 best 0.2610@ep20 pat 18 (249s)
  [Data_04] ep 39 val 0.3134 best 0.2610@ep20 pat 19 (255s)
  [Data_04] ep 40 val 0.2854 best 0.2610@ep20 pat 20 (262s)
  [Data_04] NEWBEST ep41 val=0.2551 test=0.2131
  [Data_04] ep 41 val 0.2551 best 0.2551@ep41 pat 0 (268s)
  [Data_04] ep 42 val 0.3024 best 0.2551@ep41 pat 1 (275s)
  [Data_04] ep 43 val 0.2893 best 0.2551@ep41 pat 2 (281s)
  [Data_04] ep 44 val 0.3113 best 0.2551@ep41 pat 3 (287s)
  [Data_04] ep 45 val 0.2849 best 0.2551@ep41 pat 4 (294s)
  [Data_04] ep 46 val 0.2989 best 0.2551@ep41 pat 5 (300s)
  [Data_04] ep 47 val 0.3052 best 0.2551@ep41 pat 6 (306s)
  [Data_04] ep 48 val 0.2911 best 0.2551@ep41 pat 7 (313s)
  [Data_04] ep 49 val 0.2925 best 0.2551@ep41 pat 8 (319s)
  [Data_04] ep 50 val 0.2881 best 0.2551@ep41 pat 9 (326s)
  [Data_04] ep 51 val 0.2660 best 0.2551@ep41 pat 10 (332s)
  [Data_04] ep 52 val 0.2934 best 0.2551@ep41 pat 11 (339s)
  [Data_04] ep 53 val 0.2969 best 0.2551@ep41 pat 12 (345s)
  [Data_04] ep 54 val 0.3061 best 0.2551@ep41 pat 13 (351s)
  [Data_04] ep 55 val 0.2774 best 0.2551@ep41 pat 14 (358s)
  [Data_04] ep 56 val 0.3013 best 0.2551@ep41 pat 15 (364s)
  [Data_04] ep 57 val 0.3131 best 0.2551@ep41 pat 16 (370s)
  [Data_04] ep 58 val 0.3230 best 0.2551@ep41 pat 17 (376s)
  [Data_04] ep 59 val 0.2964 best 0.2551@ep41 pat 18 (383s)
  [Data_04] ep 60 val 0.2884 best 0.2551@ep41 pat 19 (389s)
  [Data_04] ep 61 val 0.3127 best 0.2551@ep41 pat 20 (396s)
  [Data_04] ep 62 val 0.2815 best 0.2551@ep41 pat 21 (402s)
  [Data_04] ep 63 val 0.2796 best 0.2551@ep41 pat 22 (408s)
  [Data_04] ep 64 val 0.2931 best 0.2551@ep41 pat 23 (415s)
  [Data_04] ep 65 val 0.3131 best 0.2551@ep41 pat 24 (421s)
  [Data_04] ep 66 val 0.2903 best 0.2551@ep41 pat 25 (427s)
  [Data_04] ep 67 val 0.2927 best 0.2551@ep41 pat 26 (434s)
  [Data_04] ep 68 val 0.3014 best 0.2551@ep41 pat 27 (440s)
  [Data_04] ep 69 val 0.3069 best 0.2551@ep41 pat 28 (446s)
  [Data_04] ep 70 val 0.2843 best 0.2551@ep41 pat 29 (452s)
  [Data_04] ep 71 val 0.2793 best 0.2551@ep41 pat 30 (459s)
  [Data_04] ep 72 val 0.3010 best 0.2551@ep41 pat 31 (465s)
  [Data_04] ep 73 val 0.2967 best 0.2551@ep41 pat 32 (471s)
  [Data_04] ep 74 val 0.2948 best 0.2551@ep41 pat 33 (478s)
  [Data_04] ep 75 val 0.2949 best 0.2551@ep41 pat 34 (484s)
  [Data_04] ep 76 val 0.2975 best 0.2551@ep41 pat 35 (490s)
  [Data_04] ep 77 val 0.2769 best 0.2551@ep41 pat 36 (497s)
  [Data_04] ep 78 val 0.2949 best 0.2551@ep41 pat 37 (503s)
  [Data_04] ep 79 val 0.2907 best 0.2551@ep41 pat 38 (509s)
  [Data_04] ep 80 val 0.2808 best 0.2551@ep41 pat 39 (515s)
  [Data_04] ep 81 val 0.2868 best 0.2551@ep41 pat 40 (522s)
  [Data_04] ep 82 val 0.3012 best 0.2551@ep41 pat 41 (528s)
  [Data_04] ep 83 val 0.2929 best 0.2551@ep41 pat 42 (534s)
  [Data_04] ep 84 val 0.2900 best 0.2551@ep41 pat 43 (540s)
  [Data_04] ep 85 val 0.2875 best 0.2551@ep41 pat 44 (546s)
  [Data_04] ep 86 val 0.2958 best 0.2551@ep41 pat 45 (552s)
  [Data_04] ep 87 val 0.3043 best 0.2551@ep41 pat 46 (558s)
  [Data_04] ep 88 val 0.2805 best 0.2551@ep41 pat 47 (564s)
  [Data_04] ep 89 val 0.3056 best 0.2551@ep41 pat 48 (571s)
  [Data_04] ep 90 val 0.2844 best 0.2551@ep41 pat 49 (577s)
  [Data_04] ep 91 val 0.3012 best 0.2551@ep41 pat 50 (583s)
  [Data_04] EARLYSTOP ep91 best 0.2551@ep41
*** Data_04 test MAE 0.213 (583s)
==== Data_04 DONE
