command: python -m hingesense.trainer --out results/raw/ablation_no_augmentation --target Data_08 --seed 2027 --epochs 300 --patience 50 --ablation no_augmentation
UserWarning: Can't initialize NVML
os: Linux-6.8.0-138-generic-x86_64-with-glibc2.35
cpu: Intel(R) Xeon(R) Platinum 8480C x224, ram 1007.5 GB
gpu: NVIDIA H100 (driver 580.173.02)
python 3.11.15, torch 2.12.0+cu130, cuda 13.0
channel mask top40 = [6, 7, 8, 9, 10, 11, 12, 13, 14, 21, 22, 25, 26, 27, 28, 34, 38, 41, 46, 48, 53, 57, 59, 61, 62, 64, 67, 69, 71, 72, 74, 76, 77, 78, 80, 81, 83, 84, 85, 98]
=== Data_08 seed=2027 epochs=300 patience=50 ablation=no_augmentation channels=120 dev=cuda:0 ===
pool=9 folds (flips=False)
  [Data_08] cond=assembly sources=8
  [Data_08] NEWBEST ep0 val=0.8123 test=0.7049
  [Data_08] ep 0 val 0.8123 best 0.8123@ep0 pat 0 (6s)
  [Data_08] ep 1 val 0.9077 best 0.8123@ep0 pat 1 (12s)
  [Data_08] NEWBEST ep2 val=0.7798 test=0.5784
  [Data_08] ep 2 val 0.7798 best 0.7798@ep2 pat 0 (18s)
  [Data_08] ep 3 val 0.8344 best 0.7798@ep2 pat 1 (24s)
  [Data_08] ep 4 val 0.8385 best 0.7798@ep2 pat 2 (30s)
  [Data_08] ep 5 val 0.8912 best 0.7798@ep2 pat 3 (37s)
  [Data_08] ep 6 val 0.8377 best 0.7798@ep2 pat 4 (43s)
  [Data_08] ep 7 val 0.9228 best 0.7798@ep2 pat 5 (49s)
  [Data_08] ep 8 val 0.8587 best 0.7798@ep2 pat 6 (55s)
  [Data_08] ep 9 val 0.8722 best 0.7798@ep2 pat 7 (61s)
  [Data_08] ep 10 val 0.8365 best 0.7798@ep2 pat 8 (68s)
  [Data_08] ep 11 val 0.8634 best 0.7798@ep2 pat 9 (74s)
  [Data_08] ep 12 val 0.8239 best 0.7798@ep2 pat 10 (81s)
  [Data_08] ep 13 val 0.8439 best 0.7798@ep2 pat 11 (87s)
  [Data_08] ep 14 val 0.9213 best 0.7798@ep2 pat 12 (93s)
  [Data_08] ep 15 val 0.9047 best 0.7798@ep2 pat 13 (100s)
  [Data_08] ep 16 val 0.8580 best 0.7798@ep2 pat 14 (106s)
  [Data_08] ep 17 val 0.8659 best 0.7798@ep2 pat 15 (112s)
  [Data_08] ep 18 val 0.8877 best 0.7798@ep2 pat 16 (119s)
  [Data_08] ep 19 val 0.8753 best 0.7798@ep2 pat 17 (125s)
  [Data_08] ep 20 val 0.8271 best 0.7798@ep2 pat 18 (132s)
  [Data_08] ep 21 val 0.8707 best 0.7798@ep2 pat 19 (138s)
  [Data_08] ep 22 val 0.8640 best 0.7798@ep2 pat 20 (145s)
  [Data_08] ep 23 val 0.8900 best 0.7798@ep2 pat 21 (151s)
  [Data_08] ep 24 val 0.8957 best 0.7798@ep2 pat 22 (157s)
  [Data_08] ep 25 val 0.9684 best 0.7798@ep2 pat 23 (164s)
  [Data_08] ep 26 val 0.8569 best 0.7798@ep2 pat 24 (170s)
  [Data_08] ep 27 val 0.8485 best 0.7798@ep2 pat 25 (176s)
  [Data_08] ep 28 val 0.8473 best 0.7798@ep2 pat 26 (183s)
  [Data_08] ep 29 val 0.8911 best 0.7798@ep2 pat 27 (189s)
  [Data_08] ep 30 val 0.9512 best 0.7798@ep2 pat 28 (195s)
  [Data_08] ep 31 val 0.9219 best 0.7798@ep2 pat 29 (202s)
  [Data_08] ep 32 val 0.8356 best 0.7798@ep2 pat 30 (208s)
  [Data_08] ep 33 val 0.8312 best 0.7798@ep2 pat 31 (214s)
  [Data_08] ep 34 val 0.9857 best 0.7798@ep2 pat 32 (221s)
  [Data_08] ep 35 val 0.8933 best 0.7798@ep2 pat 33 (227s)
  [Data_08] ep 36 val 0.8574 best 0.7798@ep2 pat 34 (234s)
  [Data_08] ep 37 val 0.8763 best 0.7798@ep2 pat 35 (240s)
  [Data_08] ep 38 val 0.8820 best 0.7798@ep2 pat 36 (246s)
  [Data_08] ep 39 val 0.8928 best 0.7798@ep2 pat 37 (253s)
  [Data_08] ep 40 val 0.8736 best 0.7798@ep2 pat 38 (260s)
  [Data_08] ep 41 val 0.8850 best 0.7798@ep2 pat 39 (266s)
  [Data_08] ep 42 val 0.8835 best 0.7798@ep2 pat 40 (272s)
  [Data_08] ep 43 val 0.8495 best 0.7798@ep2 pat 41 (278s)
  [Data_08] ep 44 val 0.8625 best 0.7798@ep2 pat 42 (285s)
  [Data_08] ep 45 val 0.8585 best 0.7798@ep2 pat 43 (291s)
  [Data_08] ep 46 val 0.8917 best 0.7798@ep2 pat 44 (298s)
  [Data_08] ep 47 val 0.9456 best 0.7798@ep2 pat 45 (304s)
  [Data_08] ep 48 val 0.9711 best 0.7798@ep2 pat 46 (310s)
  [Data_08] ep 49 val 0.9037 best 0.7798@ep2 pat 47 (317s)
  [Data_08] ep 50 val 0.8997 best 0.7798@ep2 pat 48 (323s)
  [Data_08] ep 51 val 0.9374 best 0.7798@ep2 pat 49 (330s)
  [Data_08] ep 52 val 0.8925 best 0.7798@ep2 pat 50 (336s)
  [Data_08] EARLYSTOP ep52 best 0.7798@ep2
*** Data_08 test MAE 0.578 (336s)
==== Data_08 DONE
