command: python -m hingesense.trainer --out results/raw/ablation_no_augmentation --target Data_10 --seed 2027 --epochs 300 --patience 50 --ablation no_augmentation
UserWarning: Can't initialize NVML
os: Linux-6.8.0-138-generic-x86_64-with-glibc2.35
cpu: Intel(R) Xeon(R) Platinum 8480C x224, ram 1007.5 GB
gpu: NVIDIA H100 (driver 580.173.02)
python 3.11.15, torch 2.12.0+cu130, cuda 13.0
channel mask top40 = [6, 7, 8, 9, 10, 11, 12, 13, 14, 21, 22, 25, 26, 27, 28, 34, 38, 41, 46, 48, 53, 57, 59, 61, 62, 64, 67, 69, 71, 72, 74, 76, 77, 78, 80, 81, 83, 84, 85, 98]
=== Data_10 seed=2027 epochs=300 patience=50 ablation=no_augmentation channels=120 dev=cuda:0 ===
pool=9 folds (flips=False)
  [Data_10] cond=assembly sources=8
  [Data_10] NEWBEST ep0 val=0.3773 test=0.3432
  [Data_10] ep 0 val 0.3773 best 0.3773@ep0 pat 0 (5s)
  [Data_10] NEWBEST ep1 val=0.2906 test=0.2493
  [Data_10] ep 1 val 0.2906 best 0.2906@ep1 pat 0 (11s)
  [Data_10] ep 2 val 0.3582 best 0.2906@ep1 pat 1 (17s)
  [Data_10] NEWBEST ep3 val=0.2810 test=0.2450
  [Data_10] ep 3 val 0.2810 best 0.2810@ep3 pat 0 (23s)
  [Data_10] ep 4 val 0.2934 best 0.2810@ep3 pat 1 (29s)
  [Data_10] ep 5 val 0.2938 best 0.2810@ep3 pat 2 (35s)
  [Data_10] ep 6 val 0.2814 best 0.2810@ep3 pat 3 (41s)
  [Data_10] NEWBEST ep7 val=0.2605 test=0.2193
  [Data_10] ep 7 val 0.2605 best 0.2605@ep7 pat 0 (47s)
  [Data_10] NEWBEST ep8 val=0.2604 test=0.2312
  [Data_10] ep 8 val 0.2604 best 0.2604@ep8 pat 0 (53s)
  [Data_10] ep 9 val 0.2711 best 0.2604@ep8 pat 1 (60s)
  [Data_10] NEWBEST ep10 val=0.2572 test=0.2442
  [Data_10] ep 10 val 0.2572 best 0.2572@ep10 pat 0 (66s)
  [Data_10] ep 11 val 0.2640 best 0.2572@ep10 pat 1 (72s)
  [Data_10] NEWBEST ep12 val=0.2308 test=0.2083
  [Data_10] ep 12 val 0.2308 best 0.2308@ep12 pat 0 (78s)
  [Data_10] ep 13 val 0.2360 best 0.2308@ep12 pat 1 (85s)
  [Data_10] ep 14 val 0.2626 best 0.2308@ep12 pat 2 (91s)
  [Data_10] ep 15 val 0.2354 best 0.2308@ep12 pat 3 (98s)
  [Data_10] ep 16 val 0.2657 best 0.2308@ep12 pat 4 (104s)
  [Data_10] ep 17 val 0.2344 best 0.2308@ep12 pat 5 (110s)
  [Data_10] ep 18 val 0.2856 best 0.2308@ep12 pat 6 (117s)
  [Data_10] ep 19 val 0.2660 best 0.2308@ep12 pat 7 (123s)
  [Data_10] ep 20 val 0.2606 best 0.2308@ep12 pat 8 (129s)
  [Data_10] ep 21 val 0.2438 best 0.2308@ep12 pat 9 (136s)
  [Data_10] ep 22 val 0.2633 best 0.2308@ep12 pat 10 (142s)
  [Data_10] ep 23 val 0.2528 best 0.2308@ep12 pat 11 (149s)
  [Data_10] ep 24 val 0.2704 best 0.2308@ep12 pat 12 (155s)
  [Data_10] ep 25 val 0.2492 best 0.2308@ep12 pat 13 (161s)
  [Data_10] ep 26 val 0.2645 best 0.2308@ep12 pat 14 (168s)
  [Data_10] ep 27 val 0.2846 best 0.2308@ep12 pat 15 (174s)
  [Data_10] ep 28 val 0.2814 best 0.2308@ep12 pat 16 (180s)
  [Data_10] ep 29 val 0.2444 best 0.2308@ep12 pat 17 (187s)
  [Data_10] ep 30 val 0.2977 best 0.2308@ep12 pat 18 (193s)
  [Data_10] NEWBEST ep31 val=0.2280 test=0.2427
  [Data_10] ep 31 val 0.2280 best 0.2280@ep31 pat 0 (199s)
  [Data_10] ep 32 val 0.2892 best 0.2280@ep31 pat 1 (206s)
  [Data_10] ep 33 val 0.2811 best 0.2280@ep31 pat 2 (212s)
  [Data_10] ep 34 val 0.2794 best 0.2280@ep31 pat 3 (218s)
  [Data_10] ep 35 val 0.2575 best 0.2280@ep31 pat 4 (225s)
  [Data_10] ep 36 val 0.2525 best 0.2280@ep31 pat 5 (231s)
  [Data_10] ep 37 val 0.2648 best 0.2280@ep31 pat 6 (238s)
  [Data_10] ep 38 val 0.2542 best 0.2280@ep31 pat 7 (244s)
  [Data_10] ep 39 val 0.2926 best 0.2280@ep31 pat 8 (250s)
  [Data_10] ep 40 val 0.2963 best 0.2280@ep31 pat 9 (257s)
  [Data_10] ep 41 val 0.2897 best 0.2280@ep31 pat 10 (263s)
  [Data_10] ep 42 val 0.2856 best 0.2280@ep31 pat 11 (269s)
  [Data_10] ep 43 val 0.2580 best 0.2280@ep31 pat 12 (276s)
  [Data_10] ep 44 val 0.3084 best 0.2280@ep31 pat 13 (282s)
  [Data_10] ep 45 val 0.2388 best 0.2280@ep31 pat 14 (288s)
  [Data_10] ep 46 val 0.2716 best 0.2280@ep31 pat 15 (295s)
  [Data_10] ep 47 val 0.2982 best 0.2280@ep31 pat 16 (301s)
  [Data_10] ep 48 val 0.3122 best 0.2280@ep31 pat 17 (307s)
  [Data_10] ep 49 val 0.2805 best 0.2280@ep31 pat 18 (314s)
  [Data_10] ep 50 val 0.3160 best 0.2280@ep31 pat 19 (320s)
  [Data_10] ep 51 val 0.2607 best 0.2280@ep31 pat 20 (327s)
  [Data_10] ep 52 val 0.3114 best 0.2280@ep31 pat 21 (333s)
  [Data_10] ep 53 val 0.2919 best 0.2280@ep31 pat 22 (339s)
  [Data_10] ep 54 val 0.2936 best 0.2280@ep31 pat 23 (346s)
  [Data_10] ep 55 val 0.3013 best 0.2280@ep31 pat 24 (352s)
  [Data_10] ep 56 val 0.3262 best 0.2280@ep31 pat 25 (358s)
  [Data_10] ep 57 val 0.2733 best 0.2280@ep31 pat 26 (365s)
  [Data_10] ep 58 val 0.3090 best 0.2280@ep31 pat 27 (371s)
  [Data_10] ep 59 val 0.2779 best 0.2280@ep31 pat 28 (377s)
  [Data_10] ep 60 val 0.2599 best 0.2280@ep31 pat 29 (384s)
  [Data_10] ep 61 val 0.2890 best 0.2280@ep31 pat 30 (389s)
  [Data_10] ep 62 val 0.3502 best 0.2280@ep31 pat 31 (394s)
  [Data_10] ep 63 val 0.3203 best 0.2280@ep31 pat 32 (400s)
  [Data_10] ep 64 val 0.2722 best 0.2280@ep31 pat 33 (406s)
  [Data_10] ep 65 val 0.2567 best 0.2280@ep31 pat 34 (412s)
  [Data_10] ep 66 val 0.3298 best 0.2280@ep31 pat 35 (419s)
  [Data_10] ep 67 val 0.2384 best 0.2280@ep31 pat 36 (425s)
  [Data_10] ep 68 val 0.3386 best 0.2280@ep31 pat 37 (431s)
  [Data_10] ep 69 val 0.2931 best 0.2280@ep31 pat 38 (438s)
  [Data_10] ep 70 val 0.2962 best 0.2280@ep31 pat 39 (444s)
  [Data_10] ep 71 val 0.2936 best 0.2280@ep31 pat 40 (450s)
  [Data_10] ep 72 val 0.3218 best 0.2280@ep31 pat 41 (456s)
  [Data_10] ep 73 val 0.3345 best 0.2280@ep31 pat 42 (463s)
  [Data_10] ep 74 val 0.3246 best 0.2280@ep31 pat 43 (469s)
  [Data_10] ep 75 val 0.3140 best 0.2280@ep31 pat 44 (475s)
  [Data_10] ep 76 val 0.2937 best 0.2280@ep31 pat 45 (481s)
  [Data_10] ep 77 val 0.3034 best 0.2280@ep31 pat 46 (487s)
  [Data_10] ep 78 val 0.3426 best 0.2280@ep31 pat 47 (494s)
  [Data_10] ep 79 val 0.3261 best 0.2280@ep31 pat 48 (500s)
  [Data_10] ep 80 val 0.3392 best 0.2280@ep31 pat 49 (506s)
  [Data_10] ep 81 val 0.3294 best 0.2280@ep31 pat 50 (512s)
  [Data_10] EARLYSTOP ep81 best 0.2280@ep31
*** Data_10 test MAE 0.243 (512s)
==== Data_10 DONE
