command: python -m hingesense.trainer --out results/raw/ablation_no_augmentation --target Data_12 --seed 2027 --epochs 300 --patience 50 --ablation no_augmentation
UserWarning: Can't initialize NVML
os: Linux-6.8.0-138-generic-x86_64-with-glibc2.35
cpu: Intel(R) Xeon(R) Platinum 8480C x224, ram 1007.5 GB
gpu: NVIDIA H100 (driver 580.173.02)
python 3.11.15, torch 2.12.0+cu130, cuda 13.0
channel mask top40 = [6, 7, 8, 9, 10, 11, 12, 13, 14, 21, 22, 25, 26, 27, 28, 34, 38, 41, 46, 48, 53, 57, 59, 61, 62, 64, 67, 69, 71, 72, 74, 76, 77, 78, 80, 81, 83, 84, 85, 98]
=== Data_12 seed=2027 epochs=300 patience=50 ablation=no_augmentation channels=120 dev=cuda:0 ===
pool=9 folds (flips=False)
  [Data_12] cond=assembly sources=8
  [Data_12] NEWBEST ep0 val=1.8702 test=1.3223
  [Data_12] ep 0 val 1.8702 best 1.8702@ep0 pat 0 (6s)
  [Data_12] NEWBEST ep1 val=1.4112 test=0.9988
  [Data_12] ep 1 val 1.4112 best 1.4112@ep1 pat 0 (12s)
  [Data_12] ep 2 val 1.6444 best 1.4112@ep1 pat 1 (18s)
  [Data_12] NEWBEST ep3 val=1.1130 test=0.8225
  [Data_12] ep 3 val 1.1130 best 1.1130@ep3 pat 0 (24s)
  [Data_12] ep 4 val 1.1306 best 1.1130@ep3 pat 1 (30s)
  [Data_12] ep 5 val 1.2116 best 1.1130@ep3 pat 2 (36s)
  [Data_12] ep 6 val 1.2019 best 1.1130@ep3 pat 3 (42s)
  [Data_12] NEWBEST ep7 val=0.9410 test=0.6988
  [Data_12] ep 7 val 0.9410 best 0.9410@ep7 pat 0 (49s)
  [Data_12] ep 8 val 1.1817 best 0.9410@ep7 pat 1 (55s)
  [Data_12] ep 9 val 1.0192 best 0.9410@ep7 pat 2 (62s)
  [Data_12] ep 10 val 1.0480 best 0.9410@ep7 pat 3 (68s)
  [Data_12] ep 11 val 1.0729 best 0.9410@ep7 pat 4 (74s)
  [Data_12] ep 12 val 1.0647 best 0.9410@ep7 pat 5 (80s)
  [Data_12] ep 13 val 0.9476 best 0.9410@ep7 pat 6 (87s)
  [Data_12] NEWBEST ep14 val=0.9353 test=0.7532
  [Data_12] ep 14 val 0.9353 best 0.9353@ep14 pat 0 (93s)
  [Data_12] ep 15 val 1.0506 best 0.9353@ep14 pat 1 (99s)
  [Data_12] NEWBEST ep16 val=0.9248 test=0.7201
  [Data_12] ep 16 val 0.9248 best 0.9248@ep16 pat 0 (106s)
  [Data_12] ep 17 val 0.9828 best 0.9248@ep16 pat 1 (112s)
  [Data_12] ep 18 val 0.9660 best 0.9248@ep16 pat 2 (118s)
  [Data_12] ep 19 val 1.0171 best 0.9248@ep16 pat 3 (125s)
  [Data_12] ep 20 val 0.9888 best 0.9248@ep16 pat 4 (131s)
  [Data_12] ep 21 val 0.9472 best 0.9248@ep16 pat 5 (137s)
  [Data_12] ep 22 val 0.9852 best 0.9248@ep16 pat 6 (144s)
  [Data_12] ep 23 val 0.9679 best 0.9248@ep16 pat 7 (150s)
  [Data_12] ep 24 val 0.9552 best 0.9248@ep16 pat 8 (157s)
  [Data_12] ep 25 val 0.9886 best 0.9248@ep16 pat 9 (163s)
  [Data_12] ep 26 val 0.9917 best 0.9248@ep16 pat 10 (169s)
  [Data_12] ep 27 val 0.9660 best 0.9248@ep16 pat 11 (176s)
  [Data_12] ep 28 val 0.9393 best 0.9248@ep16 pat 12 (182s)
  [Data_12] ep 29 val 1.0007 best 0.9248@ep16 pat 13 (188s)
  [Data_12] ep 30 val 0.9975 best 0.9248@ep16 pat 14 (194s)
  [Data_12] ep 31 val 1.0056 best 0.9248@ep16 pat 15 (201s)
  [Data_12] NEWBEST ep32 val=0.9030 test=0.7343
  [Data_12] ep 32 val 0.9030 best 0.9030@ep32 pat 0 (207s)
  [Data_12] ep 33 val 0.9453 best 0.9030@ep32 pat 1 (213s)
  [Data_12] ep 34 val 0.9499 best 0.9030@ep32 pat 2 (220s)
  [Data_12] ep 35 val 1.0135 best 0.9030@ep32 pat 3 (226s)
  [Data_12] ep 36 val 0.9617 best 0.9030@ep32 pat 4 (233s)
  [Data_12] ep 37 val 0.9335 best 0.9030@ep32 pat 5 (239s)
  [Data_12] ep 38 val 0.9741 best 0.9030@ep32 pat 6 (245s)
  [Data_12] ep 39 val 0.9983 best 0.9030@ep32 pat 7 (252s)
  [Data_12] ep 40 val 1.0253 best 0.9030@ep32 pat 8 (258s)
  [Data_12] ep 41 val 0.9218 best 0.9030@ep32 pat 9 (264s)
  [Data_12] ep 42 val 0.9582 best 0.9030@ep32 pat 10 (271s)
  [Data_12] ep 43 val 0.9423 best 0.9030@ep32 pat 11 (277s)
  [Data_12] ep 44 val 0.9914 best 0.9030@ep32 pat 12 (283s)
  [Data_12] ep 45 val 0.9402 best 0.9030@ep32 pat 13 (289s)
  [Data_12] ep 46 val 0.9256 best 0.9030@ep32 pat 14 (296s)
  [Data_12] ep 47 val 0.9264 best 0.9030@ep32 pat 15 (302s)
  [Data_12] ep 48 val 0.9513 best 0.9030@ep32 pat 16 (309s)
  [Data_12] ep 49 val 0.9415 best 0.9030@ep32 pat 17 (315s)
  [Data_12] ep 50 val 0.9103 best 0.9030@ep32 pat 18 (322s)
  [Data_12] ep 51 val 0.9726 best 0.9030@ep32 pat 19 (328s)
  [Data_12] ep 52 val 0.9402 best 0.9030@ep32 pat 20 (334s)
  [Data_12] ep 53 val 0.9647 best 0.9030@ep32 pat 21 (341s)
  [Data_12] ep 54 val 0.9356 best 0.9030@ep32 pat 22 (347s)
  [Data_12] ep 55 val 0.9593 best 0.9030@ep32 pat 23 (353s)
  [Data_12] ep 56 val 1.0825 best 0.9030@ep32 pat 24 (359s)
  [Data_12] ep 57 val 0.9705 best 0.9030@ep32 pat 25 (366s)
  [Data_12] NEWBEST ep58 val=0.8868 test=0.6836
  [Data_12] ep 58 val 0.8868 best 0.8868@ep58 pat 0 (372s)
  [Data_12] ep 59 val 0.9716 best 0.8868@ep58 pat 1 (378s)
  [Data_12] NEWBEST ep60 val=0.8695 test=0.6699
  [Data_12] ep 60 val 0.8695 best 0.8695@ep60 pat 0 (385s)
  [Data_12] ep 61 val 0.9049 best 0.8695@ep60 pat 1 (391s)
  [Data_12] ep 62 val 0.9738 best 0.8695@ep60 pat 2 (397s)
  [Data_12] ep 63 val 0.9158 best 0.8695@ep60 pat 3 (403s)
  [Data_12] ep 64 val 0.9279 best 0.8695@ep60 pat 4 (410s)
  [Data_12] ep 65 val 0.9488 best 0.8695@ep60 pat 5 (416s)
  [Data_12] ep 66 val 0.9827 best 0.8695@ep60 pat 6 (422s)
  [Data_12] ep 67 val 0.9886 best 0.8695@ep60 pat 7 (428s)
  [Data_12] ep 68 val 0.9563 best 0.8695@ep60 pat 8 (435s)
  [Data_12] ep 69 val 0.9588 best 0.8695@ep60 pat 9 (441s)
  [Data_12] ep 70 val 0.9386 best 0.8695@ep60 pat 10 (447s)
  [Data_12] ep 71 val 0.9288 best 0.8695@ep60 pat 11 (452s)
  [Data_12] ep 72 val 0.9475 best 0.8695@ep60 pat 12 (459s)
  [Data_12] ep 73 val 0.8930 best 0.8695@ep60 pat 13 (465s)
  [Data_12] ep 74 val 1.0479 best 0.8695@ep60 pat 14 (471s)
  [Data_12] ep 75 val 0.9287 best 0.8695@ep60 pat 15 (477s)
  [Data_12] ep 76 val 0.8999 best 0.8695@ep60 pat 16 (484s)
  [Data_12] ep 77 val 0.9348 best 0.8695@ep60 pat 17 (490s)
  [Data_12] ep 78 val 0.9650 best 0.8695@ep60 pat 18 (496s)
  [Data_12] ep 79 val 0.9275 best 0.8695@ep60 pat 19 (502s)
  [Data_12] ep 80 val 0.9750 best 0.8695@ep60 pat 20 (509s)
  [Data_12] ep 81 val 0.9690 best 0.8695@ep60 pat 21 (515s)
  [Data_12] ep 82 val 0.9554 best 0.8695@ep60 pat 22 (521s)
  [Data_12] ep 83 val 0.9017 best 0.8695@ep60 pat 23 (527s)
  [Data_12] ep 84 val 0.9328 best 0.8695@ep60 pat 24 (533s)
  [Data_12] ep 85 val 0.9077 best 0.8695@ep60 pat 25 (539s)
  [Data_12] ep 86 val 0.9734 best 0.8695@ep60 pat 26 (545s)
  [Data_12] ep 87 val 0.9603 best 0.8695@ep60 pat 27 (551s)
  [Data_12] ep 88 val 0.9383 best 0.8695@ep60 pat 28 (557s)
  [Data_12] ep 89 val 0.9257 best 0.8695@ep60 pat 29 (563s)
  [Data_12] ep 90 val 0.9535 best 0.8695@ep60 pat 30 (569s)
  [Data_12] ep 91 val 0.9613 best 0.8695@ep60 pat 31 (576s)
  [Data_12] ep 92 val 0.9815 best 0.8695@ep60 pat 32 (582s)
  [Data_12] ep 93 val 0.9147 best 0.8695@ep60 pat 33 (588s)
  [Data_12] ep 94 val 0.9683 best 0.8695@ep60 pat 34 (593s)
  [Data_12] ep 95 val 0.9338 best 0.8695@ep60 pat 35 (599s)
  [Data_12] ep 96 val 0.9420 best 0.8695@ep60 pat 36 (605s)
  [Data_12] ep 97 val 0.9684 best 0.8695@ep60 pat 37 (611s)
  [Data_12] ep 98 val 0.9941 best 0.8695@ep60 pat 38 (617s)
  [Data_12] ep 99 val 1.0023 best 0.8695@ep60 pat 39 (623s)
  [Data_12] ep 100 val 0.9529 best 0.8695@ep60 pat 40 (629s)
  [Data_12] ep 101 val 1.0199 best 0.8695@ep60 pat 41 (635s)
  [Data_12] ep 102 val 1.0057 best 0.8695@ep60 pat 42 (640s)
  [Data_12] ep 103 val 0.9790 best 0.8695@ep60 pat 43 (646s)
  [Data_12] ep 104 val 0.9711 best 0.8695@ep60 pat 44 (652s)
  [Data_12] ep 105 val 1.0008 best 0.8695@ep60 pat 45 (657s)
  [Data_12] ep 106 val 1.0285 best 0.8695@ep60 pat 46 (663s)
  [Data_12] ep 107 val 1.0168 best 0.8695@ep60 pat 47 (669s)
  [Data_12] ep 108 val 0.9937 best 0.8695@ep60 pat 48 (674s)
  [Data_12] ep 109 val 0.9653 best 0.8695@ep60 pat 49 (680s)
  [Data_12] ep 110 val 0.9919 best 0.8695@ep60 pat 50 (686s)
  [Data_12] EARLYSTOP ep110 best 0.8695@ep60
*** Data_12 test MAE 0.670 (686s)
==== Data_12 DONE
