command: python -m hingesense.trainer --out results/raw/ablation_no_drift_correction --target Data_11 --seed 2027 --epochs 300 --patience 50 --ablation no_drift_correction
UserWarning: Can't initialize NVML
os: Linux-6.8.0-138-generic-x86_64-with-glibc2.35
cpu: Intel(R) Xeon(R) Platinum 8480C x224, ram 1007.5 GB
gpu: NVIDIA H100 (driver 580.173.02)
python 3.11.15, torch 2.12.0+cu130, cuda 13.0
channel mask top40 = [6, 7, 8, 9, 10, 11, 12, 13, 14, 21, 22, 25, 26, 27, 28, 34, 38, 41, 46, 48, 53, 57, 59, 61, 62, 64, 67, 69, 71, 72, 74, 76, 77, 78, 80, 81, 83, 84, 85, 98]
=== Data_11 seed=2027 epochs=300 patience=50 ablation=no_drift_correction channels=120 dev=cuda:0 ===
pool=36 folds (flips=True)
  [Data_11] cond=assembly sources=32
  [Data_11] NEWBEST ep0 val=3.7138 test=3.6886
  [Data_11] ep 0 val 3.7138 best 3.7138@ep0 pat 0 (23s)
  [Data_11] ep 1 val 4.1702 best 3.7138@ep0 pat 1 (48s)
  [Data_11] ep 2 val 4.0796 best 3.7138@ep0 pat 2 (73s)
  [Data_11] ep 3 val 3.8956 best 3.7138@ep0 pat 3 (98s)
  [Data_11] ep 4 val 3.9771 best 3.7138@ep0 pat 4 (123s)
  [Data_11] ep 5 val 3.9515 best 3.7138@ep0 pat 5 (148s)
  [Data_11] ep 6 val 3.9242 best 3.7138@ep0 pat 6 (173s)
  [Data_11] NEWBEST ep7 val=3.6653 test=3.5189
  [Data_11] ep 7 val 3.6653 best 3.6653@ep7 pat 0 (198s)
  [Data_11] ep 8 val 3.9524 best 3.6653@ep7 pat 1 (223s)
  [Data_11] ep 9 val 3.9086 best 3.6653@ep7 pat 2 (248s)
  [Data_11] ep 10 val 3.7436 best 3.6653@ep7 pat 3 (273s)
  [Data_11] ep 11 val 3.8492 best 3.6653@ep7 pat 4 (298s)
  [Data_11] ep 12 val 3.8127 best 3.6653@ep7 pat 5 (323s)
  [Data_11] ep 13 val 3.7998 best 3.6653@ep7 pat 6 (348s)
  [Data_11] ep 14 val 4.0068 best 3.6653@ep7 pat 7 (373s)
  [Data_11] ep 15 val 3.8257 best 3.6653@ep7 pat 8 (398s)
  [Data_11] ep 16 val 4.1232 best 3.6653@ep7 pat 9 (423s)
  [Data_11] ep 17 val 4.0435 best 3.6653@ep7 pat 10 (448s)
  [Data_11] ep 18 val 3.7497 best 3.6653@ep7 pat 11 (473s)
  [Data_11] ep 19 val 3.7223 best 3.6653@ep7 pat 12 (498s)
  [Data_11] ep 20 val 3.9396 best 3.6653@ep7 pat 13 (523s)
  [Data_11] ep 21 val 3.9245 best 3.6653@ep7 pat 14 (548s)
  [Data_11] ep 22 val 3.7703 best 3.6653@ep7 pat 15 (573s)
  [Data_11] ep 23 val 3.8945 best 3.6653@ep7 pat 16 (598s)
  [Data_11] ep 24 val 3.9350 best 3.6653@ep7 pat 17 (623s)
  [Data_11] ep 25 val 3.7529 best 3.6653@ep7 pat 18 (648s)
  [Data_11] ep 26 val 3.8418 best 3.6653@ep7 pat 19 (673s)
  [Data_11] ep 27 val 3.6919 best 3.6653@ep7 pat 20 (698s)
  [Data_11] ep 28 val 3.8376 best 3.6653@ep7 pat 21 (723s)
  [Data_11] ep 29 val 3.8968 best 3.6653@ep7 pat 22 (747s)
  [Data_11] ep 30 val 3.8488 best 3.6653@ep7 pat 23 (770s)
  [Data_11] ep 31 val 3.9161 best 3.6653@ep7 pat 24 (793s)
  [Data_11] ep 32 val 3.7277 best 3.6653@ep7 pat 25 (816s)
  [Data_11] ep 33 val 3.7150 best 3.6653@ep7 pat 26 (838s)
  [Data_11] ep 34 val 3.6820 best 3.6653@ep7 pat 27 (860s)
  [Data_11] ep 35 val 3.7455 best 3.6653@ep7 pat 28 (883s)
  [Data_11] ep 36 val 3.8392 best 3.6653@ep7 pat 29 (906s)
  [Data_11] ep 37 val 3.8974 best 3.6653@ep7 pat 30 (928s)
  [Data_11] ep 38 val 3.8234 best 3.6653@ep7 pat 31 (950s)
  [Data_11] ep 39 val 3.8535 best 3.6653@ep7 pat 32 (973s)
  [Data_11] ep 40 val 3.8078 best 3.6653@ep7 pat 33 (996s)
  [Data_11] ep 41 val 3.7772 best 3.6653@ep7 pat 34 (1019s)
  [Data_11] ep 42 val 3.8400 best 3.6653@ep7 pat 35 (1042s)
  [Data_11] ep 43 val 3.9083 best 3.6653@ep7 pat 36 (1066s)
  [Data_11] ep 44 val 3.8031 best 3.6653@ep7 pat 37 (1089s)
  [Data_11] ep 45 val 3.8629 best 3.6653@ep7 pat 38 (1112s)
  [Data_11] ep 46 val 3.7284 best 3.6653@ep7 pat 39 (1136s)
  [Data_11] ep 47 val 3.7931 best 3.6653@ep7 pat 40 (1159s)
  [Data_11] ep 48 val 4.0211 best 3.6653@ep7 pat 41 (1182s)
  [Data_11] ep 49 val 3.8510 best 3.6653@ep7 pat 42 (1205s)
  [Data_11] ep 50 val 3.7633 best 3.6653@ep7 pat 43 (1228s)
  [Data_11] NEWBEST ep51 val=3.6252 test=3.4526
  [Data_11] ep 51 val 3.6252 best 3.6252@ep51 pat 0 (1252s)
  [Data_11] ep 52 val 4.0173 best 3.6252@ep51 pat 1 (1275s)
  [Data_11] ep 53 val 3.8706 best 3.6252@ep51 pat 2 (1298s)
  [Data_11] ep 54 val 3.7473 best 3.6252@ep51 pat 3 (1321s)
  [Data_11] ep 55 val 3.6728 best 3.6252@ep51 pat 4 (1344s)
  [Data_11] ep 56 val 3.8997 best 3.6252@ep51 pat 5 (1367s)
  [Data_11] ep 57 val 3.6842 best 3.6252@ep51 pat 6 (1389s)
  [Data_11] ep 58 val 3.6578 best 3.6252@ep51 pat 7 (1412s)
  [Data_11] ep 59 val 3.9053 best 3.6252@ep51 pat 8 (1436s)
  [Data_11] ep 60 val 3.6764 best 3.6252@ep51 pat 9 (1459s)
  [Data_11] ep 61 val 3.6865 best 3.6252@ep51 pat 10 (1483s)
  [Data_11] ep 62 val 3.7983 best 3.6252@ep51 pat 11 (1505s)
  [Data_11] ep 63 val 3.9752 best 3.6252@ep51 pat 12 (1528s)
  [Data_11] ep 64 val 3.8120 best 3.6252@ep51 pat 13 (1552s)
  [Data_11] ep 65 val 3.7710 best 3.6252@ep51 pat 14 (1575s)
  [Data_11] ep 66 val 3.9019 best 3.6252@ep51 pat 15 (1599s)
  [Data_11] ep 67 val 3.9107 best 3.6252@ep51 pat 16 (1623s)
  [Data_11] ep 68 val 3.9408 best 3.6252@ep51 pat 17 (1647s)
  [Data_11] ep 69 val 3.7064 best 3.6252@ep51 pat 18 (1670s)
  [Data_11] ep 70 val 3.8031 best 3.6252@ep51 pat 19 (1694s)
  [Data_11] ep 71 val 3.8472 best 3.6252@ep51 pat 20 (1717s)
  [Data_11] ep 72 val 3.6879 best 3.6252@ep51 pat 21 (1740s)
  [Data_11] ep 73 val 3.6794 best 3.6252@ep51 pat 22 (1764s)
  [Data_11] NEWBEST ep74 val=3.5187 test=3.4016
  [Data_11] ep 74 val 3.5187 best 3.5187@ep74 pat 0 (1787s)
  [Data_11] ep 75 val 3.6596 best 3.5187@ep74 pat 1 (1811s)
  [Data_11] ep 76 val 3.6364 best 3.5187@ep74 pat 2 (1835s)
  [Data_11] ep 77 val 3.6512 best 3.5187@ep74 pat 3 (1859s)
  [Data_11] ep 78 val 3.7857 best 3.5187@ep74 pat 4 (1883s)
  [Data_11] ep 79 val 3.8025 best 3.5187@ep74 pat 5 (1906s)
  [Data_11] ep 80 val 3.6222 best 3.5187@ep74 pat 6 (1929s)
  [Data_11] ep 81 val 3.9084 best 3.5187@ep74 pat 7 (1953s)
  [Data_11] ep 82 val 3.7687 best 3.5187@ep74 pat 8 (1977s)
  [Data_11] ep 83 val 3.7562 best 3.5187@ep74 pat 9 (2001s)
  [Data_11] ep 84 val 3.8748 best 3.5187@ep74 pat 10 (2023s)
  [Data_11] NEWBEST ep85 val=3.5070 test=3.2984
  [Data_11] ep 85 val 3.5070 best 3.5070@ep85 pat 0 (2045s)
  [Data_11] NEWBEST ep86 val=3.5007 test=3.3408
  [Data_11] ep 86 val 3.5007 best 3.5007@ep86 pat 0 (2069s)
  [Data_11] ep 87 val 3.5135 best 3.5007@ep86 pat 1 (2093s)
  [Data_11] ep 88 val 3.6527 best 3.5007@ep86 pat 2 (2117s)
  [Data_11] ep 89 val 3.5175 best 3.5007@ep86 pat 3 (2141s)
  [Data_11] ep 90 val 3.5443 best 3.5007@ep86 pat 4 (2165s)
  [Data_11] ep 91 val 3.7585 best 3.5007@ep86 pat 5 (2189s)
  [Data_11] ep 92 val 3.6828 best 3.5007@ep86 pat 6 (2214s)
  [Data_11] ep 93 val 3.6048 best 3.5007@ep86 pat 7 (2238s)
  [Data_11] ep 94 val 3.8874 best 3.5007@ep86 pat 8 (2263s)
  [Data_11] ep 95 val 3.5726 best 3.5007@ep86 pat 9 (2288s)
  [Data_11] ep 96 val 3.5836 best 3.5007@ep86 pat 10 (2313s)
  [Data_11] ep 97 val 3.6418 best 3.5007@ep86 pat 11 (2337s)
  [Data_11] ep 98 val 3.8019 best 3.5007@ep86 pat 12 (2362s)
  [Data_11] ep 99 val 3.5804 best 3.5007@ep86 pat 13 (2386s)
  [Data_11] ep 100 val 3.9078 best 3.5007@ep86 pat 14 (2411s)
  [Data_11] ep 101 val 3.6277 best 3.5007@ep86 pat 15 (2436s)
  [Data_11] ep 102 val 3.7831 best 3.5007@ep86 pat 16 (2460s)
  [Data_11] ep 103 val 3.6322 best 3.5007@ep86 pat 17 (2485s)
  [Data_11] ep 104 val 3.7962 best 3.5007@ep86 pat 18 (2510s)
  [Data_11] ep 105 val 3.6674 best 3.5007@ep86 pat 19 (2534s)
  [Data_11] ep 106 val 3.7019 best 3.5007@ep86 pat 20 (2558s)
  [Data_11] ep 107 val 3.5942 best 3.5007@ep86 pat 21 (2583s)
  [Data_11] NEWBEST ep108 val=3.3120 test=3.2459
  [Data_11] ep 108 val 3.3120 best 3.3120@ep108 pat 0 (2607s)
  [Data_11] ep 109 val 3.6847 best 3.3120@ep108 pat 1 (2632s)
  [Data_11] ep 110 val 3.7281 best 3.3120@ep108 pat 2 (2657s)
  [Data_11] ep 111 val 3.8853 best 3.3120@ep108 pat 3 (2681s)
  [Data_11] ep 112 val 3.8622 best 3.3120@ep108 pat 4 (2706s)
  [Data_11] ep 113 val 3.5611 best 3.3120@ep108 pat 5 (2731s)
  [Data_11] ep 114 val 3.7055 best 3.3120@ep108 pat 6 (2756s)
  [Data_11] ep 115 val 3.6707 best 3.3120@ep108 pat 7 (2781s)
  [Data_11] ep 116 val 3.6153 best 3.3120@ep108 pat 8 (2805s)
  [Data_11] ep 117 val 3.5842 best 3.3120@ep108 pat 9 (2829s)
  [Data_11] ep 118 val 3.7796 best 3.3120@ep108 pat 10 (2854s)
  [Data_11] ep 119 val 3.5213 best 3.3120@ep108 pat 11 (2878s)
  [Data_11] ep 120 val 3.5697 best 3.3120@ep108 pat 12 (2901s)
  [Data_11] ep 121 val 3.8590 best 3.3120@ep108 pat 13 (2925s)
  [Data_11] ep 122 val 3.8468 best 3.3120@ep108 pat 14 (2948s)
  [Data_11] ep 123 val 3.6052 best 3.3120@ep108 pat 15 (2972s)
  [Data_11] ep 124 val 3.7953 best 3.3120@ep108 pat 16 (2994s)
  [Data_11] ep 125 val 3.8095 best 3.3120@ep108 pat 17 (3016s)
  [Data_11] ep 126 val 3.8456 best 3.3120@ep108 pat 18 (3038s)
  [Data_11] ep 127 val 3.5108 best 3.3120@ep108 pat 19 (3059s)
  [Data_11] ep 128 val 3.7009 best 3.3120@ep108 pat 20 (3081s)
  [Data_11] ep 129 val 3.6147 best 3.3120@ep108 pat 21 (3104s)
  [Data_11] ep 130 val 3.5505 best 3.3120@ep108 pat 22 (3126s)
  [Data_11] ep 131 val 3.6135 best 3.3120@ep108 pat 23 (3149s)
  [Data_11] ep 132 val 3.5492 best 3.3120@ep108 pat 24 (3172s)
  [Data_11] ep 133 val 3.6923 best 3.3120@ep108 pat 25 (3194s)
  [Data_11] ep 134 val 3.6902 best 3.3120@ep108 pat 26 (3217s)
  [Data_11] ep 135 val 3.7943 best 3.3120@ep108 pat 27 (3240s)
  [Data_11] ep 136 val 3.7612 best 3.3120@ep108 pat 28 (3262s)
  [Data_11] ep 137 val 3.5815 best 3.3120@ep108 pat 29 (3285s)
  [Data_11] ep 138 val 3.3981 best 3.3120@ep108 pat 30 (3308s)
  [Data_11] ep 139 val 3.9288 best 3.3120@ep108 pat 31 (3331s)
  [Data_11] ep 140 val 3.7712 best 3.3120@ep108 pat 32 (3353s)
  [Data_11] ep 141 val 3.8263 best 3.3120@ep108 pat 33 (3375s)
  [Data_11] ep 142 val 3.7717 best 3.3120@ep108 pat 34 (3396s)
  [Data_11] ep 143 val 3.7705 best 3.3120@ep108 pat 35 (3418s)
  [Data_11] ep 144 val 3.6528 best 3.3120@ep108 pat 36 (3439s)
  [Data_11] ep 145 val 3.6835 best 3.3120@ep108 pat 37 (3457s)
  [Data_11] ep 146 val 3.6904 best 3.3120@ep108 pat 38 (3472s)
  [Data_11] ep 147 val 3.8055 best 3.3120@ep108 pat 39 (3486s)
  [Data_11] ep 148 val 3.8267 best 3.3120@ep108 pat 40 (3501s)
  [Data_11] ep 149 val 3.7731 best 3.3120@ep108 pat 41 (3514s)
  [Data_11] ep 150 val 3.6184 best 3.3120@ep108 pat 42 (3527s)
  [Data_11] ep 151 val 3.6870 best 3.3120@ep108 pat 43 (3540s)
  [Data_11] ep 152 val 3.9619 best 3.3120@ep108 pat 44 (3553s)
  [Data_11] ep 153 val 3.7341 best 3.3120@ep108 pat 45 (3566s)
  [Data_11] ep 154 val 3.7108 best 3.3120@ep108 pat 46 (3576s)
  [Data_11] ep 155 val 3.7214 best 3.3120@ep108 pat 47 (3587s)
  [Data_11] ep 156 val 3.8006 best 3.3120@ep108 pat 48 (3596s)
  [Data_11] ep 157 val 3.8166 best 3.3120@ep108 pat 49 (3604s)
  [Data_11] ep 158 val 3.9731 best 3.3120@ep108 pat 50 (3614s)
  [Data_11] EARLYSTOP ep158 best 3.3120@ep108
*** Data_11 test MAE 3.246 (3614s)
==== Data_11 DONE
