command: python -m hingesense.trainer --out results/raw/ablation_no_drift_correction --target Data_09 --seed 2027 --epochs 300 --patience 50 --ablation no_drift_correction
UserWarning: Can't initialize NVML
os: Linux-6.8.0-138-generic-x86_64-with-glibc2.35
cpu: Intel(R) Xeon(R) Platinum 8480C x224, ram 1007.5 GB
gpu: NVIDIA H100 (driver 580.173.02)
python 3.11.15, torch 2.12.0+cu130, cuda 13.0
channel mask top40 = [6, 7, 8, 9, 10, 11, 12, 13, 14, 21, 22, 25, 26, 27, 28, 34, 38, 41, 46, 48, 53, 57, 59, 61, 62, 64, 67, 69, 71, 72, 74, 76, 77, 78, 80, 81, 83, 84, 85, 98]
=== Data_09 seed=2027 epochs=300 patience=50 ablation=no_drift_correction channels=120 dev=cuda:0 ===
pool=36 folds (flips=True)
  [Data_09] cond=assembly sources=32
  [Data_09] NEWBEST ep0 val=3.5800 test=3.0848
  [Data_09] ep 0 val 3.5800 best 3.5800@ep0 pat 0 (13s)
  [Data_09] NEWBEST ep1 val=3.5727 test=3.1119
  [Data_09] ep 1 val 3.5727 best 3.5727@ep1 pat 0 (38s)
  [Data_09] NEWBEST ep2 val=3.4134 test=3.0486
  [Data_09] ep 2 val 3.4134 best 3.4134@ep2 pat 0 (63s)
  [Data_09] ep 3 val 3.5170 best 3.4134@ep2 pat 1 (88s)
  [Data_09] NEWBEST ep4 val=3.4040 test=3.0812
  [Data_09] ep 4 val 3.4040 best 3.4040@ep4 pat 0 (113s)
  [Data_09] NEWBEST ep5 val=3.3385 test=3.0958
  [Data_09] ep 5 val 3.3385 best 3.3385@ep5 pat 0 (138s)
  [Data_09] NEWBEST ep6 val=3.3048 test=3.0067
  [Data_09] ep 6 val 3.3048 best 3.3048@ep6 pat 0 (163s)
  [Data_09] ep 7 val 3.3939 best 3.3048@ep6 pat 1 (188s)
  [Data_09] ep 8 val 3.3565 best 3.3048@ep6 pat 2 (213s)
  [Data_09] NEWBEST ep9 val=3.2083 test=3.0866
  [Data_09] ep 9 val 3.2083 best 3.2083@ep9 pat 0 (238s)
  [Data_09] ep 10 val 3.3095 best 3.2083@ep9 pat 1 (263s)
  [Data_09] ep 11 val 3.2243 best 3.2083@ep9 pat 2 (288s)
  [Data_09] ep 12 val 3.3483 best 3.2083@ep9 pat 3 (313s)
  [Data_09] ep 13 val 3.3091 best 3.2083@ep9 pat 4 (339s)
  [Data_09] ep 14 val 3.2529 best 3.2083@ep9 pat 5 (363s)
  [Data_09] ep 15 val 3.3097 best 3.2083@ep9 pat 6 (389s)
  [Data_09] ep 16 val 3.3093 best 3.2083@ep9 pat 7 (414s)
  [Data_09] ep 17 val 3.2574 best 3.2083@ep9 pat 8 (439s)
  [Data_09] ep 18 val 3.2847 best 3.2083@ep9 pat 9 (464s)
  [Data_09] ep 19 val 3.2297 best 3.2083@ep9 pat 10 (489s)
  [Data_09] ep 20 val 3.3577 best 3.2083@ep9 pat 11 (514s)
  [Data_09] ep 21 val 3.2645 best 3.2083@ep9 pat 12 (539s)
  [Data_09] ep 22 val 3.2773 best 3.2083@ep9 pat 13 (564s)
  [Data_09] ep 23 val 3.2988 best 3.2083@ep9 pat 14 (589s)
  [Data_09] ep 24 val 3.2879 best 3.2083@ep9 pat 15 (615s)
  [Data_09] ep 25 val 3.3818 best 3.2083@ep9 pat 16 (640s)
  [Data_09] ep 26 val 3.3208 best 3.2083@ep9 pat 17 (665s)
  [Data_09] ep 27 val 3.2832 best 3.2083@ep9 pat 18 (690s)
  [Data_09] NEWBEST ep28 val=3.1941 test=2.9622
  [Data_09] ep 28 val 3.1941 best 3.1941@ep28 pat 0 (715s)
  [Data_09] ep 29 val 3.2709 best 3.1941@ep28 pat 1 (739s)
  [Data_09] ep 30 val 3.2675 best 3.1941@ep28 pat 2 (761s)
  [Data_09] ep 31 val 3.2844 best 3.1941@ep28 pat 3 (783s)
  [Data_09] ep 32 val 3.3795 best 3.1941@ep28 pat 4 (806s)
  [Data_09] ep 33 val 3.2471 best 3.1941@ep28 pat 5 (829s)
  [Data_09] ep 34 val 3.2764 best 3.1941@ep28 pat 6 (851s)
  [Data_09] ep 35 val 3.2477 best 3.1941@ep28 pat 7 (874s)
  [Data_09] ep 36 val 3.2700 best 3.1941@ep28 pat 8 (896s)
  [Data_09] ep 37 val 3.2761 best 3.1941@ep28 pat 9 (919s)
  [Data_09] ep 38 val 3.3049 best 3.1941@ep28 pat 10 (941s)
  [Data_09] ep 39 val 3.2880 best 3.1941@ep28 pat 11 (963s)
  [Data_09] ep 40 val 3.2417 best 3.1941@ep28 pat 12 (986s)
  [Data_09] ep 41 val 3.3430 best 3.1941@ep28 pat 13 (1009s)
  [Data_09] ep 42 val 3.3589 best 3.1941@ep28 pat 14 (1032s)
  [Data_09] ep 43 val 3.2785 best 3.1941@ep28 pat 15 (1055s)
  [Data_09] ep 44 val 3.2638 best 3.1941@ep28 pat 16 (1079s)
  [Data_09] ep 45 val 3.3093 best 3.1941@ep28 pat 17 (1102s)
  [Data_09] ep 46 val 3.3350 best 3.1941@ep28 pat 18 (1125s)
  [Data_09] ep 47 val 3.3438 best 3.1941@ep28 pat 19 (1148s)
  [Data_09] ep 48 val 3.2925 best 3.1941@ep28 pat 20 (1171s)
  [Data_09] ep 49 val 3.2916 best 3.1941@ep28 pat 21 (1194s)
  [Data_09] ep 50 val 3.2774 best 3.1941@ep28 pat 22 (1217s)
  [Data_09] ep 51 val 3.3294 best 3.1941@ep28 pat 23 (1240s)
  [Data_09] ep 52 val 3.2848 best 3.1941@ep28 pat 24 (1264s)
  [Data_09] ep 53 val 3.2954 best 3.1941@ep28 pat 25 (1286s)
  [Data_09] ep 54 val 3.3087 best 3.1941@ep28 pat 26 (1310s)
  [Data_09] ep 55 val 3.3376 best 3.1941@ep28 pat 27 (1332s)
  [Data_09] ep 56 val 3.2747 best 3.1941@ep28 pat 28 (1355s)
  [Data_09] ep 57 val 3.3406 best 3.1941@ep28 pat 29 (1377s)
  [Data_09] ep 58 val 3.2957 best 3.1941@ep28 pat 30 (1401s)
  [Data_09] ep 59 val 3.2750 best 3.1941@ep28 pat 31 (1423s)
  [Data_09] ep 60 val 3.2534 best 3.1941@ep28 pat 32 (1446s)
  [Data_09] ep 61 val 3.2236 best 3.1941@ep28 pat 33 (1470s)
  [Data_09] ep 62 val 3.2552 best 3.1941@ep28 pat 34 (1493s)
  [Data_09] ep 63 val 3.3270 best 3.1941@ep28 pat 35 (1515s)
  [Data_09] ep 64 val 3.3257 best 3.1941@ep28 pat 36 (1539s)
  [Data_09] ep 65 val 3.3227 best 3.1941@ep28 pat 37 (1562s)
  [Data_09] ep 66 val 3.2729 best 3.1941@ep28 pat 38 (1586s)
  [Data_09] ep 67 val 3.2865 best 3.1941@ep28 pat 39 (1610s)
  [Data_09] ep 68 val 3.2648 best 3.1941@ep28 pat 40 (1633s)
  [Data_09] ep 69 val 3.2605 best 3.1941@ep28 pat 41 (1655s)
  [Data_09] ep 70 val 3.2871 best 3.1941@ep28 pat 42 (1679s)
  [Data_09] ep 71 val 3.2451 best 3.1941@ep28 pat 43 (1702s)
  [Data_09] ep 72 val 3.2648 best 3.1941@ep28 pat 44 (1726s)
  [Data_09] ep 73 val 3.2636 best 3.1941@ep28 pat 45 (1750s)
  [Data_09] ep 74 val 3.2550 best 3.1941@ep28 pat 46 (1774s)
  [Data_09] ep 75 val 3.2781 best 3.1941@ep28 pat 47 (1798s)
  [Data_09] ep 76 val 3.2130 best 3.1941@ep28 pat 48 (1822s)
  [Data_09] ep 77 val 3.2997 best 3.1941@ep28 pat 49 (1845s)
  [Data_09] ep 78 val 3.2807 best 3.1941@ep28 pat 50 (1869s)
  [Data_09] EARLYSTOP ep78 best 3.1941@ep28
*** Data_09 test MAE 2.962 (1870s)
==== Data_09 DONE
