command: python -m hingesense.trainer --out results/raw/ablation_no_drift_correction --target Data_06 --seed 2027 --epochs 300 --patience 50 --ablation no_drift_correction
UserWarning: Can't initialize NVML
os: Linux-6.8.0-138-generic-x86_64-with-glibc2.35
cpu: Intel(R) Xeon(R) Platinum 8480C x224, ram 1007.5 GB
gpu: NVIDIA H100 (driver 580.173.02)
python 3.11.15, torch 2.12.0+cu130, cuda 13.0
channel mask top40 = [6, 7, 8, 9, 10, 11, 12, 13, 14, 21, 22, 25, 26, 27, 28, 34, 38, 41, 46, 48, 53, 57, 59, 61, 62, 64, 67, 69, 71, 72, 74, 76, 77, 78, 80, 81, 83, 84, 85, 98]
=== Data_06 seed=2027 epochs=300 patience=50 ablation=no_drift_correction channels=120 dev=cuda:0 ===
pool=56 folds (flips=True)
  [Data_06] cond=noload sources=52
  [Data_06] NEWBEST ep0 val=2.4593 test=2.3996
  [Data_06] ep 0 val 2.4593 best 2.4593@ep0 pat 0 (30s)
  [Data_06] ep 1 val 2.5268 best 2.4593@ep0 pat 1 (55s)
  [Data_06] NEWBEST ep2 val=2.3292 test=2.2482
  [Data_06] ep 2 val 2.3292 best 2.3292@ep2 pat 0 (81s)
  [Data_06] ep 3 val 2.3522 best 2.3292@ep2 pat 1 (106s)
  [Data_06] ep 4 val 2.3594 best 2.3292@ep2 pat 2 (131s)
  [Data_06] ep 5 val 2.4540 best 2.3292@ep2 pat 3 (156s)
  [Data_06] ep 6 val 2.3664 best 2.3292@ep2 pat 4 (181s)
  [Data_06] ep 7 val 2.4541 best 2.3292@ep2 pat 5 (206s)
  [Data_06] ep 8 val 2.3847 best 2.3292@ep2 pat 6 (231s)
  [Data_06] ep 9 val 2.3464 best 2.3292@ep2 pat 7 (256s)
  [Data_06] ep 10 val 2.4166 best 2.3292@ep2 pat 8 (281s)
  [Data_06] ep 11 val 2.4537 best 2.3292@ep2 pat 9 (306s)
  [Data_06] ep 12 val 2.4776 best 2.3292@ep2 pat 10 (331s)
  [Data_06] ep 13 val 2.3395 best 2.3292@ep2 pat 11 (356s)
  [Data_06] ep 14 val 2.3314 best 2.3292@ep2 pat 12 (382s)
  [Data_06] ep 15 val 2.4028 best 2.3292@ep2 pat 13 (407s)
  [Data_06] ep 16 val 2.4017 best 2.3292@ep2 pat 14 (432s)
  [Data_06] ep 17 val 2.4318 best 2.3292@ep2 pat 15 (457s)
  [Data_06] ep 18 val 2.3505 best 2.3292@ep2 pat 16 (482s)
  [Data_06] NEWBEST ep19 val=2.3195 test=2.2556
  [Data_06] ep 19 val 2.3195 best 2.3195@ep19 pat 0 (507s)
  [Data_06] ep 20 val 2.4550 best 2.3195@ep19 pat 1 (532s)
  [Data_06] ep 21 val 2.4246 best 2.3195@ep19 pat 2 (557s)
  [Data_06] ep 22 val 2.3865 best 2.3195@ep19 pat 3 (582s)
  [Data_06] ep 23 val 2.3374 best 2.3195@ep19 pat 4 (608s)
  [Data_06] ep 24 val 2.3606 best 2.3195@ep19 pat 5 (633s)
  [Data_06] ep 25 val 2.4038 best 2.3195@ep19 pat 6 (659s)
  [Data_06] ep 26 val 2.4176 best 2.3195@ep19 pat 7 (684s)
  [Data_06] ep 27 val 2.3539 best 2.3195@ep19 pat 8 (709s)
  [Data_06] ep 28 val 2.4118 best 2.3195@ep19 pat 9 (734s)
  [Data_06] ep 29 val 2.3512 best 2.3195@ep19 pat 10 (758s)
  [Data_06] ep 30 val 2.3869 best 2.3195@ep19 pat 11 (784s)
  [Data_06] ep 31 val 2.4441 best 2.3195@ep19 pat 12 (808s)
  [Data_06] ep 32 val 2.4584 best 2.3195@ep19 pat 13 (834s)
  [Data_06] ep 33 val 2.3914 best 2.3195@ep19 pat 14 (860s)
  [Data_06] ep 34 val 2.4312 best 2.3195@ep19 pat 15 (884s)
  [Data_06] ep 35 val 2.3625 best 2.3195@ep19 pat 16 (909s)
  [Data_06] ep 36 val 2.3831 best 2.3195@ep19 pat 17 (934s)
  [Data_06] ep 37 val 2.3598 best 2.3195@ep19 pat 18 (959s)
  [Data_06] ep 38 val 2.3666 best 2.3195@ep19 pat 19 (983s)
  [Data_06] ep 39 val 2.3497 best 2.3195@ep19 pat 20 (1007s)
  [Data_06] ep 40 val 2.3967 best 2.3195@ep19 pat 21 (1030s)
  [Data_06] ep 41 val 2.3330 best 2.3195@ep19 pat 22 (1054s)
  [Data_06] ep 42 val 2.4362 best 2.3195@ep19 pat 23 (1078s)
  [Data_06] ep 43 val 2.4159 best 2.3195@ep19 pat 24 (1102s)
  [Data_06] NEWBEST ep44 val=2.3088 test=2.2111
  [Data_06] ep 44 val 2.3088 best 2.3088@ep44 pat 0 (1126s)
  [Data_06] ep 45 val 2.4403 best 2.3088@ep44 pat 1 (1150s)
  [Data_06] ep 46 val 2.3532 best 2.3088@ep44 pat 2 (1174s)
  [Data_06] ep 47 val 2.3653 best 2.3088@ep44 pat 3 (1197s)
  [Data_06] ep 48 val 2.3155 best 2.3088@ep44 pat 4 (1220s)
  [Data_06] ep 49 val 2.3757 best 2.3088@ep44 pat 5 (1244s)
  [Data_06] ep 50 val 2.3787 best 2.3088@ep44 pat 6 (1267s)
  [Data_06] ep 51 val 2.4291 best 2.3088@ep44 pat 7 (1290s)
  [Data_06] ep 52 val 2.3769 best 2.3088@ep44 pat 8 (1313s)
  [Data_06] ep 53 val 2.3939 best 2.3088@ep44 pat 9 (1337s)
  [Data_06] ep 54 val 2.4231 best 2.3088@ep44 pat 10 (1360s)
  [Data_06] ep 55 val 2.3575 best 2.3088@ep44 pat 11 (1384s)
  [Data_06] ep 56 val 2.4646 best 2.3088@ep44 pat 12 (1407s)
  [Data_06] ep 57 val 2.3950 best 2.3088@ep44 pat 13 (1431s)
  [Data_06] ep 58 val 2.3540 best 2.3088@ep44 pat 14 (1454s)
  [Data_06] ep 59 val 2.3828 best 2.3088@ep44 pat 15 (1478s)
  [Data_06] ep 60 val 2.3936 best 2.3088@ep44 pat 16 (1502s)
  [Data_06] ep 61 val 2.3818 best 2.3088@ep44 pat 17 (1526s)
  [Data_06] ep 62 val 2.4290 best 2.3088@ep44 pat 18 (1551s)
  [Data_06] ep 63 val 2.4100 best 2.3088@ep44 pat 19 (1575s)
  [Data_06] ep 64 val 2.4246 best 2.3088@ep44 pat 20 (1599s)
  [Data_06] ep 65 val 2.4215 best 2.3088@ep44 pat 21 (1624s)
  [Data_06] ep 66 val 2.3703 best 2.3088@ep44 pat 22 (1648s)
  [Data_06] ep 67 val 2.4192 best 2.3088@ep44 pat 23 (1673s)
  [Data_06] ep 68 val 2.4314 best 2.3088@ep44 pat 24 (1697s)
  [Data_06] ep 69 val 2.3747 best 2.3088@ep44 pat 25 (1722s)
  [Data_06] ep 70 val 2.4101 best 2.3088@ep44 pat 26 (1747s)
  [Data_06] ep 71 val 2.4323 best 2.3088@ep44 pat 27 (1772s)
  [Data_06] ep 72 val 2.4193 best 2.3088@ep44 pat 28 (1797s)
  [Data_06] ep 73 val 2.3863 best 2.3088@ep44 pat 29 (1822s)
  [Data_06] ep 74 val 2.3989 best 2.3088@ep44 pat 30 (1847s)
  [Data_06] ep 75 val 2.4100 best 2.3088@ep44 pat 31 (1872s)
  [Data_06] ep 76 val 2.4009 best 2.3088@ep44 pat 32 (1897s)
  [Data_06] ep 77 val 2.3694 best 2.3088@ep44 pat 33 (1922s)
  [Data_06] ep 78 val 2.4426 best 2.3088@ep44 pat 34 (1947s)
  [Data_06] ep 79 val 2.3609 best 2.3088@ep44 pat 35 (1972s)
  [Data_06] ep 80 val 2.3541 best 2.3088@ep44 pat 36 (1998s)
  [Data_06] ep 81 val 2.3649 best 2.3088@ep44 pat 37 (2023s)
  [Data_06] ep 82 val 2.4542 best 2.3088@ep44 pat 38 (2048s)
  [Data_06] ep 83 val 2.3732 best 2.3088@ep44 pat 39 (2072s)
  [Data_06] NEWBEST ep84 val=2.3069 test=2.2300
  [Data_06] ep 84 val 2.3069 best 2.3069@ep84 pat 0 (2098s)
  [Data_06] ep 85 val 2.3935 best 2.3069@ep84 pat 1 (2123s)
  [Data_06] ep 86 val 2.4016 best 2.3069@ep84 pat 2 (2148s)
  [Data_06] ep 87 val 2.3077 best 2.3069@ep84 pat 3 (2173s)
  [Data_06] ep 88 val 2.3439 best 2.3069@ep84 pat 4 (2198s)
  [Data_06] ep 89 val 2.4084 best 2.3069@ep84 pat 5 (2223s)
  [Data_06] ep 90 val 2.3462 best 2.3069@ep84 pat 6 (2248s)
  [Data_06] ep 91 val 2.4113 best 2.3069@ep84 pat 7 (2273s)
  [Data_06] ep 92 val 2.3708 best 2.3069@ep84 pat 8 (2297s)
  [Data_06] ep 93 val 2.3965 best 2.3069@ep84 pat 9 (2322s)
  [Data_06] ep 94 val 2.3987 best 2.3069@ep84 pat 10 (2347s)
  [Data_06] ep 95 val 2.3779 best 2.3069@ep84 pat 11 (2371s)
  [Data_06] ep 96 val 2.4505 best 2.3069@ep84 pat 12 (2396s)
  [Data_06] ep 97 val 2.3860 best 2.3069@ep84 pat 13 (2421s)
  [Data_06] ep 98 val 2.4421 best 2.3069@ep84 pat 14 (2443s)
  [Data_06] ep 99 val 2.4003 best 2.3069@ep84 pat 15 (2466s)
  [Data_06] ep 100 val 2.3409 best 2.3069@ep84 pat 16 (2489s)
  [Data_06] ep 101 val 2.3661 best 2.3069@ep84 pat 17 (2512s)
  [Data_06] ep 102 val 2.3696 best 2.3069@ep84 pat 18 (2535s)
  [Data_06] ep 103 val 2.3686 best 2.3069@ep84 pat 19 (2559s)
  [Data_06] ep 104 val 2.3523 best 2.3069@ep84 pat 20 (2582s)
  [Data_06] ep 105 val 2.3781 best 2.3069@ep84 pat 21 (2606s)
  [Data_06] ep 106 val 2.4278 best 2.3069@ep84 pat 22 (2631s)
  [Data_06] ep 107 val 2.4044 best 2.3069@ep84 pat 23 (2656s)
  [Data_06] ep 108 val 2.4039 best 2.3069@ep84 pat 24 (2681s)
  [Data_06] ep 109 val 2.4024 best 2.3069@ep84 pat 25 (2706s)
  [Data_06] ep 110 val 2.3165 best 2.3069@ep84 pat 26 (2730s)
  [Data_06] ep 111 val 2.3681 best 2.3069@ep84 pat 27 (2755s)
  [Data_06] ep 112 val 2.3635 best 2.3069@ep84 pat 28 (2780s)
  [Data_06] ep 113 val 2.3516 best 2.3069@ep84 pat 29 (2803s)
  [Data_06] ep 114 val 2.4023 best 2.3069@ep84 pat 30 (2827s)
  [Data_06] ep 115 val 2.4205 best 2.3069@ep84 pat 31 (2851s)
  [Data_06] ep 116 val 2.3892 best 2.3069@ep84 pat 32 (2875s)
  [Data_06] ep 117 val 2.4003 best 2.3069@ep84 pat 33 (2899s)
  [Data_06] ep 118 val 2.3191 best 2.3069@ep84 pat 34 (2923s)
  [Data_06] ep 119 val 2.4188 best 2.3069@ep84 pat 35 (2947s)
  [Data_06] ep 120 val 2.4091 best 2.3069@ep84 pat 36 (2971s)
  [Data_06] ep 121 val 2.3383 best 2.3069@ep84 pat 37 (2995s)
  [Data_06] ep 122 val 2.3537 best 2.3069@ep84 pat 38 (3018s)
  [Data_06] ep 123 val 2.3590 best 2.3069@ep84 pat 39 (3042s)
  [Data_06] ep 124 val 2.3643 best 2.3069@ep84 pat 40 (3064s)
  [Data_06] ep 125 val 2.3114 best 2.3069@ep84 pat 41 (3085s)
  [Data_06] ep 126 val 2.3451 best 2.3069@ep84 pat 42 (3106s)
  [Data_06] ep 127 val 2.3974 best 2.3069@ep84 pat 43 (3127s)
  [Data_06] ep 128 val 2.3508 best 2.3069@ep84 pat 44 (3148s)
  [Data_06] ep 129 val 2.3826 best 2.3069@ep84 pat 45 (3167s)
  [Data_06] ep 130 val 2.4380 best 2.3069@ep84 pat 46 (3186s)
  [Data_06] ep 131 val 2.4654 best 2.3069@ep84 pat 47 (3203s)
  [Data_06] ep 132 val 2.4178 best 2.3069@ep84 pat 48 (3221s)
  [Data_06] ep 133 val 2.4040 best 2.3069@ep84 pat 49 (3240s)
  [Data_06] ep 134 val 2.4031 best 2.3069@ep84 pat 50 (3258s)
  [Data_06] EARLYSTOP ep134 best 2.3069@ep84
*** Data_06 test MAE 2.230 (3259s)
==== Data_06 DONE
