command: python -m hingesense.trainer --out results/raw/ablation_no_drift_correction --target Data_10 --seed 2027 --epochs 300 --patience 50 --ablation no_drift_correction
UserWarning: Can't initialize NVML
os: Linux-6.8.0-138-generic-x86_64-with-glibc2.35
cpu: Intel(R) Xeon(R) Platinum 8480C x224, ram 1007.5 GB
gpu: NVIDIA H100 (driver 580.173.02)
python 3.11.15, torch 2.12.0+cu130, cuda 13.0
channel mask top40 = [6, 7, 8, 9, 10, 11, 12, 13, 14, 21, 22, 25, 26, 27, 28, 34, 38, 41, 46, 48, 53, 57, 59, 61, 62, 64, 67, 69, 71, 72, 74, 76, 77, 78, 80, 81, 83, 84, 85, 98]
=== Data_10 seed=2027 epochs=300 patience=50 ablation=no_drift_correction channels=120 dev=cuda:0 ===
pool=36 folds (flips=True)
  [Data_10] cond=assembly sources=32
  [Data_10] NEWBEST ep0 val=3.1251 test=3.0924
  [Data_10] ep 0 val 3.1251 best 3.1251@ep0 pat 0 (21s)
  [Data_10] ep 1 val 3.2002 best 3.1251@ep0 pat 1 (46s)
  [Data_10] NEWBEST ep2 val=3.0461 test=2.9877
  [Data_10] ep 2 val 3.0461 best 3.0461@ep2 pat 0 (71s)
  [Data_10] ep 3 val 3.0701 best 3.0461@ep2 pat 1 (96s)
  [Data_10] ep 4 val 3.1661 best 3.0461@ep2 pat 2 (121s)
  [Data_10] ep 5 val 3.1086 best 3.0461@ep2 pat 3 (146s)
  [Data_10] NEWBEST ep6 val=2.9841 test=2.9466
  [Data_10] ep 6 val 2.9841 best 2.9841@ep6 pat 0 (171s)
  [Data_10] ep 7 val 3.0280 best 2.9841@ep6 pat 1 (196s)
  [Data_10] ep 8 val 3.1667 best 2.9841@ep6 pat 2 (221s)
  [Data_10] ep 9 val 2.9888 best 2.9841@ep6 pat 3 (246s)
  [Data_10] ep 10 val 3.0271 best 2.9841@ep6 pat 4 (270s)
  [Data_10] ep 11 val 3.1368 best 2.9841@ep6 pat 5 (295s)
  [Data_10] NEWBEST ep12 val=2.9570 test=2.9368
  [Data_10] ep 12 val 2.9570 best 2.9570@ep12 pat 0 (320s)
  [Data_10] ep 13 val 3.0507 best 2.9570@ep12 pat 1 (345s)
  [Data_10] ep 14 val 3.0451 best 2.9570@ep12 pat 2 (370s)
  [Data_10] ep 15 val 3.0816 best 2.9570@ep12 pat 3 (395s)
  [Data_10] ep 16 val 3.0633 best 2.9570@ep12 pat 4 (420s)
  [Data_10] ep 17 val 3.0678 best 2.9570@ep12 pat 5 (445s)
  [Data_10] ep 18 val 3.0205 best 2.9570@ep12 pat 6 (470s)
  [Data_10] ep 19 val 3.0455 best 2.9570@ep12 pat 7 (495s)
  [Data_10] ep 20 val 3.1369 best 2.9570@ep12 pat 8 (519s)
  [Data_10] ep 21 val 3.0972 best 2.9570@ep12 pat 9 (544s)
  [Data_10] ep 22 val 3.1023 best 2.9570@ep12 pat 10 (569s)
  [Data_10] ep 23 val 3.1125 best 2.9570@ep12 pat 11 (594s)
  [Data_10] ep 24 val 3.0379 best 2.9570@ep12 pat 12 (619s)
  [Data_10] ep 25 val 3.1018 best 2.9570@ep12 pat 13 (644s)
  [Data_10] ep 26 val 3.0455 best 2.9570@ep12 pat 14 (669s)
  [Data_10] ep 27 val 3.0804 best 2.9570@ep12 pat 15 (694s)
  [Data_10] ep 28 val 3.1010 best 2.9570@ep12 pat 16 (719s)
  [Data_10] ep 29 val 3.0803 best 2.9570@ep12 pat 17 (743s)
  [Data_10] ep 30 val 3.0616 best 2.9570@ep12 pat 18 (768s)
  [Data_10] ep 31 val 3.0231 best 2.9570@ep12 pat 19 (793s)
  [Data_10] ep 32 val 3.0712 best 2.9570@ep12 pat 20 (817s)
  [Data_10] ep 33 val 3.1350 best 2.9570@ep12 pat 21 (842s)
  [Data_10] ep 34 val 3.0251 best 2.9570@ep12 pat 22 (867s)
  [Data_10] ep 35 val 3.0139 best 2.9570@ep12 pat 23 (891s)
  [Data_10] ep 36 val 3.0413 best 2.9570@ep12 pat 24 (916s)
  [Data_10] ep 37 val 3.0940 best 2.9570@ep12 pat 25 (940s)
  [Data_10] ep 38 val 3.0954 best 2.9570@ep12 pat 26 (964s)
  [Data_10] ep 39 val 3.0837 best 2.9570@ep12 pat 27 (988s)
  [Data_10] ep 40 val 3.0494 best 2.9570@ep12 pat 28 (1012s)
  [Data_10] ep 41 val 3.1429 best 2.9570@ep12 pat 29 (1035s)
  [Data_10] ep 42 val 3.0287 best 2.9570@ep12 pat 30 (1058s)
  [Data_10] ep 43 val 3.0490 best 2.9570@ep12 pat 31 (1081s)
  [Data_10] ep 44 val 3.0981 best 2.9570@ep12 pat 32 (1105s)
  [Data_10] ep 45 val 3.1128 best 2.9570@ep12 pat 33 (1128s)
  [Data_10] ep 46 val 3.1229 best 2.9570@ep12 pat 34 (1152s)
  [Data_10] ep 47 val 3.0567 best 2.9570@ep12 pat 35 (1175s)
  [Data_10] ep 48 val 3.0198 best 2.9570@ep12 pat 36 (1198s)
  [Data_10] ep 49 val 3.0377 best 2.9570@ep12 pat 37 (1221s)
  [Data_10] ep 50 val 3.0671 best 2.9570@ep12 pat 38 (1244s)
  [Data_10] ep 51 val 3.0505 best 2.9570@ep12 pat 39 (1268s)
  [Data_10] ep 52 val 2.9789 best 2.9570@ep12 pat 40 (1291s)
  [Data_10] ep 53 val 3.0695 best 2.9570@ep12 pat 41 (1314s)
  [Data_10] ep 54 val 3.0001 best 2.9570@ep12 pat 42 (1337s)
  [Data_10] ep 55 val 3.1090 best 2.9570@ep12 pat 43 (1360s)
  [Data_10] ep 56 val 3.0501 best 2.9570@ep12 pat 44 (1383s)
  [Data_10] ep 57 val 3.0577 best 2.9570@ep12 pat 45 (1407s)
  [Data_10] ep 58 val 2.9995 best 2.9570@ep12 pat 46 (1430s)
  [Data_10] ep 59 val 3.0894 best 2.9570@ep12 pat 47 (1453s)
  [Data_10] ep 60 val 3.0395 best 2.9570@ep12 pat 48 (1476s)
  [Data_10] ep 61 val 3.0717 best 2.9570@ep12 pat 49 (1499s)
  [Data_10] ep 62 val 2.9673 best 2.9570@ep12 pat 50 (1522s)
  [Data_10] EARLYSTOP ep62 best 2.9570@ep12
*** Data_10 test MAE 2.937 (1523s)
==== Data_10 DONE
