command: python -m hingesense.trainer --out results/raw/ablation_no_drift_correction --target Data_05 --seed 2027 --epochs 300 --patience 50 --ablation no_drift_correction
UserWarning: Can't initialize NVML
os: Linux-6.8.0-138-generic-x86_64-with-glibc2.35
cpu: Intel(R) Xeon(R) Platinum 8480C x224, ram 1007.5 GB
gpu: NVIDIA H100 (driver 580.173.02)
python 3.11.15, torch 2.12.0+cu130, cuda 13.0
channel mask top40 = [6, 7, 8, 9, 10, 11, 12, 13, 14, 21, 22, 25, 26, 27, 28, 34, 38, 41, 46, 48, 53, 57, 59, 61, 62, 64, 67, 69, 71, 72, 74, 76, 77, 78, 80, 81, 83, 84, 85, 98]
=== Data_05 seed=2027 epochs=300 patience=50 ablation=no_drift_correction channels=120 dev=cuda:0 ===
pool=56 folds (flips=True)
  [Data_05] cond=noload sources=52
  [Data_05] NEWBEST ep0 val=2.9618 test=2.9578
  [Data_05] ep 0 val 2.9618 best 2.9618@ep0 pat 0 (30s)
  [Data_05] ep 1 val 3.7381 best 2.9618@ep0 pat 1 (55s)
  [Data_05] ep 2 val 3.6348 best 2.9618@ep0 pat 2 (81s)
  [Data_05] ep 3 val 4.0407 best 2.9618@ep0 pat 3 (106s)
  [Data_05] ep 4 val 3.1576 best 2.9618@ep0 pat 4 (132s)
  [Data_05] ep 5 val 3.4767 best 2.9618@ep0 pat 5 (157s)
  [Data_05] ep 6 val 4.0921 best 2.9618@ep0 pat 6 (182s)
  [Data_05] ep 7 val 3.7067 best 2.9618@ep0 pat 7 (208s)
  [Data_05] ep 8 val 3.4118 best 2.9618@ep0 pat 8 (233s)
  [Data_05] ep 9 val 3.7090 best 2.9618@ep0 pat 9 (259s)
  [Data_05] ep 10 val 3.7926 best 2.9618@ep0 pat 10 (284s)
  [Data_05] ep 11 val 3.7356 best 2.9618@ep0 pat 11 (310s)
  [Data_05] ep 12 val 3.2771 best 2.9618@ep0 pat 12 (335s)
  [Data_05] ep 13 val 4.6459 best 2.9618@ep0 pat 13 (361s)
  [Data_05] ep 14 val 3.8277 best 2.9618@ep0 pat 14 (386s)
  [Data_05] ep 15 val 3.7457 best 2.9618@ep0 pat 15 (412s)
  [Data_05] ep 16 val 3.8561 best 2.9618@ep0 pat 16 (437s)
  [Data_05] ep 17 val 3.7160 best 2.9618@ep0 pat 17 (462s)
  [Data_05] ep 18 val 3.4743 best 2.9618@ep0 pat 18 (488s)
  [Data_05] ep 19 val 3.3626 best 2.9618@ep0 pat 19 (513s)
  [Data_05] ep 20 val 3.3112 best 2.9618@ep0 pat 20 (539s)
  [Data_05] ep 21 val 3.7964 best 2.9618@ep0 pat 21 (564s)
  [Data_05] ep 22 val 3.6606 best 2.9618@ep0 pat 22 (589s)
  [Data_05] ep 23 val 3.2761 best 2.9618@ep0 pat 23 (615s)
  [Data_05] ep 24 val 3.4473 best 2.9618@ep0 pat 24 (641s)
  [Data_05] ep 25 val 3.5324 best 2.9618@ep0 pat 25 (666s)
  [Data_05] ep 26 val 3.7026 best 2.9618@ep0 pat 26 (692s)
  [Data_05] ep 27 val 3.3244 best 2.9618@ep0 pat 27 (717s)
  [Data_05] ep 28 val 3.4584 best 2.9618@ep0 pat 28 (740s)
  [Data_05] ep 29 val 3.4357 best 2.9618@ep0 pat 29 (764s)
  [Data_05] ep 30 val 3.7336 best 2.9618@ep0 pat 30 (787s)
  [Data_05] ep 31 val 3.8867 best 2.9618@ep0 pat 31 (811s)
  [Data_05] ep 32 val 4.0379 best 2.9618@ep0 pat 32 (834s)
  [Data_05] ep 33 val 3.6995 best 2.9618@ep0 pat 33 (858s)
  [Data_05] ep 34 val 3.0846 best 2.9618@ep0 pat 34 (880s)
  [Data_05] ep 35 val 3.1307 best 2.9618@ep0 pat 35 (903s)
  [Data_05] ep 36 val 3.6418 best 2.9618@ep0 pat 36 (926s)
  [Data_05] ep 37 val 3.4149 best 2.9618@ep0 pat 37 (949s)
  [Data_05] ep 38 val 3.9368 best 2.9618@ep0 pat 38 (972s)
  [Data_05] ep 39 val 3.5328 best 2.9618@ep0 pat 39 (996s)
  [Data_05] ep 40 val 3.4287 best 2.9618@ep0 pat 40 (1020s)
  [Data_05] ep 41 val 3.4696 best 2.9618@ep0 pat 41 (1043s)
  [Data_05] ep 42 val 3.5004 best 2.9618@ep0 pat 42 (1067s)
  [Data_05] ep 43 val 3.2130 best 2.9618@ep0 pat 43 (1091s)
  [Data_05] ep 44 val 3.3020 best 2.9618@ep0 pat 44 (1115s)
  [Data_05] ep 45 val 3.6474 best 2.9618@ep0 pat 45 (1138s)
  [Data_05] ep 46 val 3.5224 best 2.9618@ep0 pat 46 (1162s)
  [Data_05] ep 47 val 3.4813 best 2.9618@ep0 pat 47 (1186s)
  [Data_05] ep 48 val 3.3710 best 2.9618@ep0 pat 48 (1209s)
  [Data_05] ep 49 val 3.3059 best 2.9618@ep0 pat 49 (1233s)
  [Data_05] ep 50 val 3.3074 best 2.9618@ep0 pat 50 (1256s)
  [Data_05] EARLYSTOP ep50 best 2.9618@ep0
*** Data_05 test MAE 2.958 (1257s)
==== Data_05 DONE
