command: python -m hingesense.trainer --out results/raw/ablation_no_drift_correction --target Data_01 --seed 2027 --epochs 300 --patience 50 --ablation no_drift_correction
UserWarning: Can't initialize NVML
os: Linux-6.8.0-138-generic-x86_64-with-glibc2.35
cpu: Intel(R) Xeon(R) Platinum 8480C x224, ram 1007.5 GB
gpu: NVIDIA H100 (driver 580.173.02)
python 3.11.15, torch 2.12.0+cu130, cuda 13.0
channel mask top40 = [6, 7, 8, 9, 10, 11, 12, 13, 14, 21, 22, 25, 26, 27, 28, 34, 38, 41, 46, 48, 53, 57, 59, 61, 62, 64, 67, 69, 71, 72, 74, 76, 77, 78, 80, 81, 83, 84, 85, 98]
=== Data_01 seed=2027 epochs=300 patience=50 ablation=no_drift_correction channels=120 dev=cuda:0 ===
pool=56 folds (flips=True)
  [Data_01] cond=noload sources=52
  [Data_01] NEWBEST ep0 val=2.2110 test=2.0155
  [Data_01] ep 0 val 2.2110 best 2.2110@ep0 pat 0 (28s)
  [Data_01] ep 1 val 2.3345 best 2.2110@ep0 pat 1 (53s)
  [Data_01] NEWBEST ep2 val=2.1348 test=1.9321
  [Data_01] ep 2 val 2.1348 best 2.1348@ep2 pat 0 (78s)
  [Data_01] ep 3 val 2.2190 best 2.1348@ep2 pat 1 (104s)
  [Data_01] ep 4 val 2.2899 best 2.1348@ep2 pat 2 (129s)
  [Data_01] ep 5 val 2.2071 best 2.1348@ep2 pat 3 (154s)
  [Data_01] ep 6 val 2.2796 best 2.1348@ep2 pat 4 (179s)
  [Data_01] ep 7 val 2.2110 best 2.1348@ep2 pat 5 (204s)
  [Data_01] NEWBEST ep8 val=2.0433 test=1.8736
  [Data_01] ep 8 val 2.0433 best 2.0433@ep8 pat 0 (230s)
  [Data_01] ep 9 val 2.1549 best 2.0433@ep8 pat 1 (255s)
  [Data_01] ep 10 val 2.1351 best 2.0433@ep8 pat 2 (280s)
  [Data_01] ep 11 val 2.1574 best 2.0433@ep8 pat 3 (305s)
  [Data_01] ep 12 val 2.1931 best 2.0433@ep8 pat 4 (330s)
  [Data_01] ep 13 val 2.1609 best 2.0433@ep8 pat 5 (355s)
  [Data_01] ep 14 val 2.2253 best 2.0433@ep8 pat 6 (380s)
  [Data_01] ep 15 val 2.2120 best 2.0433@ep8 pat 7 (404s)
  [Data_01] ep 16 val 2.2409 best 2.0433@ep8 pat 8 (430s)
  [Data_01] ep 17 val 2.1439 best 2.0433@ep8 pat 9 (455s)
  [Data_01] ep 18 val 2.1344 best 2.0433@ep8 pat 10 (479s)
  [Data_01] ep 19 val 2.1434 best 2.0433@ep8 pat 11 (505s)
  [Data_01] ep 20 val 2.1072 best 2.0433@ep8 pat 12 (530s)
  [Data_01] ep 21 val 2.1848 best 2.0433@ep8 pat 13 (555s)
  [Data_01] ep 22 val 2.0909 best 2.0433@ep8 pat 14 (580s)
  [Data_01] ep 23 val 2.1868 best 2.0433@ep8 pat 15 (605s)
  [Data_01] ep 24 val 2.1656 best 2.0433@ep8 pat 16 (630s)
  [Data_01] ep 25 val 2.1381 best 2.0433@ep8 pat 17 (655s)
  [Data_01] ep 26 val 2.1754 best 2.0433@ep8 pat 18 (680s)
  [Data_01] ep 27 val 2.2067 best 2.0433@ep8 pat 19 (705s)
  [Data_01] ep 28 val 2.1728 best 2.0433@ep8 pat 20 (729s)
  [Data_01] ep 29 val 2.1509 best 2.0433@ep8 pat 21 (752s)
  [Data_01] ep 30 val 2.2819 best 2.0433@ep8 pat 22 (775s)
  [Data_01] ep 31 val 2.1635 best 2.0433@ep8 pat 23 (798s)
  [Data_01] ep 32 val 2.1143 best 2.0433@ep8 pat 24 (821s)
  [Data_01] ep 33 val 2.1817 best 2.0433@ep8 pat 25 (843s)
  [Data_01] ep 34 val 2.1337 best 2.0433@ep8 pat 26 (866s)
  [Data_01] ep 35 val 2.1380 best 2.0433@ep8 pat 27 (889s)
  [Data_01] ep 36 val 2.1538 best 2.0433@ep8 pat 28 (911s)
  [Data_01] ep 37 val 2.1398 best 2.0433@ep8 pat 29 (933s)
  [Data_01] ep 38 val 2.1519 best 2.0433@ep8 pat 30 (956s)
  [Data_01] ep 39 val 2.1733 best 2.0433@ep8 pat 31 (978s)
  [Data_01] ep 40 val 2.1299 best 2.0433@ep8 pat 32 (1002s)
  [Data_01] ep 41 val 2.1598 best 2.0433@ep8 pat 33 (1025s)
  [Data_01] ep 42 val 2.1652 best 2.0433@ep8 pat 34 (1048s)
  [Data_01] ep 43 val 2.1497 best 2.0433@ep8 pat 35 (1071s)
  [Data_01] ep 44 val 2.1147 best 2.0433@ep8 pat 36 (1094s)
  [Data_01] ep 45 val 2.0913 best 2.0433@ep8 pat 37 (1117s)
  [Data_01] ep 46 val 2.1706 best 2.0433@ep8 pat 38 (1140s)
  [Data_01] ep 47 val 2.1301 best 2.0433@ep8 pat 39 (1163s)
  [Data_01] ep 48 val 2.1335 best 2.0433@ep8 pat 40 (1187s)
  [Data_01] ep 49 val 2.1526 best 2.0433@ep8 pat 41 (1210s)
  [Data_01] ep 50 val 2.1827 best 2.0433@ep8 pat 42 (1233s)
  [Data_01] ep 51 val 2.1829 best 2.0433@ep8 pat 43 (1256s)
  [Data_01] ep 52 val 2.1812 best 2.0433@ep8 pat 44 (1279s)
  [Data_01] ep 53 val 2.1721 best 2.0433@ep8 pat 45 (1302s)
  [Data_01] ep 54 val 2.1655 best 2.0433@ep8 pat 46 (1325s)
  [Data_01] ep 55 val 2.1282 best 2.0433@ep8 pat 47 (1347s)
  [Data_01] ep 56 val 2.1735 best 2.0433@ep8 pat 48 (1370s)
  [Data_01] ep 57 val 2.1771 best 2.0433@ep8 pat 49 (1393s)
  [Data_01] ep 58 val 2.1201 best 2.0433@ep8 pat 50 (1416s)
  [Data_01] EARLYSTOP ep58 best 2.0433@ep8
*** Data_01 test MAE 1.874 (1416s)
==== Data_01 DONE
