command: python -m hingesense.trainer --out results/raw/ablation_no_drift_correction --target Data_02 --seed 2027 --epochs 300 --patience 50 --ablation no_drift_correction
UserWarning: Can't initialize NVML
os: Linux-6.8.0-138-generic-x86_64-with-glibc2.35
cpu: Intel(R) Xeon(R) Platinum 8480C x224, ram 1007.5 GB
gpu: NVIDIA H100 (driver 580.173.02)
python 3.11.15, torch 2.12.0+cu130, cuda 13.0
channel mask top40 = [6, 7, 8, 9, 10, 11, 12, 13, 14, 21, 22, 25, 26, 27, 28, 34, 38, 41, 46, 48, 53, 57, 59, 61, 62, 64, 67, 69, 71, 72, 74, 76, 77, 78, 80, 81, 83, 84, 85, 98]
=== Data_02 seed=2027 epochs=300 patience=50 ablation=no_drift_correction channels=120 dev=cuda:0 ===
pool=56 folds (flips=True)
  [Data_02] cond=noload sources=52
  [Data_02] NEWBEST ep0 val=2.0722 test=1.9302
  [Data_02] ep 0 val 2.0722 best 2.0722@ep0 pat 0 (29s)
  [Data_02] NEWBEST ep1 val=1.9760 test=1.8599
  [Data_02] ep 1 val 1.9760 best 1.9760@ep1 pat 0 (54s)
  [Data_02] ep 2 val 2.1253 best 1.9760@ep1 pat 1 (80s)
  [Data_02] NEWBEST ep3 val=1.9747 test=1.9160
  [Data_02] ep 3 val 1.9747 best 1.9747@ep3 pat 0 (105s)
  [Data_02] ep 4 val 2.0041 best 1.9747@ep3 pat 1 (130s)
  [Data_02] NEWBEST ep5 val=1.8715 test=1.8836
  [Data_02] ep 5 val 1.8715 best 1.8715@ep5 pat 0 (156s)
  [Data_02] ep 6 val 2.0472 best 1.8715@ep5 pat 1 (181s)
  [Data_02] ep 7 val 2.0491 best 1.8715@ep5 pat 2 (206s)
  [Data_02] ep 8 val 2.0484 best 1.8715@ep5 pat 3 (231s)
  [Data_02] ep 9 val 1.9378 best 1.8715@ep5 pat 4 (256s)
  [Data_02] ep 10 val 1.8817 best 1.8715@ep5 pat 5 (282s)
  [Data_02] ep 11 val 2.0861 best 1.8715@ep5 pat 6 (306s)
  [Data_02] ep 12 val 1.9449 best 1.8715@ep5 pat 7 (332s)
  [Data_02] ep 13 val 1.9422 best 1.8715@ep5 pat 8 (357s)
  [Data_02] ep 14 val 1.9301 best 1.8715@ep5 pat 9 (382s)
  [Data_02] ep 15 val 2.0159 best 1.8715@ep5 pat 10 (407s)
  [Data_02] ep 16 val 1.9742 best 1.8715@ep5 pat 11 (432s)
  [Data_02] ep 17 val 1.9520 best 1.8715@ep5 pat 12 (457s)
  [Data_02] ep 18 val 1.9934 best 1.8715@ep5 pat 13 (482s)
  [Data_02] ep 19 val 2.0494 best 1.8715@ep5 pat 14 (508s)
  [Data_02] ep 20 val 1.9724 best 1.8715@ep5 pat 15 (533s)
  [Data_02] ep 21 val 1.9627 best 1.8715@ep5 pat 16 (558s)
  [Data_02] ep 22 val 1.9577 best 1.8715@ep5 pat 17 (583s)
  [Data_02] ep 23 val 2.0280 best 1.8715@ep5 pat 18 (608s)
  [Data_02] ep 24 val 2.0209 best 1.8715@ep5 pat 19 (633s)
  [Data_02] ep 25 val 2.0535 best 1.8715@ep5 pat 20 (658s)
  [Data_02] ep 26 val 2.0670 best 1.8715@ep5 pat 21 (684s)
  [Data_02] ep 27 val 1.9314 best 1.8715@ep5 pat 22 (709s)
  [Data_02] ep 28 val 2.0669 best 1.8715@ep5 pat 23 (734s)
  [Data_02] NEWBEST ep29 val=1.8650 test=1.8974
  [Data_02] ep 29 val 1.8650 best 1.8650@ep29 pat 0 (759s)
  [Data_02] ep 30 val 1.9161 best 1.8650@ep29 pat 1 (784s)
  [Data_02] ep 31 val 1.8926 best 1.8650@ep29 pat 2 (809s)
  [Data_02] ep 32 val 2.0441 best 1.8650@ep29 pat 3 (834s)
  [Data_02] ep 33 val 2.2263 best 1.8650@ep29 pat 4 (859s)
  [Data_02] ep 34 val 2.0070 best 1.8650@ep29 pat 5 (883s)
  [Data_02] ep 35 val 1.9499 best 1.8650@ep29 pat 6 (908s)
  [Data_02] ep 36 val 1.9878 best 1.8650@ep29 pat 7 (933s)
  [Data_02] ep 37 val 2.0256 best 1.8650@ep29 pat 8 (958s)
  [Data_02] ep 38 val 1.9750 best 1.8650@ep29 pat 9 (982s)
  [Data_02] ep 39 val 1.9792 best 1.8650@ep29 pat 10 (1005s)
  [Data_02] ep 40 val 1.9493 best 1.8650@ep29 pat 11 (1029s)
  [Data_02] ep 41 val 1.9818 best 1.8650@ep29 pat 12 (1052s)
  [Data_02] ep 42 val 2.0469 best 1.8650@ep29 pat 13 (1076s)
  [Data_02] ep 43 val 1.9767 best 1.8650@ep29 pat 14 (1099s)
  [Data_02] ep 44 val 1.9424 best 1.8650@ep29 pat 15 (1123s)
  [Data_02] ep 45 val 1.9976 best 1.8650@ep29 pat 16 (1146s)
  [Data_02] ep 46 val 1.9419 best 1.8650@ep29 pat 17 (1170s)
  [Data_02] ep 47 val 1.9444 best 1.8650@ep29 pat 18 (1193s)
  [Data_02] ep 48 val 1.9473 best 1.8650@ep29 pat 19 (1216s)
  [Data_02] ep 49 val 1.8829 best 1.8650@ep29 pat 20 (1239s)
  [Data_02] ep 50 val 1.8694 best 1.8650@ep29 pat 21 (1263s)
  [Data_02] ep 51 val 1.9445 best 1.8650@ep29 pat 22 (1286s)
  [Data_02] ep 52 val 1.9305 best 1.8650@ep29 pat 23 (1309s)
  [Data_02] ep 53 val 1.9508 best 1.8650@ep29 pat 24 (1332s)
  [Data_02] ep 54 val 1.8680 best 1.8650@ep29 pat 25 (1355s)
  [Data_02] ep 55 val 1.9750 best 1.8650@ep29 pat 26 (1379s)
  [Data_02] ep 56 val 1.9455 best 1.8650@ep29 pat 27 (1402s)
  [Data_02] ep 57 val 1.9097 best 1.8650@ep29 pat 28 (1426s)
  [Data_02] ep 58 val 1.9106 best 1.8650@ep29 pat 29 (1449s)
  [Data_02] ep 59 val 1.9255 best 1.8650@ep29 pat 30 (1472s)
  [Data_02] ep 60 val 1.9502 best 1.8650@ep29 pat 31 (1496s)
  [Data_02] ep 61 val 2.0026 best 1.8650@ep29 pat 32 (1519s)
  [Data_02] ep 62 val 1.9314 best 1.8650@ep29 pat 33 (1544s)
  [Data_02] ep 63 val 1.9642 best 1.8650@ep29 pat 34 (1567s)
  [Data_02] ep 64 val 1.9328 best 1.8650@ep29 pat 35 (1591s)
  [Data_02] ep 65 val 1.9089 best 1.8650@ep29 pat 36 (1615s)
  [Data_02] ep 66 val 1.9020 best 1.8650@ep29 pat 37 (1639s)
  [Data_02] NEWBEST ep67 val=1.8299 test=1.9018
  [Data_02] ep 67 val 1.8299 best 1.8299@ep67 pat 0 (1664s)
  [Data_02] ep 68 val 1.8964 best 1.8299@ep67 pat 1 (1689s)
  [Data_02] ep 69 val 1.9246 best 1.8299@ep67 pat 2 (1713s)
  [Data_02] ep 70 val 1.8889 best 1.8299@ep67 pat 3 (1737s)
  [Data_02] ep 71 val 1.9136 best 1.8299@ep67 pat 4 (1762s)
  [Data_02] ep 72 val 1.9217 best 1.8299@ep67 pat 5 (1787s)
  [Data_02] ep 73 val 1.9138 best 1.8299@ep67 pat 6 (1812s)
  [Data_02] ep 74 val 1.9502 best 1.8299@ep67 pat 7 (1837s)
  [Data_02] ep 75 val 1.8881 best 1.8299@ep67 pat 8 (1861s)
  [Data_02] ep 76 val 1.9081 best 1.8299@ep67 pat 9 (1885s)
  [Data_02] ep 77 val 1.8546 best 1.8299@ep67 pat 10 (1909s)
  [Data_02] ep 78 val 1.9284 best 1.8299@ep67 pat 11 (1934s)
  [Data_02] ep 79 val 1.8662 best 1.8299@ep67 pat 12 (1959s)
  [Data_02] ep 80 val 1.8924 best 1.8299@ep67 pat 13 (1984s)
  [Data_02] ep 81 val 1.9035 best 1.8299@ep67 pat 14 (2009s)
  [Data_02] ep 82 val 1.9597 best 1.8299@ep67 pat 15 (2034s)
  [Data_02] ep 83 val 1.9123 best 1.8299@ep67 pat 16 (2059s)
  [Data_02] ep 84 val 1.9368 best 1.8299@ep67 pat 17 (2084s)
  [Data_02] ep 85 val 1.9229 best 1.8299@ep67 pat 18 (2108s)
  [Data_02] ep 86 val 1.9041 best 1.8299@ep67 pat 19 (2133s)
  [Data_02] ep 87 val 1.8964 best 1.8299@ep67 pat 20 (2158s)
  [Data_02] ep 88 val 1.9699 best 1.8299@ep67 pat 21 (2183s)
  [Data_02] ep 89 val 1.8547 best 1.8299@ep67 pat 22 (2208s)
  [Data_02] ep 90 val 1.9695 best 1.8299@ep67 pat 23 (2232s)
  [Data_02] ep 91 val 1.8992 best 1.8299@ep67 pat 24 (2257s)
  [Data_02] ep 92 val 1.9287 best 1.8299@ep67 pat 25 (2281s)
  [Data_02] ep 93 val 1.8898 best 1.8299@ep67 pat 26 (2306s)
  [Data_02] ep 94 val 1.8956 best 1.8299@ep67 pat 27 (2330s)
  [Data_02] ep 95 val 1.9727 best 1.8299@ep67 pat 28 (2355s)
  [Data_02] ep 96 val 1.8770 best 1.8299@ep67 pat 29 (2380s)
  [Data_02] ep 97 val 1.8885 best 1.8299@ep67 pat 30 (2404s)
  [Data_02] ep 98 val 1.8590 best 1.8299@ep67 pat 31 (2429s)
  [Data_02] ep 99 val 1.9002 best 1.8299@ep67 pat 32 (2453s)
  [Data_02] ep 100 val 1.8770 best 1.8299@ep67 pat 33 (2477s)
  [Data_02] ep 101 val 1.8974 best 1.8299@ep67 pat 34 (2502s)
  [Data_02] ep 102 val 1.9156 best 1.8299@ep67 pat 35 (2527s)
  [Data_02] ep 103 val 1.8963 best 1.8299@ep67 pat 36 (2551s)
  [Data_02] ep 104 val 1.8350 best 1.8299@ep67 pat 37 (2576s)
  [Data_02] ep 105 val 1.8472 best 1.8299@ep67 pat 38 (2600s)
  [Data_02] ep 106 val 1.8611 best 1.8299@ep67 pat 39 (2624s)
  [Data_02] ep 107 val 1.8606 best 1.8299@ep67 pat 40 (2649s)
  [Data_02] ep 108 val 1.8801 best 1.8299@ep67 pat 41 (2673s)
  [Data_02] ep 109 val 1.8601 best 1.8299@ep67 pat 42 (2698s)
  [Data_02] ep 110 val 1.8534 best 1.8299@ep67 pat 43 (2722s)
  [Data_02] ep 111 val 1.8679 best 1.8299@ep67 pat 44 (2747s)
  [Data_02] ep 112 val 1.8945 best 1.8299@ep67 pat 45 (2772s)
  [Data_02] NEWBEST ep113 val=1.8255 test=1.8573
  [Data_02] ep 113 val 1.8255 best 1.8255@ep113 pat 0 (2796s)
  [Data_02] NEWBEST ep114 val=1.7977 test=1.8832
  [Data_02] ep 114 val 1.7977 best 1.7977@ep114 pat 0 (2819s)
  [Data_02] ep 115 val 1.8490 best 1.7977@ep114 pat 1 (2842s)
  [Data_02] ep 116 val 1.8734 best 1.7977@ep114 pat 2 (2865s)
  [Data_02] ep 117 val 1.8556 best 1.7977@ep114 pat 3 (2889s)
  [Data_02] ep 118 val 1.8876 best 1.7977@ep114 pat 4 (2913s)
  [Data_02] ep 119 val 1.8815 best 1.7977@ep114 pat 5 (2936s)
  [Data_02] ep 120 val 1.8895 best 1.7977@ep114 pat 6 (2960s)
  [Data_02] ep 121 val 1.8427 best 1.7977@ep114 pat 7 (2984s)
  [Data_02] ep 122 val 1.8237 best 1.7977@ep114 pat 8 (3008s)
  [Data_02] ep 123 val 1.8444 best 1.7977@ep114 pat 9 (3032s)
  [Data_02] ep 124 val 1.8955 best 1.7977@ep114 pat 10 (3055s)
  [Data_02] ep 125 val 1.8395 best 1.7977@ep114 pat 11 (3076s)
  [Data_02] ep 126 val 1.8810 best 1.7977@ep114 pat 12 (3097s)
  [Data_02] ep 127 val 1.8638 best 1.7977@ep114 pat 13 (3118s)
  [Data_02] ep 128 val 1.8445 best 1.7977@ep114 pat 14 (3139s)
  [Data_02] ep 129 val 1.9043 best 1.7977@ep114 pat 15 (3160s)
  [Data_02] ep 130 val 1.9506 best 1.7977@ep114 pat 16 (3178s)
  [Data_02] ep 131 val 1.9213 best 1.7977@ep114 pat 17 (3196s)
  [Data_02] ep 132 val 1.8962 best 1.7977@ep114 pat 18 (3215s)
  [Data_02] ep 133 val 1.9105 best 1.7977@ep114 pat 19 (3233s)
  [Data_02] ep 134 val 1.8545 best 1.7977@ep114 pat 20 (3252s)
  [Data_02] ep 135 val 1.8867 best 1.7977@ep114 pat 21 (3269s)
  [Data_02] ep 136 val 1.8344 best 1.7977@ep114 pat 22 (3284s)
  [Data_02] ep 137 val 1.8252 best 1.7977@ep114 pat 23 (3298s)
  [Data_02] ep 138 val 1.8388 best 1.7977@ep114 pat 24 (3311s)
  [Data_02] ep 139 val 1.9002 best 1.7977@ep114 pat 25 (3323s)
  [Data_02] ep 140 val 1.8718 best 1.7977@ep114 pat 26 (3336s)
  [Data_02] ep 141 val 1.8783 best 1.7977@ep114 pat 27 (3347s)
  [Data_02] ep 142 val 1.9264 best 1.7977@ep114 pat 28 (3358s)
  [Data_02] ep 143 val 1.9259 best 1.7977@ep114 pat 29 (3368s)
  [Data_02] ep 144 val 1.9189 best 1.7977@ep114 pat 30 (3377s)
  [Data_02] NEWBEST ep145 val=1.7857 test=1.8778
  [Data_02] ep 145 val 1.7857 best 1.7857@ep145 pat 0 (3385s)
  [Data_02] ep 146 val 1.9121 best 1.7857@ep145 pat 1 (3393s)
  [Data_02] ep 147 val 1.8616 best 1.7857@ep145 pat 2 (3400s)
  [Data_02] ep 148 val 1.8552 best 1.7857@ep145 pat 3 (3407s)
  [Data_02] ep 149 val 1.8393 best 1.7857@ep145 pat 4 (3414s)
  [Data_02] ep 150 val 1.8500 best 1.7857@ep145 pat 5 (3422s)
  [Data_02] ep 151 val 1.8913 best 1.7857@ep145 pat 6 (3429s)
  [Data_02] ep 152 val 1.8668 best 1.7857@ep145 pat 7 (3436s)
  [Data_02] ep 153 val 1.8363 best 1.7857@ep145 pat 8 (3442s)
  [Data_02] ep 154 val 1.8335 best 1.7857@ep145 pat 9 (3448s)
  [Data_02] ep 155 val 1.8281 best 1.7857@ep145 pat 10 (3455s)
  [Data_02] ep 156 val 1.8371 best 1.7857@ep145 pat 11 (3461s)
  [Data_02] ep 157 val 1.9004 best 1.7857@ep145 pat 12 (3467s)
  [Data_02] ep 158 val 1.8573 best 1.7857@ep145 pat 13 (3473s)
  [Data_02] ep 159 val 1.8921 best 1.7857@ep145 pat 14 (3478s)
  [Data_02] ep 160 val 1.8688 best 1.7857@ep145 pat 15 (3483s)
  [Data_02] ep 161 val 1.9094 best 1.7857@ep145 pat 16 (3488s)
  [Data_02] ep 162 val 1.8200 best 1.7857@ep145 pat 17 (3494s)
  [Data_02] ep 163 val 1.8791 best 1.7857@ep145 pat 18 (3499s)
  [Data_02] NEWBEST ep164 val=1.7669 test=1.8566
  [Data_02] ep 164 val 1.7669 best 1.7669@ep164 pat 0 (3507s)
  [Data_02] ep 165 val 1.8360 best 1.7669@ep164 pat 1 (3515s)
  [Data_02] ep 166 val 1.8146 best 1.7669@ep164 pat 2 (3520s)
  [Data_02] ep 167 val 1.8404 best 1.7669@ep164 pat 3 (3526s)
  [Data_02] ep 168 val 1.8801 best 1.7669@ep164 pat 4 (3531s)
  [Data_02] ep 169 val 1.8707 best 1.7669@ep164 pat 5 (3539s)
  [Data_02] ep 170 val 1.8443 best 1.7669@ep164 pat 6 (3543s)
  [Data_02] ep 171 val 1.8465 best 1.7669@ep164 pat 7 (3551s)
  [Data_02] ep 172 val 1.8919 best 1.7669@ep164 pat 8 (3557s)
  [Data_02] ep 173 val 1.8746 best 1.7669@ep164 pat 9 (3566s)
  [Data_02] ep 174 val 1.7900 best 1.7669@ep164 pat 10 (3573s)
  [Data_02] ep 175 val 1.9262 best 1.7669@ep164 pat 11 (3578s)
  [Data_02] ep 176 val 1.8247 best 1.7669@ep164 pat 12 (3583s)
  [Data_02] ep 177 val 1.8180 best 1.7669@ep164 pat 13 (3588s)
  [Data_02] ep 178 val 1.8082 best 1.7669@ep164 pat 14 (3596s)
  [Data_02] ep 179 val 1.8018 best 1.7669@ep164 pat 15 (3605s)
  [Data_02] ep 180 val 1.8160 best 1.7669@ep164 pat 16 (3613s)
  [Data_02] ep 181 val 1.8074 best 1.7669@ep164 pat 17 (3618s)
  [Data_02] ep 182 val 1.7983 best 1.7669@ep164 pat 18 (3623s)
  [Data_02] ep 183 val 1.8042 best 1.7669@ep164 pat 19 (3628s)
  [Data_02] ep 184 val 1.8650 best 1.7669@ep164 pat 20 (3633s)
  [Data_02] ep 185 val 1.8584 best 1.7669@ep164 pat 21 (3641s)
  [Data_02] ep 186 val 1.8210 best 1.7669@ep164 pat 22 (3650s)
  [Data_02] ep 187 val 1.8427 best 1.7669@ep164 pat 23 (3660s)
  [Data_02] ep 188 val 1.8268 best 1.7669@ep164 pat 24 (3669s)
  [Data_02] ep 189 val 1.7927 best 1.7669@ep164 pat 25 (3677s)
  [Data_02] ep 190 val 1.8114 best 1.7669@ep164 pat 26 (3682s)
  [Data_02] ep 191 val 1.8146 best 1.7669@ep164 pat 27 (3689s)
  [Data_02] ep 192 val 1.8316 best 1.7669@ep164 pat 28 (3699s)
  [Data_02] ep 193 val 1.8137 best 1.7669@ep164 pat 29 (3708s)
  [Data_02] ep 194 val 1.8349 best 1.7669@ep164 pat 30 (3717s)
  [Data_02] NEWBEST ep195 val=1.7574 test=1.9475
  [Data_02] ep 195 val 1.7574 best 1.7574@ep195 pat 0 (3727s)
  [Data_02] ep 196 val 1.7949 best 1.7574@ep195 pat 1 (3735s)
  [Data_02] ep 197 val 1.8541 best 1.7574@ep195 pat 2 (3743s)
  [Data_02] ep 198 val 1.8427 best 1.7574@ep195 pat 3 (3749s)
  [Data_02] ep 199 val 1.8611 best 1.7574@ep195 pat 4 (3758s)
  [Data_02] ep 200 val 1.8526 best 1.7574@ep195 pat 5 (3767s)
  [Data_02] ep 201 val 1.8301 best 1.7574@ep195 pat 6 (3776s)
  [Data_02] NEWBEST ep202 val=1.7451 test=1.8383
  [Data_02] ep 202 val 1.7451 best 1.7451@ep202 pat 0 (3785s)
  [Data_02] ep 203 val 1.8234 best 1.7451@ep202 pat 1 (3794s)
  [Data_02] ep 204 val 1.8044 best 1.7451@ep202 pat 2 (3804s)
  [Data_02] ep 205 val 1.8115 best 1.7451@ep202 pat 3 (3810s)
  [Data_02] ep 206 val 1.8347 best 1.7451@ep202 pat 4 (3816s)
  [Data_02] ep 207 val 1.8139 best 1.7451@ep202 pat 5 (3824s)
  [Data_02] ep 208 val 1.8125 best 1.7451@ep202 pat 6 (3833s)
  [Data_02] ep 209 val 1.8625 best 1.7451@ep202 pat 7 (3844s)
  [Data_02] ep 210 val 1.8146 best 1.7451@ep202 pat 8 (3855s)
  [Data_02] ep 211 val 1.8108 best 1.7451@ep202 pat 9 (3864s)
  [Data_02] ep 212 val 1.7769 best 1.7451@ep202 pat 10 (3876s)
  [Data_02] ep 213 val 1.7976 best 1.7451@ep202 pat 11 (3887s)
  [Data_02] ep 214 val 1.7965 best 1.7451@ep202 pat 12 (3897s)
  [Data_02] ep 215 val 1.8333 best 1.7451@ep202 pat 13 (3907s)
  [Data_02] ep 216 val 1.7991 best 1.7451@ep202 pat 14 (3918s)
  [Data_02] ep 217 val 1.7705 best 1.7451@ep202 pat 15 (3928s)
  [Data_02] ep 218 val 1.8280 best 1.7451@ep202 pat 16 (3936s)
  [Data_02] ep 219 val 1.8997 best 1.7451@ep202 pat 17 (3942s)
  [Data_02] ep 220 val 1.8952 best 1.7451@ep202 pat 18 (3948s)
  [Data_02] ep 221 val 1.8457 best 1.7451@ep202 pat 19 (3955s)
  [Data_02] ep 222 val 1.8664 best 1.7451@ep202 pat 20 (3963s)
  [Data_02] ep 223 val 1.8226 best 1.7451@ep202 pat 21 (3969s)
  [Data_02] ep 224 val 1.8335 best 1.7451@ep202 pat 22 (3974s)
  [Data_02] ep 225 val 1.8310 best 1.7451@ep202 pat 23 (3981s)
  [Data_02] ep 226 val 1.8274 best 1.7451@ep202 pat 24 (3987s)
  [Data_02] ep 227 val 1.7711 best 1.7451@ep202 pat 25 (3993s)
  [Data_02] ep 228 val 1.7984 best 1.7451@ep202 pat 26 (3998s)
  [Data_02] ep 229 val 1.7671 best 1.7451@ep202 pat 27 (4006s)
  [Data_02] ep 230 val 1.8222 best 1.7451@ep202 pat 28 (4013s)
  [Data_02] ep 231 val 1.7741 best 1.7451@ep202 pat 29 (4018s)
  [Data_02] ep 232 val 1.7849 best 1.7451@ep202 pat 30 (4027s)
  [Data_02] ep 233 val 1.8441 best 1.7451@ep202 pat 31 (4034s)
  [Data_02] ep 234 val 1.8206 best 1.7451@ep202 pat 32 (4039s)
  [Data_02] ep 235 val 1.8080 best 1.7451@ep202 pat 33 (4045s)
  [Data_02] ep 236 val 1.7703 best 1.7451@ep202 pat 34 (4052s)
  [Data_02] ep 237 val 1.8442 best 1.7451@ep202 pat 35 (4059s)
  [Data_02] ep 238 val 1.8446 best 1.7451@ep202 pat 36 (4065s)
  [Data_02] ep 239 val 1.8290 best 1.7451@ep202 pat 37 (4072s)
  [Data_02] ep 240 val 1.7535 best 1.7451@ep202 pat 38 (4081s)
  [Data_02] ep 241 val 1.8101 best 1.7451@ep202 pat 39 (4089s)
  [Data_02] ep 242 val 1.8645 best 1.7451@ep202 pat 40 (4095s)
  [Data_02] ep 243 val 1.8111 best 1.7451@ep202 pat 41 (4102s)
  [Data_02] ep 244 val 1.8184 best 1.7451@ep202 pat 42 (4109s)
  [Data_02] ep 245 val 1.8049 best 1.7451@ep202 pat 43 (4115s)
  [Data_02] ep 246 val 1.7735 best 1.7451@ep202 pat 44 (4121s)
  [Data_02] ep 247 val 1.8106 best 1.7451@ep202 pat 45 (4127s)
  [Data_02] ep 248 val 1.8425 best 1.7451@ep202 pat 46 (4133s)
  [Data_02] ep 249 val 1.8897 best 1.7451@ep202 pat 47 (4139s)
  [Data_02] ep 250 val 1.8124 best 1.7451@ep202 pat 48 (4144s)
  [Data_02] ep 251 val 1.8092 best 1.7451@ep202 pat 49 (4150s)
  [Data_02] ep 252 val 1.8379 best 1.7451@ep202 pat 50 (4156s)
  [Data_02] EARLYSTOP ep252 best 1.7451@ep202
*** Data_02 test MAE 1.838 (4156s)
==== Data_02 DONE
