command: python -m hingesense.trainer --out results/raw/ablation_no_drift_correction --target Data_07 --seed 2027 --epochs 300 --patience 50 --ablation no_drift_correction
UserWarning: Can't initialize NVML
os: Linux-6.8.0-138-generic-x86_64-with-glibc2.35
cpu: Intel(R) Xeon(R) Platinum 8480C x224, ram 1007.5 GB
gpu: NVIDIA H100 (driver 580.173.02)
python 3.11.15, torch 2.12.0+cu130, cuda 13.0
channel mask top40 = [6, 7, 8, 9, 10, 11, 12, 13, 14, 21, 22, 25, 26, 27, 28, 34, 38, 41, 46, 48, 53, 57, 59, 61, 62, 64, 67, 69, 71, 72, 74, 76, 77, 78, 80, 81, 83, 84, 85, 98]
=== Data_07 seed=2027 epochs=300 patience=50 ablation=no_drift_correction channels=120 dev=cuda:0 ===
pool=36 folds (flips=True)
  [Data_07] cond=assembly sources=32
  [Data_07] NEWBEST ep0 val=2.8326 test=2.7954
  [Data_07] ep 0 val 2.8326 best 2.8326@ep0 pat 0 (25s)
  [Data_07] ep 1 val 2.9452 best 2.8326@ep0 pat 1 (50s)
  [Data_07] ep 2 val 3.0298 best 2.8326@ep0 pat 2 (75s)
  [Data_07] ep 3 val 3.0208 best 2.8326@ep0 pat 3 (100s)
  [Data_07] NEWBEST ep4 val=2.8076 test=2.9391
  [Data_07] ep 4 val 2.8076 best 2.8076@ep4 pat 0 (126s)
  [Data_07] ep 5 val 3.0053 best 2.8076@ep4 pat 1 (151s)
  [Data_07] ep 6 val 2.8253 best 2.8076@ep4 pat 2 (176s)
  [Data_07] ep 7 val 3.1144 best 2.8076@ep4 pat 3 (201s)
  [Data_07] ep 8 val 2.9265 best 2.8076@ep4 pat 4 (226s)
  [Data_07] ep 9 val 2.8824 best 2.8076@ep4 pat 5 (251s)
  [Data_07] ep 10 val 3.0442 best 2.8076@ep4 pat 6 (276s)
  [Data_07] ep 11 val 2.9747 best 2.8076@ep4 pat 7 (301s)
  [Data_07] ep 12 val 2.9787 best 2.8076@ep4 pat 8 (326s)
  [Data_07] ep 13 val 3.2457 best 2.8076@ep4 pat 9 (351s)
  [Data_07] ep 14 val 2.8580 best 2.8076@ep4 pat 10 (376s)
  [Data_07] ep 15 val 2.8479 best 2.8076@ep4 pat 11 (402s)
  [Data_07] ep 16 val 3.1285 best 2.8076@ep4 pat 12 (427s)
  [Data_07] ep 17 val 2.8643 best 2.8076@ep4 pat 13 (452s)
  [Data_07] ep 18 val 2.8418 best 2.8076@ep4 pat 14 (477s)
  [Data_07] ep 19 val 2.8106 best 2.8076@ep4 pat 15 (502s)
  [Data_07] ep 20 val 3.0016 best 2.8076@ep4 pat 16 (527s)
  [Data_07] ep 21 val 3.0952 best 2.8076@ep4 pat 17 (552s)
  [Data_07] NEWBEST ep22 val=2.7635 test=3.1090
  [Data_07] ep 22 val 2.7635 best 2.7635@ep22 pat 0 (577s)
  [Data_07] ep 23 val 2.9809 best 2.7635@ep22 pat 1 (602s)
  [Data_07] ep 24 val 2.8782 best 2.7635@ep22 pat 2 (627s)
  [Data_07] ep 25 val 2.8144 best 2.7635@ep22 pat 3 (652s)
  [Data_07] ep 26 val 3.0454 best 2.7635@ep22 pat 4 (677s)
  [Data_07] ep 27 val 2.9072 best 2.7635@ep22 pat 5 (703s)
  [Data_07] ep 28 val 2.8052 best 2.7635@ep22 pat 6 (728s)
  [Data_07] ep 29 val 2.9463 best 2.7635@ep22 pat 7 (751s)
  [Data_07] ep 30 val 2.8169 best 2.7635@ep22 pat 8 (774s)
  [Data_07] ep 31 val 3.0660 best 2.7635@ep22 pat 9 (797s)
  [Data_07] ep 32 val 3.0722 best 2.7635@ep22 pat 10 (821s)
  [Data_07] ep 33 val 2.9849 best 2.7635@ep22 pat 11 (843s)
  [Data_07] ep 34 val 3.0644 best 2.7635@ep22 pat 12 (866s)
  [Data_07] ep 35 val 3.0846 best 2.7635@ep22 pat 13 (889s)
  [Data_07] ep 36 val 2.9755 best 2.7635@ep22 pat 14 (911s)
  [Data_07] ep 37 val 2.8739 best 2.7635@ep22 pat 15 (934s)
  [Data_07] ep 38 val 2.9612 best 2.7635@ep22 pat 16 (956s)
  [Data_07] ep 39 val 2.8850 best 2.7635@ep22 pat 17 (979s)
  [Data_07] ep 40 val 2.8004 best 2.7635@ep22 pat 18 (1002s)
  [Data_07] ep 41 val 2.8699 best 2.7635@ep22 pat 19 (1025s)
  [Data_07] ep 42 val 2.8913 best 2.7635@ep22 pat 20 (1049s)
  [Data_07] ep 43 val 2.9592 best 2.7635@ep22 pat 21 (1072s)
  [Data_07] ep 44 val 3.0674 best 2.7635@ep22 pat 22 (1095s)
  [Data_07] ep 45 val 3.0853 best 2.7635@ep22 pat 23 (1118s)
  [Data_07] ep 46 val 2.8238 best 2.7635@ep22 pat 24 (1142s)
  [Data_07] ep 47 val 2.9336 best 2.7635@ep22 pat 25 (1165s)
  [Data_07] ep 48 val 2.8912 best 2.7635@ep22 pat 26 (1188s)
  [Data_07] ep 49 val 2.8696 best 2.7635@ep22 pat 27 (1211s)
  [Data_07] ep 50 val 2.8337 best 2.7635@ep22 pat 28 (1234s)
  [Data_07] ep 51 val 2.7883 best 2.7635@ep22 pat 29 (1258s)
  [Data_07] ep 52 val 2.8321 best 2.7635@ep22 pat 30 (1281s)
  [Data_07] ep 53 val 2.9191 best 2.7635@ep22 pat 31 (1305s)
  [Data_07] ep 54 val 2.8602 best 2.7635@ep22 pat 32 (1327s)
  [Data_07] ep 55 val 2.9180 best 2.7635@ep22 pat 33 (1350s)
  [Data_07] ep 56 val 2.9185 best 2.7635@ep22 pat 34 (1373s)
  [Data_07] ep 57 val 2.7943 best 2.7635@ep22 pat 35 (1396s)
  [Data_07] ep 58 val 2.8188 best 2.7635@ep22 pat 36 (1419s)
  [Data_07] ep 59 val 2.9060 best 2.7635@ep22 pat 37 (1443s)
  [Data_07] NEWBEST ep60 val=2.6951 test=3.1000
  [Data_07] ep 60 val 2.6951 best 2.6951@ep60 pat 0 (1466s)
  [Data_07] ep 61 val 2.8450 best 2.6951@ep60 pat 1 (1489s)
  [Data_07] ep 62 val 2.9070 best 2.6951@ep60 pat 2 (1512s)
  [Data_07] ep 63 val 2.8014 best 2.6951@ep60 pat 3 (1535s)
  [Data_07] ep 64 val 2.9937 best 2.6951@ep60 pat 4 (1559s)
  [Data_07] ep 65 val 2.7569 best 2.6951@ep60 pat 5 (1583s)
  [Data_07] ep 66 val 3.0905 best 2.6951@ep60 pat 6 (1606s)
  [Data_07] ep 67 val 2.8146 best 2.6951@ep60 pat 7 (1630s)
  [Data_07] ep 68 val 2.8980 best 2.6951@ep60 pat 8 (1654s)
  [Data_07] ep 69 val 2.7840 best 2.6951@ep60 pat 9 (1677s)
  [Data_07] ep 70 val 2.8712 best 2.6951@ep60 pat 10 (1700s)
  [Data_07] ep 71 val 2.8680 best 2.6951@ep60 pat 11 (1722s)
  [Data_07] ep 72 val 2.8809 best 2.6951@ep60 pat 12 (1744s)
  [Data_07] ep 73 val 2.7192 best 2.6951@ep60 pat 13 (1766s)
  [Data_07] NEWBEST ep74 val=2.6747 test=3.0354
  [Data_07] ep 74 val 2.6747 best 2.6747@ep74 pat 0 (1787s)
  [Data_07] ep 75 val 2.8868 best 2.6747@ep74 pat 1 (1811s)
  [Data_07] ep 76 val 2.8696 best 2.6747@ep74 pat 2 (1835s)
  [Data_07] ep 77 val 2.7958 best 2.6747@ep74 pat 3 (1859s)
  [Data_07] ep 78 val 2.9186 best 2.6747@ep74 pat 4 (1882s)
  [Data_07] ep 79 val 2.9369 best 2.6747@ep74 pat 5 (1906s)
  [Data_07] ep 80 val 2.8652 best 2.6747@ep74 pat 6 (1930s)
  [Data_07] ep 81 val 2.8483 best 2.6747@ep74 pat 7 (1955s)
  [Data_07] ep 82 val 2.8095 best 2.6747@ep74 pat 8 (1979s)
  [Data_07] ep 83 val 2.7705 best 2.6747@ep74 pat 9 (2003s)
  [Data_07] ep 84 val 2.9931 best 2.6747@ep74 pat 10 (2027s)
  [Data_07] ep 85 val 2.8671 best 2.6747@ep74 pat 11 (2049s)
  [Data_07] ep 86 val 2.8911 best 2.6747@ep74 pat 12 (2073s)
  [Data_07] ep 87 val 2.9174 best 2.6747@ep74 pat 13 (2096s)
  [Data_07] ep 88 val 2.9092 best 2.6747@ep74 pat 14 (2119s)
  [Data_07] ep 89 val 2.9914 best 2.6747@ep74 pat 15 (2141s)
  [Data_07] ep 90 val 2.9382 best 2.6747@ep74 pat 16 (2163s)
  [Data_07] ep 91 val 2.7440 best 2.6747@ep74 pat 17 (2185s)
  [Data_07] ep 92 val 2.9296 best 2.6747@ep74 pat 18 (2208s)
  [Data_07] ep 93 val 2.7947 best 2.6747@ep74 pat 19 (2232s)
  [Data_07] ep 94 val 2.8896 best 2.6747@ep74 pat 20 (2255s)
  [Data_07] ep 95 val 2.8715 best 2.6747@ep74 pat 21 (2278s)
  [Data_07] ep 96 val 2.7853 best 2.6747@ep74 pat 22 (2302s)
  [Data_07] ep 97 val 2.7933 best 2.6747@ep74 pat 23 (2325s)
  [Data_07] ep 98 val 2.8180 best 2.6747@ep74 pat 24 (2349s)
  [Data_07] ep 99 val 2.7850 best 2.6747@ep74 pat 25 (2374s)
  [Data_07] ep 100 val 2.9583 best 2.6747@ep74 pat 26 (2397s)
  [Data_07] ep 101 val 2.7615 best 2.6747@ep74 pat 27 (2421s)
  [Data_07] ep 102 val 2.8110 best 2.6747@ep74 pat 28 (2445s)
  [Data_07] ep 103 val 2.8656 best 2.6747@ep74 pat 29 (2470s)
  [Data_07] ep 104 val 2.9207 best 2.6747@ep74 pat 30 (2494s)
  [Data_07] ep 105 val 2.9509 best 2.6747@ep74 pat 31 (2519s)
  [Data_07] ep 106 val 2.8867 best 2.6747@ep74 pat 32 (2543s)
  [Data_07] ep 107 val 2.7007 best 2.6747@ep74 pat 33 (2567s)
  [Data_07] ep 108 val 2.7804 best 2.6747@ep74 pat 34 (2591s)
  [Data_07] ep 109 val 2.8657 best 2.6747@ep74 pat 35 (2616s)
  [Data_07] ep 110 val 2.8357 best 2.6747@ep74 pat 36 (2641s)
  [Data_07] ep 111 val 2.8780 best 2.6747@ep74 pat 37 (2665s)
  [Data_07] ep 112 val 2.9257 best 2.6747@ep74 pat 38 (2690s)
  [Data_07] ep 113 val 2.8183 best 2.6747@ep74 pat 39 (2715s)
  [Data_07] ep 114 val 2.7228 best 2.6747@ep74 pat 40 (2739s)
  [Data_07] ep 115 val 3.0770 best 2.6747@ep74 pat 41 (2764s)
  [Data_07] ep 116 val 2.8566 best 2.6747@ep74 pat 42 (2789s)
  [Data_07] ep 117 val 2.8081 best 2.6747@ep74 pat 43 (2813s)
  [Data_07] ep 118 val 2.9914 best 2.6747@ep74 pat 44 (2837s)
  [Data_07] ep 119 val 2.8193 best 2.6747@ep74 pat 45 (2861s)
  [Data_07] ep 120 val 2.9569 best 2.6747@ep74 pat 46 (2885s)
  [Data_07] ep 121 val 2.8964 best 2.6747@ep74 pat 47 (2908s)
  [Data_07] ep 122 val 3.0446 best 2.6747@ep74 pat 48 (2932s)
  [Data_07] ep 123 val 2.8512 best 2.6747@ep74 pat 49 (2956s)
  [Data_07] ep 124 val 3.0353 best 2.6747@ep74 pat 50 (2980s)
  [Data_07] EARLYSTOP ep124 best 2.6747@ep74
*** Data_07 test MAE 3.035 (2980s)
==== Data_07 DONE
