command: python -m hingesense.trainer --out results/raw/ablation_no_drift_correction --target Data_04 --seed 2027 --epochs 300 --patience 50 --ablation no_drift_correction
UserWarning: Can't initialize NVML
os: Linux-6.8.0-138-generic-x86_64-with-glibc2.35
cpu: Intel(R) Xeon(R) Platinum 8480C x224, ram 1007.5 GB
gpu: NVIDIA H100 (driver 580.173.02)
python 3.11.15, torch 2.12.0+cu130, cuda 13.0
channel mask top40 = [6, 7, 8, 9, 10, 11, 12, 13, 14, 21, 22, 25, 26, 27, 28, 34, 38, 41, 46, 48, 53, 57, 59, 61, 62, 64, 67, 69, 71, 72, 74, 76, 77, 78, 80, 81, 83, 84, 85, 98]
=== Data_04 seed=2027 epochs=300 patience=50 ablation=no_drift_correction channels=120 dev=cuda:0 ===
pool=56 folds (flips=True)
  [Data_04] cond=noload sources=52
  [Data_04] NEWBEST ep0 val=1.4874 test=1.4907
  [Data_04] ep 0 val 1.4874 best 1.4874@ep0 pat 0 (29s)
  [Data_04] NEWBEST ep1 val=1.4223 test=1.4300
  [Data_04] ep 1 val 1.4223 best 1.4223@ep1 pat 0 (54s)
  [Data_04] ep 2 val 1.4291 best 1.4223@ep1 pat 1 (80s)
  [Data_04] NEWBEST ep3 val=1.4092 test=1.4177
  [Data_04] ep 3 val 1.4092 best 1.4092@ep3 pat 0 (105s)
  [Data_04] ep 4 val 1.4366 best 1.4092@ep3 pat 1 (131s)
  [Data_04] ep 5 val 1.4619 best 1.4092@ep3 pat 2 (156s)
  [Data_04] NEWBEST ep6 val=1.3619 test=1.3865
  [Data_04] ep 6 val 1.3619 best 1.3619@ep6 pat 0 (181s)
  [Data_04] ep 7 val 1.4164 best 1.3619@ep6 pat 1 (207s)
  [Data_04] ep 8 val 1.4818 best 1.3619@ep6 pat 2 (232s)
  [Data_04] ep 9 val 1.4946 best 1.3619@ep6 pat 3 (257s)
  [Data_04] ep 10 val 1.3902 best 1.3619@ep6 pat 4 (283s)
  [Data_04] ep 11 val 1.4586 best 1.3619@ep6 pat 5 (308s)
  [Data_04] ep 12 val 1.4366 best 1.3619@ep6 pat 6 (333s)
  [Data_04] ep 13 val 1.4751 best 1.3619@ep6 pat 7 (358s)
  [Data_04] ep 14 val 1.4122 best 1.3619@ep6 pat 8 (383s)
  [Data_04] ep 15 val 1.4280 best 1.3619@ep6 pat 9 (409s)
  [Data_04] ep 16 val 1.4100 best 1.3619@ep6 pat 10 (434s)
  [Data_04] ep 17 val 1.4474 best 1.3619@ep6 pat 11 (459s)
  [Data_04] ep 18 val 1.4423 best 1.3619@ep6 pat 12 (484s)
  [Data_04] ep 19 val 1.4523 best 1.3619@ep6 pat 13 (509s)
  [Data_04] ep 20 val 1.4206 best 1.3619@ep6 pat 14 (535s)
  [Data_04] ep 21 val 1.4805 best 1.3619@ep6 pat 15 (560s)
  [Data_04] ep 22 val 1.4567 best 1.3619@ep6 pat 16 (585s)
  [Data_04] ep 23 val 1.3879 best 1.3619@ep6 pat 17 (610s)
  [Data_04] ep 24 val 1.3797 best 1.3619@ep6 pat 18 (635s)
  [Data_04] ep 25 val 1.4242 best 1.3619@ep6 pat 19 (661s)
  [Data_04] ep 26 val 1.4559 best 1.3619@ep6 pat 20 (686s)
  [Data_04] ep 27 val 1.4631 best 1.3619@ep6 pat 21 (712s)
  [Data_04] ep 28 val 1.3884 best 1.3619@ep6 pat 22 (736s)
  [Data_04] ep 29 val 1.4404 best 1.3619@ep6 pat 23 (761s)
  [Data_04] ep 30 val 1.4267 best 1.3619@ep6 pat 24 (787s)
  [Data_04] ep 31 val 1.4139 best 1.3619@ep6 pat 25 (811s)
  [Data_04] ep 32 val 1.3938 best 1.3619@ep6 pat 26 (836s)
  [Data_04] ep 33 val 1.4164 best 1.3619@ep6 pat 27 (861s)
  [Data_04] ep 34 val 1.4534 best 1.3619@ep6 pat 28 (886s)
  [Data_04] ep 35 val 1.4108 best 1.3619@ep6 pat 29 (911s)
  [Data_04] NEWBEST ep36 val=1.3612 test=1.3674
  [Data_04] ep 36 val 1.3612 best 1.3612@ep36 pat 0 (936s)
  [Data_04] ep 37 val 1.4190 best 1.3612@ep36 pat 1 (961s)
  [Data_04] ep 38 val 1.4256 best 1.3612@ep36 pat 2 (985s)
  [Data_04] ep 39 val 1.4689 best 1.3612@ep36 pat 3 (1009s)
  [Data_04] ep 40 val 1.4678 best 1.3612@ep36 pat 4 (1032s)
  [Data_04] ep 41 val 1.4211 best 1.3612@ep36 pat 5 (1056s)
  [Data_04] ep 42 val 1.3670 best 1.3612@ep36 pat 6 (1079s)
  [Data_04] ep 43 val 1.3954 best 1.3612@ep36 pat 7 (1103s)
  [Data_04] ep 44 val 1.4316 best 1.3612@ep36 pat 8 (1126s)
  [Data_04] ep 45 val 1.4187 best 1.3612@ep36 pat 9 (1150s)
  [Data_04] ep 46 val 1.4853 best 1.3612@ep36 pat 10 (1174s)
  [Data_04] ep 47 val 1.4141 best 1.3612@ep36 pat 11 (1197s)
  [Data_04] ep 48 val 1.4272 best 1.3612@ep36 pat 12 (1220s)
  [Data_04] ep 49 val 1.4304 best 1.3612@ep36 pat 13 (1244s)
  [Data_04] ep 50 val 1.3877 best 1.3612@ep36 pat 14 (1267s)
  [Data_04] ep 51 val 1.4802 best 1.3612@ep36 pat 15 (1290s)
  [Data_04] ep 52 val 1.4647 best 1.3612@ep36 pat 16 (1313s)
  [Data_04] ep 53 val 1.4496 best 1.3612@ep36 pat 17 (1337s)
  [Data_04] ep 54 val 1.3951 best 1.3612@ep36 pat 18 (1360s)
  [Data_04] ep 55 val 1.3836 best 1.3612@ep36 pat 19 (1384s)
  [Data_04] ep 56 val 1.3963 best 1.3612@ep36 pat 20 (1407s)
  [Data_04] ep 57 val 1.4164 best 1.3612@ep36 pat 21 (1431s)
  [Data_04] ep 58 val 1.4873 best 1.3612@ep36 pat 22 (1454s)
  [Data_04] ep 59 val 1.3816 best 1.3612@ep36 pat 23 (1478s)
  [Data_04] ep 60 val 1.4374 best 1.3612@ep36 pat 24 (1501s)
  [Data_04] ep 61 val 1.4109 best 1.3612@ep36 pat 25 (1525s)
  [Data_04] ep 62 val 1.4861 best 1.3612@ep36 pat 26 (1548s)
  [Data_04] ep 63 val 1.4963 best 1.3612@ep36 pat 27 (1571s)
  [Data_04] ep 64 val 1.4554 best 1.3612@ep36 pat 28 (1595s)
  [Data_04] ep 65 val 1.3961 best 1.3612@ep36 pat 29 (1618s)
  [Data_04] ep 66 val 1.4116 best 1.3612@ep36 pat 30 (1643s)
  [Data_04] ep 67 val 1.4299 best 1.3612@ep36 pat 31 (1667s)
  [Data_04] ep 68 val 1.4306 best 1.3612@ep36 pat 32 (1690s)
  [Data_04] ep 69 val 1.4738 best 1.3612@ep36 pat 33 (1714s)
  [Data_04] ep 70 val 1.4186 best 1.3612@ep36 pat 34 (1739s)
  [Data_04] ep 71 val 1.4502 best 1.3612@ep36 pat 35 (1764s)
  [Data_04] ep 72 val 1.4373 best 1.3612@ep36 pat 36 (1790s)
  [Data_04] ep 73 val 1.4611 best 1.3612@ep36 pat 37 (1814s)
  [Data_04] ep 74 val 1.4213 best 1.3612@ep36 pat 38 (1839s)
  [Data_04] ep 75 val 1.5119 best 1.3612@ep36 pat 39 (1863s)
  [Data_04] ep 76 val 1.4068 best 1.3612@ep36 pat 40 (1887s)
  [Data_04] ep 77 val 1.4158 best 1.3612@ep36 pat 41 (1911s)
  [Data_04] ep 78 val 1.4365 best 1.3612@ep36 pat 42 (1935s)
  [Data_04] ep 79 val 1.4635 best 1.3612@ep36 pat 43 (1961s)
  [Data_04] ep 80 val 1.3960 best 1.3612@ep36 pat 44 (1987s)
  [Data_04] ep 81 val 1.4605 best 1.3612@ep36 pat 45 (2012s)
  [Data_04] ep 82 val 1.3968 best 1.3612@ep36 pat 46 (2037s)
  [Data_04] ep 83 val 1.4005 best 1.3612@ep36 pat 47 (2063s)
  [Data_04] ep 84 val 1.4464 best 1.3612@ep36 pat 48 (2088s)
  [Data_04] ep 85 val 1.4381 best 1.3612@ep36 pat 49 (2113s)
  [Data_04] ep 86 val 1.4262 best 1.3612@ep36 pat 50 (2138s)
  [Data_04] EARLYSTOP ep86 best 1.3612@ep36
*** Data_04 test MAE 1.367 (2139s)
==== Data_04 DONE
