command: python -m hingesense.trainer --out results/raw/ablation_no_drift_correction --target Data_03 --seed 2027 --epochs 300 --patience 50 --ablation no_drift_correction
UserWarning: Can't initialize NVML
os: Linux-6.8.0-138-generic-x86_64-with-glibc2.35
cpu: Intel(R) Xeon(R) Platinum 8480C x224, ram 1007.5 GB
gpu: NVIDIA H100 (driver 580.173.02)
python 3.11.15, torch 2.12.0+cu130, cuda 13.0
channel mask top40 = [6, 7, 8, 9, 10, 11, 12, 13, 14, 21, 22, 25, 26, 27, 28, 34, 38, 41, 46, 48, 53, 57, 59, 61, 62, 64, 67, 69, 71, 72, 74, 76, 77, 78, 80, 81, 83, 84, 85, 98]
=== Data_03 seed=2027 epochs=300 patience=50 ablation=no_drift_correction channels=120 dev=cuda:0 ===
pool=56 folds (flips=True)
  [Data_03] cond=noload sources=52
  [Data_03] NEWBEST ep0 val=1.8410 test=1.8235
  [Data_03] ep 0 val 1.8410 best 1.8410@ep0 pat 0 (30s)
  [Data_03] NEWBEST ep1 val=1.8334 test=1.8233
  [Data_03] ep 1 val 1.8334 best 1.8334@ep1 pat 0 (55s)
  [Data_03] ep 2 val 1.8465 best 1.8334@ep1 pat 1 (80s)
  [Data_03] NEWBEST ep3 val=1.7790 test=1.7694
  [Data_03] ep 3 val 1.7790 best 1.7790@ep3 pat 0 (105s)
  [Data_03] ep 4 val 1.7894 best 1.7790@ep3 pat 1 (130s)
  [Data_03] ep 5 val 1.7930 best 1.7790@ep3 pat 2 (155s)
  [Data_03] NEWBEST ep6 val=1.7668 test=1.7478
  [Data_03] ep 6 val 1.7668 best 1.7668@ep6 pat 0 (180s)
  [Data_03] ep 7 val 1.7865 best 1.7668@ep6 pat 1 (205s)
  [Data_03] NEWBEST ep8 val=1.7403 test=1.7316
  [Data_03] ep 8 val 1.7403 best 1.7403@ep8 pat 0 (230s)
  [Data_03] ep 9 val 1.7531 best 1.7403@ep8 pat 1 (255s)
  [Data_03] ep 10 val 1.8153 best 1.7403@ep8 pat 2 (280s)
  [Data_03] ep 11 val 1.7423 best 1.7403@ep8 pat 3 (305s)
  [Data_03] NEWBEST ep12 val=1.7199 test=1.7401
  [Data_03] ep 12 val 1.7199 best 1.7199@ep12 pat 0 (330s)
  [Data_03] ep 13 val 1.7636 best 1.7199@ep12 pat 1 (355s)
  [Data_03] ep 14 val 1.7997 best 1.7199@ep12 pat 2 (380s)
  [Data_03] ep 15 val 1.8071 best 1.7199@ep12 pat 3 (405s)
  [Data_03] ep 16 val 1.7523 best 1.7199@ep12 pat 4 (430s)
  [Data_03] NEWBEST ep17 val=1.7030 test=1.7588
  [Data_03] ep 17 val 1.7030 best 1.7030@ep17 pat 0 (455s)
  [Data_03] ep 18 val 1.7666 best 1.7030@ep17 pat 1 (480s)
  [Data_03] ep 19 val 1.7537 best 1.7030@ep17 pat 2 (505s)
  [Data_03] ep 20 val 1.7742 best 1.7030@ep17 pat 3 (530s)
  [Data_03] ep 21 val 1.7426 best 1.7030@ep17 pat 4 (555s)
  [Data_03] ep 22 val 1.7677 best 1.7030@ep17 pat 5 (580s)
  [Data_03] ep 23 val 1.7754 best 1.7030@ep17 pat 6 (605s)
  [Data_03] ep 24 val 1.7808 best 1.7030@ep17 pat 7 (630s)
  [Data_03] ep 25 val 1.7805 best 1.7030@ep17 pat 8 (655s)
  [Data_03] ep 26 val 1.7395 best 1.7030@ep17 pat 9 (680s)
  [Data_03] ep 27 val 1.7948 best 1.7030@ep17 pat 10 (705s)
  [Data_03] ep 28 val 1.7880 best 1.7030@ep17 pat 11 (730s)
  [Data_03] ep 29 val 1.7178 best 1.7030@ep17 pat 12 (752s)
  [Data_03] ep 30 val 1.8283 best 1.7030@ep17 pat 13 (775s)
  [Data_03] ep 31 val 1.8068 best 1.7030@ep17 pat 14 (798s)
  [Data_03] ep 32 val 1.7597 best 1.7030@ep17 pat 15 (821s)
  [Data_03] ep 33 val 1.7555 best 1.7030@ep17 pat 16 (844s)
  [Data_03] ep 34 val 1.7044 best 1.7030@ep17 pat 17 (866s)
  [Data_03] ep 35 val 1.8048 best 1.7030@ep17 pat 18 (889s)
  [Data_03] ep 36 val 1.7430 best 1.7030@ep17 pat 19 (911s)
  [Data_03] ep 37 val 1.7768 best 1.7030@ep17 pat 20 (933s)
  [Data_03] ep 38 val 1.7782 best 1.7030@ep17 pat 21 (956s)
  [Data_03] ep 39 val 1.7366 best 1.7030@ep17 pat 22 (978s)
  [Data_03] ep 40 val 1.8179 best 1.7030@ep17 pat 23 (1001s)
  [Data_03] ep 41 val 1.7889 best 1.7030@ep17 pat 24 (1024s)
  [Data_03] ep 42 val 1.7596 best 1.7030@ep17 pat 25 (1048s)
  [Data_03] ep 43 val 1.7456 best 1.7030@ep17 pat 26 (1071s)
  [Data_03] ep 44 val 1.7778 best 1.7030@ep17 pat 27 (1094s)
  [Data_03] ep 45 val 1.7402 best 1.7030@ep17 pat 28 (1117s)
  [Data_03] ep 46 val 1.7743 best 1.7030@ep17 pat 29 (1140s)
  [Data_03] ep 47 val 1.7679 best 1.7030@ep17 pat 30 (1163s)
  [Data_03] ep 48 val 1.7199 best 1.7030@ep17 pat 31 (1186s)
  [Data_03] ep 49 val 1.7433 best 1.7030@ep17 pat 32 (1209s)
  [Data_03] ep 50 val 1.7777 best 1.7030@ep17 pat 33 (1232s)
  [Data_03] ep 51 val 1.7266 best 1.7030@ep17 pat 34 (1255s)
  [Data_03] ep 52 val 1.7967 best 1.7030@ep17 pat 35 (1278s)
  [Data_03] ep 53 val 1.7710 best 1.7030@ep17 pat 36 (1301s)
  [Data_03] ep 54 val 1.7451 best 1.7030@ep17 pat 37 (1324s)
  [Data_03] NEWBEST ep55 val=1.6851 test=1.6907
  [Data_03] ep 55 val 1.6851 best 1.6851@ep55 pat 0 (1347s)
  [Data_03] ep 56 val 1.7693 best 1.6851@ep55 pat 1 (1370s)
  [Data_03] ep 57 val 1.7827 best 1.6851@ep55 pat 2 (1393s)
  [Data_03] ep 58 val 1.8228 best 1.6851@ep55 pat 3 (1415s)
  [Data_03] ep 59 val 1.7861 best 1.6851@ep55 pat 4 (1439s)
  [Data_03] ep 60 val 1.8266 best 1.6851@ep55 pat 5 (1462s)
  [Data_03] ep 61 val 1.8005 best 1.6851@ep55 pat 6 (1485s)
  [Data_03] ep 62 val 1.7295 best 1.6851@ep55 pat 7 (1508s)
  [Data_03] ep 63 val 1.7632 best 1.6851@ep55 pat 8 (1529s)
  [Data_03] ep 64 val 1.7571 best 1.6851@ep55 pat 9 (1553s)
  [Data_03] ep 65 val 1.7276 best 1.6851@ep55 pat 10 (1577s)
  [Data_03] ep 66 val 1.7327 best 1.6851@ep55 pat 11 (1601s)
  [Data_03] ep 67 val 1.7454 best 1.6851@ep55 pat 12 (1625s)
  [Data_03] ep 68 val 1.8166 best 1.6851@ep55 pat 13 (1648s)
  [Data_03] ep 69 val 1.8953 best 1.6851@ep55 pat 14 (1670s)
  [Data_03] ep 70 val 1.7125 best 1.6851@ep55 pat 15 (1693s)
  [Data_03] ep 71 val 1.7527 best 1.6851@ep55 pat 16 (1717s)
  [Data_03] ep 72 val 1.7300 best 1.6851@ep55 pat 17 (1741s)
  [Data_03] ep 73 val 1.7853 best 1.6851@ep55 pat 18 (1765s)
  [Data_03] ep 74 val 1.7301 best 1.6851@ep55 pat 19 (1788s)
  [Data_03] ep 75 val 1.7336 best 1.6851@ep55 pat 20 (1811s)
  [Data_03] ep 76 val 1.7320 best 1.6851@ep55 pat 21 (1833s)
  [Data_03] ep 77 val 1.7457 best 1.6851@ep55 pat 22 (1858s)
  [Data_03] ep 78 val 1.7024 best 1.6851@ep55 pat 23 (1881s)
  [Data_03] ep 79 val 1.7784 best 1.6851@ep55 pat 24 (1904s)
  [Data_03] ep 80 val 1.7354 best 1.6851@ep55 pat 25 (1926s)
  [Data_03] ep 81 val 1.7302 best 1.6851@ep55 pat 26 (1947s)
  [Data_03] ep 82 val 1.7494 best 1.6851@ep55 pat 27 (1972s)
  [Data_03] ep 83 val 1.7457 best 1.6851@ep55 pat 28 (1996s)
  [Data_03] ep 84 val 1.7468 best 1.6851@ep55 pat 29 (2019s)
  [Data_03] ep 85 val 1.7106 best 1.6851@ep55 pat 30 (2042s)
  [Data_03] ep 86 val 1.7146 best 1.6851@ep55 pat 31 (2066s)
  [Data_03] ep 87 val 1.7104 best 1.6851@ep55 pat 32 (2090s)
  [Data_03] ep 88 val 1.7132 best 1.6851@ep55 pat 33 (2114s)
  [Data_03] NEWBEST ep89 val=1.6792 test=1.6978
  [Data_03] ep 89 val 1.6792 best 1.6792@ep89 pat 0 (2138s)
  [Data_03] ep 90 val 1.8001 best 1.6792@ep89 pat 1 (2162s)
  [Data_03] ep 91 val 1.7359 best 1.6792@ep89 pat 2 (2185s)
  [Data_03] ep 92 val 1.7329 best 1.6792@ep89 pat 3 (2210s)
  [Data_03] ep 93 val 1.8085 best 1.6792@ep89 pat 4 (2235s)
  [Data_03] ep 94 val 1.7209 best 1.6792@ep89 pat 5 (2260s)
  [Data_03] ep 95 val 1.7338 best 1.6792@ep89 pat 6 (2284s)
  [Data_03] ep 96 val 1.7253 best 1.6792@ep89 pat 7 (2309s)
  [Data_03] ep 97 val 1.7170 best 1.6792@ep89 pat 8 (2333s)
  [Data_03] ep 98 val 1.7222 best 1.6792@ep89 pat 9 (2358s)
  [Data_03] ep 99 val 1.7071 best 1.6792@ep89 pat 10 (2383s)
  [Data_03] ep 100 val 1.6896 best 1.6792@ep89 pat 11 (2407s)
  [Data_03] ep 101 val 1.7597 best 1.6792@ep89 pat 12 (2432s)
  [Data_03] ep 102 val 1.7052 best 1.6792@ep89 pat 13 (2457s)
  [Data_03] ep 103 val 1.7220 best 1.6792@ep89 pat 14 (2482s)
  [Data_03] ep 104 val 1.7175 best 1.6792@ep89 pat 15 (2506s)
  [Data_03] ep 105 val 1.7545 best 1.6792@ep89 pat 16 (2531s)
  [Data_03] ep 106 val 1.7683 best 1.6792@ep89 pat 17 (2555s)
  [Data_03] ep 107 val 1.6949 best 1.6792@ep89 pat 18 (2580s)
  [Data_03] ep 108 val 1.7730 best 1.6792@ep89 pat 19 (2604s)
  [Data_03] ep 109 val 1.7067 best 1.6792@ep89 pat 20 (2629s)
  [Data_03] ep 110 val 1.6793 best 1.6792@ep89 pat 21 (2653s)
  [Data_03] ep 111 val 1.6896 best 1.6792@ep89 pat 22 (2678s)
  [Data_03] ep 112 val 1.7574 best 1.6792@ep89 pat 23 (2703s)
  [Data_03] ep 113 val 1.7463 best 1.6792@ep89 pat 24 (2727s)
  [Data_03] ep 114 val 1.7147 best 1.6792@ep89 pat 25 (2753s)
  [Data_03] ep 115 val 1.7558 best 1.6792@ep89 pat 26 (2777s)
  [Data_03] NEWBEST ep116 val=1.6717 test=1.6764
  [Data_03] ep 116 val 1.6717 best 1.6717@ep116 pat 0 (2802s)
  [Data_03] ep 117 val 1.7003 best 1.6717@ep116 pat 1 (2826s)
  [Data_03] NEWBEST ep118 val=1.6691 test=1.6817
  [Data_03] ep 118 val 1.6691 best 1.6691@ep118 pat 0 (2850s)
  [Data_03] ep 119 val 1.7048 best 1.6691@ep118 pat 1 (2874s)
  [Data_03] ep 120 val 1.6892 best 1.6691@ep118 pat 2 (2898s)
  [Data_03] ep 121 val 1.6929 best 1.6691@ep118 pat 3 (2922s)
  [Data_03] ep 122 val 1.7124 best 1.6691@ep118 pat 4 (2945s)
  [Data_03] ep 123 val 1.7101 best 1.6691@ep118 pat 5 (2969s)
  [Data_03] ep 124 val 1.6944 best 1.6691@ep118 pat 6 (2993s)
  [Data_03] ep 125 val 1.6859 best 1.6691@ep118 pat 7 (3016s)
  [Data_03] ep 126 val 1.7584 best 1.6691@ep118 pat 8 (3040s)
  [Data_03] ep 127 val 1.7027 best 1.6691@ep118 pat 9 (3062s)
  [Data_03] ep 128 val 1.6963 best 1.6691@ep118 pat 10 (3085s)
  [Data_03] ep 129 val 1.7071 best 1.6691@ep118 pat 11 (3107s)
  [Data_03] ep 130 val 1.7177 best 1.6691@ep118 pat 12 (3129s)
  [Data_03] ep 131 val 1.6990 best 1.6691@ep118 pat 13 (3151s)
  [Data_03] ep 132 val 1.7208 best 1.6691@ep118 pat 14 (3174s)
  [Data_03] ep 133 val 1.7143 best 1.6691@ep118 pat 15 (3196s)
  [Data_03] ep 134 val 1.6984 best 1.6691@ep118 pat 16 (3219s)
  [Data_03] ep 135 val 1.7443 best 1.6691@ep118 pat 17 (3241s)
  [Data_03] ep 136 val 1.6793 best 1.6691@ep118 pat 18 (3264s)
  [Data_03] ep 137 val 1.7410 best 1.6691@ep118 pat 19 (3287s)
  [Data_03] ep 138 val 1.6815 best 1.6691@ep118 pat 20 (3310s)
  [Data_03] ep 139 val 1.6908 best 1.6691@ep118 pat 21 (3333s)
  [Data_03] NEWBEST ep140 val=1.6573 test=1.6737
  [Data_03] ep 140 val 1.6573 best 1.6573@ep140 pat 0 (3355s)
  [Data_03] ep 141 val 1.6777 best 1.6573@ep140 pat 1 (3377s)
  [Data_03] ep 142 val 1.7343 best 1.6573@ep140 pat 2 (3399s)
  [Data_03] ep 143 val 1.7338 best 1.6573@ep140 pat 3 (3421s)
  [Data_03] ep 144 val 1.6998 best 1.6573@ep140 pat 4 (3439s)
  [Data_03] ep 145 val 1.7370 best 1.6573@ep140 pat 5 (3456s)
  [Data_03] ep 146 val 1.6966 best 1.6573@ep140 pat 6 (3471s)
  [Data_03] ep 147 val 1.6845 best 1.6573@ep140 pat 7 (3486s)
  [Data_03] ep 148 val 1.6574 best 1.6573@ep140 pat 8 (3500s)
  [Data_03] ep 149 val 1.6964 best 1.6573@ep140 pat 9 (3512s)
  [Data_03] ep 150 val 1.6703 best 1.6573@ep140 pat 10 (3525s)
  [Data_03] ep 151 val 1.6837 best 1.6573@ep140 pat 11 (3541s)
  [Data_03] ep 152 val 1.6985 best 1.6573@ep140 pat 12 (3554s)
  [Data_03] ep 153 val 1.6926 best 1.6573@ep140 pat 13 (3567s)
  [Data_03] ep 154 val 1.7191 best 1.6573@ep140 pat 14 (3580s)
  [Data_03] ep 155 val 1.7324 best 1.6573@ep140 pat 15 (3592s)
  [Data_03] ep 156 val 1.6849 best 1.6573@ep140 pat 16 (3605s)
  [Data_03] ep 157 val 1.6954 best 1.6573@ep140 pat 17 (3617s)
  [Data_03] ep 158 val 1.6839 best 1.6573@ep140 pat 18 (3630s)
  [Data_03] ep 159 val 1.7176 best 1.6573@ep140 pat 19 (3644s)
  [Data_03] ep 160 val 1.6755 best 1.6573@ep140 pat 20 (3657s)
  [Data_03] ep 161 val 1.7021 best 1.6573@ep140 pat 21 (3669s)
  [Data_03] ep 162 val 1.7595 best 1.6573@ep140 pat 22 (3681s)
  [Data_03] ep 163 val 1.7072 best 1.6573@ep140 pat 23 (3694s)
  [Data_03] ep 164 val 1.6860 best 1.6573@ep140 pat 24 (3707s)
  [Data_03] ep 165 val 1.6872 best 1.6573@ep140 pat 25 (3720s)
  [Data_03] ep 166 val 1.7071 best 1.6573@ep140 pat 26 (3733s)
  [Data_03] ep 167 val 1.6991 best 1.6573@ep140 pat 27 (3746s)
  [Data_03] ep 168 val 1.6929 best 1.6573@ep140 pat 28 (3758s)
  [Data_03] ep 169 val 1.7300 best 1.6573@ep140 pat 29 (3770s)
  [Data_03] ep 170 val 1.7273 best 1.6573@ep140 pat 30 (3783s)
  [Data_03] ep 171 val 1.7299 best 1.6573@ep140 pat 31 (3796s)
  [Data_03] ep 172 val 1.7062 best 1.6573@ep140 pat 32 (3809s)
  [Data_03] ep 173 val 1.7189 best 1.6573@ep140 pat 33 (3822s)
  [Data_03] ep 174 val 1.7005 best 1.6573@ep140 pat 34 (3835s)
  [Data_03] ep 175 val 1.6828 best 1.6573@ep140 pat 35 (3850s)
  [Data_03] ep 176 val 1.7150 best 1.6573@ep140 pat 36 (3868s)
  [Data_03] ep 177 val 1.6679 best 1.6573@ep140 pat 37 (3886s)
  [Data_03] ep 178 val 1.6964 best 1.6573@ep140 pat 38 (3900s)
  [Data_03] ep 179 val 1.7234 best 1.6573@ep140 pat 39 (3912s)
  [Data_03] ep 180 val 1.6951 best 1.6573@ep140 pat 40 (3925s)
  [Data_03] ep 181 val 1.7649 best 1.6573@ep140 pat 41 (3939s)
  [Data_03] ep 182 val 1.6818 best 1.6573@ep140 pat 42 (3951s)
  [Data_03] ep 183 val 1.7939 best 1.6573@ep140 pat 43 (3963s)
  [Data_03] ep 184 val 1.7289 best 1.6573@ep140 pat 44 (3975s)
  [Data_03] ep 185 val 1.6863 best 1.6573@ep140 pat 45 (3987s)
  [Data_03] ep 186 val 1.6595 best 1.6573@ep140 pat 46 (3998s)
  [Data_03] ep 187 val 1.6926 best 1.6573@ep140 pat 47 (4006s)
  [Data_03] ep 188 val 1.7547 best 1.6573@ep140 pat 48 (4013s)
  [Data_03] ep 189 val 1.6861 best 1.6573@ep140 pat 49 (4024s)
  [Data_03] ep 190 val 1.7445 best 1.6573@ep140 pat 50 (4036s)
  [Data_03] EARLYSTOP ep190 best 1.6573@ep140
*** Data_03 test MAE 1.674 (4036s)
==== Data_03 DONE
