command: python -m hingesense.trainer --out results/raw/ablation_no_causal_differential --target Data_03 --seed 2027 --epochs 300 --patience 50 --ablation no_causal_differential
UserWarning: Can't initialize NVML
os: Linux-6.8.0-138-generic-x86_64-with-glibc2.35
cpu: Intel(R) Xeon(R) Platinum 8480C x224, ram 1007.5 GB
gpu: NVIDIA H100 (driver 580.173.02)
python 3.11.15, torch 2.12.0+cu130, cuda 13.0
channel mask top40 = [6, 7, 8, 9, 10, 11, 12, 13, 14, 21, 22, 25, 26, 27, 28, 34, 38, 41, 46, 48, 53, 57, 59, 61, 62, 64, 67, 69, 71, 72, 74, 76, 77, 78, 80, 81, 83, 84, 85, 98]
=== Data_03 seed=2027 epochs=300 patience=50 ablation=no_causal_differential channels=120 dev=cuda:0 ===
pool=56 folds (flips=True)
  [Data_03] cond=noload sources=52
  [Data_03] NEWBEST ep0 val=1.7985 test=1.7182
  [Data_03] ep 0 val 1.7985 best 1.7985@ep0 pat 0 (11s)
  [Data_03] ep 1 val 1.8602 best 1.7985@ep0 pat 1 (21s)
  [Data_03] ep 2 val 1.8234 best 1.7985@ep0 pat 2 (35s)
  [Data_03] ep 3 val 1.8122 best 1.7985@ep0 pat 3 (49s)
  [Data_03] ep 4 val 1.8162 best 1.7985@ep0 pat 4 (63s)
  [Data_03] ep 5 val 1.8477 best 1.7985@ep0 pat 5 (78s)
  [Data_03] NEWBEST ep6 val=1.7966 test=1.7221
  [Data_03] ep 6 val 1.7966 best 1.7966@ep6 pat 0 (92s)
  [Data_03] NEWBEST ep7 val=1.7765 test=1.6775
  [Data_03] ep 7 val 1.7765 best 1.7765@ep7 pat 0 (107s)
  [Data_03] NEWBEST ep8 val=1.7713 test=1.6673
  [Data_03] ep 8 val 1.7713 best 1.7713@ep8 pat 0 (122s)
  [Data_03] NEWBEST ep9 val=1.7637 test=1.6660
  [Data_03] ep 9 val 1.7637 best 1.7637@ep9 pat 0 (136s)
  [Data_03] ep 10 val 1.8102 best 1.7637@ep9 pat 1 (151s)
  [Data_03] NEWBEST ep11 val=1.7373 test=1.6672
  [Data_03] ep 11 val 1.7373 best 1.7373@ep11 pat 0 (165s)
  [Data_03] NEWBEST ep12 val=1.6606 test=1.6195
  [Data_03] ep 12 val 1.6606 best 1.6606@ep12 pat 0 (180s)
  [Data_03] ep 13 val 1.7306 best 1.6606@ep12 pat 1 (195s)
  [Data_03] ep 14 val 1.7421 best 1.6606@ep12 pat 2 (210s)
  [Data_03] ep 15 val 1.8766 best 1.6606@ep12 pat 3 (224s)
  [Data_03] ep 16 val 1.7426 best 1.6606@ep12 pat 4 (239s)
  [Data_03] ep 17 val 1.7283 best 1.6606@ep12 pat 5 (254s)
  [Data_03] ep 18 val 1.7927 best 1.6606@ep12 pat 6 (269s)
  [Data_03] ep 19 val 1.8011 best 1.6606@ep12 pat 7 (284s)
  [Data_03] ep 20 val 1.7575 best 1.6606@ep12 pat 8 (298s)
  [Data_03] ep 21 val 1.7279 best 1.6606@ep12 pat 9 (313s)
  [Data_03] ep 22 val 1.7274 best 1.6606@ep12 pat 10 (328s)
  [Data_03] ep 23 val 1.8227 best 1.6606@ep12 pat 11 (343s)
  [Data_03] ep 24 val 1.7956 best 1.6606@ep12 pat 12 (357s)
  [Data_03] ep 25 val 1.7854 best 1.6606@ep12 pat 13 (372s)
  [Data_03] ep 26 val 1.7409 best 1.6606@ep12 pat 14 (387s)
  [Data_03] ep 27 val 1.7705 best 1.6606@ep12 pat 15 (402s)
  [Data_03] ep 28 val 1.8051 best 1.6606@ep12 pat 16 (417s)
  [Data_03] ep 29 val 1.7742 best 1.6606@ep12 pat 17 (432s)
  [Data_03] ep 30 val 1.7971 best 1.6606@ep12 pat 18 (447s)
  [Data_03] ep 31 val 1.7586 best 1.6606@ep12 pat 19 (462s)
  [Data_03] ep 32 val 1.7340 best 1.6606@ep12 pat 20 (477s)
  [Data_03] ep 33 val 1.7197 best 1.6606@ep12 pat 21 (492s)
  [Data_03] ep 34 val 1.7351 best 1.6606@ep12 pat 22 (507s)
  [Data_03] ep 35 val 1.7911 best 1.6606@ep12 pat 23 (522s)
  [Data_03] ep 36 val 1.7277 best 1.6606@ep12 pat 24 (537s)
  [Data_03] ep 37 val 1.7357 best 1.6606@ep12 pat 25 (552s)
  [Data_03] ep 38 val 1.7295 best 1.6606@ep12 pat 26 (567s)
  [Data_03] ep 39 val 1.7466 best 1.6606@ep12 pat 27 (582s)
  [Data_03] ep 40 val 1.8441 best 1.6606@ep12 pat 28 (597s)
  [Data_03] ep 41 val 1.8321 best 1.6606@ep12 pat 29 (611s)
  [Data_03] ep 42 val 1.7102 best 1.6606@ep12 pat 30 (626s)
  [Data_03] ep 43 val 1.6877 best 1.6606@ep12 pat 31 (641s)
  [Data_03] ep 44 val 1.7732 best 1.6606@ep12 pat 32 (656s)
  [Data_03] ep 45 val 1.8022 best 1.6606@ep12 pat 33 (670s)
  [Data_03] ep 46 val 1.7769 best 1.6606@ep12 pat 34 (685s)
  [Data_03] ep 47 val 1.7325 best 1.6606@ep12 pat 35 (700s)
  [Data_03] ep 48 val 1.6876 best 1.6606@ep12 pat 36 (715s)
  [Data_03] ep 49 val 1.7324 best 1.6606@ep12 pat 37 (730s)
  [Data_03] ep 50 val 1.7511 best 1.6606@ep12 pat 38 (744s)
  [Data_03] ep 51 val 1.7207 best 1.6606@ep12 pat 39 (758s)
  [Data_03] ep 52 val 1.7704 best 1.6606@ep12 pat 40 (773s)
  [Data_03] ep 53 val 1.7273 best 1.6606@ep12 pat 41 (788s)
  [Data_03] ep 54 val 1.6676 best 1.6606@ep12 pat 42 (803s)
  [Data_03] ep 55 val 1.6996 best 1.6606@ep12 pat 43 (818s)
  [Data_03] ep 56 val 1.7352 best 1.6606@ep12 pat 44 (833s)
  [Data_03] ep 57 val 1.7675 best 1.6606@ep12 pat 45 (848s)
  [Data_03] ep 58 val 1.7138 best 1.6606@ep12 pat 46 (862s)
  [Data_03] ep 59 val 1.7453 best 1.6606@ep12 pat 47 (877s)
  [Data_03] ep 60 val 1.7772 best 1.6606@ep12 pat 48 (891s)
  [Data_03] ep 61 val 1.7134 best 1.6606@ep12 pat 49 (905s)
  [Data_03] ep 62 val 1.7375 best 1.6606@ep12 pat 50 (919s)
  [Data_03] EARLYSTOP ep62 best 1.6606@ep12
*** Data_03 test MAE 1.620 (920s)
==== Data_03 DONE
