command: python -m hingesense.trainer --out results/raw/ablation_no_causal_differential --target Data_10 --seed 2027 --epochs 300 --patience 50 --ablation no_causal_differential
UserWarning: Can't initialize NVML
os: Linux-6.8.0-138-generic-x86_64-with-glibc2.35
cpu: Intel(R) Xeon(R) Platinum 8480C x224, ram 1007.5 GB
gpu: NVIDIA H100 (driver 580.173.02)
python 3.11.15, torch 2.12.0+cu130, cuda 13.0
channel mask top40 = [6, 7, 8, 9, 10, 11, 12, 13, 14, 21, 22, 25, 26, 27, 28, 34, 38, 41, 46, 48, 53, 57, 59, 61, 62, 64, 67, 69, 71, 72, 74, 76, 77, 78, 80, 81, 83, 84, 85, 98]
=== Data_10 seed=2027 epochs=300 patience=50 ablation=no_causal_differential channels=120 dev=cuda:0 ===
pool=36 folds (flips=True)
  [Data_10] cond=assembly sources=32
  [Data_10] NEWBEST ep0 val=3.1054 test=3.0655
  [Data_10] ep 0 val 3.1054 best 3.1054@ep0 pat 0 (6s)
  [Data_10] ep 1 val 3.1486 best 3.1054@ep0 pat 1 (12s)
  [Data_10] NEWBEST ep2 val=3.0370 test=3.0188
  [Data_10] ep 2 val 3.0370 best 3.0370@ep2 pat 0 (17s)
  [Data_10] ep 3 val 3.1245 best 3.0370@ep2 pat 1 (23s)
  [Data_10] ep 4 val 3.1136 best 3.0370@ep2 pat 2 (28s)
  [Data_10] NEWBEST ep5 val=3.0211 test=3.0136
  [Data_10] ep 5 val 3.0211 best 3.0211@ep5 pat 0 (34s)
  [Data_10] NEWBEST ep6 val=2.9778 test=2.9353
  [Data_10] ep 6 val 2.9778 best 2.9778@ep6 pat 0 (40s)
  [Data_10] ep 7 val 3.0779 best 2.9778@ep6 pat 1 (45s)
  [Data_10] ep 8 val 3.1060 best 2.9778@ep6 pat 2 (51s)
  [Data_10] ep 9 val 3.0419 best 2.9778@ep6 pat 3 (56s)
  [Data_10] ep 10 val 3.0289 best 2.9778@ep6 pat 4 (62s)
  [Data_10] ep 11 val 3.0349 best 2.9778@ep6 pat 5 (68s)
  [Data_10] ep 12 val 3.0014 best 2.9778@ep6 pat 6 (74s)
  [Data_10] ep 13 val 3.0413 best 2.9778@ep6 pat 7 (81s)
  [Data_10] ep 14 val 3.0228 best 2.9778@ep6 pat 8 (87s)
  [Data_10] ep 15 val 3.0644 best 2.9778@ep6 pat 9 (93s)
  [Data_10] ep 16 val 3.0313 best 2.9778@ep6 pat 10 (99s)
  [Data_10] ep 17 val 3.0334 best 2.9778@ep6 pat 11 (105s)
  [Data_10] ep 18 val 3.0016 best 2.9778@ep6 pat 12 (111s)
  [Data_10] ep 19 val 3.0079 best 2.9778@ep6 pat 13 (117s)
  [Data_10] ep 20 val 3.1209 best 2.9778@ep6 pat 14 (123s)
  [Data_10] NEWBEST ep21 val=2.9600 test=2.9156
  [Data_10] ep 21 val 2.9600 best 2.9600@ep21 pat 0 (129s)
  [Data_10] ep 22 val 3.0297 best 2.9600@ep21 pat 1 (135s)
  [Data_10] ep 23 val 3.0953 best 2.9600@ep21 pat 2 (142s)
  [Data_10] ep 24 val 2.9636 best 2.9600@ep21 pat 3 (148s)
  [Data_10] ep 25 val 3.0548 best 2.9600@ep21 pat 4 (154s)
  [Data_10] ep 26 val 2.9785 best 2.9600@ep21 pat 5 (160s)
  [Data_10] NEWBEST ep27 val=2.9000 test=2.8573
  [Data_10] ep 27 val 2.9000 best 2.9000@ep27 pat 0 (166s)
  [Data_10] ep 28 val 3.0295 best 2.9000@ep27 pat 1 (172s)
  [Data_10] ep 29 val 3.0813 best 2.9000@ep27 pat 2 (178s)
  [Data_10] ep 30 val 3.0982 best 2.9000@ep27 pat 3 (184s)
  [Data_10] ep 31 val 2.9303 best 2.9000@ep27 pat 4 (190s)
  [Data_10] ep 32 val 3.0607 best 2.9000@ep27 pat 5 (196s)
  [Data_10] ep 33 val 3.0824 best 2.9000@ep27 pat 6 (202s)
  [Data_10] ep 34 val 2.9570 best 2.9000@ep27 pat 7 (208s)
  [Data_10] ep 35 val 2.9248 best 2.9000@ep27 pat 8 (214s)
  [Data_10] ep 36 val 3.0146 best 2.9000@ep27 pat 9 (220s)
  [Data_10] ep 37 val 3.0786 best 2.9000@ep27 pat 10 (226s)
  [Data_10] ep 38 val 3.1032 best 2.9000@ep27 pat 11 (232s)
  [Data_10] ep 39 val 3.0452 best 2.9000@ep27 pat 12 (238s)
  [Data_10] ep 40 val 2.9830 best 2.9000@ep27 pat 13 (245s)
  [Data_10] ep 41 val 3.0657 best 2.9000@ep27 pat 14 (251s)
  [Data_10] ep 42 val 2.9952 best 2.9000@ep27 pat 15 (257s)
  [Data_10] ep 43 val 2.9842 best 2.9000@ep27 pat 16 (263s)
  [Data_10] ep 44 val 2.9595 best 2.9000@ep27 pat 17 (269s)
  [Data_10] ep 45 val 2.9818 best 2.9000@ep27 pat 18 (275s)
  [Data_10] ep 46 val 3.0581 best 2.9000@ep27 pat 19 (281s)
  [Data_10] ep 47 val 2.9686 best 2.9000@ep27 pat 20 (287s)
  [Data_10] ep 48 val 2.9634 best 2.9000@ep27 pat 21 (293s)
  [Data_10] ep 49 val 3.0198 best 2.9000@ep27 pat 22 (299s)
  [Data_10] ep 50 val 3.0284 best 2.9000@ep27 pat 23 (305s)
  [Data_10] ep 51 val 3.0092 best 2.9000@ep27 pat 24 (312s)
  [Data_10] ep 52 val 2.9975 best 2.9000@ep27 pat 25 (318s)
  [Data_10] ep 53 val 2.9284 best 2.9000@ep27 pat 26 (324s)
  [Data_10] ep 54 val 2.9674 best 2.9000@ep27 pat 27 (330s)
  [Data_10] ep 55 val 3.0769 best 2.9000@ep27 pat 28 (336s)
  [Data_10] ep 56 val 3.0350 best 2.9000@ep27 pat 29 (342s)
  [Data_10] ep 57 val 2.9980 best 2.9000@ep27 pat 30 (348s)
  [Data_10] ep 58 val 2.9602 best 2.9000@ep27 pat 31 (354s)
  [Data_10] ep 59 val 3.0268 best 2.9000@ep27 pat 32 (360s)
  [Data_10] ep 60 val 2.9671 best 2.9000@ep27 pat 33 (366s)
  [Data_10] ep 61 val 2.9824 best 2.9000@ep27 pat 34 (372s)
  [Data_10] NEWBEST ep62 val=2.8804 test=2.8411
  [Data_10] ep 62 val 2.8804 best 2.8804@ep62 pat 0 (378s)
  [Data_10] ep 63 val 2.8912 best 2.8804@ep62 pat 1 (384s)
  [Data_10] ep 64 val 3.0619 best 2.8804@ep62 pat 2 (389s)
  [Data_10] ep 65 val 2.8996 best 2.8804@ep62 pat 3 (395s)
  [Data_10] ep 66 val 2.9197 best 2.8804@ep62 pat 4 (401s)
  [Data_10] ep 67 val 2.9494 best 2.8804@ep62 pat 5 (407s)
  [Data_10] ep 68 val 2.8873 best 2.8804@ep62 pat 6 (413s)
  [Data_10] ep 69 val 2.9853 best 2.8804@ep62 pat 7 (419s)
  [Data_10] ep 70 val 2.9263 best 2.8804@ep62 pat 8 (425s)
  [Data_10] ep 71 val 2.9208 best 2.8804@ep62 pat 9 (430s)
  [Data_10] ep 72 val 2.9404 best 2.8804@ep62 pat 10 (436s)
  [Data_10] NEWBEST ep73 val=2.8637 test=2.7870
  [Data_10] ep 73 val 2.8637 best 2.8637@ep73 pat 0 (442s)
  [Data_10] ep 74 val 2.9599 best 2.8637@ep73 pat 1 (448s)
  [Data_10] ep 75 val 3.0369 best 2.8637@ep73 pat 2 (454s)
  [Data_10] ep 76 val 2.9538 best 2.8637@ep73 pat 3 (460s)
  [Data_10] ep 77 val 2.9397 best 2.8637@ep73 pat 4 (466s)
  [Data_10] ep 78 val 2.9075 best 2.8637@ep73 pat 5 (471s)
  [Data_10] NEWBEST ep79 val=2.8600 test=2.7903
  [Data_10] ep 79 val 2.8600 best 2.8600@ep79 pat 0 (477s)
  [Data_10] ep 80 val 2.9486 best 2.8600@ep79 pat 1 (483s)
  [Data_10] ep 81 val 2.8936 best 2.8600@ep79 pat 2 (489s)
  [Data_10] ep 82 val 2.9339 best 2.8600@ep79 pat 3 (495s)
  [Data_10] ep 83 val 3.0235 best 2.8600@ep79 pat 4 (501s)
  [Data_10] ep 84 val 2.8992 best 2.8600@ep79 pat 5 (506s)
  [Data_10] NEWBEST ep85 val=2.7874 test=2.7121
  [Data_10] ep 85 val 2.7874 best 2.7874@ep85 pat 0 (512s)
  [Data_10] ep 86 val 2.8610 best 2.7874@ep85 pat 1 (518s)
  [Data_10] ep 87 val 2.9550 best 2.7874@ep85 pat 2 (524s)
  [Data_10] ep 88 val 2.9581 best 2.7874@ep85 pat 3 (530s)
  [Data_10] ep 89 val 2.8554 best 2.7874@ep85 pat 4 (536s)
  [Data_10] ep 90 val 2.9523 best 2.7874@ep85 pat 5 (541s)
  [Data_10] ep 91 val 2.9519 best 2.7874@ep85 pat 6 (547s)
  [Data_10] ep 92 val 2.9503 best 2.7874@ep85 pat 7 (553s)
  [Data_10] ep 93 val 2.8533 best 2.7874@ep85 pat 8 (559s)
  [Data_10] ep 94 val 2.9387 best 2.7874@ep85 pat 9 (565s)
  [Data_10] ep 95 val 2.9371 best 2.7874@ep85 pat 10 (571s)
  [Data_10] ep 96 val 2.8732 best 2.7874@ep85 pat 11 (576s)
  [Data_10] ep 97 val 2.9747 best 2.7874@ep85 pat 12 (582s)
  [Data_10] ep 98 val 2.9676 best 2.7874@ep85 pat 13 (588s)
  [Data_10] ep 99 val 2.9410 best 2.7874@ep85 pat 14 (594s)
  [Data_10] ep 100 val 2.8885 best 2.7874@ep85 pat 15 (600s)
  [Data_10] ep 101 val 2.9358 best 2.7874@ep85 pat 16 (606s)
  [Data_10] ep 102 val 2.8741 best 2.7874@ep85 pat 17 (611s)
  [Data_10] ep 103 val 2.9224 best 2.7874@ep85 pat 18 (617s)
  [Data_10] ep 104 val 2.9067 best 2.7874@ep85 pat 19 (623s)
  [Data_10] ep 105 val 2.9474 best 2.7874@ep85 pat 20 (629s)
  [Data_10] ep 106 val 3.0065 best 2.7874@ep85 pat 21 (635s)
  [Data_10] ep 107 val 2.9825 best 2.7874@ep85 pat 22 (640s)
  [Data_10] ep 108 val 3.0253 best 2.7874@ep85 pat 23 (646s)
  [Data_10] ep 109 val 2.9043 best 2.7874@ep85 pat 24 (652s)
  [Data_10] ep 110 val 2.9528 best 2.7874@ep85 pat 25 (658s)
  [Data_10] ep 111 val 2.8893 best 2.7874@ep85 pat 26 (664s)
  [Data_10] ep 112 val 2.9397 best 2.7874@ep85 pat 27 (670s)
  [Data_10] ep 113 val 2.9387 best 2.7874@ep85 pat 28 (676s)
  [Data_10] ep 114 val 2.8742 best 2.7874@ep85 pat 29 (681s)
  [Data_10] ep 115 val 2.9726 best 2.7874@ep85 pat 30 (687s)
  [Data_10] ep 116 val 2.9885 best 2.7874@ep85 pat 31 (693s)
  [Data_10] ep 117 val 2.9236 best 2.7874@ep85 pat 32 (699s)
  [Data_10] ep 118 val 2.9641 best 2.7874@ep85 pat 33 (705s)
  [Data_10] ep 119 val 2.9541 best 2.7874@ep85 pat 34 (711s)
  [Data_10] ep 120 val 2.9071 best 2.7874@ep85 pat 35 (716s)
  [Data_10] ep 121 val 2.9309 best 2.7874@ep85 pat 36 (722s)
  [Data_10] ep 122 val 2.9310 best 2.7874@ep85 pat 37 (728s)
  [Data_10] ep 123 val 2.9409 best 2.7874@ep85 pat 38 (734s)
  [Data_10] ep 124 val 2.8913 best 2.7874@ep85 pat 39 (740s)
  [Data_10] ep 125 val 2.8969 best 2.7874@ep85 pat 40 (746s)
  [Data_10] ep 126 val 2.8822 best 2.7874@ep85 pat 41 (751s)
  [Data_10] ep 127 val 2.9532 best 2.7874@ep85 pat 42 (757s)
  [Data_10] ep 128 val 2.9568 best 2.7874@ep85 pat 43 (763s)
  [Data_10] ep 129 val 2.9900 best 2.7874@ep85 pat 44 (769s)
  [Data_10] ep 130 val 2.8827 best 2.7874@ep85 pat 45 (775s)
  [Data_10] ep 131 val 2.9830 best 2.7874@ep85 pat 46 (780s)
  [Data_10] ep 132 val 2.9960 best 2.7874@ep85 pat 47 (786s)
  [Data_10] ep 133 val 2.9540 best 2.7874@ep85 pat 48 (792s)
  [Data_10] ep 134 val 2.9485 best 2.7874@ep85 pat 49 (798s)
  [Data_10] ep 135 val 2.9790 best 2.7874@ep85 pat 50 (804s)
  [Data_10] EARLYSTOP ep135 best 2.7874@ep85
*** Data_10 test MAE 2.712 (804s)
==== Data_10 DONE
