command: python -m hingesense.trainer --out results/raw/ablation_no_causal_differential --target Data_11 --seed 2027 --epochs 300 --patience 50 --ablation no_causal_differential
UserWarning: Can't initialize NVML
os: Linux-6.8.0-138-generic-x86_64-with-glibc2.35
cpu: Intel(R) Xeon(R) Platinum 8480C x224, ram 1007.5 GB
gpu: NVIDIA H100 (driver 580.173.02)
python 3.11.15, torch 2.12.0+cu130, cuda 13.0
channel mask top40 = [6, 7, 8, 9, 10, 11, 12, 13, 14, 21, 22, 25, 26, 27, 28, 34, 38, 41, 46, 48, 53, 57, 59, 61, 62, 64, 67, 69, 71, 72, 74, 76, 77, 78, 80, 81, 83, 84, 85, 98]
=== Data_11 seed=2027 epochs=300 patience=50 ablation=no_causal_differential channels=120 dev=cuda:0 ===
pool=36 folds (flips=True)
  [Data_11] cond=assembly sources=32
  [Data_11] NEWBEST ep0 val=3.6626 test=3.6486
  [Data_11] ep 0 val 3.6626 best 3.6626@ep0 pat 0 (8s)
  [Data_11] ep 1 val 4.0188 best 3.6626@ep0 pat 1 (17s)
  [Data_11] NEWBEST ep2 val=3.6082 test=3.4723
  [Data_11] ep 2 val 3.6082 best 3.6082@ep2 pat 0 (28s)
  [Data_11] ep 3 val 3.7387 best 3.6082@ep2 pat 1 (41s)
  [Data_11] ep 4 val 3.7081 best 3.6082@ep2 pat 2 (55s)
  [Data_11] ep 5 val 3.9978 best 3.6082@ep2 pat 3 (69s)
  [Data_11] ep 6 val 3.7608 best 3.6082@ep2 pat 4 (83s)
  [Data_11] ep 7 val 3.6819 best 3.6082@ep2 pat 5 (98s)
  [Data_11] ep 8 val 3.9583 best 3.6082@ep2 pat 6 (113s)
  [Data_11] ep 9 val 3.8232 best 3.6082@ep2 pat 7 (127s)
  [Data_11] ep 10 val 3.6164 best 3.6082@ep2 pat 8 (142s)
  [Data_11] ep 11 val 3.7667 best 3.6082@ep2 pat 9 (156s)
  [Data_11] ep 12 val 3.7682 best 3.6082@ep2 pat 10 (171s)
  [Data_11] ep 13 val 3.7838 best 3.6082@ep2 pat 11 (186s)
  [Data_11] ep 14 val 3.8616 best 3.6082@ep2 pat 12 (201s)
  [Data_11] ep 15 val 3.6721 best 3.6082@ep2 pat 13 (216s)
  [Data_11] ep 16 val 3.9814 best 3.6082@ep2 pat 14 (230s)
  [Data_11] ep 17 val 3.9171 best 3.6082@ep2 pat 15 (245s)
  [Data_11] ep 18 val 3.7237 best 3.6082@ep2 pat 16 (260s)
  [Data_11] NEWBEST ep19 val=3.5538 test=3.4914
  [Data_11] ep 19 val 3.5538 best 3.5538@ep19 pat 0 (275s)
  [Data_11] ep 20 val 3.7543 best 3.5538@ep19 pat 1 (290s)
  [Data_11] ep 21 val 3.7800 best 3.5538@ep19 pat 2 (305s)
  [Data_11] ep 22 val 3.7261 best 3.5538@ep19 pat 3 (320s)
  [Data_11] ep 23 val 3.6495 best 3.5538@ep19 pat 4 (335s)
  [Data_11] ep 24 val 3.9721 best 3.5538@ep19 pat 5 (350s)
  [Data_11] NEWBEST ep25 val=3.5413 test=3.4223
  [Data_11] ep 25 val 3.5413 best 3.5413@ep25 pat 0 (364s)
  [Data_11] ep 26 val 3.6476 best 3.5413@ep25 pat 1 (379s)
  [Data_11] ep 27 val 3.7485 best 3.5413@ep25 pat 2 (394s)
  [Data_11] ep 28 val 3.7937 best 3.5413@ep25 pat 3 (409s)
  [Data_11] ep 29 val 3.9012 best 3.5413@ep25 pat 4 (424s)
  [Data_11] ep 30 val 3.7343 best 3.5413@ep25 pat 5 (439s)
  [Data_11] ep 31 val 3.7644 best 3.5413@ep25 pat 6 (454s)
  [Data_11] ep 32 val 3.5477 best 3.5413@ep25 pat 7 (470s)
  [Data_11] NEWBEST ep33 val=3.4306 test=3.3922
  [Data_11] ep 33 val 3.4306 best 3.4306@ep33 pat 0 (485s)
  [Data_11] ep 34 val 3.4690 best 3.4306@ep33 pat 1 (500s)
  [Data_11] ep 35 val 3.4941 best 3.4306@ep33 pat 2 (515s)
  [Data_11] ep 36 val 3.5551 best 3.4306@ep33 pat 3 (530s)
  [Data_11] ep 37 val 3.7912 best 3.4306@ep33 pat 4 (545s)
  [Data_11] ep 38 val 3.7343 best 3.4306@ep33 pat 5 (560s)
  [Data_11] ep 39 val 3.6224 best 3.4306@ep33 pat 6 (575s)
  [Data_11] ep 40 val 3.7808 best 3.4306@ep33 pat 7 (590s)
  [Data_11] ep 41 val 3.6877 best 3.4306@ep33 pat 8 (605s)
  [Data_11] ep 42 val 3.7536 best 3.4306@ep33 pat 9 (619s)
  [Data_11] ep 43 val 3.7654 best 3.4306@ep33 pat 10 (634s)
  [Data_11] ep 44 val 3.4959 best 3.4306@ep33 pat 11 (649s)
  [Data_11] ep 45 val 3.6518 best 3.4306@ep33 pat 12 (664s)
  [Data_11] ep 46 val 3.4613 best 3.4306@ep33 pat 13 (678s)
  [Data_11] ep 47 val 3.6693 best 3.4306@ep33 pat 14 (693s)
  [Data_11] ep 48 val 3.7568 best 3.4306@ep33 pat 15 (708s)
  [Data_11] ep 49 val 3.6547 best 3.4306@ep33 pat 16 (723s)
  [Data_11] ep 50 val 3.4910 best 3.4306@ep33 pat 17 (738s)
  [Data_11] ep 51 val 3.5631 best 3.4306@ep33 pat 18 (752s)
  [Data_11] ep 52 val 3.5509 best 3.4306@ep33 pat 19 (767s)
  [Data_11] ep 53 val 3.7487 best 3.4306@ep33 pat 20 (782s)
  [Data_11] ep 54 val 3.6745 best 3.4306@ep33 pat 21 (797s)
  [Data_11] ep 55 val 3.6248 best 3.4306@ep33 pat 22 (812s)
  [Data_11] ep 56 val 3.6757 best 3.4306@ep33 pat 23 (827s)
  [Data_11] NEWBEST ep57 val=3.3513 test=3.1763
  [Data_11] ep 57 val 3.3513 best 3.3513@ep57 pat 0 (841s)
  [Data_11] ep 58 val 3.5320 best 3.3513@ep57 pat 1 (856s)
  [Data_11] ep 59 val 3.7357 best 3.3513@ep57 pat 2 (871s)
  [Data_11] ep 60 val 3.5708 best 3.3513@ep57 pat 3 (885s)
  [Data_11] ep 61 val 3.5518 best 3.3513@ep57 pat 4 (900s)
  [Data_11] ep 62 val 3.4975 best 3.3513@ep57 pat 5 (914s)
  [Data_11] ep 63 val 3.7013 best 3.3513@ep57 pat 6 (928s)
  [Data_11] ep 64 val 3.5658 best 3.3513@ep57 pat 7 (942s)
  [Data_11] ep 65 val 3.6354 best 3.3513@ep57 pat 8 (956s)
  [Data_11] ep 66 val 3.7107 best 3.3513@ep57 pat 9 (971s)
  [Data_11] ep 67 val 3.7261 best 3.3513@ep57 pat 10 (985s)
  [Data_11] ep 68 val 3.8048 best 3.3513@ep57 pat 11 (998s)
  [Data_11] ep 69 val 3.5358 best 3.3513@ep57 pat 12 (1013s)
  [Data_11] ep 70 val 3.7502 best 3.3513@ep57 pat 13 (1027s)
  [Data_11] ep 71 val 3.5194 best 3.3513@ep57 pat 14 (1041s)
  [Data_11] ep 72 val 3.6884 best 3.3513@ep57 pat 15 (1055s)
  [Data_11] ep 73 val 3.6601 best 3.3513@ep57 pat 16 (1070s)
  [Data_11] ep 74 val 3.6254 best 3.3513@ep57 pat 17 (1085s)
  [Data_11] ep 75 val 3.5246 best 3.3513@ep57 pat 18 (1099s)
  [Data_11] ep 76 val 3.4797 best 3.3513@ep57 pat 19 (1113s)
  [Data_11] ep 77 val 3.6660 best 3.3513@ep57 pat 20 (1127s)
  [Data_11] ep 78 val 3.7055 best 3.3513@ep57 pat 21 (1142s)
  [Data_11] ep 79 val 3.5775 best 3.3513@ep57 pat 22 (1156s)
  [Data_11] ep 80 val 3.5377 best 3.3513@ep57 pat 23 (1170s)
  [Data_11] ep 81 val 3.7623 best 3.3513@ep57 pat 24 (1184s)
  [Data_11] ep 82 val 3.6030 best 3.3513@ep57 pat 25 (1199s)
  [Data_11] ep 83 val 3.5018 best 3.3513@ep57 pat 26 (1213s)
  [Data_11] ep 84 val 3.6045 best 3.3513@ep57 pat 27 (1227s)
  [Data_11] ep 85 val 3.4091 best 3.3513@ep57 pat 28 (1240s)
  [Data_11] ep 86 val 3.5199 best 3.3513@ep57 pat 29 (1254s)
  [Data_11] ep 87 val 3.4249 best 3.3513@ep57 pat 30 (1268s)
  [Data_11] ep 88 val 3.5170 best 3.3513@ep57 pat 31 (1282s)
  [Data_11] ep 89 val 3.5547 best 3.3513@ep57 pat 32 (1296s)
  [Data_11] ep 90 val 3.6008 best 3.3513@ep57 pat 33 (1310s)
  [Data_11] ep 91 val 3.6111 best 3.3513@ep57 pat 34 (1324s)
  [Data_11] ep 92 val 3.5314 best 3.3513@ep57 pat 35 (1338s)
  [Data_11] ep 93 val 3.5496 best 3.3513@ep57 pat 36 (1351s)
  [Data_11] ep 94 val 3.7843 best 3.3513@ep57 pat 37 (1365s)
  [Data_11] NEWBEST ep95 val=3.3470 test=3.1928
  [Data_11] ep 95 val 3.3470 best 3.3470@ep95 pat 0 (1379s)
  [Data_11] ep 96 val 3.5318 best 3.3470@ep95 pat 1 (1392s)
  [Data_11] ep 97 val 3.5725 best 3.3470@ep95 pat 2 (1406s)
  [Data_11] ep 98 val 3.5492 best 3.3470@ep95 pat 3 (1420s)
  [Data_11] NEWBEST ep99 val=3.2570 test=3.2609
  [Data_11] ep 99 val 3.2570 best 3.2570@ep99 pat 0 (1433s)
  [Data_11] ep 100 val 3.6493 best 3.2570@ep99 pat 1 (1447s)
  [Data_11] ep 101 val 3.5795 best 3.2570@ep99 pat 2 (1461s)
  [Data_11] ep 102 val 3.4857 best 3.2570@ep99 pat 3 (1474s)
  [Data_11] ep 103 val 3.5986 best 3.2570@ep99 pat 4 (1488s)
  [Data_11] ep 104 val 3.6811 best 3.2570@ep99 pat 5 (1502s)
  [Data_11] ep 105 val 3.4481 best 3.2570@ep99 pat 6 (1516s)
  [Data_11] ep 106 val 3.4506 best 3.2570@ep99 pat 7 (1530s)
  [Data_11] ep 107 val 3.4784 best 3.2570@ep99 pat 8 (1544s)
  [Data_11] NEWBEST ep108 val=3.1970 test=3.0667
  [Data_11] ep 108 val 3.1970 best 3.1970@ep108 pat 0 (1557s)
  [Data_11] ep 109 val 3.4590 best 3.1970@ep108 pat 1 (1571s)
  [Data_11] ep 110 val 3.5860 best 3.1970@ep108 pat 2 (1586s)
  [Data_11] ep 111 val 3.5948 best 3.1970@ep108 pat 3 (1599s)
  [Data_11] ep 112 val 3.6175 best 3.1970@ep108 pat 4 (1613s)
  [Data_11] ep 113 val 3.4509 best 3.1970@ep108 pat 5 (1626s)
  [Data_11] ep 114 val 3.5154 best 3.1970@ep108 pat 6 (1640s)
  [Data_11] ep 115 val 3.3811 best 3.1970@ep108 pat 7 (1654s)
  [Data_11] ep 116 val 3.4096 best 3.1970@ep108 pat 8 (1668s)
  [Data_11] ep 117 val 3.4210 best 3.1970@ep108 pat 9 (1682s)
  [Data_11] ep 118 val 3.7259 best 3.1970@ep108 pat 10 (1696s)
  [Data_11] ep 119 val 3.2279 best 3.1970@ep108 pat 11 (1710s)
  [Data_11] ep 120 val 3.3453 best 3.1970@ep108 pat 12 (1723s)
  [Data_11] ep 121 val 3.6515 best 3.1970@ep108 pat 13 (1737s)
  [Data_11] ep 122 val 3.5210 best 3.1970@ep108 pat 14 (1751s)
  [Data_11] NEWBEST ep123 val=3.1600 test=3.1871
  [Data_11] ep 123 val 3.1600 best 3.1600@ep123 pat 0 (1765s)
  [Data_11] ep 124 val 3.4316 best 3.1600@ep123 pat 1 (1779s)
  [Data_11] ep 125 val 3.3338 best 3.1600@ep123 pat 2 (1793s)
  [Data_11] ep 126 val 3.6823 best 3.1600@ep123 pat 3 (1807s)
  [Data_11] ep 127 val 3.3162 best 3.1600@ep123 pat 4 (1821s)
  [Data_11] ep 128 val 3.4752 best 3.1600@ep123 pat 5 (1834s)
  [Data_11] ep 129 val 3.3033 best 3.1600@ep123 pat 6 (1849s)
  [Data_11] ep 130 val 3.1842 best 3.1600@ep123 pat 7 (1863s)
  [Data_11] ep 131 val 3.4110 best 3.1600@ep123 pat 8 (1877s)
  [Data_11] ep 132 val 3.3081 best 3.1600@ep123 pat 9 (1890s)
  [Data_11] ep 133 val 3.6081 best 3.1600@ep123 pat 10 (1904s)
  [Data_11] ep 134 val 3.4317 best 3.1600@ep123 pat 11 (1918s)
  [Data_11] ep 135 val 3.3459 best 3.1600@ep123 pat 12 (1931s)
  [Data_11] ep 136 val 3.3556 best 3.1600@ep123 pat 13 (1945s)
  [Data_11] ep 137 val 3.5571 best 3.1600@ep123 pat 14 (1959s)
  [Data_11] ep 138 val 3.2514 best 3.1600@ep123 pat 15 (1973s)
  [Data_11] ep 139 val 3.3565 best 3.1600@ep123 pat 16 (1986s)
  [Data_11] ep 140 val 3.5169 best 3.1600@ep123 pat 17 (2000s)
  [Data_11] ep 141 val 3.6092 best 3.1600@ep123 pat 18 (2014s)
  [Data_11] ep 142 val 3.7029 best 3.1600@ep123 pat 19 (2028s)
  [Data_11] ep 143 val 3.5669 best 3.1600@ep123 pat 20 (2042s)
  [Data_11] ep 144 val 3.5436 best 3.1600@ep123 pat 21 (2056s)
  [Data_11] ep 145 val 3.5564 best 3.1600@ep123 pat 22 (2069s)
  [Data_11] ep 146 val 3.5550 best 3.1600@ep123 pat 23 (2083s)
  [Data_11] ep 147 val 3.6483 best 3.1600@ep123 pat 24 (2097s)
  [Data_11] ep 148 val 3.4415 best 3.1600@ep123 pat 25 (2111s)
  [Data_11] ep 149 val 3.5754 best 3.1600@ep123 pat 26 (2125s)
  [Data_11] ep 150 val 3.5025 best 3.1600@ep123 pat 27 (2139s)
  [Data_11] ep 151 val 3.5472 best 3.1600@ep123 pat 28 (2153s)
  [Data_11] ep 152 val 3.7974 best 3.1600@ep123 pat 29 (2167s)
  [Data_11] ep 153 val 3.5623 best 3.1600@ep123 pat 30 (2181s)
  [Data_11] ep 154 val 3.6684 best 3.1600@ep123 pat 31 (2195s)
  [Data_11] ep 155 val 3.5756 best 3.1600@ep123 pat 32 (2208s)
  [Data_11] ep 156 val 3.5508 best 3.1600@ep123 pat 33 (2221s)
  [Data_11] ep 157 val 3.5495 best 3.1600@ep123 pat 34 (2234s)
  [Data_11] ep 158 val 3.6621 best 3.1600@ep123 pat 35 (2248s)
  [Data_11] ep 159 val 3.4359 best 3.1600@ep123 pat 36 (2261s)
  [Data_11] ep 160 val 3.5261 best 3.1600@ep123 pat 37 (2275s)
  [Data_11] ep 161 val 3.5965 best 3.1600@ep123 pat 38 (2288s)
  [Data_11] ep 162 val 3.4794 best 3.1600@ep123 pat 39 (2301s)
  [Data_11] ep 163 val 3.4581 best 3.1600@ep123 pat 40 (2315s)
  [Data_11] ep 164 val 3.4392 best 3.1600@ep123 pat 41 (2328s)
  [Data_11] ep 165 val 3.3079 best 3.1600@ep123 pat 42 (2342s)
  [Data_11] ep 166 val 3.4362 best 3.1600@ep123 pat 43 (2355s)
  [Data_11] ep 167 val 3.5562 best 3.1600@ep123 pat 44 (2369s)
  [Data_11] ep 168 val 3.5512 best 3.1600@ep123 pat 45 (2382s)
  [Data_11] ep 169 val 3.4129 best 3.1600@ep123 pat 46 (2396s)
  [Data_11] ep 170 val 3.2987 best 3.1600@ep123 pat 47 (2409s)
  [Data_11] ep 171 val 3.5280 best 3.1600@ep123 pat 48 (2422s)
  [Data_11] ep 172 val 3.4186 best 3.1600@ep123 pat 49 (2436s)
  [Data_11] ep 173 val 3.6390 best 3.1600@ep123 pat 50 (2449s)
  [Data_11] EARLYSTOP ep173 best 3.1600@ep123
*** Data_11 test MAE 3.187 (2449s)
==== Data_11 DONE
