command: python -m hingesense.trainer --out results/raw/ablation_no_causal_differential --target Data_02 --seed 2027 --epochs 300 --patience 50 --ablation no_causal_differential
UserWarning: Can't initialize NVML
os: Linux-6.8.0-138-generic-x86_64-with-glibc2.35
cpu: Intel(R) Xeon(R) Platinum 8480C x224, ram 1007.5 GB
gpu: NVIDIA H100 (driver 580.173.02)
python 3.11.15, torch 2.12.0+cu130, cuda 13.0
channel mask top40 = [6, 7, 8, 9, 10, 11, 12, 13, 14, 21, 22, 25, 26, 27, 28, 34, 38, 41, 46, 48, 53, 57, 59, 61, 62, 64, 67, 69, 71, 72, 74, 76, 77, 78, 80, 81, 83, 84, 85, 98]
=== Data_02 seed=2027 epochs=300 patience=50 ablation=no_causal_differential channels=120 dev=cuda:0 ===
pool=56 folds (flips=True)
  [Data_02] cond=noload sources=52
  [Data_02] NEWBEST ep0 val=2.0327 test=1.7951
  [Data_02] ep 0 val 2.0327 best 2.0327@ep0 pat 0 (7s)
  [Data_02] NEWBEST ep1 val=2.0241 test=1.7648
  [Data_02] ep 1 val 2.0241 best 2.0241@ep1 pat 0 (13s)
  [Data_02] ep 2 val 2.0378 best 2.0241@ep1 pat 1 (19s)
  [Data_02] NEWBEST ep3 val=1.9093 test=1.7949
  [Data_02] ep 3 val 1.9093 best 1.9093@ep3 pat 0 (24s)
  [Data_02] NEWBEST ep4 val=1.9021 test=1.7611
  [Data_02] ep 4 val 1.9021 best 1.9021@ep4 pat 0 (29s)
  [Data_02] NEWBEST ep5 val=1.8431 test=1.8083
  [Data_02] ep 5 val 1.8431 best 1.8431@ep5 pat 0 (35s)
  [Data_02] ep 6 val 2.0168 best 1.8431@ep5 pat 1 (41s)
  [Data_02] ep 7 val 2.0022 best 1.8431@ep5 pat 2 (47s)
  [Data_02] ep 8 val 1.9446 best 1.8431@ep5 pat 3 (53s)
  [Data_02] ep 9 val 1.8804 best 1.8431@ep5 pat 4 (59s)
  [Data_02] NEWBEST ep10 val=1.8298 test=1.8233
  [Data_02] ep 10 val 1.8298 best 1.8298@ep10 pat 0 (65s)
  [Data_02] ep 11 val 2.0022 best 1.8298@ep10 pat 1 (71s)
  [Data_02] ep 12 val 1.8558 best 1.8298@ep10 pat 2 (77s)
  [Data_02] ep 13 val 1.8919 best 1.8298@ep10 pat 3 (84s)
  [Data_02] ep 14 val 1.8377 best 1.8298@ep10 pat 4 (90s)
  [Data_02] ep 15 val 1.9066 best 1.8298@ep10 pat 5 (96s)
  [Data_02] NEWBEST ep16 val=1.7961 test=1.7695
  [Data_02] ep 16 val 1.7961 best 1.7961@ep16 pat 0 (102s)
  [Data_02] ep 17 val 1.8492 best 1.7961@ep16 pat 1 (108s)
  [Data_02] ep 18 val 1.9605 best 1.7961@ep16 pat 2 (114s)
  [Data_02] ep 19 val 1.9599 best 1.7961@ep16 pat 3 (120s)
  [Data_02] NEWBEST ep20 val=1.7829 test=1.7727
  [Data_02] ep 20 val 1.7829 best 1.7829@ep20 pat 0 (126s)
  [Data_02] ep 21 val 1.8193 best 1.7829@ep20 pat 1 (132s)
  [Data_02] ep 22 val 1.9139 best 1.7829@ep20 pat 2 (138s)
  [Data_02] ep 23 val 1.9109 best 1.7829@ep20 pat 3 (145s)
  [Data_02] ep 24 val 1.9538 best 1.7829@ep20 pat 4 (151s)
  [Data_02] ep 25 val 1.8911 best 1.7829@ep20 pat 5 (157s)
  [Data_02] ep 26 val 1.8921 best 1.7829@ep20 pat 6 (163s)
  [Data_02] ep 27 val 1.8469 best 1.7829@ep20 pat 7 (169s)
  [Data_02] ep 28 val 1.8588 best 1.7829@ep20 pat 8 (175s)
  [Data_02] ep 29 val 1.7921 best 1.7829@ep20 pat 9 (181s)
  [Data_02] ep 30 val 1.8144 best 1.7829@ep20 pat 10 (187s)
  [Data_02] ep 31 val 1.7963 best 1.7829@ep20 pat 11 (193s)
  [Data_02] ep 32 val 1.8847 best 1.7829@ep20 pat 12 (199s)
  [Data_02] ep 33 val 1.9083 best 1.7829@ep20 pat 13 (205s)
  [Data_02] ep 34 val 1.9922 best 1.7829@ep20 pat 14 (211s)
  [Data_02] ep 35 val 1.8294 best 1.7829@ep20 pat 15 (217s)
  [Data_02] ep 36 val 1.8074 best 1.7829@ep20 pat 16 (223s)
  [Data_02] ep 37 val 1.8427 best 1.7829@ep20 pat 17 (230s)
  [Data_02] ep 38 val 1.8876 best 1.7829@ep20 pat 18 (236s)
  [Data_02] ep 39 val 1.8600 best 1.7829@ep20 pat 19 (242s)
  [Data_02] ep 40 val 1.8393 best 1.7829@ep20 pat 20 (248s)
  [Data_02] ep 41 val 1.8109 best 1.7829@ep20 pat 21 (254s)
  [Data_02] ep 42 val 1.8690 best 1.7829@ep20 pat 22 (260s)
  [Data_02] ep 43 val 1.8401 best 1.7829@ep20 pat 23 (266s)
  [Data_02] NEWBEST ep44 val=1.7556 test=1.8240
  [Data_02] ep 44 val 1.7556 best 1.7556@ep44 pat 0 (272s)
  [Data_02] ep 45 val 1.7751 best 1.7556@ep44 pat 1 (278s)
  [Data_02] ep 46 val 1.8057 best 1.7556@ep44 pat 2 (284s)
  [Data_02] ep 47 val 1.8027 best 1.7556@ep44 pat 3 (290s)
  [Data_02] NEWBEST ep48 val=1.7516 test=1.8011
  [Data_02] ep 48 val 1.7516 best 1.7516@ep48 pat 0 (297s)
  [Data_02] ep 49 val 1.7520 best 1.7516@ep48 pat 1 (303s)
  [Data_02] ep 50 val 1.8075 best 1.7516@ep48 pat 2 (309s)
  [Data_02] ep 51 val 1.8560 best 1.7516@ep48 pat 3 (315s)
  [Data_02] ep 52 val 1.8079 best 1.7516@ep48 pat 4 (321s)
  [Data_02] ep 53 val 1.9057 best 1.7516@ep48 pat 5 (327s)
  [Data_02] ep 54 val 1.7585 best 1.7516@ep48 pat 6 (333s)
  [Data_02] ep 55 val 1.8021 best 1.7516@ep48 pat 7 (339s)
  [Data_02] ep 56 val 1.8221 best 1.7516@ep48 pat 8 (345s)
  [Data_02] ep 57 val 1.8292 best 1.7516@ep48 pat 9 (351s)
  [Data_02] ep 58 val 1.7915 best 1.7516@ep48 pat 10 (357s)
  [Data_02] ep 59 val 1.8485 best 1.7516@ep48 pat 11 (363s)
  [Data_02] ep 60 val 1.7758 best 1.7516@ep48 pat 12 (369s)
  [Data_02] ep 61 val 1.8669 best 1.7516@ep48 pat 13 (374s)
  [Data_02] ep 62 val 1.8834 best 1.7516@ep48 pat 14 (380s)
  [Data_02] ep 63 val 1.8212 best 1.7516@ep48 pat 15 (386s)
  [Data_02] ep 64 val 1.8877 best 1.7516@ep48 pat 16 (392s)
  [Data_02] ep 65 val 1.7825 best 1.7516@ep48 pat 17 (398s)
  [Data_02] ep 66 val 1.7814 best 1.7516@ep48 pat 18 (404s)
  [Data_02] ep 67 val 1.7833 best 1.7516@ep48 pat 19 (410s)
  [Data_02] ep 68 val 1.8766 best 1.7516@ep48 pat 20 (416s)
  [Data_02] ep 69 val 1.8598 best 1.7516@ep48 pat 21 (422s)
  [Data_02] ep 70 val 1.8313 best 1.7516@ep48 pat 22 (428s)
  [Data_02] ep 71 val 1.8163 best 1.7516@ep48 pat 23 (434s)
  [Data_02] ep 72 val 1.8275 best 1.7516@ep48 pat 24 (440s)
  [Data_02] ep 73 val 1.8375 best 1.7516@ep48 pat 25 (445s)
  [Data_02] ep 74 val 1.8180 best 1.7516@ep48 pat 26 (451s)
  [Data_02] ep 75 val 1.8477 best 1.7516@ep48 pat 27 (457s)
  [Data_02] ep 76 val 1.8237 best 1.7516@ep48 pat 28 (463s)
  [Data_02] ep 77 val 1.8807 best 1.7516@ep48 pat 29 (469s)
  [Data_02] ep 78 val 1.8081 best 1.7516@ep48 pat 30 (475s)
  [Data_02] ep 79 val 1.8313 best 1.7516@ep48 pat 31 (481s)
  [Data_02] ep 80 val 1.8260 best 1.7516@ep48 pat 32 (487s)
  [Data_02] ep 81 val 1.7717 best 1.7516@ep48 pat 33 (492s)
  [Data_02] ep 82 val 1.8475 best 1.7516@ep48 pat 34 (498s)
  [Data_02] ep 83 val 1.8100 best 1.7516@ep48 pat 35 (504s)
  [Data_02] ep 84 val 1.8270 best 1.7516@ep48 pat 36 (510s)
  [Data_02] ep 85 val 1.8266 best 1.7516@ep48 pat 37 (516s)
  [Data_02] NEWBEST ep86 val=1.7424 test=1.8388
  [Data_02] ep 86 val 1.7424 best 1.7424@ep86 pat 0 (522s)
  [Data_02] ep 87 val 1.8476 best 1.7424@ep86 pat 1 (528s)
  [Data_02] ep 88 val 1.8526 best 1.7424@ep86 pat 2 (534s)
  [Data_02] ep 89 val 1.8368 best 1.7424@ep86 pat 3 (540s)
  [Data_02] ep 90 val 1.8052 best 1.7424@ep86 pat 4 (546s)
  [Data_02] ep 91 val 1.9010 best 1.7424@ep86 pat 5 (552s)
  [Data_02] ep 92 val 1.7776 best 1.7424@ep86 pat 6 (558s)
  [Data_02] ep 93 val 1.8451 best 1.7424@ep86 pat 7 (564s)
  [Data_02] ep 94 val 1.8005 best 1.7424@ep86 pat 8 (570s)
  [Data_02] ep 95 val 1.8827 best 1.7424@ep86 pat 9 (575s)
  [Data_02] ep 96 val 1.7800 best 1.7424@ep86 pat 10 (581s)
  [Data_02] ep 97 val 1.7766 best 1.7424@ep86 pat 11 (587s)
  [Data_02] ep 98 val 1.7585 best 1.7424@ep86 pat 12 (593s)
  [Data_02] ep 99 val 1.7989 best 1.7424@ep86 pat 13 (599s)
  [Data_02] ep 100 val 1.8066 best 1.7424@ep86 pat 14 (605s)
  [Data_02] NEWBEST ep101 val=1.7303 test=1.7709
  [Data_02] ep 101 val 1.7303 best 1.7303@ep101 pat 0 (611s)
  [Data_02] ep 102 val 1.7759 best 1.7303@ep101 pat 1 (617s)
  [Data_02] ep 103 val 1.8037 best 1.7303@ep101 pat 2 (623s)
  [Data_02] ep 104 val 1.7781 best 1.7303@ep101 pat 3 (629s)
  [Data_02] ep 105 val 1.7761 best 1.7303@ep101 pat 4 (634s)
  [Data_02] ep 106 val 1.7827 best 1.7303@ep101 pat 5 (640s)
  [Data_02] ep 107 val 1.7912 best 1.7303@ep101 pat 6 (646s)
  [Data_02] ep 108 val 1.7747 best 1.7303@ep101 pat 7 (652s)
  [Data_02] ep 109 val 1.7619 best 1.7303@ep101 pat 8 (658s)
  [Data_02] ep 110 val 1.7309 best 1.7303@ep101 pat 9 (663s)
  [Data_02] ep 111 val 1.7511 best 1.7303@ep101 pat 10 (669s)
  [Data_02] ep 112 val 1.8067 best 1.7303@ep101 pat 11 (675s)
  [Data_02] ep 113 val 1.7714 best 1.7303@ep101 pat 12 (681s)
  [Data_02] NEWBEST ep114 val=1.7298 test=1.8145
  [Data_02] ep 114 val 1.7298 best 1.7298@ep114 pat 0 (686s)
  [Data_02] ep 115 val 1.7492 best 1.7298@ep114 pat 1 (692s)
  [Data_02] ep 116 val 1.8033 best 1.7298@ep114 pat 2 (698s)
  [Data_02] ep 117 val 1.7904 best 1.7298@ep114 pat 3 (704s)
  [Data_02] ep 118 val 1.7828 best 1.7298@ep114 pat 4 (710s)
  [Data_02] ep 119 val 1.8069 best 1.7298@ep114 pat 5 (715s)
  [Data_02] ep 120 val 1.8116 best 1.7298@ep114 pat 6 (721s)
  [Data_02] ep 121 val 1.7826 best 1.7298@ep114 pat 7 (727s)
  [Data_02] ep 122 val 1.7735 best 1.7298@ep114 pat 8 (733s)
  [Data_02] NEWBEST ep123 val=1.7069 test=1.7584
  [Data_02] ep 123 val 1.7069 best 1.7069@ep123 pat 0 (738s)
  [Data_02] ep 124 val 1.7874 best 1.7069@ep123 pat 1 (744s)
  [Data_02] ep 125 val 1.8055 best 1.7069@ep123 pat 2 (750s)
  [Data_02] ep 126 val 1.7886 best 1.7069@ep123 pat 3 (756s)
  [Data_02] ep 127 val 1.7895 best 1.7069@ep123 pat 4 (761s)
  [Data_02] ep 128 val 1.7942 best 1.7069@ep123 pat 5 (767s)
  [Data_02] ep 129 val 1.7998 best 1.7069@ep123 pat 6 (773s)
  [Data_02] ep 130 val 1.7840 best 1.7069@ep123 pat 7 (779s)
  [Data_02] ep 131 val 1.8310 best 1.7069@ep123 pat 8 (785s)
  [Data_02] ep 132 val 1.7630 best 1.7069@ep123 pat 9 (790s)
  [Data_02] ep 133 val 1.7734 best 1.7069@ep123 pat 10 (796s)
  [Data_02] ep 134 val 1.7545 best 1.7069@ep123 pat 11 (802s)
  [Data_02] ep 135 val 1.7937 best 1.7069@ep123 pat 12 (808s)
  [Data_02] ep 136 val 1.7706 best 1.7069@ep123 pat 13 (813s)
  [Data_02] ep 137 val 1.7413 best 1.7069@ep123 pat 14 (819s)
  [Data_02] ep 138 val 1.7864 best 1.7069@ep123 pat 15 (825s)
  [Data_02] ep 139 val 1.7839 best 1.7069@ep123 pat 16 (831s)
  [Data_02] ep 140 val 1.7416 best 1.7069@ep123 pat 17 (836s)
  [Data_02] ep 141 val 1.7240 best 1.7069@ep123 pat 18 (842s)
  [Data_02] ep 142 val 1.7971 best 1.7069@ep123 pat 19 (848s)
  [Data_02] ep 143 val 1.7622 best 1.7069@ep123 pat 20 (853s)
  [Data_02] ep 144 val 1.7788 best 1.7069@ep123 pat 21 (859s)
  [Data_02] ep 145 val 1.7215 best 1.7069@ep123 pat 22 (865s)
  [Data_02] ep 146 val 1.7956 best 1.7069@ep123 pat 23 (871s)
  [Data_02] ep 147 val 1.7900 best 1.7069@ep123 pat 24 (877s)
  [Data_02] ep 148 val 1.8084 best 1.7069@ep123 pat 25 (882s)
  [Data_02] ep 149 val 1.7487 best 1.7069@ep123 pat 26 (888s)
  [Data_02] ep 150 val 1.7699 best 1.7069@ep123 pat 27 (894s)
  [Data_02] ep 151 val 1.8369 best 1.7069@ep123 pat 28 (900s)
  [Data_02] ep 152 val 1.7530 best 1.7069@ep123 pat 29 (905s)
  [Data_02] ep 153 val 1.8227 best 1.7069@ep123 pat 30 (911s)
  [Data_02] ep 154 val 1.7758 best 1.7069@ep123 pat 31 (917s)
  [Data_02] ep 155 val 1.7788 best 1.7069@ep123 pat 32 (922s)
  [Data_02] ep 156 val 1.7577 best 1.7069@ep123 pat 33 (928s)
  [Data_02] ep 157 val 1.7873 best 1.7069@ep123 pat 34 (934s)
  [Data_02] ep 158 val 1.7586 best 1.7069@ep123 pat 35 (940s)
  [Data_02] ep 159 val 1.7944 best 1.7069@ep123 pat 36 (946s)
  [Data_02] ep 160 val 1.8177 best 1.7069@ep123 pat 37 (951s)
  [Data_02] ep 161 val 1.8175 best 1.7069@ep123 pat 38 (957s)
  [Data_02] ep 162 val 1.8059 best 1.7069@ep123 pat 39 (963s)
  [Data_02] ep 163 val 1.7569 best 1.7069@ep123 pat 40 (969s)
  [Data_02] ep 164 val 1.7309 best 1.7069@ep123 pat 41 (975s)
  [Data_02] ep 165 val 1.7591 best 1.7069@ep123 pat 42 (980s)
  [Data_02] ep 166 val 1.7709 best 1.7069@ep123 pat 43 (986s)
  [Data_02] ep 167 val 1.8129 best 1.7069@ep123 pat 44 (992s)
  [Data_02] ep 168 val 1.8003 best 1.7069@ep123 pat 45 (998s)
  [Data_02] ep 169 val 1.8084 best 1.7069@ep123 pat 46 (1004s)
  [Data_02] ep 170 val 1.7392 best 1.7069@ep123 pat 47 (1009s)
  [Data_02] ep 171 val 1.7704 best 1.7069@ep123 pat 48 (1015s)
  [Data_02] ep 172 val 1.7398 best 1.7069@ep123 pat 49 (1021s)
  [Data_02] ep 173 val 1.7331 best 1.7069@ep123 pat 50 (1027s)
  [Data_02] EARLYSTOP ep173 best 1.7069@ep123
*** Data_02 test MAE 1.758 (1027s)
==== Data_02 DONE
