command: python -m hingesense.trainer --out results/raw/ablation_no_causal_differential --target Data_12 --seed 2027 --epochs 300 --patience 50 --ablation no_causal_differential
UserWarning: Can't initialize NVML
os: Linux-6.8.0-138-generic-x86_64-with-glibc2.35
cpu: Intel(R) Xeon(R) Platinum 8480C x224, ram 1007.5 GB
gpu: NVIDIA H100 (driver 580.173.02)
python 3.11.15, torch 2.12.0+cu130, cuda 13.0
channel mask top40 = [6, 7, 8, 9, 10, 11, 12, 13, 14, 21, 22, 25, 26, 27, 28, 34, 38, 41, 46, 48, 53, 57, 59, 61, 62, 64, 67, 69, 71, 72, 74, 76, 77, 78, 80, 81, 83, 84, 85, 98]
=== Data_12 seed=2027 epochs=300 patience=50 ablation=no_causal_differential channels=120 dev=cuda:0 ===
pool=36 folds (flips=True)
  [Data_12] cond=assembly sources=32
  [Data_12] NEWBEST ep0 val=1.7766 test=1.3720
  [Data_12] ep 0 val 1.7766 best 1.7766@ep0 pat 0 (6s)
  [Data_12] NEWBEST ep1 val=1.6563 test=1.3297
  [Data_12] ep 1 val 1.6563 best 1.6563@ep1 pat 0 (12s)
  [Data_12] NEWBEST ep2 val=1.6353 test=1.3597
  [Data_12] ep 2 val 1.6353 best 1.6353@ep2 pat 0 (17s)
  [Data_12] NEWBEST ep3 val=1.5740 test=1.2851
  [Data_12] ep 3 val 1.5740 best 1.5740@ep3 pat 0 (22s)
  [Data_12] ep 4 val 1.6161 best 1.5740@ep3 pat 1 (27s)
  [Data_12] ep 5 val 1.7283 best 1.5740@ep3 pat 2 (32s)
  [Data_12] ep 6 val 1.6877 best 1.5740@ep3 pat 3 (37s)
  [Data_12] NEWBEST ep7 val=1.4710 test=1.1994
  [Data_12] ep 7 val 1.4710 best 1.4710@ep7 pat 0 (43s)
  [Data_12] ep 8 val 1.5521 best 1.4710@ep7 pat 1 (50s)
  [Data_12] ep 9 val 1.7065 best 1.4710@ep7 pat 2 (56s)
  [Data_12] ep 10 val 1.6604 best 1.4710@ep7 pat 3 (62s)
  [Data_12] ep 11 val 1.5967 best 1.4710@ep7 pat 4 (68s)
  [Data_12] ep 12 val 1.6732 best 1.4710@ep7 pat 5 (74s)
  [Data_12] ep 13 val 1.7244 best 1.4710@ep7 pat 6 (80s)
  [Data_12] ep 14 val 1.7113 best 1.4710@ep7 pat 7 (86s)
  [Data_12] ep 15 val 1.5102 best 1.4710@ep7 pat 8 (92s)
  [Data_12] ep 16 val 1.6278 best 1.4710@ep7 pat 9 (99s)
  [Data_12] ep 17 val 1.5846 best 1.4710@ep7 pat 10 (105s)
  [Data_12] ep 18 val 1.5986 best 1.4710@ep7 pat 11 (111s)
  [Data_12] ep 19 val 1.6591 best 1.4710@ep7 pat 12 (117s)
  [Data_12] ep 20 val 1.7186 best 1.4710@ep7 pat 13 (123s)
  [Data_12] ep 21 val 1.6121 best 1.4710@ep7 pat 14 (129s)
  [Data_12] ep 22 val 1.6472 best 1.4710@ep7 pat 15 (135s)
  [Data_12] ep 23 val 1.6136 best 1.4710@ep7 pat 16 (141s)
  [Data_12] ep 24 val 1.6518 best 1.4710@ep7 pat 17 (147s)
  [Data_12] ep 25 val 1.6530 best 1.4710@ep7 pat 18 (153s)
  [Data_12] ep 26 val 1.5833 best 1.4710@ep7 pat 19 (159s)
  [Data_12] ep 27 val 1.6123 best 1.4710@ep7 pat 20 (166s)
  [Data_12] ep 28 val 1.5366 best 1.4710@ep7 pat 21 (172s)
  [Data_12] ep 29 val 1.7033 best 1.4710@ep7 pat 22 (178s)
  [Data_12] ep 30 val 1.5760 best 1.4710@ep7 pat 23 (184s)
  [Data_12] ep 31 val 1.6168 best 1.4710@ep7 pat 24 (190s)
  [Data_12] ep 32 val 1.6938 best 1.4710@ep7 pat 25 (196s)
  [Data_12] ep 33 val 1.6462 best 1.4710@ep7 pat 26 (202s)
  [Data_12] ep 34 val 1.5342 best 1.4710@ep7 pat 27 (209s)
  [Data_12] ep 35 val 1.5827 best 1.4710@ep7 pat 28 (215s)
  [Data_12] ep 36 val 1.6005 best 1.4710@ep7 pat 29 (221s)
  [Data_12] ep 37 val 1.5829 best 1.4710@ep7 pat 30 (227s)
  [Data_12] ep 38 val 1.4954 best 1.4710@ep7 pat 31 (233s)
  [Data_12] ep 39 val 1.6186 best 1.4710@ep7 pat 32 (239s)
  [Data_12] ep 40 val 1.6313 best 1.4710@ep7 pat 33 (245s)
  [Data_12] ep 41 val 1.5907 best 1.4710@ep7 pat 34 (251s)
  [Data_12] ep 42 val 1.6325 best 1.4710@ep7 pat 35 (257s)
  [Data_12] ep 43 val 1.5478 best 1.4710@ep7 pat 36 (263s)
  [Data_12] ep 44 val 1.6425 best 1.4710@ep7 pat 37 (269s)
  [Data_12] ep 45 val 1.5124 best 1.4710@ep7 pat 38 (276s)
  [Data_12] ep 46 val 1.5308 best 1.4710@ep7 pat 39 (282s)
  [Data_12] ep 47 val 1.5995 best 1.4710@ep7 pat 40 (288s)
  [Data_12] ep 48 val 1.5841 best 1.4710@ep7 pat 41 (294s)
  [Data_12] ep 49 val 1.5835 best 1.4710@ep7 pat 42 (300s)
  [Data_12] ep 50 val 1.5967 best 1.4710@ep7 pat 43 (306s)
  [Data_12] ep 51 val 1.5899 best 1.4710@ep7 pat 44 (312s)
  [Data_12] ep 52 val 1.5400 best 1.4710@ep7 pat 45 (318s)
  [Data_12] ep 53 val 1.6104 best 1.4710@ep7 pat 46 (325s)
  [Data_12] ep 54 val 1.5391 best 1.4710@ep7 pat 47 (331s)
  [Data_12] ep 55 val 1.5963 best 1.4710@ep7 pat 48 (337s)
  [Data_12] ep 56 val 1.6062 best 1.4710@ep7 pat 49 (343s)
  [Data_12] ep 57 val 1.5281 best 1.4710@ep7 pat 50 (349s)
  [Data_12] EARLYSTOP ep57 best 1.4710@ep7
*** Data_12 test MAE 1.199 (349s)
==== Data_12 DONE
