command: python -m hingesense.trainer --out results/raw/ablation_no_causal_differential --target Data_05 --seed 2027 --epochs 300 --patience 50 --ablation no_causal_differential
UserWarning: Can't initialize NVML
os: Linux-6.8.0-138-generic-x86_64-with-glibc2.35
cpu: Intel(R) Xeon(R) Platinum 8480C x224, ram 1007.5 GB
gpu: NVIDIA H100 (driver 580.173.02)
python 3.11.15, torch 2.12.0+cu130, cuda 13.0
channel mask top40 = [6, 7, 8, 9, 10, 11, 12, 13, 14, 21, 22, 25, 26, 27, 28, 34, 38, 41, 46, 48, 53, 57, 59, 61, 62, 64, 67, 69, 71, 72, 74, 76, 77, 78, 80, 81, 83, 84, 85, 98]
=== Data_05 seed=2027 epochs=300 patience=50 ablation=no_causal_differential channels=120 dev=cuda:0 ===
pool=56 folds (flips=True)
  [Data_05] cond=noload sources=52
  [Data_05] NEWBEST ep0 val=3.7419 test=2.5836
  [Data_05] ep 0 val 3.7419 best 3.7419@ep0 pat 0 (12s)
  [Data_05] ep 1 val 4.0617 best 3.7419@ep0 pat 1 (22s)
  [Data_05] NEWBEST ep2 val=3.0332 test=2.3970
  [Data_05] ep 2 val 3.0332 best 3.0332@ep2 pat 0 (36s)
  [Data_05] ep 3 val 3.6584 best 3.0332@ep2 pat 1 (50s)
  [Data_05] ep 4 val 3.6498 best 3.0332@ep2 pat 2 (65s)
  [Data_05] ep 5 val 3.2429 best 3.0332@ep2 pat 3 (79s)
  [Data_05] ep 6 val 3.7275 best 3.0332@ep2 pat 4 (94s)
  [Data_05] ep 7 val 4.0549 best 3.0332@ep2 pat 5 (109s)
  [Data_05] NEWBEST ep8 val=2.8297 test=2.4811
  [Data_05] ep 8 val 2.8297 best 2.8297@ep8 pat 0 (124s)
  [Data_05] ep 9 val 3.4257 best 2.8297@ep8 pat 1 (138s)
  [Data_05] ep 10 val 3.2704 best 2.8297@ep8 pat 2 (153s)
  [Data_05] ep 11 val 2.9712 best 2.8297@ep8 pat 3 (168s)
  [Data_05] ep 12 val 3.2394 best 2.8297@ep8 pat 4 (183s)
  [Data_05] ep 13 val 3.6821 best 2.8297@ep8 pat 5 (198s)
  [Data_05] ep 14 val 3.8578 best 2.8297@ep8 pat 6 (213s)
  [Data_05] ep 15 val 3.9956 best 2.8297@ep8 pat 7 (228s)
  [Data_05] ep 16 val 3.5805 best 2.8297@ep8 pat 8 (243s)
  [Data_05] ep 17 val 3.6336 best 2.8297@ep8 pat 9 (257s)
  [Data_05] ep 18 val 3.4580 best 2.8297@ep8 pat 10 (272s)
  [Data_05] NEWBEST ep19 val=2.7647 test=2.5462
  [Data_05] ep 19 val 2.7647 best 2.7647@ep19 pat 0 (288s)
  [Data_05] ep 20 val 3.1809 best 2.7647@ep19 pat 1 (302s)
  [Data_05] ep 21 val 3.4656 best 2.7647@ep19 pat 2 (317s)
  [Data_05] ep 22 val 3.1507 best 2.7647@ep19 pat 3 (332s)
  [Data_05] ep 23 val 2.9485 best 2.7647@ep19 pat 4 (347s)
  [Data_05] ep 24 val 3.0312 best 2.7647@ep19 pat 5 (362s)
  [Data_05] ep 25 val 3.3683 best 2.7647@ep19 pat 6 (377s)
  [Data_05] ep 26 val 3.6119 best 2.7647@ep19 pat 7 (392s)
  [Data_05] ep 27 val 3.1867 best 2.7647@ep19 pat 8 (407s)
  [Data_05] ep 28 val 3.7941 best 2.7647@ep19 pat 9 (422s)
  [Data_05] ep 29 val 3.3567 best 2.7647@ep19 pat 10 (437s)
  [Data_05] ep 30 val 3.3463 best 2.7647@ep19 pat 11 (453s)
  [Data_05] ep 31 val 3.3947 best 2.7647@ep19 pat 12 (468s)
  [Data_05] ep 32 val 3.5169 best 2.7647@ep19 pat 13 (483s)
  [Data_05] ep 33 val 3.6340 best 2.7647@ep19 pat 14 (498s)
  [Data_05] ep 34 val 3.2950 best 2.7647@ep19 pat 15 (513s)
  [Data_05] ep 35 val 2.9696 best 2.7647@ep19 pat 16 (528s)
  [Data_05] ep 36 val 3.4321 best 2.7647@ep19 pat 17 (543s)
  [Data_05] ep 37 val 2.8261 best 2.7647@ep19 pat 18 (558s)
  [Data_05] ep 38 val 3.1265 best 2.7647@ep19 pat 19 (573s)
  [Data_05] ep 39 val 3.3564 best 2.7647@ep19 pat 20 (589s)
  [Data_05] ep 40 val 3.0330 best 2.7647@ep19 pat 21 (604s)
  [Data_05] ep 41 val 3.4090 best 2.7647@ep19 pat 22 (618s)
  [Data_05] ep 42 val 3.0893 best 2.7647@ep19 pat 23 (633s)
  [Data_05] ep 43 val 2.8003 best 2.7647@ep19 pat 24 (648s)
  [Data_05] ep 44 val 3.1042 best 2.7647@ep19 pat 25 (663s)
  [Data_05] ep 45 val 3.5800 best 2.7647@ep19 pat 26 (678s)
  [Data_05] ep 46 val 3.0908 best 2.7647@ep19 pat 27 (693s)
  [Data_05] ep 47 val 2.9210 best 2.7647@ep19 pat 28 (708s)
  [Data_05] ep 48 val 2.9812 best 2.7647@ep19 pat 29 (723s)
  [Data_05] ep 49 val 2.9313 best 2.7647@ep19 pat 30 (738s)
  [Data_05] ep 50 val 2.7857 best 2.7647@ep19 pat 31 (753s)
  [Data_05] ep 51 val 2.9582 best 2.7647@ep19 pat 32 (768s)
  [Data_05] ep 52 val 2.8671 best 2.7647@ep19 pat 33 (783s)
  [Data_05] ep 53 val 3.0990 best 2.7647@ep19 pat 34 (798s)
  [Data_05] NEWBEST ep54 val=2.7310 test=2.5928
  [Data_05] ep 54 val 2.7310 best 2.7310@ep54 pat 0 (813s)
  [Data_05] ep 55 val 2.9546 best 2.7310@ep54 pat 1 (828s)
  [Data_05] ep 56 val 2.8285 best 2.7310@ep54 pat 2 (843s)
  [Data_05] NEWBEST ep57 val=2.6824 test=2.6645
  [Data_05] ep 57 val 2.6824 best 2.6824@ep57 pat 0 (858s)
  [Data_05] ep 58 val 2.9599 best 2.6824@ep57 pat 1 (873s)
  [Data_05] ep 59 val 2.9318 best 2.6824@ep57 pat 2 (887s)
  [Data_05] NEWBEST ep60 val=2.6541 test=2.6716
  [Data_05] ep 60 val 2.6541 best 2.6541@ep60 pat 0 (902s)
  [Data_05] NEWBEST ep61 val=2.5511 test=2.6719
  [Data_05] ep 61 val 2.5511 best 2.5511@ep61 pat 0 (916s)
  [Data_05] ep 62 val 2.5889 best 2.5511@ep61 pat 1 (931s)
  [Data_05] ep 63 val 3.0656 best 2.5511@ep61 pat 2 (945s)
  [Data_05] ep 64 val 2.5906 best 2.5511@ep61 pat 3 (959s)
  [Data_05] ep 65 val 2.9720 best 2.5511@ep61 pat 4 (973s)
  [Data_05] ep 66 val 2.8139 best 2.5511@ep61 pat 5 (987s)
  [Data_05] ep 67 val 3.1662 best 2.5511@ep61 pat 6 (1001s)
  [Data_05] ep 68 val 2.7114 best 2.5511@ep61 pat 7 (1015s)
  [Data_05] ep 69 val 2.6948 best 2.5511@ep61 pat 8 (1029s)
  [Data_05] ep 70 val 2.6854 best 2.5511@ep61 pat 9 (1043s)
  [Data_05] ep 71 val 3.0160 best 2.5511@ep61 pat 10 (1057s)
  [Data_05] ep 72 val 2.9520 best 2.5511@ep61 pat 11 (1072s)
  [Data_05] ep 73 val 2.6449 best 2.5511@ep61 pat 12 (1086s)
  [Data_05] ep 74 val 2.7276 best 2.5511@ep61 pat 13 (1100s)
  [Data_05] ep 75 val 2.8250 best 2.5511@ep61 pat 14 (1114s)
  [Data_05] ep 76 val 2.8371 best 2.5511@ep61 pat 15 (1128s)
  [Data_05] ep 77 val 2.7429 best 2.5511@ep61 pat 16 (1143s)
  [Data_05] ep 78 val 2.6516 best 2.5511@ep61 pat 17 (1157s)
  [Data_05] ep 79 val 2.9842 best 2.5511@ep61 pat 18 (1171s)
  [Data_05] ep 80 val 2.7655 best 2.5511@ep61 pat 19 (1185s)
  [Data_05] ep 81 val 2.7678 best 2.5511@ep61 pat 20 (1199s)
  [Data_05] ep 82 val 2.7612 best 2.5511@ep61 pat 21 (1213s)
  [Data_05] ep 83 val 2.8943 best 2.5511@ep61 pat 22 (1227s)
  [Data_05] ep 84 val 2.8370 best 2.5511@ep61 pat 23 (1241s)
  [Data_05] ep 85 val 2.7427 best 2.5511@ep61 pat 24 (1255s)
  [Data_05] ep 86 val 2.6540 best 2.5511@ep61 pat 25 (1268s)
  [Data_05] ep 87 val 2.8488 best 2.5511@ep61 pat 26 (1282s)
  [Data_05] ep 88 val 2.9133 best 2.5511@ep61 pat 27 (1296s)
  [Data_05] ep 89 val 2.8400 best 2.5511@ep61 pat 28 (1310s)
  [Data_05] ep 90 val 2.6852 best 2.5511@ep61 pat 29 (1324s)
  [Data_05] ep 91 val 2.5957 best 2.5511@ep61 pat 30 (1337s)
  [Data_05] ep 92 val 2.6138 best 2.5511@ep61 pat 31 (1351s)
  [Data_05] ep 93 val 2.6828 best 2.5511@ep61 pat 32 (1364s)
  [Data_05] ep 94 val 2.7337 best 2.5511@ep61 pat 33 (1378s)
  [Data_05] ep 95 val 2.6978 best 2.5511@ep61 pat 34 (1392s)
  [Data_05] ep 96 val 2.6621 best 2.5511@ep61 pat 35 (1405s)
  [Data_05] ep 97 val 2.6185 best 2.5511@ep61 pat 36 (1419s)
  [Data_05] ep 98 val 2.7703 best 2.5511@ep61 pat 37 (1433s)
  [Data_05] ep 99 val 2.7356 best 2.5511@ep61 pat 38 (1446s)
  [Data_05] ep 100 val 2.9219 best 2.5511@ep61 pat 39 (1460s)
  [Data_05] ep 101 val 2.7731 best 2.5511@ep61 pat 40 (1474s)
  [Data_05] ep 102 val 2.8321 best 2.5511@ep61 pat 41 (1487s)
  [Data_05] ep 103 val 2.6950 best 2.5511@ep61 pat 42 (1501s)
  [Data_05] ep 104 val 2.9693 best 2.5511@ep61 pat 43 (1515s)
  [Data_05] ep 105 val 2.9142 best 2.5511@ep61 pat 44 (1529s)
  [Data_05] ep 106 val 2.6113 best 2.5511@ep61 pat 45 (1543s)
  [Data_05] ep 107 val 2.8168 best 2.5511@ep61 pat 46 (1557s)
  [Data_05] ep 108 val 2.8371 best 2.5511@ep61 pat 47 (1571s)
  [Data_05] NEWBEST ep109 val=2.5031 test=2.4671
  [Data_05] ep 109 val 2.5031 best 2.5031@ep109 pat 0 (1585s)
  [Data_05] ep 110 val 2.6427 best 2.5031@ep109 pat 1 (1599s)
  [Data_05] ep 111 val 2.6174 best 2.5031@ep109 pat 2 (1613s)
  [Data_05] ep 112 val 2.5332 best 2.5031@ep109 pat 3 (1626s)
  [Data_05] ep 113 val 2.6353 best 2.5031@ep109 pat 4 (1640s)
  [Data_05] ep 114 val 2.6724 best 2.5031@ep109 pat 5 (1653s)
  [Data_05] ep 115 val 2.5603 best 2.5031@ep109 pat 6 (1667s)
  [Data_05] ep 116 val 2.6381 best 2.5031@ep109 pat 7 (1681s)
  [Data_05] ep 117 val 2.5318 best 2.5031@ep109 pat 8 (1695s)
  [Data_05] ep 118 val 2.6827 best 2.5031@ep109 pat 9 (1709s)
  [Data_05] ep 119 val 2.6819 best 2.5031@ep109 pat 10 (1722s)
  [Data_05] ep 120 val 2.5272 best 2.5031@ep109 pat 11 (1736s)
  [Data_05] NEWBEST ep121 val=2.4311 test=2.5155
  [Data_05] ep 121 val 2.4311 best 2.4311@ep121 pat 0 (1750s)
  [Data_05] ep 122 val 2.5182 best 2.4311@ep121 pat 1 (1764s)
  [Data_05] ep 123 val 2.5225 best 2.4311@ep121 pat 2 (1778s)
  [Data_05] ep 124 val 2.6396 best 2.4311@ep121 pat 3 (1792s)
  [Data_05] ep 125 val 2.6335 best 2.4311@ep121 pat 4 (1805s)
  [Data_05] ep 126 val 2.4805 best 2.4311@ep121 pat 5 (1819s)
  [Data_05] ep 127 val 2.5399 best 2.4311@ep121 pat 6 (1833s)
  [Data_05] ep 128 val 2.7065 best 2.4311@ep121 pat 7 (1846s)
  [Data_05] ep 129 val 2.7407 best 2.4311@ep121 pat 8 (1860s)
  [Data_05] ep 130 val 2.6523 best 2.4311@ep121 pat 9 (1874s)
  [Data_05] ep 131 val 2.6250 best 2.4311@ep121 pat 10 (1888s)
  [Data_05] ep 132 val 2.5265 best 2.4311@ep121 pat 11 (1901s)
  [Data_05] ep 133 val 2.6961 best 2.4311@ep121 pat 12 (1915s)
  [Data_05] ep 134 val 2.4670 best 2.4311@ep121 pat 13 (1929s)
  [Data_05] ep 135 val 2.6465 best 2.4311@ep121 pat 14 (1942s)
  [Data_05] NEWBEST ep136 val=2.3859 test=2.7033
  [Data_05] ep 136 val 2.3859 best 2.3859@ep136 pat 0 (1956s)
  [Data_05] ep 137 val 2.6557 best 2.3859@ep136 pat 1 (1970s)
  [Data_05] ep 138 val 2.7662 best 2.3859@ep136 pat 2 (1983s)
  [Data_05] ep 139 val 2.5414 best 2.3859@ep136 pat 3 (1997s)
  [Data_05] ep 140 val 2.4495 best 2.3859@ep136 pat 4 (2011s)
  [Data_05] ep 141 val 2.6107 best 2.3859@ep136 pat 5 (2024s)
  [Data_05] ep 142 val 2.6013 best 2.3859@ep136 pat 6 (2038s)
  [Data_05] ep 143 val 2.8142 best 2.3859@ep136 pat 7 (2052s)
  [Data_05] ep 144 val 2.8074 best 2.3859@ep136 pat 8 (2066s)
  [Data_05] ep 145 val 2.6471 best 2.3859@ep136 pat 9 (2079s)
  [Data_05] ep 146 val 2.6081 best 2.3859@ep136 pat 10 (2094s)
  [Data_05] ep 147 val 2.5844 best 2.3859@ep136 pat 11 (2107s)
  [Data_05] ep 148 val 2.4965 best 2.3859@ep136 pat 12 (2121s)
  [Data_05] ep 149 val 2.9584 best 2.3859@ep136 pat 13 (2135s)
  [Data_05] ep 150 val 2.6615 best 2.3859@ep136 pat 14 (2149s)
  [Data_05] ep 151 val 2.6883 best 2.3859@ep136 pat 15 (2162s)
  [Data_05] ep 152 val 2.8267 best 2.3859@ep136 pat 16 (2176s)
  [Data_05] ep 153 val 2.5326 best 2.3859@ep136 pat 17 (2190s)
  [Data_05] ep 154 val 2.8132 best 2.3859@ep136 pat 18 (2203s)
  [Data_05] ep 155 val 2.8286 best 2.3859@ep136 pat 19 (2216s)
  [Data_05] ep 156 val 2.6951 best 2.3859@ep136 pat 20 (2229s)
  [Data_05] ep 157 val 2.6029 best 2.3859@ep136 pat 21 (2243s)
  [Data_05] ep 158 val 2.8596 best 2.3859@ep136 pat 22 (2256s)
  [Data_05] ep 159 val 2.4377 best 2.3859@ep136 pat 23 (2270s)
  [Data_05] ep 160 val 2.4786 best 2.3859@ep136 pat 24 (2283s)
  [Data_05] ep 161 val 2.6586 best 2.3859@ep136 pat 25 (2296s)
  [Data_05] ep 162 val 2.6925 best 2.3859@ep136 pat 26 (2309s)
  [Data_05] ep 163 val 2.7460 best 2.3859@ep136 pat 27 (2323s)
  [Data_05] ep 164 val 2.5969 best 2.3859@ep136 pat 28 (2336s)
  [Data_05] ep 165 val 2.6050 best 2.3859@ep136 pat 29 (2350s)
  [Data_05] ep 166 val 2.5496 best 2.3859@ep136 pat 30 (2363s)
  [Data_05] ep 167 val 2.7800 best 2.3859@ep136 pat 31 (2376s)
  [Data_05] ep 168 val 2.7176 best 2.3859@ep136 pat 32 (2389s)
  [Data_05] ep 169 val 2.9702 best 2.3859@ep136 pat 33 (2403s)
  [Data_05] ep 170 val 2.6799 best 2.3859@ep136 pat 34 (2416s)
  [Data_05] ep 171 val 2.6440 best 2.3859@ep136 pat 35 (2429s)
  [Data_05] ep 172 val 2.7370 best 2.3859@ep136 pat 36 (2442s)
  [Data_05] ep 173 val 2.7616 best 2.3859@ep136 pat 37 (2455s)
  [Data_05] ep 174 val 2.7615 best 2.3859@ep136 pat 38 (2468s)
  [Data_05] ep 175 val 2.7139 best 2.3859@ep136 pat 39 (2481s)
  [Data_05] ep 176 val 2.5810 best 2.3859@ep136 pat 40 (2493s)
  [Data_05] ep 177 val 2.6418 best 2.3859@ep136 pat 41 (2506s)
  [Data_05] ep 178 val 2.5757 best 2.3859@ep136 pat 42 (2519s)
  [Data_05] ep 179 val 2.8247 best 2.3859@ep136 pat 43 (2532s)
  [Data_05] ep 180 val 2.7271 best 2.3859@ep136 pat 44 (2544s)
  [Data_05] ep 181 val 2.7618 best 2.3859@ep136 pat 45 (2557s)
  [Data_05] ep 182 val 2.6982 best 2.3859@ep136 pat 46 (2570s)
  [Data_05] ep 183 val 2.6267 best 2.3859@ep136 pat 47 (2583s)
  [Data_05] ep 184 val 2.6512 best 2.3859@ep136 pat 48 (2596s)
  [Data_05] ep 185 val 2.8187 best 2.3859@ep136 pat 49 (2608s)
  [Data_05] ep 186 val 2.7687 best 2.3859@ep136 pat 50 (2621s)
  [Data_05] EARLYSTOP ep186 best 2.3859@ep136
*** Data_05 test MAE 2.703 (2621s)
==== Data_05 DONE
