command: python -m hingesense.trainer --out results/raw/ablation_no_causal_differential --target Data_08 --seed 2027 --epochs 300 --patience 50 --ablation no_causal_differential
UserWarning: Can't initialize NVML
os: Linux-6.8.0-138-generic-x86_64-with-glibc2.35
cpu: Intel(R) Xeon(R) Platinum 8480C x224, ram 1007.5 GB
gpu: NVIDIA H100 (driver 580.173.02)
python 3.11.15, torch 2.12.0+cu130, cuda 13.0
channel mask top40 = [6, 7, 8, 9, 10, 11, 12, 13, 14, 21, 22, 25, 26, 27, 28, 34, 38, 41, 46, 48, 53, 57, 59, 61, 62, 64, 67, 69, 71, 72, 74, 76, 77, 78, 80, 81, 83, 84, 85, 98]
=== Data_08 seed=2027 epochs=300 patience=50 ablation=no_causal_differential channels=120 dev=cuda:0 ===
pool=36 folds (flips=True)
  [Data_08] cond=assembly sources=32
  [Data_08] NEWBEST ep0 val=1.6989 test=1.8586
  [Data_08] ep 0 val 1.6989 best 1.6989@ep0 pat 0 (6s)
  [Data_08] NEWBEST ep1 val=1.6493 test=1.8810
  [Data_08] ep 1 val 1.6493 best 1.6493@ep1 pat 0 (11s)
  [Data_08] ep 2 val 1.7254 best 1.6493@ep1 pat 1 (16s)
  [Data_08] ep 3 val 1.7306 best 1.6493@ep1 pat 2 (21s)
  [Data_08] NEWBEST ep4 val=1.5594 test=1.8656
  [Data_08] ep 4 val 1.5594 best 1.5594@ep4 pat 0 (26s)
  [Data_08] ep 5 val 1.6192 best 1.5594@ep4 pat 1 (31s)
  [Data_08] ep 6 val 1.5938 best 1.5594@ep4 pat 2 (37s)
  [Data_08] ep 7 val 1.7379 best 1.5594@ep4 pat 3 (43s)
  [Data_08] ep 8 val 1.5871 best 1.5594@ep4 pat 4 (49s)
  [Data_08] ep 9 val 1.7077 best 1.5594@ep4 pat 5 (55s)
  [Data_08] ep 10 val 1.7932 best 1.5594@ep4 pat 6 (61s)
  [Data_08] ep 11 val 1.5846 best 1.5594@ep4 pat 7 (68s)
  [Data_08] ep 12 val 1.6459 best 1.5594@ep4 pat 8 (74s)
  [Data_08] ep 13 val 1.7217 best 1.5594@ep4 pat 9 (80s)
  [Data_08] ep 14 val 1.7808 best 1.5594@ep4 pat 10 (86s)
  [Data_08] ep 15 val 1.6481 best 1.5594@ep4 pat 11 (92s)
  [Data_08] ep 16 val 1.6869 best 1.5594@ep4 pat 12 (99s)
  [Data_08] NEWBEST ep17 val=1.4495 test=1.9035
  [Data_08] ep 17 val 1.4495 best 1.4495@ep17 pat 0 (105s)
  [Data_08] ep 18 val 1.5880 best 1.4495@ep17 pat 1 (111s)
  [Data_08] ep 19 val 1.6287 best 1.4495@ep17 pat 2 (117s)
  [Data_08] ep 20 val 1.6922 best 1.4495@ep17 pat 3 (123s)
  [Data_08] ep 21 val 1.6614 best 1.4495@ep17 pat 4 (129s)
  [Data_08] ep 22 val 1.5705 best 1.4495@ep17 pat 5 (135s)
  [Data_08] ep 23 val 1.6510 best 1.4495@ep17 pat 6 (141s)
  [Data_08] ep 24 val 1.6768 best 1.4495@ep17 pat 7 (147s)
  [Data_08] ep 25 val 1.5686 best 1.4495@ep17 pat 8 (154s)
  [Data_08] ep 26 val 1.7014 best 1.4495@ep17 pat 9 (160s)
  [Data_08] ep 27 val 1.7161 best 1.4495@ep17 pat 10 (166s)
  [Data_08] ep 28 val 1.6050 best 1.4495@ep17 pat 11 (172s)
  [Data_08] ep 29 val 1.6565 best 1.4495@ep17 pat 12 (179s)
  [Data_08] ep 30 val 1.5696 best 1.4495@ep17 pat 13 (185s)
  [Data_08] ep 31 val 1.6413 best 1.4495@ep17 pat 14 (191s)
  [Data_08] ep 32 val 1.7103 best 1.4495@ep17 pat 15 (197s)
  [Data_08] ep 33 val 1.6505 best 1.4495@ep17 pat 16 (203s)
  [Data_08] ep 34 val 1.7166 best 1.4495@ep17 pat 17 (209s)
  [Data_08] ep 35 val 1.7000 best 1.4495@ep17 pat 18 (215s)
  [Data_08] ep 36 val 1.6124 best 1.4495@ep17 pat 19 (222s)
  [Data_08] ep 37 val 1.7181 best 1.4495@ep17 pat 20 (228s)
  [Data_08] ep 38 val 1.6004 best 1.4495@ep17 pat 21 (234s)
  [Data_08] ep 39 val 1.5478 best 1.4495@ep17 pat 22 (241s)
  [Data_08] ep 40 val 1.5544 best 1.4495@ep17 pat 23 (247s)
  [Data_08] ep 41 val 1.6144 best 1.4495@ep17 pat 24 (253s)
  [Data_08] ep 42 val 1.5821 best 1.4495@ep17 pat 25 (259s)
  [Data_08] ep 43 val 1.5081 best 1.4495@ep17 pat 26 (265s)
  [Data_08] ep 44 val 1.7332 best 1.4495@ep17 pat 27 (272s)
  [Data_08] ep 45 val 1.5934 best 1.4495@ep17 pat 28 (278s)
  [Data_08] ep 46 val 1.7102 best 1.4495@ep17 pat 29 (284s)
  [Data_08] ep 47 val 1.5886 best 1.4495@ep17 pat 30 (291s)
  [Data_08] ep 48 val 1.6194 best 1.4495@ep17 pat 31 (297s)
  [Data_08] ep 49 val 1.6425 best 1.4495@ep17 pat 32 (303s)
  [Data_08] ep 50 val 1.6721 best 1.4495@ep17 pat 33 (309s)
  [Data_08] ep 51 val 1.6768 best 1.4495@ep17 pat 34 (316s)
  [Data_08] ep 52 val 1.6047 best 1.4495@ep17 pat 35 (322s)
  [Data_08] ep 53 val 1.7221 best 1.4495@ep17 pat 36 (328s)
  [Data_08] ep 54 val 1.7335 best 1.4495@ep17 pat 37 (335s)
  [Data_08] ep 55 val 1.5760 best 1.4495@ep17 pat 38 (341s)
  [Data_08] ep 56 val 1.5801 best 1.4495@ep17 pat 39 (347s)
  [Data_08] ep 57 val 1.6472 best 1.4495@ep17 pat 40 (353s)
  [Data_08] ep 58 val 1.5510 best 1.4495@ep17 pat 41 (359s)
  [Data_08] ep 59 val 1.5568 best 1.4495@ep17 pat 42 (365s)
  [Data_08] ep 60 val 1.6546 best 1.4495@ep17 pat 43 (371s)
  [Data_08] ep 61 val 1.6234 best 1.4495@ep17 pat 44 (377s)
  [Data_08] ep 62 val 1.6362 best 1.4495@ep17 pat 45 (383s)
  [Data_08] ep 63 val 1.6072 best 1.4495@ep17 pat 46 (388s)
  [Data_08] ep 64 val 1.6441 best 1.4495@ep17 pat 47 (394s)
  [Data_08] ep 65 val 1.5570 best 1.4495@ep17 pat 48 (400s)
  [Data_08] ep 66 val 1.6219 best 1.4495@ep17 pat 49 (406s)
  [Data_08] ep 67 val 1.6436 best 1.4495@ep17 pat 50 (412s)
  [Data_08] EARLYSTOP ep67 best 1.4495@ep17
*** Data_08 test MAE 1.904 (412s)
==== Data_08 DONE
