command: python -m hingesense.trainer --out results/raw/ablation_no_causal_differential --target Data_06 --seed 2027 --epochs 300 --patience 50 --ablation no_causal_differential
UserWarning: Can't initialize NVML
os: Linux-6.8.0-138-generic-x86_64-with-glibc2.35
cpu: Intel(R) Xeon(R) Platinum 8480C x224, ram 1007.5 GB
gpu: NVIDIA H100 (driver 580.173.02)
python 3.11.15, torch 2.12.0+cu130, cuda 13.0
channel mask top40 = [6, 7, 8, 9, 10, 11, 12, 13, 14, 21, 22, 25, 26, 27, 28, 34, 38, 41, 46, 48, 53, 57, 59, 61, 62, 64, 67, 69, 71, 72, 74, 76, 77, 78, 80, 81, 83, 84, 85, 98]
=== Data_06 seed=2027 epochs=300 patience=50 ablation=no_causal_differential channels=120 dev=cuda:0 ===
pool=56 folds (flips=True)
  [Data_06] cond=noload sources=52
  [Data_06] NEWBEST ep0 val=2.3780 test=2.3072
  [Data_06] ep 0 val 2.3780 best 2.3780@ep0 pat 0 (7s)
  [Data_06] ep 1 val 2.5575 best 2.3780@ep0 pat 1 (13s)
  [Data_06] ep 2 val 2.3957 best 2.3780@ep0 pat 2 (18s)
  [Data_06] NEWBEST ep3 val=2.3619 test=2.2601
  [Data_06] ep 3 val 2.3619 best 2.3619@ep3 pat 0 (23s)
  [Data_06] ep 4 val 2.3852 best 2.3619@ep3 pat 1 (29s)
  [Data_06] ep 5 val 2.4396 best 2.3619@ep3 pat 2 (35s)
  [Data_06] ep 6 val 2.3795 best 2.3619@ep3 pat 3 (41s)
  [Data_06] ep 7 val 2.4972 best 2.3619@ep3 pat 4 (47s)
  [Data_06] NEWBEST ep8 val=2.3269 test=2.2329
  [Data_06] ep 8 val 2.3269 best 2.3269@ep8 pat 0 (53s)
  [Data_06] ep 9 val 2.3557 best 2.3269@ep8 pat 1 (60s)
  [Data_06] ep 10 val 2.4813 best 2.3269@ep8 pat 2 (66s)
  [Data_06] NEWBEST ep11 val=2.3147 test=2.2416
  [Data_06] ep 11 val 2.3147 best 2.3147@ep11 pat 0 (72s)
  [Data_06] ep 12 val 2.4200 best 2.3147@ep11 pat 1 (78s)
  [Data_06] ep 13 val 2.3610 best 2.3147@ep11 pat 2 (85s)
  [Data_06] NEWBEST ep14 val=2.2787 test=2.1721
  [Data_06] ep 14 val 2.2787 best 2.2787@ep14 pat 0 (91s)
  [Data_06] ep 15 val 2.3630 best 2.2787@ep14 pat 1 (97s)
  [Data_06] ep 16 val 2.4560 best 2.2787@ep14 pat 2 (103s)
  [Data_06] ep 17 val 2.4049 best 2.2787@ep14 pat 3 (110s)
  [Data_06] ep 18 val 2.3552 best 2.2787@ep14 pat 4 (116s)
  [Data_06] ep 19 val 2.3800 best 2.2787@ep14 pat 5 (122s)
  [Data_06] ep 20 val 2.4128 best 2.2787@ep14 pat 6 (128s)
  [Data_06] ep 21 val 2.4255 best 2.2787@ep14 pat 7 (134s)
  [Data_06] ep 22 val 2.3763 best 2.2787@ep14 pat 8 (140s)
  [Data_06] ep 23 val 2.3842 best 2.2787@ep14 pat 9 (147s)
  [Data_06] ep 24 val 2.3146 best 2.2787@ep14 pat 10 (153s)
  [Data_06] ep 25 val 2.3632 best 2.2787@ep14 pat 11 (159s)
  [Data_06] ep 26 val 2.3806 best 2.2787@ep14 pat 12 (166s)
  [Data_06] ep 27 val 2.4323 best 2.2787@ep14 pat 13 (172s)
  [Data_06] ep 28 val 2.3122 best 2.2787@ep14 pat 14 (178s)
  [Data_06] ep 29 val 2.3258 best 2.2787@ep14 pat 15 (184s)
  [Data_06] ep 30 val 2.4148 best 2.2787@ep14 pat 16 (191s)
  [Data_06] ep 31 val 2.3989 best 2.2787@ep14 pat 17 (197s)
  [Data_06] ep 32 val 2.4867 best 2.2787@ep14 pat 18 (203s)
  [Data_06] ep 33 val 2.4557 best 2.2787@ep14 pat 19 (209s)
  [Data_06] ep 34 val 2.4104 best 2.2787@ep14 pat 20 (215s)
  [Data_06] ep 35 val 2.3936 best 2.2787@ep14 pat 21 (222s)
  [Data_06] ep 36 val 2.4232 best 2.2787@ep14 pat 22 (228s)
  [Data_06] ep 37 val 2.3096 best 2.2787@ep14 pat 23 (234s)
  [Data_06] ep 38 val 2.2996 best 2.2787@ep14 pat 24 (240s)
  [Data_06] ep 39 val 2.3468 best 2.2787@ep14 pat 25 (247s)
  [Data_06] ep 40 val 2.3948 best 2.2787@ep14 pat 26 (253s)
  [Data_06] ep 41 val 2.3297 best 2.2787@ep14 pat 27 (259s)
  [Data_06] ep 42 val 2.4680 best 2.2787@ep14 pat 28 (265s)
  [Data_06] ep 43 val 2.3754 best 2.2787@ep14 pat 29 (271s)
  [Data_06] NEWBEST ep44 val=2.2768 test=2.1512
  [Data_06] ep 44 val 2.2768 best 2.2768@ep44 pat 0 (277s)
  [Data_06] ep 45 val 2.4321 best 2.2768@ep44 pat 1 (283s)
  [Data_06] ep 46 val 2.3521 best 2.2768@ep44 pat 2 (290s)
  [Data_06] ep 47 val 2.3612 best 2.2768@ep44 pat 3 (296s)
  [Data_06] ep 48 val 2.3494 best 2.2768@ep44 pat 4 (302s)
  [Data_06] ep 49 val 2.3373 best 2.2768@ep44 pat 5 (308s)
  [Data_06] ep 50 val 2.3591 best 2.2768@ep44 pat 6 (314s)
  [Data_06] ep 51 val 2.4372 best 2.2768@ep44 pat 7 (320s)
  [Data_06] ep 52 val 2.4203 best 2.2768@ep44 pat 8 (327s)
  [Data_06] ep 53 val 2.3730 best 2.2768@ep44 pat 9 (333s)
  [Data_06] ep 54 val 2.3727 best 2.2768@ep44 pat 10 (339s)
  [Data_06] ep 55 val 2.3239 best 2.2768@ep44 pat 11 (345s)
  [Data_06] ep 56 val 2.4568 best 2.2768@ep44 pat 12 (351s)
  [Data_06] ep 57 val 2.3755 best 2.2768@ep44 pat 13 (357s)
  [Data_06] ep 58 val 2.2873 best 2.2768@ep44 pat 14 (363s)
  [Data_06] ep 59 val 2.3420 best 2.2768@ep44 pat 15 (369s)
  [Data_06] ep 60 val 2.3586 best 2.2768@ep44 pat 16 (375s)
  [Data_06] ep 61 val 2.4054 best 2.2768@ep44 pat 17 (381s)
  [Data_06] ep 62 val 2.3493 best 2.2768@ep44 pat 18 (387s)
  [Data_06] ep 63 val 2.3557 best 2.2768@ep44 pat 19 (393s)
  [Data_06] ep 64 val 2.3355 best 2.2768@ep44 pat 20 (399s)
  [Data_06] ep 65 val 2.3182 best 2.2768@ep44 pat 21 (404s)
  [Data_06] ep 66 val 2.3059 best 2.2768@ep44 pat 22 (410s)
  [Data_06] ep 67 val 2.3491 best 2.2768@ep44 pat 23 (416s)
  [Data_06] ep 68 val 2.3656 best 2.2768@ep44 pat 24 (422s)
  [Data_06] ep 69 val 2.3450 best 2.2768@ep44 pat 25 (428s)
  [Data_06] ep 70 val 2.3856 best 2.2768@ep44 pat 26 (434s)
  [Data_06] ep 71 val 2.3878 best 2.2768@ep44 pat 27 (439s)
  [Data_06] ep 72 val 2.3222 best 2.2768@ep44 pat 28 (445s)
  [Data_06] ep 73 val 2.3126 best 2.2768@ep44 pat 29 (451s)
  [Data_06] ep 74 val 2.3389 best 2.2768@ep44 pat 30 (457s)
  [Data_06] ep 75 val 2.3310 best 2.2768@ep44 pat 31 (463s)
  [Data_06] ep 76 val 2.3548 best 2.2768@ep44 pat 32 (469s)
  [Data_06] ep 77 val 2.3481 best 2.2768@ep44 pat 33 (475s)
  [Data_06] ep 78 val 2.4158 best 2.2768@ep44 pat 34 (480s)
  [Data_06] ep 79 val 2.3136 best 2.2768@ep44 pat 35 (486s)
  [Data_06] ep 80 val 2.3565 best 2.2768@ep44 pat 36 (492s)
  [Data_06] ep 81 val 2.3115 best 2.2768@ep44 pat 37 (498s)
  [Data_06] ep 82 val 2.3981 best 2.2768@ep44 pat 38 (504s)
  [Data_06] ep 83 val 2.3559 best 2.2768@ep44 pat 39 (510s)
  [Data_06] ep 84 val 2.2804 best 2.2768@ep44 pat 40 (515s)
  [Data_06] ep 85 val 2.3313 best 2.2768@ep44 pat 41 (521s)
  [Data_06] ep 86 val 2.3595 best 2.2768@ep44 pat 42 (527s)
  [Data_06] ep 87 val 2.2997 best 2.2768@ep44 pat 43 (533s)
  [Data_06] ep 88 val 2.3259 best 2.2768@ep44 pat 44 (539s)
  [Data_06] ep 89 val 2.3852 best 2.2768@ep44 pat 45 (545s)
  [Data_06] ep 90 val 2.3615 best 2.2768@ep44 pat 46 (550s)
  [Data_06] ep 91 val 2.4405 best 2.2768@ep44 pat 47 (556s)
  [Data_06] ep 92 val 2.3212 best 2.2768@ep44 pat 48 (562s)
  [Data_06] ep 93 val 2.3936 best 2.2768@ep44 pat 49 (568s)
  [Data_06] ep 94 val 2.3391 best 2.2768@ep44 pat 50 (574s)
  [Data_06] EARLYSTOP ep94 best 2.2768@ep44
*** Data_06 test MAE 2.151 (574s)
==== Data_06 DONE
