command: python -m hingesense.trainer --out results/raw/ablation_no_causal_differential --target Data_04 --seed 2027 --epochs 300 --patience 50 --ablation no_causal_differential
UserWarning: Can't initialize NVML
os: Linux-6.8.0-138-generic-x86_64-with-glibc2.35
cpu: Intel(R) Xeon(R) Platinum 8480C x224, ram 1007.5 GB
gpu: NVIDIA H100 (driver 580.173.02)
python 3.11.15, torch 2.12.0+cu130, cuda 13.0
channel mask top40 = [6, 7, 8, 9, 10, 11, 12, 13, 14, 21, 22, 25, 26, 27, 28, 34, 38, 41, 46, 48, 53, 57, 59, 61, 62, 64, 67, 69, 71, 72, 74, 76, 77, 78, 80, 81, 83, 84, 85, 98]
=== Data_04 seed=2027 epochs=300 patience=50 ablation=no_causal_differential channels=120 dev=cuda:0 ===
pool=56 folds (flips=True)
  [Data_04] cond=noload sources=52
  [Data_04] NEWBEST ep0 val=1.5301 test=1.5164
  [Data_04] ep 0 val 1.5301 best 1.5301@ep0 pat 0 (7s)
  [Data_04] NEWBEST ep1 val=1.4575 test=1.4490
  [Data_04] ep 1 val 1.4575 best 1.4575@ep1 pat 0 (13s)
  [Data_04] NEWBEST ep2 val=1.4123 test=1.4060
  [Data_04] ep 2 val 1.4123 best 1.4123@ep2 pat 0 (19s)
  [Data_04] ep 3 val 1.4262 best 1.4123@ep2 pat 1 (24s)
  [Data_04] ep 4 val 1.4558 best 1.4123@ep2 pat 2 (30s)
  [Data_04] ep 5 val 1.4481 best 1.4123@ep2 pat 3 (36s)
  [Data_04] ep 6 val 1.4985 best 1.4123@ep2 pat 4 (42s)
  [Data_04] ep 7 val 1.4339 best 1.4123@ep2 pat 5 (48s)
  [Data_04] ep 8 val 1.5082 best 1.4123@ep2 pat 6 (54s)
  [Data_04] ep 9 val 1.4658 best 1.4123@ep2 pat 7 (60s)
  [Data_04] ep 10 val 1.4424 best 1.4123@ep2 pat 8 (66s)
  [Data_04] ep 11 val 1.4857 best 1.4123@ep2 pat 9 (72s)
  [Data_04] ep 12 val 1.4695 best 1.4123@ep2 pat 10 (78s)
  [Data_04] ep 13 val 1.5176 best 1.4123@ep2 pat 11 (82s)
  [Data_04] ep 14 val 1.4469 best 1.4123@ep2 pat 12 (88s)
  [Data_04] ep 15 val 1.4570 best 1.4123@ep2 pat 13 (95s)
  [Data_04] ep 16 val 1.4488 best 1.4123@ep2 pat 14 (101s)
  [Data_04] ep 17 val 1.4798 best 1.4123@ep2 pat 15 (107s)
  [Data_04] ep 18 val 1.4361 best 1.4123@ep2 pat 16 (113s)
  [Data_04] ep 19 val 1.4234 best 1.4123@ep2 pat 17 (119s)
  [Data_04] ep 20 val 1.4531 best 1.4123@ep2 pat 18 (125s)
  [Data_04] ep 21 val 1.5272 best 1.4123@ep2 pat 19 (131s)
  [Data_04] ep 22 val 1.4597 best 1.4123@ep2 pat 20 (137s)
  [Data_04] NEWBEST ep23 val=1.3912 test=1.4137
  [Data_04] ep 23 val 1.3912 best 1.3912@ep23 pat 0 (143s)
  [Data_04] NEWBEST ep24 val=1.3794 test=1.3927
  [Data_04] ep 24 val 1.3794 best 1.3794@ep24 pat 0 (150s)
  [Data_04] ep 25 val 1.4627 best 1.3794@ep24 pat 1 (156s)
  [Data_04] ep 26 val 1.4669 best 1.3794@ep24 pat 2 (162s)
  [Data_04] ep 27 val 1.5171 best 1.3794@ep24 pat 3 (168s)
  [Data_04] ep 28 val 1.3904 best 1.3794@ep24 pat 4 (174s)
  [Data_04] ep 29 val 1.4705 best 1.3794@ep24 pat 5 (180s)
  [Data_04] ep 30 val 1.4309 best 1.3794@ep24 pat 6 (186s)
  [Data_04] ep 31 val 1.4335 best 1.3794@ep24 pat 7 (192s)
  [Data_04] ep 32 val 1.4385 best 1.3794@ep24 pat 8 (199s)
  [Data_04] ep 33 val 1.4121 best 1.3794@ep24 pat 9 (205s)
  [Data_04] ep 34 val 1.4744 best 1.3794@ep24 pat 10 (211s)
  [Data_04] ep 35 val 1.4746 best 1.3794@ep24 pat 11 (217s)
  [Data_04] ep 36 val 1.4059 best 1.3794@ep24 pat 12 (223s)
  [Data_04] ep 37 val 1.4421 best 1.3794@ep24 pat 13 (229s)
  [Data_04] ep 38 val 1.4346 best 1.3794@ep24 pat 14 (236s)
  [Data_04] ep 39 val 1.4791 best 1.3794@ep24 pat 15 (242s)
  [Data_04] ep 40 val 1.4134 best 1.3794@ep24 pat 16 (248s)
  [Data_04] ep 41 val 1.4161 best 1.3794@ep24 pat 17 (254s)
  [Data_04] ep 42 val 1.4269 best 1.3794@ep24 pat 18 (260s)
  [Data_04] ep 43 val 1.4101 best 1.3794@ep24 pat 19 (266s)
  [Data_04] ep 44 val 1.4704 best 1.3794@ep24 pat 20 (272s)
  [Data_04] ep 45 val 1.4487 best 1.3794@ep24 pat 21 (278s)
  [Data_04] ep 46 val 1.4954 best 1.3794@ep24 pat 22 (285s)
  [Data_04] ep 47 val 1.4443 best 1.3794@ep24 pat 23 (291s)
  [Data_04] ep 48 val 1.4229 best 1.3794@ep24 pat 24 (297s)
  [Data_04] ep 49 val 1.4343 best 1.3794@ep24 pat 25 (303s)
  [Data_04] ep 50 val 1.4020 best 1.3794@ep24 pat 26 (309s)
  [Data_04] ep 51 val 1.4604 best 1.3794@ep24 pat 27 (315s)
  [Data_04] ep 52 val 1.4708 best 1.3794@ep24 pat 28 (321s)
  [Data_04] ep 53 val 1.4158 best 1.3794@ep24 pat 29 (328s)
  [Data_04] ep 54 val 1.4116 best 1.3794@ep24 pat 30 (334s)
  [Data_04] ep 55 val 1.4103 best 1.3794@ep24 pat 31 (340s)
  [Data_04] NEWBEST ep56 val=1.3642 test=1.3708
  [Data_04] ep 56 val 1.3642 best 1.3642@ep56 pat 0 (346s)
  [Data_04] ep 57 val 1.4395 best 1.3642@ep56 pat 1 (352s)
  [Data_04] ep 58 val 1.4892 best 1.3642@ep56 pat 2 (358s)
  [Data_04] ep 59 val 1.4017 best 1.3642@ep56 pat 3 (364s)
  [Data_04] ep 60 val 1.4542 best 1.3642@ep56 pat 4 (370s)
  [Data_04] ep 61 val 1.3765 best 1.3642@ep56 pat 5 (375s)
  [Data_04] ep 62 val 1.4939 best 1.3642@ep56 pat 6 (381s)
  [Data_04] ep 63 val 1.5306 best 1.3642@ep56 pat 7 (387s)
  [Data_04] ep 64 val 1.5234 best 1.3642@ep56 pat 8 (393s)
  [Data_04] ep 65 val 1.4352 best 1.3642@ep56 pat 9 (399s)
  [Data_04] ep 66 val 1.4557 best 1.3642@ep56 pat 10 (405s)
  [Data_04] ep 67 val 1.4808 best 1.3642@ep56 pat 11 (411s)
  [Data_04] ep 68 val 1.4866 best 1.3642@ep56 pat 12 (416s)
  [Data_04] ep 69 val 1.4482 best 1.3642@ep56 pat 13 (422s)
  [Data_04] ep 70 val 1.4319 best 1.3642@ep56 pat 14 (428s)
  [Data_04] ep 71 val 1.4611 best 1.3642@ep56 pat 15 (434s)
  [Data_04] ep 72 val 1.4829 best 1.3642@ep56 pat 16 (440s)
  [Data_04] ep 73 val 1.4595 best 1.3642@ep56 pat 17 (446s)
  [Data_04] ep 74 val 1.4132 best 1.3642@ep56 pat 18 (451s)
  [Data_04] ep 75 val 1.4518 best 1.3642@ep56 pat 19 (457s)
  [Data_04] ep 76 val 1.5433 best 1.3642@ep56 pat 20 (463s)
  [Data_04] ep 77 val 1.4217 best 1.3642@ep56 pat 21 (469s)
  [Data_04] ep 78 val 1.4437 best 1.3642@ep56 pat 22 (475s)
  [Data_04] ep 79 val 1.4826 best 1.3642@ep56 pat 23 (481s)
  [Data_04] ep 80 val 1.4592 best 1.3642@ep56 pat 24 (486s)
  [Data_04] ep 81 val 1.4635 best 1.3642@ep56 pat 25 (492s)
  [Data_04] ep 82 val 1.4155 best 1.3642@ep56 pat 26 (498s)
  [Data_04] ep 83 val 1.3918 best 1.3642@ep56 pat 27 (504s)
  [Data_04] ep 84 val 1.4923 best 1.3642@ep56 pat 28 (510s)
  [Data_04] ep 85 val 1.4097 best 1.3642@ep56 pat 29 (516s)
  [Data_04] ep 86 val 1.4475 best 1.3642@ep56 pat 30 (521s)
  [Data_04] ep 87 val 1.4670 best 1.3642@ep56 pat 31 (527s)
  [Data_04] ep 88 val 1.4840 best 1.3642@ep56 pat 32 (533s)
  [Data_04] ep 89 val 1.4291 best 1.3642@ep56 pat 33 (539s)
  [Data_04] ep 90 val 1.4897 best 1.3642@ep56 pat 34 (545s)
  [Data_04] ep 91 val 1.4989 best 1.3642@ep56 pat 35 (551s)
  [Data_04] ep 92 val 1.5961 best 1.3642@ep56 pat 36 (556s)
  [Data_04] ep 93 val 1.4644 best 1.3642@ep56 pat 37 (562s)
  [Data_04] ep 94 val 1.3962 best 1.3642@ep56 pat 38 (568s)
  [Data_04] ep 95 val 1.4013 best 1.3642@ep56 pat 39 (574s)
  [Data_04] ep 96 val 1.4270 best 1.3642@ep56 pat 40 (580s)
  [Data_04] ep 97 val 1.4627 best 1.3642@ep56 pat 41 (586s)
  [Data_04] ep 98 val 1.4997 best 1.3642@ep56 pat 42 (591s)
  [Data_04] ep 99 val 1.5364 best 1.3642@ep56 pat 43 (597s)
  [Data_04] ep 100 val 1.4323 best 1.3642@ep56 pat 44 (603s)
  [Data_04] ep 101 val 1.4809 best 1.3642@ep56 pat 45 (609s)
  [Data_04] ep 102 val 1.4895 best 1.3642@ep56 pat 46 (615s)
  [Data_04] ep 103 val 1.4373 best 1.3642@ep56 pat 47 (620s)
  [Data_04] ep 104 val 1.5153 best 1.3642@ep56 pat 48 (626s)
  [Data_04] ep 105 val 1.4060 best 1.3642@ep56 pat 49 (632s)
  [Data_04] ep 106 val 1.4131 best 1.3642@ep56 pat 50 (638s)
  [Data_04] EARLYSTOP ep106 best 1.3642@ep56
*** Data_04 test MAE 1.371 (638s)
==== Data_04 DONE
