command: python -m hingesense.trainer --out results/raw/ablation_no_causal_differential --target Data_09 --seed 2027 --epochs 300 --patience 50 --ablation no_causal_differential
UserWarning: Can't initialize NVML
os: Linux-6.8.0-138-generic-x86_64-with-glibc2.35
cpu: Intel(R) Xeon(R) Platinum 8480C x224, ram 1007.5 GB
gpu: NVIDIA H100 (driver 580.173.02)
python 3.11.15, torch 2.12.0+cu130, cuda 13.0
channel mask top40 = [6, 7, 8, 9, 10, 11, 12, 13, 14, 21, 22, 25, 26, 27, 28, 34, 38, 41, 46, 48, 53, 57, 59, 61, 62, 64, 67, 69, 71, 72, 74, 76, 77, 78, 80, 81, 83, 84, 85, 98]
=== Data_09 seed=2027 epochs=300 patience=50 ablation=no_causal_differential channels=120 dev=cuda:0 ===
pool=36 folds (flips=True)
  [Data_09] cond=assembly sources=32
  [Data_09] NEWBEST ep0 val=3.5390 test=2.9883
  [Data_09] ep 0 val 3.5390 best 3.5390@ep0 pat 0 (9s)
  [Data_09] NEWBEST ep1 val=3.5147 test=3.0276
  [Data_09] ep 1 val 3.5147 best 3.5147@ep1 pat 0 (19s)
  [Data_09] NEWBEST ep2 val=3.3492 test=3.0409
  [Data_09] ep 2 val 3.3492 best 3.3492@ep2 pat 0 (29s)
  [Data_09] ep 3 val 3.3735 best 3.3492@ep2 pat 1 (43s)
  [Data_09] NEWBEST ep4 val=3.3282 test=3.0652
  [Data_09] ep 4 val 3.3282 best 3.3282@ep4 pat 0 (57s)
  [Data_09] NEWBEST ep5 val=3.2159 test=3.0544
  [Data_09] ep 5 val 3.2159 best 3.2159@ep5 pat 0 (72s)
  [Data_09] ep 6 val 3.2633 best 3.2159@ep5 pat 1 (86s)
  [Data_09] ep 7 val 3.3455 best 3.2159@ep5 pat 2 (101s)
  [Data_09] ep 8 val 3.2491 best 3.2159@ep5 pat 3 (115s)
  [Data_09] NEWBEST ep9 val=3.1849 test=3.0461
  [Data_09] ep 9 val 3.1849 best 3.1849@ep9 pat 0 (130s)
  [Data_09] ep 10 val 3.2327 best 3.1849@ep9 pat 1 (145s)
  [Data_09] ep 11 val 3.2214 best 3.1849@ep9 pat 2 (159s)
  [Data_09] ep 12 val 3.4039 best 3.1849@ep9 pat 3 (174s)
  [Data_09] ep 13 val 3.2993 best 3.1849@ep9 pat 4 (189s)
  [Data_09] ep 14 val 3.1907 best 3.1849@ep9 pat 5 (203s)
  [Data_09] ep 15 val 3.3370 best 3.1849@ep9 pat 6 (218s)
  [Data_09] ep 16 val 3.3491 best 3.1849@ep9 pat 7 (233s)
  [Data_09] ep 17 val 3.2850 best 3.1849@ep9 pat 8 (248s)
  [Data_09] ep 18 val 3.2605 best 3.1849@ep9 pat 9 (262s)
  [Data_09] ep 19 val 3.2845 best 3.1849@ep9 pat 10 (277s)
  [Data_09] ep 20 val 3.3085 best 3.1849@ep9 pat 11 (292s)
  [Data_09] ep 21 val 3.2715 best 3.1849@ep9 pat 12 (307s)
  [Data_09] ep 22 val 3.2585 best 3.1849@ep9 pat 13 (321s)
  [Data_09] ep 23 val 3.2734 best 3.1849@ep9 pat 14 (336s)
  [Data_09] ep 24 val 3.2912 best 3.1849@ep9 pat 15 (351s)
  [Data_09] ep 25 val 3.3529 best 3.1849@ep9 pat 16 (365s)
  [Data_09] ep 26 val 3.2615 best 3.1849@ep9 pat 17 (380s)
  [Data_09] ep 27 val 3.2534 best 3.1849@ep9 pat 18 (395s)
  [Data_09] ep 28 val 3.2257 best 3.1849@ep9 pat 19 (410s)
  [Data_09] ep 29 val 3.2952 best 3.1849@ep9 pat 20 (425s)
  [Data_09] ep 30 val 3.2937 best 3.1849@ep9 pat 21 (440s)
  [Data_09] ep 31 val 3.2845 best 3.1849@ep9 pat 22 (455s)
  [Data_09] ep 32 val 3.3374 best 3.1849@ep9 pat 23 (470s)
  [Data_09] ep 33 val 3.3076 best 3.1849@ep9 pat 24 (485s)
  [Data_09] ep 34 val 3.2683 best 3.1849@ep9 pat 25 (500s)
  [Data_09] ep 35 val 3.2333 best 3.1849@ep9 pat 26 (515s)
  [Data_09] ep 36 val 3.2926 best 3.1849@ep9 pat 27 (530s)
  [Data_09] ep 37 val 3.3002 best 3.1849@ep9 pat 28 (545s)
  [Data_09] ep 38 val 3.2587 best 3.1849@ep9 pat 29 (559s)
  [Data_09] ep 39 val 3.2444 best 3.1849@ep9 pat 30 (574s)
  [Data_09] ep 40 val 3.2438 best 3.1849@ep9 pat 31 (589s)
  [Data_09] ep 41 val 3.3792 best 3.1849@ep9 pat 32 (604s)
  [Data_09] ep 42 val 3.3597 best 3.1849@ep9 pat 33 (618s)
  [Data_09] ep 43 val 3.3024 best 3.1849@ep9 pat 34 (633s)
  [Data_09] ep 44 val 3.2055 best 3.1849@ep9 pat 35 (648s)
  [Data_09] ep 45 val 3.3259 best 3.1849@ep9 pat 36 (663s)
  [Data_09] ep 46 val 3.2569 best 3.1849@ep9 pat 37 (677s)
  [Data_09] ep 47 val 3.3115 best 3.1849@ep9 pat 38 (692s)
  [Data_09] ep 48 val 3.2663 best 3.1849@ep9 pat 39 (707s)
  [Data_09] ep 49 val 3.2951 best 3.1849@ep9 pat 40 (722s)
  [Data_09] ep 50 val 3.2330 best 3.1849@ep9 pat 41 (737s)
  [Data_09] ep 51 val 3.2510 best 3.1849@ep9 pat 42 (751s)
  [Data_09] ep 52 val 3.2295 best 3.1849@ep9 pat 43 (766s)
  [Data_09] ep 53 val 3.2563 best 3.1849@ep9 pat 44 (781s)
  [Data_09] ep 54 val 3.2554 best 3.1849@ep9 pat 45 (796s)
  [Data_09] ep 55 val 3.2996 best 3.1849@ep9 pat 46 (811s)
  [Data_09] ep 56 val 3.2467 best 3.1849@ep9 pat 47 (826s)
  [Data_09] ep 57 val 3.2571 best 3.1849@ep9 pat 48 (840s)
  [Data_09] ep 58 val 3.2641 best 3.1849@ep9 pat 49 (855s)
  [Data_09] ep 59 val 3.2432 best 3.1849@ep9 pat 50 (870s)
  [Data_09] EARLYSTOP ep59 best 3.1849@ep9
*** Data_09 test MAE 3.046 (870s)
==== Data_09 DONE
