command: python -m hingesense.trainer --out results/raw/ablation_no_causal_differential --target Data_07 --seed 2027 --epochs 300 --patience 50 --ablation no_causal_differential
UserWarning: Can't initialize NVML
os: Linux-6.8.0-138-generic-x86_64-with-glibc2.35
cpu: Intel(R) Xeon(R) Platinum 8480C x224, ram 1007.5 GB
gpu: NVIDIA H100 (driver 580.173.02)
python 3.11.15, torch 2.12.0+cu130, cuda 13.0
channel mask top40 = [6, 7, 8, 9, 10, 11, 12, 13, 14, 21, 22, 25, 26, 27, 28, 34, 38, 41, 46, 48, 53, 57, 59, 61, 62, 64, 67, 69, 71, 72, 74, 76, 77, 78, 80, 81, 83, 84, 85, 98]
=== Data_07 seed=2027 epochs=300 patience=50 ablation=no_causal_differential channels=120 dev=cuda:0 ===
pool=36 folds (flips=True)
  [Data_07] cond=assembly sources=32
  [Data_07] NEWBEST ep0 val=2.8507 test=2.9746
  [Data_07] ep 0 val 2.8507 best 2.8507@ep0 pat 0 (9s)
  [Data_07] ep 1 val 3.0910 best 2.8507@ep0 pat 1 (17s)
  [Data_07] ep 2 val 3.1932 best 2.8507@ep0 pat 2 (28s)
  [Data_07] ep 3 val 3.1798 best 2.8507@ep0 pat 3 (42s)
  [Data_07] ep 4 val 2.9006 best 2.8507@ep0 pat 4 (56s)
  [Data_07] ep 5 val 3.1784 best 2.8507@ep0 pat 5 (70s)
  [Data_07] ep 6 val 3.0044 best 2.8507@ep0 pat 6 (85s)
  [Data_07] ep 7 val 3.1572 best 2.8507@ep0 pat 7 (99s)
  [Data_07] NEWBEST ep8 val=2.8478 test=2.9821
  [Data_07] ep 8 val 2.8478 best 2.8478@ep8 pat 0 (114s)
  [Data_07] ep 9 val 2.9763 best 2.8478@ep8 pat 1 (129s)
  [Data_07] ep 10 val 3.0190 best 2.8478@ep8 pat 2 (143s)
  [Data_07] ep 11 val 3.2229 best 2.8478@ep8 pat 3 (158s)
  [Data_07] ep 12 val 3.1820 best 2.8478@ep8 pat 4 (173s)
  [Data_07] ep 13 val 2.9508 best 2.8478@ep8 pat 5 (187s)
  [Data_07] NEWBEST ep14 val=2.7161 test=3.0266
  [Data_07] ep 14 val 2.7161 best 2.7161@ep14 pat 0 (202s)
  [Data_07] ep 15 val 2.7469 best 2.7161@ep14 pat 1 (217s)
  [Data_07] ep 16 val 3.1544 best 2.7161@ep14 pat 2 (232s)
  [Data_07] ep 17 val 2.8576 best 2.7161@ep14 pat 3 (247s)
  [Data_07] NEWBEST ep18 val=2.7104 test=2.9888
  [Data_07] ep 18 val 2.7104 best 2.7104@ep18 pat 0 (261s)
  [Data_07] ep 19 val 2.8762 best 2.7104@ep18 pat 1 (276s)
  [Data_07] ep 20 val 3.0432 best 2.7104@ep18 pat 2 (291s)
  [Data_07] ep 21 val 3.1607 best 2.7104@ep18 pat 3 (306s)
  [Data_07] ep 22 val 2.8029 best 2.7104@ep18 pat 4 (321s)
  [Data_07] ep 23 val 2.9322 best 2.7104@ep18 pat 5 (336s)
  [Data_07] ep 24 val 2.7167 best 2.7104@ep18 pat 6 (351s)
  [Data_07] ep 25 val 2.8818 best 2.7104@ep18 pat 7 (365s)
  [Data_07] ep 26 val 3.0272 best 2.7104@ep18 pat 8 (378s)
  [Data_07] ep 27 val 2.9096 best 2.7104@ep18 pat 9 (391s)
  [Data_07] NEWBEST ep28 val=2.5716 test=3.0022
  [Data_07] ep 28 val 2.5716 best 2.5716@ep28 pat 0 (405s)
  [Data_07] ep 29 val 3.0557 best 2.5716@ep28 pat 1 (418s)
  [Data_07] ep 30 val 2.8358 best 2.5716@ep28 pat 2 (432s)
  [Data_07] ep 31 val 3.0627 best 2.5716@ep28 pat 3 (445s)
  [Data_07] ep 32 val 2.9824 best 2.5716@ep28 pat 4 (458s)
  [Data_07] ep 33 val 2.6805 best 2.5716@ep28 pat 5 (471s)
  [Data_07] ep 34 val 2.8921 best 2.5716@ep28 pat 6 (484s)
  [Data_07] ep 35 val 3.2558 best 2.5716@ep28 pat 7 (497s)
  [Data_07] ep 36 val 2.8808 best 2.5716@ep28 pat 8 (510s)
  [Data_07] ep 37 val 2.6214 best 2.5716@ep28 pat 9 (524s)
  [Data_07] ep 38 val 2.8265 best 2.5716@ep28 pat 10 (537s)
  [Data_07] ep 39 val 2.8394 best 2.5716@ep28 pat 11 (550s)
  [Data_07] ep 40 val 2.8350 best 2.5716@ep28 pat 12 (563s)
  [Data_07] ep 41 val 2.7684 best 2.5716@ep28 pat 13 (576s)
  [Data_07] ep 42 val 2.7048 best 2.5716@ep28 pat 14 (590s)
  [Data_07] ep 43 val 2.7552 best 2.5716@ep28 pat 15 (605s)
  [Data_07] ep 44 val 2.9407 best 2.5716@ep28 pat 16 (620s)
  [Data_07] ep 45 val 2.9515 best 2.5716@ep28 pat 17 (635s)
  [Data_07] ep 46 val 2.7666 best 2.5716@ep28 pat 18 (649s)
  [Data_07] ep 47 val 2.7439 best 2.5716@ep28 pat 19 (664s)
  [Data_07] ep 48 val 2.8891 best 2.5716@ep28 pat 20 (679s)
  [Data_07] ep 49 val 2.8106 best 2.5716@ep28 pat 21 (694s)
  [Data_07] ep 50 val 2.8401 best 2.5716@ep28 pat 22 (709s)
  [Data_07] ep 51 val 2.6557 best 2.5716@ep28 pat 23 (724s)
  [Data_07] ep 52 val 2.8629 best 2.5716@ep28 pat 24 (738s)
  [Data_07] ep 53 val 2.9819 best 2.5716@ep28 pat 25 (753s)
  [Data_07] ep 54 val 2.6433 best 2.5716@ep28 pat 26 (768s)
  [Data_07] ep 55 val 2.6444 best 2.5716@ep28 pat 27 (783s)
  [Data_07] ep 56 val 2.7142 best 2.5716@ep28 pat 28 (798s)
  [Data_07] ep 57 val 2.6866 best 2.5716@ep28 pat 29 (813s)
  [Data_07] ep 58 val 2.7732 best 2.5716@ep28 pat 30 (828s)
  [Data_07] ep 59 val 2.7550 best 2.5716@ep28 pat 31 (843s)
  [Data_07] ep 60 val 2.5912 best 2.5716@ep28 pat 32 (857s)
  [Data_07] ep 61 val 2.8096 best 2.5716@ep28 pat 33 (872s)
  [Data_07] ep 62 val 2.7139 best 2.5716@ep28 pat 34 (886s)
  [Data_07] ep 63 val 2.7937 best 2.5716@ep28 pat 35 (901s)
  [Data_07] ep 64 val 2.9752 best 2.5716@ep28 pat 36 (915s)
  [Data_07] ep 65 val 2.7994 best 2.5716@ep28 pat 37 (929s)
  [Data_07] ep 66 val 2.8799 best 2.5716@ep28 pat 38 (943s)
  [Data_07] ep 67 val 2.8997 best 2.5716@ep28 pat 39 (957s)
  [Data_07] ep 68 val 2.8840 best 2.5716@ep28 pat 40 (971s)
  [Data_07] NEWBEST ep69 val=2.5704 test=2.9211
  [Data_07] ep 69 val 2.5704 best 2.5704@ep69 pat 0 (985s)
  [Data_07] ep 70 val 2.6115 best 2.5704@ep69 pat 1 (999s)
  [Data_07] ep 71 val 2.7623 best 2.5704@ep69 pat 2 (1013s)
  [Data_07] ep 72 val 2.7727 best 2.5704@ep69 pat 3 (1027s)
  [Data_07] ep 73 val 2.6572 best 2.5704@ep69 pat 4 (1041s)
  [Data_07] ep 74 val 2.6248 best 2.5704@ep69 pat 5 (1055s)
  [Data_07] ep 75 val 2.7715 best 2.5704@ep69 pat 6 (1069s)
  [Data_07] ep 76 val 2.9690 best 2.5704@ep69 pat 7 (1084s)
  [Data_07] NEWBEST ep77 val=2.5004 test=3.0103
  [Data_07] ep 77 val 2.5004 best 2.5004@ep77 pat 0 (1098s)
  [Data_07] ep 78 val 2.8307 best 2.5004@ep77 pat 1 (1112s)
  [Data_07] ep 79 val 2.8351 best 2.5004@ep77 pat 2 (1125s)
  [Data_07] ep 80 val 2.7625 best 2.5004@ep77 pat 3 (1140s)
  [Data_07] ep 81 val 2.5852 best 2.5004@ep77 pat 4 (1154s)
  [Data_07] ep 82 val 2.6151 best 2.5004@ep77 pat 5 (1168s)
  [Data_07] ep 83 val 2.6570 best 2.5004@ep77 pat 6 (1182s)
  [Data_07] ep 84 val 2.7995 best 2.5004@ep77 pat 7 (1196s)
  [Data_07] ep 85 val 2.9170 best 2.5004@ep77 pat 8 (1210s)
  [Data_07] ep 86 val 2.9002 best 2.5004@ep77 pat 9 (1224s)
  [Data_07] ep 87 val 2.7713 best 2.5004@ep77 pat 10 (1237s)
  [Data_07] ep 88 val 2.8049 best 2.5004@ep77 pat 11 (1251s)
  [Data_07] ep 89 val 2.8459 best 2.5004@ep77 pat 12 (1265s)
  [Data_07] ep 90 val 2.7945 best 2.5004@ep77 pat 13 (1278s)
  [Data_07] ep 91 val 2.7102 best 2.5004@ep77 pat 14 (1292s)
  [Data_07] ep 92 val 2.8567 best 2.5004@ep77 pat 15 (1306s)
  [Data_07] ep 93 val 2.7525 best 2.5004@ep77 pat 16 (1320s)
  [Data_07] ep 94 val 2.5970 best 2.5004@ep77 pat 17 (1333s)
  [Data_07] ep 95 val 2.6440 best 2.5004@ep77 pat 18 (1347s)
  [Data_07] ep 96 val 2.7308 best 2.5004@ep77 pat 19 (1360s)
  [Data_07] ep 97 val 2.6477 best 2.5004@ep77 pat 20 (1374s)
  [Data_07] ep 98 val 2.7316 best 2.5004@ep77 pat 21 (1387s)
  [Data_07] ep 99 val 2.7568 best 2.5004@ep77 pat 22 (1401s)
  [Data_07] ep 100 val 2.8357 best 2.5004@ep77 pat 23 (1414s)
  [Data_07] ep 101 val 2.6916 best 2.5004@ep77 pat 24 (1428s)
  [Data_07] ep 102 val 2.7979 best 2.5004@ep77 pat 25 (1441s)
  [Data_07] ep 103 val 2.8285 best 2.5004@ep77 pat 26 (1455s)
  [Data_07] ep 104 val 2.6707 best 2.5004@ep77 pat 27 (1469s)
  [Data_07] ep 105 val 2.7756 best 2.5004@ep77 pat 28 (1482s)
  [Data_07] ep 106 val 2.7042 best 2.5004@ep77 pat 29 (1496s)
  [Data_07] NEWBEST ep107 val=2.4588 test=2.8142
  [Data_07] ep 107 val 2.4588 best 2.4588@ep107 pat 0 (1510s)
  [Data_07] ep 108 val 2.6637 best 2.4588@ep107 pat 1 (1524s)
  [Data_07] ep 109 val 2.7567 best 2.4588@ep107 pat 2 (1537s)
  [Data_07] ep 110 val 2.5458 best 2.4588@ep107 pat 3 (1551s)
  [Data_07] ep 111 val 2.7323 best 2.4588@ep107 pat 4 (1565s)
  [Data_07] ep 112 val 2.7700 best 2.4588@ep107 pat 5 (1579s)
  [Data_07] ep 113 val 2.7689 best 2.4588@ep107 pat 6 (1593s)
  [Data_07] ep 114 val 2.6294 best 2.4588@ep107 pat 7 (1606s)
  [Data_07] ep 115 val 2.9544 best 2.4588@ep107 pat 8 (1620s)
  [Data_07] ep 116 val 2.6495 best 2.4588@ep107 pat 9 (1634s)
  [Data_07] ep 117 val 2.6884 best 2.4588@ep107 pat 10 (1647s)
  [Data_07] ep 118 val 2.8307 best 2.4588@ep107 pat 11 (1661s)
  [Data_07] ep 119 val 2.5753 best 2.4588@ep107 pat 12 (1674s)
  [Data_07] ep 120 val 2.7627 best 2.4588@ep107 pat 13 (1689s)
  [Data_07] ep 121 val 2.6639 best 2.4588@ep107 pat 14 (1702s)
  [Data_07] ep 122 val 2.8067 best 2.4588@ep107 pat 15 (1716s)
  [Data_07] ep 123 val 2.7076 best 2.4588@ep107 pat 16 (1729s)
  [Data_07] ep 124 val 2.7897 best 2.4588@ep107 pat 17 (1743s)
  [Data_07] ep 125 val 2.7674 best 2.4588@ep107 pat 18 (1757s)
  [Data_07] ep 126 val 2.6783 best 2.4588@ep107 pat 19 (1771s)
  [Data_07] ep 127 val 2.5937 best 2.4588@ep107 pat 20 (1784s)
  [Data_07] ep 128 val 2.7488 best 2.4588@ep107 pat 21 (1798s)
  [Data_07] ep 129 val 2.6385 best 2.4588@ep107 pat 22 (1812s)
  [Data_07] ep 130 val 2.5420 best 2.4588@ep107 pat 23 (1825s)
  [Data_07] ep 131 val 2.8049 best 2.4588@ep107 pat 24 (1839s)
  [Data_07] ep 132 val 2.6336 best 2.4588@ep107 pat 25 (1852s)
  [Data_07] ep 133 val 2.5379 best 2.4588@ep107 pat 26 (1866s)
  [Data_07] ep 134 val 2.6640 best 2.4588@ep107 pat 27 (1880s)
  [Data_07] ep 135 val 2.6585 best 2.4588@ep107 pat 28 (1894s)
  [Data_07] ep 136 val 2.7785 best 2.4588@ep107 pat 29 (1907s)
  [Data_07] ep 137 val 2.5702 best 2.4588@ep107 pat 30 (1921s)
  [Data_07] ep 138 val 2.8234 best 2.4588@ep107 pat 31 (1934s)
  [Data_07] ep 139 val 2.7654 best 2.4588@ep107 pat 32 (1948s)
  [Data_07] ep 140 val 2.6596 best 2.4588@ep107 pat 33 (1962s)
  [Data_07] ep 141 val 2.8320 best 2.4588@ep107 pat 34 (1975s)
  [Data_07] ep 142 val 2.6706 best 2.4588@ep107 pat 35 (1989s)
  [Data_07] ep 143 val 2.6383 best 2.4588@ep107 pat 36 (2002s)
  [Data_07] ep 144 val 2.5829 best 2.4588@ep107 pat 37 (2016s)
  [Data_07] ep 145 val 2.7635 best 2.4588@ep107 pat 38 (2029s)
  [Data_07] ep 146 val 2.7354 best 2.4588@ep107 pat 39 (2044s)
  [Data_07] ep 147 val 2.8413 best 2.4588@ep107 pat 40 (2057s)
  [Data_07] ep 148 val 2.7412 best 2.4588@ep107 pat 41 (2071s)
  [Data_07] ep 149 val 2.8219 best 2.4588@ep107 pat 42 (2084s)
  [Data_07] ep 150 val 2.5910 best 2.4588@ep107 pat 43 (2098s)
  [Data_07] ep 151 val 2.7872 best 2.4588@ep107 pat 44 (2112s)
  [Data_07] ep 152 val 2.7347 best 2.4588@ep107 pat 45 (2126s)
  [Data_07] ep 153 val 2.7006 best 2.4588@ep107 pat 46 (2140s)
  [Data_07] ep 154 val 2.5694 best 2.4588@ep107 pat 47 (2153s)
  [Data_07] ep 155 val 2.6015 best 2.4588@ep107 pat 48 (2167s)
  [Data_07] ep 156 val 2.6504 best 2.4588@ep107 pat 49 (2181s)
  [Data_07] ep 157 val 2.5931 best 2.4588@ep107 pat 50 (2194s)
  [Data_07] EARLYSTOP ep157 best 2.4588@ep107
*** Data_07 test MAE 2.814 (2195s)
==== Data_07 DONE
