command: python -m hingesense.trainer --out results/raw/ablation_no_causal_differential --target Data_01 --seed 2027 --epochs 300 --patience 50 --ablation no_causal_differential
UserWarning: Can't initialize NVML
os: Linux-6.8.0-138-generic-x86_64-with-glibc2.35
cpu: Intel(R) Xeon(R) Platinum 8480C x224, ram 1007.5 GB
gpu: NVIDIA H100 (driver 580.173.02)
python 3.11.15, torch 2.12.0+cu130, cuda 13.0
channel mask top40 = [6, 7, 8, 9, 10, 11, 12, 13, 14, 21, 22, 25, 26, 27, 28, 34, 38, 41, 46, 48, 53, 57, 59, 61, 62, 64, 67, 69, 71, 72, 74, 76, 77, 78, 80, 81, 83, 84, 85, 98]
=== Data_01 seed=2027 epochs=300 patience=50 ablation=no_causal_differential channels=120 dev=cuda:0 ===
pool=56 folds (flips=True)
  [Data_01] cond=noload sources=52
  [Data_01] NEWBEST ep0 val=2.1720 test=1.9990
  [Data_01] ep 0 val 2.1720 best 2.1720@ep0 pat 0 (13s)
  [Data_01] ep 1 val 2.2493 best 2.1720@ep0 pat 1 (24s)
  [Data_01] NEWBEST ep2 val=2.0834 test=1.9449
  [Data_01] ep 2 val 2.0834 best 2.0834@ep2 pat 0 (38s)
  [Data_01] ep 3 val 2.1239 best 2.0834@ep2 pat 1 (53s)
  [Data_01] ep 4 val 2.1424 best 2.0834@ep2 pat 2 (67s)
  [Data_01] ep 5 val 2.1564 best 2.0834@ep2 pat 3 (82s)
  [Data_01] ep 6 val 2.3164 best 2.0834@ep2 pat 4 (96s)
  [Data_01] ep 7 val 2.1669 best 2.0834@ep2 pat 5 (111s)
  [Data_01] NEWBEST ep8 val=2.0131 test=1.9450
  [Data_01] ep 8 val 2.0131 best 2.0131@ep8 pat 0 (126s)
  [Data_01] ep 9 val 2.0375 best 2.0131@ep8 pat 1 (140s)
  [Data_01] ep 10 val 2.0259 best 2.0131@ep8 pat 2 (155s)
  [Data_01] ep 11 val 2.0337 best 2.0131@ep8 pat 3 (170s)
  [Data_01] ep 12 val 2.0648 best 2.0131@ep8 pat 4 (184s)
  [Data_01] ep 13 val 2.0136 best 2.0131@ep8 pat 5 (199s)
  [Data_01] ep 14 val 2.1784 best 2.0131@ep8 pat 6 (214s)
  [Data_01] ep 15 val 2.1194 best 2.0131@ep8 pat 7 (229s)
  [Data_01] ep 16 val 2.0938 best 2.0131@ep8 pat 8 (244s)
  [Data_01] ep 17 val 2.0261 best 2.0131@ep8 pat 9 (258s)
  [Data_01] ep 18 val 2.0283 best 2.0131@ep8 pat 10 (273s)
  [Data_01] ep 19 val 2.0653 best 2.0131@ep8 pat 11 (288s)
  [Data_01] ep 20 val 2.0364 best 2.0131@ep8 pat 12 (303s)
  [Data_01] ep 21 val 2.0729 best 2.0131@ep8 pat 13 (318s)
  [Data_01] ep 22 val 2.0958 best 2.0131@ep8 pat 14 (332s)
  [Data_01] ep 23 val 2.0864 best 2.0131@ep8 pat 15 (347s)
  [Data_01] ep 24 val 2.0609 best 2.0131@ep8 pat 16 (362s)
  [Data_01] ep 25 val 2.0637 best 2.0131@ep8 pat 17 (377s)
  [Data_01] ep 26 val 2.0552 best 2.0131@ep8 pat 18 (392s)
  [Data_01] ep 27 val 2.0992 best 2.0131@ep8 pat 19 (407s)
  [Data_01] ep 28 val 2.0699 best 2.0131@ep8 pat 20 (421s)
  [Data_01] ep 29 val 2.0516 best 2.0131@ep8 pat 21 (436s)
  [Data_01] ep 30 val 2.0884 best 2.0131@ep8 pat 22 (451s)
  [Data_01] ep 31 val 2.0352 best 2.0131@ep8 pat 23 (466s)
  [Data_01] NEWBEST ep32 val=1.9543 test=1.8464
  [Data_01] ep 32 val 1.9543 best 1.9543@ep32 pat 0 (481s)
  [Data_01] ep 33 val 2.0540 best 1.9543@ep32 pat 1 (496s)
  [Data_01] ep 34 val 1.9817 best 1.9543@ep32 pat 2 (511s)
  [Data_01] ep 35 val 2.0291 best 1.9543@ep32 pat 3 (526s)
  [Data_01] ep 36 val 2.0710 best 1.9543@ep32 pat 4 (541s)
  [Data_01] ep 37 val 2.0122 best 1.9543@ep32 pat 5 (556s)
  [Data_01] ep 38 val 2.0626 best 1.9543@ep32 pat 6 (571s)
  [Data_01] ep 39 val 2.0163 best 1.9543@ep32 pat 7 (586s)
  [Data_01] ep 40 val 2.0371 best 1.9543@ep32 pat 8 (601s)
  [Data_01] ep 41 val 2.0327 best 1.9543@ep32 pat 9 (615s)
  [Data_01] ep 42 val 2.0206 best 1.9543@ep32 pat 10 (630s)
  [Data_01] ep 43 val 2.0234 best 1.9543@ep32 pat 11 (645s)
  [Data_01] ep 44 val 2.0221 best 1.9543@ep32 pat 12 (660s)
  [Data_01] ep 45 val 2.0122 best 1.9543@ep32 pat 13 (674s)
  [Data_01] ep 46 val 2.0009 best 1.9543@ep32 pat 14 (689s)
  [Data_01] ep 47 val 2.0380 best 1.9543@ep32 pat 15 (704s)
  [Data_01] ep 48 val 1.9785 best 1.9543@ep32 pat 16 (719s)
  [Data_01] ep 49 val 2.0252 best 1.9543@ep32 pat 17 (733s)
  [Data_01] ep 50 val 2.0639 best 1.9543@ep32 pat 18 (748s)
  [Data_01] ep 51 val 2.0039 best 1.9543@ep32 pat 19 (763s)
  [Data_01] ep 52 val 2.0646 best 1.9543@ep32 pat 20 (778s)
  [Data_01] ep 53 val 2.0234 best 1.9543@ep32 pat 21 (793s)
  [Data_01] ep 54 val 2.0017 best 1.9543@ep32 pat 22 (808s)
  [Data_01] ep 55 val 1.9807 best 1.9543@ep32 pat 23 (822s)
  [Data_01] ep 56 val 2.0293 best 1.9543@ep32 pat 24 (837s)
  [Data_01] ep 57 val 2.0214 best 1.9543@ep32 pat 25 (852s)
  [Data_01] ep 58 val 2.0450 best 1.9543@ep32 pat 26 (867s)
  [Data_01] ep 59 val 2.0640 best 1.9543@ep32 pat 27 (881s)
  [Data_01] ep 60 val 2.0252 best 1.9543@ep32 pat 28 (895s)
  [Data_01] ep 61 val 1.9732 best 1.9543@ep32 pat 29 (909s)
  [Data_01] ep 62 val 1.9958 best 1.9543@ep32 pat 30 (924s)
  [Data_01] ep 63 val 2.0010 best 1.9543@ep32 pat 31 (938s)
  [Data_01] ep 64 val 2.0430 best 1.9543@ep32 pat 32 (952s)
  [Data_01] ep 65 val 2.0707 best 1.9543@ep32 pat 33 (966s)
  [Data_01] ep 66 val 2.0188 best 1.9543@ep32 pat 34 (980s)
  [Data_01] ep 67 val 2.0225 best 1.9543@ep32 pat 35 (994s)
  [Data_01] ep 68 val 2.0523 best 1.9543@ep32 pat 36 (1008s)
  [Data_01] ep 69 val 1.9775 best 1.9543@ep32 pat 37 (1022s)
  [Data_01] ep 70 val 1.9927 best 1.9543@ep32 pat 38 (1036s)
  [Data_01] ep 71 val 1.9606 best 1.9543@ep32 pat 39 (1050s)
  [Data_01] ep 72 val 2.0141 best 1.9543@ep32 pat 40 (1064s)
  [Data_01] ep 73 val 2.0225 best 1.9543@ep32 pat 41 (1078s)
  [Data_01] ep 74 val 2.0262 best 1.9543@ep32 pat 42 (1092s)
  [Data_01] ep 75 val 2.0638 best 1.9543@ep32 pat 43 (1106s)
  [Data_01] ep 76 val 2.0406 best 1.9543@ep32 pat 44 (1120s)
  [Data_01] ep 77 val 2.0016 best 1.9543@ep32 pat 45 (1134s)
  [Data_01] ep 78 val 1.9769 best 1.9543@ep32 pat 46 (1148s)
  [Data_01] ep 79 val 2.0188 best 1.9543@ep32 pat 47 (1162s)
  [Data_01] ep 80 val 1.9978 best 1.9543@ep32 pat 48 (1176s)
  [Data_01] ep 81 val 2.0325 best 1.9543@ep32 pat 49 (1190s)
  [Data_01] ep 82 val 2.0398 best 1.9543@ep32 pat 50 (1204s)
  [Data_01] EARLYSTOP ep82 best 1.9543@ep32
*** Data_01 test MAE 1.846 (1204s)
==== Data_01 DONE
