command: python -m hingesense.trainer --out results/raw/ablation_no_channel_mask --target Data_08 --seed 2027 --epochs 300 --patience 50 --ablation no_channel_mask
UserWarning: Can't initialize NVML
os: Linux-6.8.0-138-generic-x86_64-with-glibc2.35
cpu: Intel(R) Xeon(R) Platinum 8480C x224, ram 1007.5 GB
gpu: NVIDIA H100 (driver 580.173.02)
python 3.11.15, torch 2.12.0+cu130, cuda 13.0
channel mask top120 = [0, 1, 2, 3, 4, 5, 6, 7, 8, 9, 10, 11, 12, 13, 14, 15, 16, 17, 18, 19, 20, 21, 22, 23, 24, 25, 26, 27, 28, 29, 30, 31, 32, 33, 34, 35, 36, 37, 38, 39, 40, 41, 42, 43, 44, 45, 46, 47, 48, 49, 50, 51, 52, 53, 54, 55, 56, 57, 58, 59, 60, 61, 62, 63, 64, 65, 66, 67, 68, 69, 70, 71, 72, 73, 74, 75, 76, 77, 78, 79, 80, 81, 82, 83, 84, 85, 86, 87, 88, 89, 90, 91, 92, 93, 94, 95, 96, 97, 98, 99, 100, 101, 102, 103, 104, 105, 106, 107, 108, 109, 110, 111, 112, 113, 114, 115, 116, 117, 118, 119]
=== Data_08 seed=2027 epochs=300 patience=50 ablation=no_channel_mask channels=120 dev=cuda:0 ===
pool=36 folds (flips=True)
  [Data_08] cond=assembly sources=32
  [Data_08] NEWBEST ep0 val=1.1063 test=0.5723
  [Data_08] ep 0 val 1.1063 best 1.1063@ep0 pat 0 (6s)
  [Data_08] ep 1 val 1.1516 best 1.1063@ep0 pat 1 (12s)
  [Data_08] NEWBEST ep2 val=1.0533 test=0.4704
  [Data_08] ep 2 val 1.0533 best 1.0533@ep2 pat 0 (17s)
  [Data_08] NEWBEST ep3 val=1.0281 test=0.5329
  [Data_08] ep 3 val 1.0281 best 1.0281@ep3 pat 0 (23s)
  [Data_08] ep 4 val 1.0356 best 1.0281@ep3 pat 1 (28s)
  [Data_08] ep 5 val 1.0434 best 1.0281@ep3 pat 2 (35s)
  [Data_08] NEWBEST ep6 val=1.0177 test=0.5182
  [Data_08] ep 6 val 1.0177 best 1.0177@ep6 pat 0 (41s)
  [Data_08] NEWBEST ep7 val=0.9506 test=0.5062
  [Data_08] ep 7 val 0.9506 best 0.9506@ep7 pat 0 (47s)
  [Data_08] ep 8 val 1.0278 best 0.9506@ep7 pat 1 (53s)
  [Data_08] ep 9 val 1.0626 best 0.9506@ep7 pat 2 (59s)
  [Data_08] ep 10 val 0.9924 best 0.9506@ep7 pat 3 (65s)
  [Data_08] ep 11 val 0.9702 best 0.9506@ep7 pat 4 (71s)
  [Data_08] ep 12 val 1.0393 best 0.9506@ep7 pat 5 (77s)
  [Data_08] ep 13 val 1.0512 best 0.9506@ep7 pat 6 (83s)
  [Data_08] ep 14 val 1.0633 best 0.9506@ep7 pat 7 (89s)
  [Data_08] ep 15 val 1.0123 best 0.9506@ep7 pat 8 (95s)
  [Data_08] ep 16 val 1.0007 best 0.9506@ep7 pat 9 (101s)
  [Data_08] ep 17 val 1.0119 best 0.9506@ep7 pat 10 (107s)
  [Data_08] ep 18 val 1.0683 best 0.9506@ep7 pat 11 (113s)
  [Data_08] ep 19 val 0.9908 best 0.9506@ep7 pat 12 (120s)
  [Data_08] ep 20 val 1.0619 best 0.9506@ep7 pat 13 (126s)
  [Data_08] ep 21 val 0.9628 best 0.9506@ep7 pat 14 (132s)
  [Data_08] ep 22 val 0.9788 best 0.9506@ep7 pat 15 (138s)
  [Data_08] ep 23 val 0.9881 best 0.9506@ep7 pat 16 (144s)
  [Data_08] ep 24 val 1.0468 best 0.9506@ep7 pat 17 (150s)
  [Data_08] ep 25 val 1.0199 best 0.9506@ep7 pat 18 (154s)
  [Data_08] ep 26 val 1.0177 best 0.9506@ep7 pat 19 (159s)
  [Data_08] ep 27 val 1.0106 best 0.9506@ep7 pat 20 (165s)
  [Data_08] ep 28 val 0.9548 best 0.9506@ep7 pat 21 (172s)
  [Data_08] ep 29 val 1.0221 best 0.9506@ep7 pat 22 (178s)
  [Data_08] ep 30 val 1.0169 best 0.9506@ep7 pat 23 (184s)
  [Data_08] ep 31 val 0.9783 best 0.9506@ep7 pat 24 (190s)
  [Data_08] ep 32 val 1.0212 best 0.9506@ep7 pat 25 (196s)
  [Data_08] ep 33 val 1.0159 best 0.9506@ep7 pat 26 (202s)
  [Data_08] ep 34 val 0.9755 best 0.9506@ep7 pat 27 (208s)
  [Data_08] ep 35 val 1.0026 best 0.9506@ep7 pat 28 (213s)
  [Data_08] ep 36 val 0.9981 best 0.9506@ep7 pat 29 (220s)
  [Data_08] NEWBEST ep37 val=0.9488 test=0.5262
  [Data_08] ep 37 val 0.9488 best 0.9488@ep37 pat 0 (226s)
  [Data_08] ep 38 val 0.9672 best 0.9488@ep37 pat 1 (232s)
  [Data_08] ep 39 val 1.0058 best 0.9488@ep37 pat 2 (238s)
  [Data_08] ep 40 val 0.9717 best 0.9488@ep37 pat 3 (245s)
  [Data_08] ep 41 val 1.0136 best 0.9488@ep37 pat 4 (251s)
  [Data_08] ep 42 val 0.9711 best 0.9488@ep37 pat 5 (257s)
  [Data_08] ep 43 val 0.9804 best 0.9488@ep37 pat 6 (264s)
  [Data_08] ep 44 val 1.0350 best 0.9488@ep37 pat 7 (270s)
  [Data_08] ep 45 val 1.0053 best 0.9488@ep37 pat 8 (276s)
  [Data_08] ep 46 val 1.0044 best 0.9488@ep37 pat 9 (283s)
  [Data_08] NEWBEST ep47 val=0.9450 test=0.5174
  [Data_08] ep 47 val 0.9450 best 0.9450@ep47 pat 0 (289s)
  [Data_08] ep 48 val 0.9977 best 0.9450@ep47 pat 1 (295s)
  [Data_08] ep 49 val 1.0060 best 0.9450@ep47 pat 2 (301s)
  [Data_08] ep 50 val 1.0073 best 0.9450@ep47 pat 3 (307s)
  [Data_08] ep 51 val 0.9689 best 0.9450@ep47 pat 4 (313s)
  [Data_08] ep 52 val 1.0103 best 0.9450@ep47 pat 5 (319s)
  [Data_08] ep 53 val 0.9787 best 0.9450@ep47 pat 6 (325s)
  [Data_08] ep 54 val 0.9671 best 0.9450@ep47 pat 7 (331s)
  [Data_08] ep 55 val 0.9764 best 0.9450@ep47 pat 8 (338s)
  [Data_08] ep 56 val 1.0032 best 0.9450@ep47 pat 9 (344s)
  [Data_08] ep 57 val 0.9903 best 0.9450@ep47 pat 10 (350s)
  [Data_08] ep 58 val 0.9912 best 0.9450@ep47 pat 11 (355s)
  [Data_08] ep 59 val 1.0008 best 0.9450@ep47 pat 12 (361s)
  [Data_08] ep 60 val 1.0319 best 0.9450@ep47 pat 13 (367s)
  [Data_08] ep 61 val 1.0360 best 0.9450@ep47 pat 14 (373s)
  [Data_08] ep 62 val 1.0026 best 0.9450@ep47 pat 15 (379s)
  [Data_08] ep 63 val 1.0025 best 0.9450@ep47 pat 16 (385s)
  [Data_08] ep 64 val 0.9656 best 0.9450@ep47 pat 17 (390s)
  [Data_08] ep 65 val 1.0090 best 0.9450@ep47 pat 18 (396s)
  [Data_08] ep 66 val 0.9944 best 0.9450@ep47 pat 19 (402s)
  [Data_08] ep 67 val 1.0025 best 0.9450@ep47 pat 20 (408s)
  [Data_08] ep 68 val 0.9804 best 0.9450@ep47 pat 21 (414s)
  [Data_08] ep 69 val 0.9855 best 0.9450@ep47 pat 22 (419s)
  [Data_08] NEWBEST ep70 val=0.9389 test=0.4978
  [Data_08] ep 70 val 0.9389 best 0.9389@ep70 pat 0 (425s)
  [Data_08] ep 71 val 0.9885 best 0.9389@ep70 pat 1 (431s)
  [Data_08] ep 72 val 1.0291 best 0.9389@ep70 pat 2 (437s)
  [Data_08] ep 73 val 0.9998 best 0.9389@ep70 pat 3 (443s)
  [Data_08] ep 74 val 1.0235 best 0.9389@ep70 pat 4 (448s)
  [Data_08] ep 75 val 0.9809 best 0.9389@ep70 pat 5 (454s)
  [Data_08] ep 76 val 1.0198 best 0.9389@ep70 pat 6 (460s)
  [Data_08] ep 77 val 1.0153 best 0.9389@ep70 pat 7 (466s)
  [Data_08] ep 78 val 1.0137 best 0.9389@ep70 pat 8 (472s)
  [Data_08] ep 79 val 0.9641 best 0.9389@ep70 pat 9 (477s)
  [Data_08] ep 80 val 1.0268 best 0.9389@ep70 pat 10 (483s)
  [Data_08] ep 81 val 1.0220 best 0.9389@ep70 pat 11 (489s)
  [Data_08] ep 82 val 1.0169 best 0.9389@ep70 pat 12 (495s)
  [Data_08] ep 83 val 0.9962 best 0.9389@ep70 pat 13 (501s)
  [Data_08] ep 84 val 0.9681 best 0.9389@ep70 pat 14 (506s)
  [Data_08] ep 85 val 1.0060 best 0.9389@ep70 pat 15 (512s)
  [Data_08] ep 86 val 0.9885 best 0.9389@ep70 pat 16 (517s)
  [Data_08] ep 87 val 0.9729 best 0.9389@ep70 pat 17 (521s)
  [Data_08] ep 88 val 0.9838 best 0.9389@ep70 pat 18 (524s)
  [Data_08] ep 89 val 0.9697 best 0.9389@ep70 pat 19 (528s)
  [Data_08] ep 90 val 1.0015 best 0.9389@ep70 pat 20 (533s)
  [Data_08] ep 91 val 1.0066 best 0.9389@ep70 pat 21 (539s)
  [Data_08] ep 92 val 1.0006 best 0.9389@ep70 pat 22 (544s)
  [Data_08] ep 93 val 0.9701 best 0.9389@ep70 pat 23 (550s)
  [Data_08] ep 94 val 0.9621 best 0.9389@ep70 pat 24 (556s)
  [Data_08] ep 95 val 0.9776 best 0.9389@ep70 pat 25 (562s)
  [Data_08] ep 96 val 1.0014 best 0.9389@ep70 pat 26 (568s)
  [Data_08] ep 97 val 1.0013 best 0.9389@ep70 pat 27 (573s)
  [Data_08] ep 98 val 0.9704 best 0.9389@ep70 pat 28 (579s)
  [Data_08] ep 99 val 1.0584 best 0.9389@ep70 pat 29 (585s)
  [Data_08] ep 100 val 1.0082 best 0.9389@ep70 pat 30 (591s)
  [Data_08] ep 101 val 0.9932 best 0.9389@ep70 pat 31 (597s)
  [Data_08] ep 102 val 0.9488 best 0.9389@ep70 pat 32 (602s)
  [Data_08] ep 103 val 1.0014 best 0.9389@ep70 pat 33 (608s)
  [Data_08] ep 104 val 1.0251 best 0.9389@ep70 pat 34 (614s)
  [Data_08] ep 105 val 1.0030 best 0.9389@ep70 pat 35 (620s)
  [Data_08] ep 106 val 0.9639 best 0.9389@ep70 pat 36 (626s)
  [Data_08] ep 107 val 0.9709 best 0.9389@ep70 pat 37 (632s)
  [Data_08] ep 108 val 0.9832 best 0.9389@ep70 pat 38 (637s)
  [Data_08] ep 109 val 1.0098 best 0.9389@ep70 pat 39 (643s)
  [Data_08] ep 110 val 0.9814 best 0.9389@ep70 pat 40 (649s)
  [Data_08] ep 111 val 0.9736 best 0.9389@ep70 pat 41 (655s)
  [Data_08] ep 112 val 0.9597 best 0.9389@ep70 pat 42 (661s)
  [Data_08] ep 113 val 0.9744 best 0.9389@ep70 pat 43 (666s)
  [Data_08] ep 114 val 0.9771 best 0.9389@ep70 pat 44 (672s)
  [Data_08] ep 115 val 0.9755 best 0.9389@ep70 pat 45 (678s)
  [Data_08] ep 116 val 1.0123 best 0.9389@ep70 pat 46 (684s)
  [Data_08] ep 117 val 1.0242 best 0.9389@ep70 pat 47 (690s)
  [Data_08] ep 118 val 1.0079 best 0.9389@ep70 pat 48 (696s)
  [Data_08] ep 119 val 0.9883 best 0.9389@ep70 pat 49 (701s)
  [Data_08] ep 120 val 1.0304 best 0.9389@ep70 pat 50 (707s)
  [Data_08] EARLYSTOP ep120 best 0.9389@ep70
*** Data_08 test MAE 0.498 (707s)
==== Data_08 DONE
