command: python -m hingesense.trainer --out results/raw/ablation_no_channel_mask --target Data_04 --seed 2027 --epochs 300 --patience 50 --ablation no_channel_mask
UserWarning: Can't initialize NVML
os: Linux-6.8.0-138-generic-x86_64-with-glibc2.35
cpu: Intel(R) Xeon(R) Platinum 8480C x224, ram 1007.5 GB
gpu: NVIDIA H100 (driver 580.173.02)
python 3.11.15, torch 2.12.0+cu130, cuda 13.0
channel mask top120 = [0, 1, 2, 3, 4, 5, 6, 7, 8, 9, 10, 11, 12, 13, 14, 15, 16, 17, 18, 19, 20, 21, 22, 23, 24, 25, 26, 27, 28, 29, 30, 31, 32, 33, 34, 35, 36, 37, 38, 39, 40, 41, 42, 43, 44, 45, 46, 47, 48, 49, 50, 51, 52, 53, 54, 55, 56, 57, 58, 59, 60, 61, 62, 63, 64, 65, 66, 67, 68, 69, 70, 71, 72, 73, 74, 75, 76, 77, 78, 79, 80, 81, 82, 83, 84, 85, 86, 87, 88, 89, 90, 91, 92, 93, 94, 95, 96, 97, 98, 99, 100, 101, 102, 103, 104, 105, 106, 107, 108, 109, 110, 111, 112, 113, 114, 115, 116, 117, 118, 119]
=== Data_04 seed=2027 epochs=300 patience=50 ablation=no_channel_mask channels=120 dev=cuda:0 ===
pool=56 folds (flips=True)
  [Data_04] cond=noload sources=52
  [Data_04] NEWBEST ep0 val=0.3637 test=0.3966
  [Data_04] ep 0 val 0.3637 best 0.3637@ep0 pat 0 (7s)
  [Data_04] NEWBEST ep1 val=0.3086 test=0.2550
  [Data_04] ep 1 val 0.3086 best 0.3086@ep1 pat 0 (12s)
  [Data_04] ep 2 val 0.4413 best 0.3086@ep1 pat 1 (18s)
  [Data_04] ep 3 val 0.3703 best 0.3086@ep1 pat 2 (24s)
  [Data_04] ep 4 val 0.4351 best 0.3086@ep1 pat 3 (30s)
  [Data_04] ep 5 val 0.3938 best 0.3086@ep1 pat 4 (36s)
  [Data_04] ep 6 val 0.3872 best 0.3086@ep1 pat 5 (42s)
  [Data_04] ep 7 val 0.3534 best 0.3086@ep1 pat 6 (48s)
  [Data_04] ep 8 val 0.3282 best 0.3086@ep1 pat 7 (54s)
  [Data_04] ep 9 val 0.3449 best 0.3086@ep1 pat 8 (60s)
  [Data_04] ep 10 val 0.3354 best 0.3086@ep1 pat 9 (66s)
  [Data_04] ep 11 val 0.3449 best 0.3086@ep1 pat 10 (72s)
  [Data_04] ep 12 val 0.3512 best 0.3086@ep1 pat 11 (77s)
  [Data_04] ep 13 val 0.3259 best 0.3086@ep1 pat 12 (82s)
  [Data_04] ep 14 val 0.3847 best 0.3086@ep1 pat 13 (87s)
  [Data_04] ep 15 val 0.3492 best 0.3086@ep1 pat 14 (94s)
  [Data_04] ep 16 val 0.3183 best 0.3086@ep1 pat 15 (100s)
  [Data_04] ep 17 val 0.3669 best 0.3086@ep1 pat 16 (106s)
  [Data_04] ep 18 val 0.3096 best 0.3086@ep1 pat 17 (112s)
  [Data_04] NEWBEST ep19 val=0.3007 test=0.2629
  [Data_04] ep 19 val 0.3007 best 0.3007@ep19 pat 0 (118s)
  [Data_04] ep 20 val 0.3465 best 0.3007@ep19 pat 1 (124s)
  [Data_04] NEWBEST ep21 val=0.2832 test=0.2700
  [Data_04] ep 21 val 0.2832 best 0.2832@ep21 pat 0 (130s)
  [Data_04] ep 22 val 0.3347 best 0.2832@ep21 pat 1 (136s)
  [Data_04] ep 23 val 0.3678 best 0.2832@ep21 pat 2 (142s)
  [Data_04] ep 24 val 0.3718 best 0.2832@ep21 pat 3 (148s)
  [Data_04] ep 25 val 0.3014 best 0.2832@ep21 pat 4 (154s)
  [Data_04] ep 26 val 0.3043 best 0.2832@ep21 pat 5 (160s)
  [Data_04] ep 27 val 0.3103 best 0.2832@ep21 pat 6 (166s)
  [Data_04] ep 28 val 0.3165 best 0.2832@ep21 pat 7 (173s)
  [Data_04] ep 29 val 0.2987 best 0.2832@ep21 pat 8 (179s)
  [Data_04] ep 30 val 0.3264 best 0.2832@ep21 pat 9 (185s)
  [Data_04] ep 31 val 0.2923 best 0.2832@ep21 pat 10 (191s)
  [Data_04] ep 32 val 0.3229 best 0.2832@ep21 pat 11 (198s)
  [Data_04] ep 33 val 0.3085 best 0.2832@ep21 pat 12 (204s)
  [Data_04] ep 34 val 0.3381 best 0.2832@ep21 pat 13 (210s)
  [Data_04] ep 35 val 0.2954 best 0.2832@ep21 pat 14 (216s)
  [Data_04] ep 36 val 0.3090 best 0.2832@ep21 pat 15 (222s)
  [Data_04] ep 37 val 0.2984 best 0.2832@ep21 pat 16 (229s)
  [Data_04] ep 38 val 0.3159 best 0.2832@ep21 pat 17 (235s)
  [Data_04] ep 39 val 0.3381 best 0.2832@ep21 pat 18 (241s)
  [Data_04] ep 40 val 0.3032 best 0.2832@ep21 pat 19 (247s)
  [Data_04] ep 41 val 0.3187 best 0.2832@ep21 pat 20 (254s)
  [Data_04] ep 42 val 0.3291 best 0.2832@ep21 pat 21 (260s)
  [Data_04] ep 43 val 0.3029 best 0.2832@ep21 pat 22 (266s)
  [Data_04] ep 44 val 0.3103 best 0.2832@ep21 pat 23 (273s)
  [Data_04] ep 45 val 0.3234 best 0.2832@ep21 pat 24 (279s)
  [Data_04] NEWBEST ep46 val=0.2810 test=0.2921
  [Data_04] ep 46 val 0.2810 best 0.2810@ep46 pat 0 (285s)
  [Data_04] ep 47 val 0.3164 best 0.2810@ep46 pat 1 (291s)
  [Data_04] ep 48 val 0.3204 best 0.2810@ep46 pat 2 (298s)
  [Data_04] ep 49 val 0.3212 best 0.2810@ep46 pat 3 (304s)
  [Data_04] ep 50 val 0.2911 best 0.2810@ep46 pat 4 (310s)
  [Data_04] ep 51 val 0.3185 best 0.2810@ep46 pat 5 (316s)
  [Data_04] ep 52 val 0.3257 best 0.2810@ep46 pat 6 (322s)
  [Data_04] ep 53 val 0.3073 best 0.2810@ep46 pat 7 (328s)
  [Data_04] ep 54 val 0.3072 best 0.2810@ep46 pat 8 (334s)
  [Data_04] ep 55 val 0.3263 best 0.2810@ep46 pat 9 (340s)
  [Data_04] ep 56 val 0.3158 best 0.2810@ep46 pat 10 (345s)
  [Data_04] ep 57 val 0.3150 best 0.2810@ep46 pat 11 (351s)
  [Data_04] ep 58 val 0.3389 best 0.2810@ep46 pat 12 (357s)
  [Data_04] ep 59 val 0.2963 best 0.2810@ep46 pat 13 (363s)
  [Data_04] ep 60 val 0.2958 best 0.2810@ep46 pat 14 (369s)
  [Data_04] ep 61 val 0.3214 best 0.2810@ep46 pat 15 (374s)
  [Data_04] ep 62 val 0.3186 best 0.2810@ep46 pat 16 (380s)
  [Data_04] ep 63 val 0.3230 best 0.2810@ep46 pat 17 (386s)
  [Data_04] ep 64 val 0.2870 best 0.2810@ep46 pat 18 (392s)
  [Data_04] ep 65 val 0.2893 best 0.2810@ep46 pat 19 (398s)
  [Data_04] NEWBEST ep66 val=0.2574 test=0.2635
  [Data_04] ep 66 val 0.2574 best 0.2574@ep66 pat 0 (404s)
  [Data_04] ep 67 val 0.2918 best 0.2574@ep66 pat 1 (409s)
  [Data_04] ep 68 val 0.3016 best 0.2574@ep66 pat 2 (415s)
  [Data_04] ep 69 val 0.2883 best 0.2574@ep66 pat 3 (421s)
  [Data_04] ep 70 val 0.3081 best 0.2574@ep66 pat 4 (427s)
  [Data_04] ep 71 val 0.2882 best 0.2574@ep66 pat 5 (433s)
  [Data_04] ep 72 val 0.3123 best 0.2574@ep66 pat 6 (439s)
  [Data_04] ep 73 val 0.3022 best 0.2574@ep66 pat 7 (444s)
  [Data_04] ep 74 val 0.3054 best 0.2574@ep66 pat 8 (450s)
  [Data_04] ep 75 val 0.3135 best 0.2574@ep66 pat 9 (456s)
  [Data_04] ep 76 val 0.3078 best 0.2574@ep66 pat 10 (462s)
  [Data_04] ep 77 val 0.2963 best 0.2574@ep66 pat 11 (467s)
  [Data_04] ep 78 val 0.2727 best 0.2574@ep66 pat 12 (473s)
  [Data_04] ep 79 val 0.3075 best 0.2574@ep66 pat 13 (479s)
  [Data_04] ep 80 val 0.2991 best 0.2574@ep66 pat 14 (485s)
  [Data_04] ep 81 val 0.2751 best 0.2574@ep66 pat 15 (490s)
  [Data_04] ep 82 val 0.2914 best 0.2574@ep66 pat 16 (496s)
  [Data_04] ep 83 val 0.2867 best 0.2574@ep66 pat 17 (502s)
  [Data_04] ep 84 val 0.2771 best 0.2574@ep66 pat 18 (508s)
  [Data_04] ep 85 val 0.3113 best 0.2574@ep66 pat 19 (513s)
  [Data_04] ep 86 val 0.2834 best 0.2574@ep66 pat 20 (519s)
  [Data_04] ep 87 val 0.3171 best 0.2574@ep66 pat 21 (525s)
  [Data_04] ep 88 val 0.2945 best 0.2574@ep66 pat 22 (530s)
  [Data_04] ep 89 val 0.3083 best 0.2574@ep66 pat 23 (536s)
  [Data_04] ep 90 val 0.2847 best 0.2574@ep66 pat 24 (542s)
  [Data_04] ep 91 val 0.3022 best 0.2574@ep66 pat 25 (547s)
  [Data_04] ep 92 val 0.2825 best 0.2574@ep66 pat 26 (553s)
  [Data_04] ep 93 val 0.3045 best 0.2574@ep66 pat 27 (559s)
  [Data_04] ep 94 val 0.2993 best 0.2574@ep66 pat 28 (564s)
  [Data_04] ep 95 val 0.2738 best 0.2574@ep66 pat 29 (570s)
  [Data_04] ep 96 val 0.3212 best 0.2574@ep66 pat 30 (575s)
  [Data_04] ep 97 val 0.2887 best 0.2574@ep66 pat 31 (581s)
  [Data_04] ep 98 val 0.3047 best 0.2574@ep66 pat 32 (587s)
  [Data_04] ep 99 val 0.2735 best 0.2574@ep66 pat 33 (592s)
  [Data_04] ep 100 val 0.3171 best 0.2574@ep66 pat 34 (598s)
  [Data_04] ep 101 val 0.2967 best 0.2574@ep66 pat 35 (604s)
  [Data_04] ep 102 val 0.3090 best 0.2574@ep66 pat 36 (609s)
  [Data_04] ep 103 val 0.2931 best 0.2574@ep66 pat 37 (615s)
  [Data_04] ep 104 val 0.2863 best 0.2574@ep66 pat 38 (621s)
  [Data_04] ep 105 val 0.2926 best 0.2574@ep66 pat 39 (626s)
  [Data_04] ep 106 val 0.3003 best 0.2574@ep66 pat 40 (632s)
  [Data_04] ep 107 val 0.2848 best 0.2574@ep66 pat 41 (638s)
  [Data_04] ep 108 val 0.2784 best 0.2574@ep66 pat 42 (643s)
  [Data_04] ep 109 val 0.3003 best 0.2574@ep66 pat 43 (649s)
  [Data_04] ep 110 val 0.2826 best 0.2574@ep66 pat 44 (655s)
  [Data_04] ep 111 val 0.2982 best 0.2574@ep66 pat 45 (660s)
  [Data_04] ep 112 val 0.3026 best 0.2574@ep66 pat 46 (666s)
  [Data_04] ep 113 val 0.2940 best 0.2574@ep66 pat 47 (672s)
  [Data_04] ep 114 val 0.2854 best 0.2574@ep66 pat 48 (677s)
  [Data_04] ep 115 val 0.2983 best 0.2574@ep66 pat 49 (683s)
  [Data_04] ep 116 val 0.3039 best 0.2574@ep66 pat 50 (689s)
  [Data_04] EARLYSTOP ep116 best 0.2574@ep66
*** Data_04 test MAE 0.263 (689s)
==== Data_04 DONE
