command: python -m hingesense.trainer --out results/raw/ablation_no_channel_mask --target Data_11 --seed 2027 --epochs 300 --patience 50 --ablation no_channel_mask
UserWarning: Can't initialize NVML
os: Linux-6.8.0-138-generic-x86_64-with-glibc2.35
cpu: Intel(R) Xeon(R) Platinum 8480C x224, ram 1007.5 GB
gpu: NVIDIA H100 (driver 580.173.02)
python 3.11.15, torch 2.12.0+cu130, cuda 13.0
channel mask top120 = [0, 1, 2, 3, 4, 5, 6, 7, 8, 9, 10, 11, 12, 13, 14, 15, 16, 17, 18, 19, 20, 21, 22, 23, 24, 25, 26, 27, 28, 29, 30, 31, 32, 33, 34, 35, 36, 37, 38, 39, 40, 41, 42, 43, 44, 45, 46, 47, 48, 49, 50, 51, 52, 53, 54, 55, 56, 57, 58, 59, 60, 61, 62, 63, 64, 65, 66, 67, 68, 69, 70, 71, 72, 73, 74, 75, 76, 77, 78, 79, 80, 81, 82, 83, 84, 85, 86, 87, 88, 89, 90, 91, 92, 93, 94, 95, 96, 97, 98, 99, 100, 101, 102, 103, 104, 105, 106, 107, 108, 109, 110, 111, 112, 113, 114, 115, 116, 117, 118, 119]
=== Data_11 seed=2027 epochs=300 patience=50 ablation=no_channel_mask channels=120 dev=cuda:0 ===
pool=36 folds (flips=True)
  [Data_11] cond=assembly sources=32
  [Data_11] NEWBEST ep0 val=1.0286 test=1.7385
  [Data_11] ep 0 val 1.0286 best 1.0286@ep0 pat 0 (16s)
  [Data_11] ep 1 val 1.3960 best 1.0286@ep0 pat 1 (30s)
  [Data_11] ep 2 val 2.0267 best 1.0286@ep0 pat 2 (45s)
  [Data_11] ep 3 val 2.8511 best 1.0286@ep0 pat 3 (59s)
  [Data_11] ep 4 val 2.3466 best 1.0286@ep0 pat 4 (74s)
  [Data_11] ep 5 val 2.7477 best 1.0286@ep0 pat 5 (89s)
  [Data_11] ep 6 val 3.2430 best 1.0286@ep0 pat 6 (103s)
  [Data_11] ep 7 val 2.7802 best 1.0286@ep0 pat 7 (118s)
  [Data_11] ep 8 val 2.5601 best 1.0286@ep0 pat 8 (133s)
  [Data_11] ep 9 val 3.1490 best 1.0286@ep0 pat 9 (148s)
  [Data_11] ep 10 val 3.2105 best 1.0286@ep0 pat 10 (163s)
  [Data_11] ep 11 val 2.1409 best 1.0286@ep0 pat 11 (177s)
  [Data_11] ep 12 val 3.0924 best 1.0286@ep0 pat 12 (192s)
  [Data_11] ep 13 val 2.8379 best 1.0286@ep0 pat 13 (207s)
  [Data_11] ep 14 val 3.1813 best 1.0286@ep0 pat 14 (222s)
  [Data_11] ep 15 val 2.8576 best 1.0286@ep0 pat 15 (236s)
  [Data_11] ep 16 val 3.0168 best 1.0286@ep0 pat 16 (251s)
  [Data_11] ep 17 val 2.4002 best 1.0286@ep0 pat 17 (266s)
  [Data_11] ep 18 val 2.2417 best 1.0286@ep0 pat 18 (280s)
  [Data_11] ep 19 val 2.5830 best 1.0286@ep0 pat 19 (295s)
  [Data_11] ep 20 val 2.9510 best 1.0286@ep0 pat 20 (309s)
  [Data_11] ep 21 val 2.6483 best 1.0286@ep0 pat 21 (324s)
  [Data_11] ep 22 val 2.5501 best 1.0286@ep0 pat 22 (339s)
  [Data_11] ep 23 val 2.6265 best 1.0286@ep0 pat 23 (353s)
  [Data_11] ep 24 val 2.3587 best 1.0286@ep0 pat 24 (368s)
  [Data_11] ep 25 val 2.6389 best 1.0286@ep0 pat 25 (383s)
  [Data_11] ep 26 val 3.1922 best 1.0286@ep0 pat 26 (397s)
  [Data_11] ep 27 val 2.5736 best 1.0286@ep0 pat 27 (412s)
  [Data_11] ep 28 val 2.9622 best 1.0286@ep0 pat 28 (427s)
  [Data_11] ep 29 val 2.9251 best 1.0286@ep0 pat 29 (442s)
  [Data_11] ep 30 val 2.9434 best 1.0286@ep0 pat 30 (457s)
  [Data_11] ep 31 val 2.4850 best 1.0286@ep0 pat 31 (471s)
  [Data_11] ep 32 val 2.2249 best 1.0286@ep0 pat 32 (486s)
  [Data_11] ep 33 val 2.3140 best 1.0286@ep0 pat 33 (501s)
  [Data_11] ep 34 val 2.5084 best 1.0286@ep0 pat 34 (516s)
  [Data_11] ep 35 val 2.6478 best 1.0286@ep0 pat 35 (531s)
  [Data_11] ep 36 val 2.3826 best 1.0286@ep0 pat 36 (546s)
  [Data_11] ep 37 val 2.0939 best 1.0286@ep0 pat 37 (561s)
  [Data_11] ep 38 val 3.0895 best 1.0286@ep0 pat 38 (575s)
  [Data_11] ep 39 val 2.4026 best 1.0286@ep0 pat 39 (590s)
  [Data_11] ep 40 val 2.3262 best 1.0286@ep0 pat 40 (605s)
  [Data_11] ep 41 val 2.5627 best 1.0286@ep0 pat 41 (620s)
  [Data_11] ep 42 val 2.5474 best 1.0286@ep0 pat 42 (635s)
  [Data_11] ep 43 val 2.2617 best 1.0286@ep0 pat 43 (650s)
  [Data_11] ep 44 val 2.5214 best 1.0286@ep0 pat 44 (664s)
  [Data_11] ep 45 val 2.7734 best 1.0286@ep0 pat 45 (679s)
  [Data_11] ep 46 val 2.4625 best 1.0286@ep0 pat 46 (694s)
  [Data_11] ep 47 val 2.7424 best 1.0286@ep0 pat 47 (709s)
  [Data_11] ep 48 val 2.6013 best 1.0286@ep0 pat 48 (724s)
  [Data_11] ep 49 val 3.7105 best 1.0286@ep0 pat 49 (739s)
  [Data_11] ep 50 val 2.6773 best 1.0286@ep0 pat 50 (754s)
  [Data_11] EARLYSTOP ep50 best 1.0286@ep0
*** Data_11 test MAE 1.738 (754s)
==== Data_11 DONE
