command: python -m hingesense.trainer --out results/raw/ablation_no_channel_mask --target Data_05 --seed 2027 --epochs 300 --patience 50 --ablation no_channel_mask
UserWarning: Can't initialize NVML
os: Linux-6.8.0-138-generic-x86_64-with-glibc2.35
cpu: Intel(R) Xeon(R) Platinum 8480C x224, ram 1007.5 GB
gpu: NVIDIA H100 (driver 580.173.02)
python 3.11.15, torch 2.12.0+cu130, cuda 13.0
channel mask top120 = [0, 1, 2, 3, 4, 5, 6, 7, 8, 9, 10, 11, 12, 13, 14, 15, 16, 17, 18, 19, 20, 21, 22, 23, 24, 25, 26, 27, 28, 29, 30, 31, 32, 33, 34, 35, 36, 37, 38, 39, 40, 41, 42, 43, 44, 45, 46, 47, 48, 49, 50, 51, 52, 53, 54, 55, 56, 57, 58, 59, 60, 61, 62, 63, 64, 65, 66, 67, 68, 69, 70, 71, 72, 73, 74, 75, 76, 77, 78, 79, 80, 81, 82, 83, 84, 85, 86, 87, 88, 89, 90, 91, 92, 93, 94, 95, 96, 97, 98, 99, 100, 101, 102, 103, 104, 105, 106, 107, 108, 109, 110, 111, 112, 113, 114, 115, 116, 117, 118, 119]
=== Data_05 seed=2027 epochs=300 patience=50 ablation=no_channel_mask channels=120 dev=cuda:0 ===
pool=56 folds (flips=True)
  [Data_05] cond=noload sources=52
  [Data_05] NEWBEST ep0 val=3.3938 test=1.2064
  [Data_05] ep 0 val 3.3938 best 3.3938@ep0 pat 0 (17s)
  [Data_05] ep 1 val 4.4112 best 3.3938@ep0 pat 1 (32s)
  [Data_05] ep 2 val 3.4631 best 3.3938@ep0 pat 2 (46s)
  [Data_05] NEWBEST ep3 val=3.3147 test=0.8529
  [Data_05] ep 3 val 3.3147 best 3.3147@ep3 pat 0 (61s)
  [Data_05] NEWBEST ep4 val=2.9558 test=0.8002
  [Data_05] ep 4 val 2.9558 best 2.9558@ep4 pat 0 (76s)
  [Data_05] NEWBEST ep5 val=2.5112 test=0.7135
  [Data_05] ep 5 val 2.5112 best 2.5112@ep5 pat 0 (91s)
  [Data_05] ep 6 val 2.7218 best 2.5112@ep5 pat 1 (106s)
  [Data_05] NEWBEST ep7 val=2.2813 test=0.6938
  [Data_05] ep 7 val 2.2813 best 2.2813@ep7 pat 0 (122s)
  [Data_05] ep 8 val 2.7904 best 2.2813@ep7 pat 1 (136s)
  [Data_05] ep 9 val 2.7359 best 2.2813@ep7 pat 2 (151s)
  [Data_05] ep 10 val 2.5532 best 2.2813@ep7 pat 3 (166s)
  [Data_05] ep 11 val 2.5438 best 2.2813@ep7 pat 4 (181s)
  [Data_05] ep 12 val 2.4597 best 2.2813@ep7 pat 5 (196s)
  [Data_05] ep 13 val 2.7295 best 2.2813@ep7 pat 6 (211s)
  [Data_05] ep 14 val 2.4765 best 2.2813@ep7 pat 7 (225s)
  [Data_05] ep 15 val 2.4385 best 2.2813@ep7 pat 8 (240s)
  [Data_05] ep 16 val 2.5220 best 2.2813@ep7 pat 9 (255s)
  [Data_05] ep 17 val 2.3039 best 2.2813@ep7 pat 10 (270s)
  [Data_05] ep 18 val 2.6950 best 2.2813@ep7 pat 11 (285s)
  [Data_05] ep 19 val 2.9267 best 2.2813@ep7 pat 12 (299s)
  [Data_05] ep 20 val 2.5937 best 2.2813@ep7 pat 13 (314s)
  [Data_05] ep 21 val 2.3357 best 2.2813@ep7 pat 14 (329s)
  [Data_05] ep 22 val 2.5197 best 2.2813@ep7 pat 15 (343s)
  [Data_05] ep 23 val 2.5261 best 2.2813@ep7 pat 16 (358s)
  [Data_05] ep 24 val 2.5674 best 2.2813@ep7 pat 17 (373s)
  [Data_05] ep 25 val 2.4601 best 2.2813@ep7 pat 18 (388s)
  [Data_05] NEWBEST ep26 val=2.2529 test=0.7009
  [Data_05] ep 26 val 2.2529 best 2.2529@ep26 pat 0 (403s)
  [Data_05] ep 27 val 2.3426 best 2.2529@ep26 pat 1 (418s)
  [Data_05] ep 28 val 2.4105 best 2.2529@ep26 pat 2 (433s)
  [Data_05] ep 29 val 2.4269 best 2.2529@ep26 pat 3 (447s)
  [Data_05] ep 30 val 2.4624 best 2.2529@ep26 pat 4 (462s)
  [Data_05] NEWBEST ep31 val=2.2450 test=0.6473
  [Data_05] ep 31 val 2.2450 best 2.2450@ep31 pat 0 (477s)
  [Data_05] NEWBEST ep32 val=2.1261 test=0.6961
  [Data_05] ep 32 val 2.1261 best 2.1261@ep32 pat 0 (493s)
  [Data_05] ep 33 val 2.3386 best 2.1261@ep32 pat 1 (507s)
  [Data_05] ep 34 val 2.2897 best 2.1261@ep32 pat 2 (522s)
  [Data_05] ep 35 val 2.2011 best 2.1261@ep32 pat 3 (537s)
  [Data_05] NEWBEST ep36 val=2.0168 test=0.6756
  [Data_05] ep 36 val 2.0168 best 2.0168@ep36 pat 0 (552s)
  [Data_05] ep 37 val 2.4350 best 2.0168@ep36 pat 1 (567s)
  [Data_05] ep 38 val 2.4854 best 2.0168@ep36 pat 2 (582s)
  [Data_05] ep 39 val 2.0734 best 2.0168@ep36 pat 3 (597s)
  [Data_05] ep 40 val 2.3004 best 2.0168@ep36 pat 4 (612s)
  [Data_05] ep 41 val 2.4781 best 2.0168@ep36 pat 5 (627s)
  [Data_05] ep 42 val 2.4497 best 2.0168@ep36 pat 6 (642s)
  [Data_05] ep 43 val 2.2813 best 2.0168@ep36 pat 7 (657s)
  [Data_05] ep 44 val 2.1585 best 2.0168@ep36 pat 8 (672s)
  [Data_05] ep 45 val 2.2521 best 2.0168@ep36 pat 9 (687s)
  [Data_05] ep 46 val 2.4933 best 2.0168@ep36 pat 10 (702s)
  [Data_05] ep 47 val 2.3366 best 2.0168@ep36 pat 11 (716s)
  [Data_05] ep 48 val 2.5573 best 2.0168@ep36 pat 12 (731s)
  [Data_05] ep 49 val 2.1864 best 2.0168@ep36 pat 13 (746s)
  [Data_05] ep 50 val 2.2898 best 2.0168@ep36 pat 14 (761s)
  [Data_05] ep 51 val 2.4728 best 2.0168@ep36 pat 15 (774s)
  [Data_05] ep 52 val 2.3966 best 2.0168@ep36 pat 16 (785s)
  [Data_05] ep 53 val 2.0488 best 2.0168@ep36 pat 17 (797s)
  [Data_05] ep 54 val 2.1806 best 2.0168@ep36 pat 18 (809s)
  [Data_05] ep 55 val 2.1782 best 2.0168@ep36 pat 19 (820s)
  [Data_05] ep 56 val 2.1648 best 2.0168@ep36 pat 20 (831s)
  [Data_05] ep 57 val 2.3852 best 2.0168@ep36 pat 21 (842s)
  [Data_05] NEWBEST ep58 val=2.0127 test=0.6496
  [Data_05] ep 58 val 2.0127 best 2.0127@ep58 pat 0 (852s)
  [Data_05] ep 59 val 2.4393 best 2.0127@ep58 pat 1 (863s)
  [Data_05] ep 60 val 2.5624 best 2.0127@ep58 pat 2 (873s)
  [Data_05] ep 61 val 2.5197 best 2.0127@ep58 pat 3 (882s)
  [Data_05] ep 62 val 2.3583 best 2.0127@ep58 pat 4 (891s)
  [Data_05] ep 63 val 2.3478 best 2.0127@ep58 pat 5 (900s)
  [Data_05] ep 64 val 2.4690 best 2.0127@ep58 pat 6 (909s)
  [Data_05] ep 65 val 2.3941 best 2.0127@ep58 pat 7 (918s)
  [Data_05] ep 66 val 2.2508 best 2.0127@ep58 pat 8 (928s)
  [Data_05] ep 67 val 2.5839 best 2.0127@ep58 pat 9 (937s)
  [Data_05] ep 68 val 2.1433 best 2.0127@ep58 pat 10 (946s)
  [Data_05] ep 69 val 2.2186 best 2.0127@ep58 pat 11 (955s)
  [Data_05] ep 70 val 2.4732 best 2.0127@ep58 pat 12 (964s)
  [Data_05] ep 71 val 2.2809 best 2.0127@ep58 pat 13 (973s)
  [Data_05] ep 72 val 2.2526 best 2.0127@ep58 pat 14 (983s)
  [Data_05] ep 73 val 2.2348 best 2.0127@ep58 pat 15 (992s)
  [Data_05] ep 74 val 2.3696 best 2.0127@ep58 pat 16 (1001s)
  [Data_05] ep 75 val 2.4644 best 2.0127@ep58 pat 17 (1010s)
  [Data_05] ep 76 val 2.1562 best 2.0127@ep58 pat 18 (1020s)
  [Data_05] ep 77 val 2.2190 best 2.0127@ep58 pat 19 (1029s)
  [Data_05] ep 78 val 2.2391 best 2.0127@ep58 pat 20 (1038s)
  [Data_05] ep 79 val 2.3233 best 2.0127@ep58 pat 21 (1048s)
  [Data_05] ep 80 val 2.3745 best 2.0127@ep58 pat 22 (1057s)
  [Data_05] ep 81 val 2.2045 best 2.0127@ep58 pat 23 (1066s)
  [Data_05] ep 82 val 2.3385 best 2.0127@ep58 pat 24 (1075s)
  [Data_05] ep 83 val 2.4659 best 2.0127@ep58 pat 25 (1082s)
  [Data_05] ep 84 val 2.4527 best 2.0127@ep58 pat 26 (1088s)
  [Data_05] ep 85 val 2.3142 best 2.0127@ep58 pat 27 (1094s)
  [Data_05] ep 86 val 2.2523 best 2.0127@ep58 pat 28 (1100s)
  [Data_05] ep 87 val 2.3995 best 2.0127@ep58 pat 29 (1106s)
  [Data_05] ep 88 val 2.6752 best 2.0127@ep58 pat 30 (1112s)
  [Data_05] ep 89 val 2.5547 best 2.0127@ep58 pat 31 (1117s)
  [Data_05] ep 90 val 2.3170 best 2.0127@ep58 pat 32 (1123s)
  [Data_05] ep 91 val 2.2488 best 2.0127@ep58 pat 33 (1129s)
  [Data_05] ep 92 val 2.3468 best 2.0127@ep58 pat 34 (1135s)
  [Data_05] ep 93 val 2.2985 best 2.0127@ep58 pat 35 (1141s)
  [Data_05] ep 94 val 2.3502 best 2.0127@ep58 pat 36 (1147s)
  [Data_05] ep 95 val 2.5139 best 2.0127@ep58 pat 37 (1152s)
  [Data_05] ep 96 val 2.2661 best 2.0127@ep58 pat 38 (1158s)
  [Data_05] ep 97 val 2.3290 best 2.0127@ep58 pat 39 (1164s)
  [Data_05] ep 98 val 2.3235 best 2.0127@ep58 pat 40 (1170s)
  [Data_05] ep 99 val 2.2799 best 2.0127@ep58 pat 41 (1175s)
  [Data_05] ep 100 val 2.3909 best 2.0127@ep58 pat 42 (1181s)
  [Data_05] ep 101 val 2.3915 best 2.0127@ep58 pat 43 (1187s)
  [Data_05] ep 102 val 2.4298 best 2.0127@ep58 pat 44 (1193s)
  [Data_05] ep 103 val 2.3107 best 2.0127@ep58 pat 45 (1199s)
  [Data_05] ep 104 val 2.0691 best 2.0127@ep58 pat 46 (1205s)
  [Data_05] ep 105 val 2.2560 best 2.0127@ep58 pat 47 (1210s)
  [Data_05] ep 106 val 2.3815 best 2.0127@ep58 pat 48 (1216s)
  [Data_05] ep 107 val 2.2870 best 2.0127@ep58 pat 49 (1222s)
  [Data_05] ep 108 val 2.4906 best 2.0127@ep58 pat 50 (1228s)
  [Data_05] EARLYSTOP ep108 best 2.0127@ep58
*** Data_05 test MAE 0.650 (1228s)
==== Data_05 DONE
