command: python -m hingesense.trainer --out results/raw/ablation_no_channel_mask --target Data_06 --seed 2027 --epochs 300 --patience 50 --ablation no_channel_mask
UserWarning: Can't initialize NVML
os: Linux-6.8.0-138-generic-x86_64-with-glibc2.35
cpu: Intel(R) Xeon(R) Platinum 8480C x224, ram 1007.5 GB
gpu: NVIDIA H100 (driver 580.173.02)
python 3.11.15, torch 2.12.0+cu130, cuda 13.0
channel mask top120 = [0, 1, 2, 3, 4, 5, 6, 7, 8, 9, 10, 11, 12, 13, 14, 15, 16, 17, 18, 19, 20, 21, 22, 23, 24, 25, 26, 27, 28, 29, 30, 31, 32, 33, 34, 35, 36, 37, 38, 39, 40, 41, 42, 43, 44, 45, 46, 47, 48, 49, 50, 51, 52, 53, 54, 55, 56, 57, 58, 59, 60, 61, 62, 63, 64, 65, 66, 67, 68, 69, 70, 71, 72, 73, 74, 75, 76, 77, 78, 79, 80, 81, 82, 83, 84, 85, 86, 87, 88, 89, 90, 91, 92, 93, 94, 95, 96, 97, 98, 99, 100, 101, 102, 103, 104, 105, 106, 107, 108, 109, 110, 111, 112, 113, 114, 115, 116, 117, 118, 119]
=== Data_06 seed=2027 epochs=300 patience=50 ablation=no_channel_mask channels=120 dev=cuda:0 ===
pool=56 folds (flips=True)
  [Data_06] cond=noload sources=52
  [Data_06] NEWBEST ep0 val=0.9873 test=0.8375
  [Data_06] ep 0 val 0.9873 best 0.9873@ep0 pat 0 (7s)
  [Data_06] ep 1 val 1.3454 best 0.9873@ep0 pat 1 (13s)
  [Data_06] ep 2 val 1.7070 best 0.9873@ep0 pat 2 (19s)
  [Data_06] NEWBEST ep3 val=0.7290 test=0.4770
  [Data_06] ep 3 val 0.7290 best 0.7290@ep3 pat 0 (25s)
  [Data_06] ep 4 val 1.6546 best 0.7290@ep3 pat 1 (30s)
  [Data_06] ep 5 val 1.7222 best 0.7290@ep3 pat 2 (36s)
  [Data_06] ep 6 val 1.4121 best 0.7290@ep3 pat 3 (41s)
  [Data_06] ep 7 val 1.0018 best 0.7290@ep3 pat 4 (47s)
  [Data_06] ep 8 val 1.2954 best 0.7290@ep3 pat 5 (53s)
  [Data_06] ep 9 val 1.1791 best 0.7290@ep3 pat 6 (59s)
  [Data_06] ep 10 val 0.8980 best 0.7290@ep3 pat 7 (66s)
  [Data_06] ep 11 val 0.9800 best 0.7290@ep3 pat 8 (72s)
  [Data_06] ep 12 val 1.1744 best 0.7290@ep3 pat 9 (78s)
  [Data_06] ep 13 val 0.7330 best 0.7290@ep3 pat 10 (85s)
  [Data_06] NEWBEST ep14 val=0.6764 test=0.4142
  [Data_06] ep 14 val 0.6764 best 0.6764@ep14 pat 0 (91s)
  [Data_06] ep 15 val 0.8105 best 0.6764@ep14 pat 1 (97s)
  [Data_06] ep 16 val 0.8009 best 0.6764@ep14 pat 2 (103s)
  [Data_06] ep 17 val 1.0125 best 0.6764@ep14 pat 3 (109s)
  [Data_06] NEWBEST ep18 val=0.5472 test=0.4263
  [Data_06] ep 18 val 0.5472 best 0.5472@ep18 pat 0 (115s)
  [Data_06] ep 19 val 0.9204 best 0.5472@ep18 pat 1 (121s)
  [Data_06] ep 20 val 0.8278 best 0.5472@ep18 pat 2 (127s)
  [Data_06] ep 21 val 1.0916 best 0.5472@ep18 pat 3 (134s)
  [Data_06] ep 22 val 0.7455 best 0.5472@ep18 pat 4 (140s)
  [Data_06] ep 23 val 0.6452 best 0.5472@ep18 pat 5 (146s)
  [Data_06] ep 24 val 0.8604 best 0.5472@ep18 pat 6 (152s)
  [Data_06] ep 25 val 0.7446 best 0.5472@ep18 pat 7 (158s)
  [Data_06] ep 26 val 0.7199 best 0.5472@ep18 pat 8 (165s)
  [Data_06] ep 27 val 0.7714 best 0.5472@ep18 pat 9 (171s)
  [Data_06] ep 28 val 0.6928 best 0.5472@ep18 pat 10 (177s)
  [Data_06] ep 29 val 0.5922 best 0.5472@ep18 pat 11 (183s)
  [Data_06] ep 30 val 0.6643 best 0.5472@ep18 pat 12 (189s)
  [Data_06] ep 31 val 0.7059 best 0.5472@ep18 pat 13 (196s)
  [Data_06] ep 32 val 0.9155 best 0.5472@ep18 pat 14 (202s)
  [Data_06] NEWBEST ep33 val=0.5350 test=0.3787
  [Data_06] ep 33 val 0.5350 best 0.5350@ep33 pat 0 (208s)
  [Data_06] ep 34 val 0.6669 best 0.5350@ep33 pat 1 (214s)
  [Data_06] ep 35 val 0.7182 best 0.5350@ep33 pat 2 (220s)
  [Data_06] ep 36 val 0.6331 best 0.5350@ep33 pat 3 (224s)
  [Data_06] ep 37 val 0.8119 best 0.5350@ep33 pat 4 (231s)
  [Data_06] ep 38 val 0.7303 best 0.5350@ep33 pat 5 (236s)
  [Data_06] ep 39 val 0.7996 best 0.5350@ep33 pat 6 (242s)
  [Data_06] ep 40 val 1.0963 best 0.5350@ep33 pat 7 (248s)
  [Data_06] ep 41 val 0.7525 best 0.5350@ep33 pat 8 (254s)
  [Data_06] ep 42 val 0.8914 best 0.5350@ep33 pat 9 (261s)
  [Data_06] ep 43 val 0.5755 best 0.5350@ep33 pat 10 (267s)
  [Data_06] ep 44 val 0.7938 best 0.5350@ep33 pat 11 (273s)
  [Data_06] ep 45 val 0.6178 best 0.5350@ep33 pat 12 (280s)
  [Data_06] ep 46 val 0.8578 best 0.5350@ep33 pat 13 (286s)
  [Data_06] ep 47 val 0.9322 best 0.5350@ep33 pat 14 (292s)
  [Data_06] ep 48 val 0.8145 best 0.5350@ep33 pat 15 (298s)
  [Data_06] ep 49 val 0.8541 best 0.5350@ep33 pat 16 (304s)
  [Data_06] ep 50 val 0.7712 best 0.5350@ep33 pat 17 (309s)
  [Data_06] ep 51 val 0.7142 best 0.5350@ep33 pat 18 (315s)
  [Data_06] ep 52 val 0.7839 best 0.5350@ep33 pat 19 (321s)
  [Data_06] ep 53 val 0.7738 best 0.5350@ep33 pat 20 (327s)
  [Data_06] ep 54 val 0.7591 best 0.5350@ep33 pat 21 (333s)
  [Data_06] ep 55 val 0.7059 best 0.5350@ep33 pat 22 (339s)
  [Data_06] ep 56 val 0.6576 best 0.5350@ep33 pat 23 (345s)
  [Data_06] ep 57 val 0.5497 best 0.5350@ep33 pat 24 (351s)
  [Data_06] ep 58 val 0.7403 best 0.5350@ep33 pat 25 (357s)
  [Data_06] ep 59 val 0.7695 best 0.5350@ep33 pat 26 (362s)
  [Data_06] ep 60 val 0.6835 best 0.5350@ep33 pat 27 (368s)
  [Data_06] ep 61 val 0.8261 best 0.5350@ep33 pat 28 (374s)
  [Data_06] ep 62 val 0.7229 best 0.5350@ep33 pat 29 (380s)
  [Data_06] ep 63 val 0.7018 best 0.5350@ep33 pat 30 (386s)
  [Data_06] ep 64 val 0.6944 best 0.5350@ep33 pat 31 (392s)
  [Data_06] ep 65 val 0.6670 best 0.5350@ep33 pat 32 (397s)
  [Data_06] ep 66 val 0.8215 best 0.5350@ep33 pat 33 (403s)
  [Data_06] ep 67 val 0.8544 best 0.5350@ep33 pat 34 (409s)
  [Data_06] ep 68 val 0.7887 best 0.5350@ep33 pat 35 (415s)
  [Data_06] ep 69 val 0.6890 best 0.5350@ep33 pat 36 (420s)
  [Data_06] ep 70 val 0.6405 best 0.5350@ep33 pat 37 (426s)
  [Data_06] ep 71 val 0.7063 best 0.5350@ep33 pat 38 (432s)
  [Data_06] ep 72 val 0.7227 best 0.5350@ep33 pat 39 (438s)
  [Data_06] ep 73 val 0.6436 best 0.5350@ep33 pat 40 (443s)
  [Data_06] ep 74 val 0.6546 best 0.5350@ep33 pat 41 (449s)
  [Data_06] ep 75 val 0.7684 best 0.5350@ep33 pat 42 (455s)
  [Data_06] ep 76 val 0.7461 best 0.5350@ep33 pat 43 (461s)
  [Data_06] ep 77 val 0.7535 best 0.5350@ep33 pat 44 (467s)
  [Data_06] ep 78 val 0.7393 best 0.5350@ep33 pat 45 (472s)
  [Data_06] ep 79 val 0.7075 best 0.5350@ep33 pat 46 (478s)
  [Data_06] ep 80 val 0.7583 best 0.5350@ep33 pat 47 (484s)
  [Data_06] ep 81 val 0.8456 best 0.5350@ep33 pat 48 (490s)
  [Data_06] ep 82 val 0.8860 best 0.5350@ep33 pat 49 (495s)
  [Data_06] ep 83 val 0.6686 best 0.5350@ep33 pat 50 (501s)
  [Data_06] EARLYSTOP ep83 best 0.5350@ep33
*** Data_06 test MAE 0.379 (501s)
==== Data_06 DONE
