command: python -m hingesense.trainer --out results/raw/ablation_no_channel_mask --target Data_09 --seed 2027 --epochs 300 --patience 50 --ablation no_channel_mask
UserWarning: Can't initialize NVML
os: Linux-6.8.0-138-generic-x86_64-with-glibc2.35
cpu: Intel(R) Xeon(R) Platinum 8480C x224, ram 1007.5 GB
gpu: NVIDIA H100 (driver 580.173.02)
python 3.11.15, torch 2.12.0+cu130, cuda 13.0
channel mask top120 = [0, 1, 2, 3, 4, 5, 6, 7, 8, 9, 10, 11, 12, 13, 14, 15, 16, 17, 18, 19, 20, 21, 22, 23, 24, 25, 26, 27, 28, 29, 30, 31, 32, 33, 34, 35, 36, 37, 38, 39, 40, 41, 42, 43, 44, 45, 46, 47, 48, 49, 50, 51, 52, 53, 54, 55, 56, 57, 58, 59, 60, 61, 62, 63, 64, 65, 66, 67, 68, 69, 70, 71, 72, 73, 74, 75, 76, 77, 78, 79, 80, 81, 82, 83, 84, 85, 86, 87, 88, 89, 90, 91, 92, 93, 94, 95, 96, 97, 98, 99, 100, 101, 102, 103, 104, 105, 106, 107, 108, 109, 110, 111, 112, 113, 114, 115, 116, 117, 118, 119]
=== Data_09 seed=2027 epochs=300 patience=50 ablation=no_channel_mask channels=120 dev=cuda:0 ===
pool=36 folds (flips=True)
  [Data_09] cond=assembly sources=32
  [Data_09] NEWBEST ep0 val=0.5770 test=0.6035
  [Data_09] ep 0 val 0.5770 best 0.5770@ep0 pat 0 (16s)
  [Data_09] NEWBEST ep1 val=0.4390 test=0.4527
  [Data_09] ep 1 val 0.4390 best 0.4390@ep1 pat 0 (30s)
  [Data_09] NEWBEST ep2 val=0.3415 test=0.4574
  [Data_09] ep 2 val 0.3415 best 0.3415@ep2 pat 0 (45s)
  [Data_09] NEWBEST ep3 val=0.3198 test=0.3859
  [Data_09] ep 3 val 0.3198 best 0.3198@ep3 pat 0 (60s)
  [Data_09] ep 4 val 0.3253 best 0.3198@ep3 pat 1 (75s)
  [Data_09] NEWBEST ep5 val=0.2841 test=0.3954
  [Data_09] ep 5 val 0.2841 best 0.2841@ep5 pat 0 (89s)
  [Data_09] ep 6 val 0.3169 best 0.2841@ep5 pat 1 (104s)
  [Data_09] ep 7 val 0.2896 best 0.2841@ep5 pat 2 (119s)
  [Data_09] ep 8 val 0.3041 best 0.2841@ep5 pat 3 (134s)
  [Data_09] NEWBEST ep9 val=0.2451 test=0.4108
  [Data_09] ep 9 val 0.2451 best 0.2451@ep9 pat 0 (149s)
  [Data_09] ep 10 val 0.2572 best 0.2451@ep9 pat 1 (163s)
  [Data_09] ep 11 val 0.2738 best 0.2451@ep9 pat 2 (178s)
  [Data_09] ep 12 val 0.2477 best 0.2451@ep9 pat 3 (193s)
  [Data_09] NEWBEST ep13 val=0.2325 test=0.3609
  [Data_09] ep 13 val 0.2325 best 0.2325@ep13 pat 0 (208s)
  [Data_09] ep 14 val 0.2827 best 0.2325@ep13 pat 1 (222s)
  [Data_09] ep 15 val 0.2769 best 0.2325@ep13 pat 2 (237s)
  [Data_09] ep 16 val 0.2476 best 0.2325@ep13 pat 3 (252s)
  [Data_09] ep 17 val 0.2572 best 0.2325@ep13 pat 4 (266s)
  [Data_09] ep 18 val 0.2800 best 0.2325@ep13 pat 5 (281s)
  [Data_09] ep 19 val 0.2608 best 0.2325@ep13 pat 6 (295s)
  [Data_09] ep 20 val 0.2395 best 0.2325@ep13 pat 7 (310s)
  [Data_09] ep 21 val 0.2573 best 0.2325@ep13 pat 8 (325s)
  [Data_09] ep 22 val 0.2605 best 0.2325@ep13 pat 9 (339s)
  [Data_09] ep 23 val 0.2332 best 0.2325@ep13 pat 10 (354s)
  [Data_09] ep 24 val 0.2430 best 0.2325@ep13 pat 11 (368s)
  [Data_09] ep 25 val 0.2751 best 0.2325@ep13 pat 12 (383s)
  [Data_09] ep 26 val 0.2403 best 0.2325@ep13 pat 13 (398s)
  [Data_09] ep 27 val 0.2454 best 0.2325@ep13 pat 14 (413s)
  [Data_09] ep 28 val 0.2459 best 0.2325@ep13 pat 15 (427s)
  [Data_09] ep 29 val 0.2474 best 0.2325@ep13 pat 16 (442s)
  [Data_09] ep 30 val 0.2350 best 0.2325@ep13 pat 17 (457s)
  [Data_09] ep 31 val 0.2665 best 0.2325@ep13 pat 18 (472s)
  [Data_09] ep 32 val 0.2469 best 0.2325@ep13 pat 19 (487s)
  [Data_09] ep 33 val 0.2505 best 0.2325@ep13 pat 20 (501s)
  [Data_09] NEWBEST ep34 val=0.2321 test=0.4217
  [Data_09] ep 34 val 0.2321 best 0.2321@ep34 pat 0 (516s)
  [Data_09] ep 35 val 0.2344 best 0.2321@ep34 pat 1 (531s)
  [Data_09] ep 36 val 0.2662 best 0.2321@ep34 pat 2 (546s)
  [Data_09] NEWBEST ep37 val=0.2269 test=0.3983
  [Data_09] ep 37 val 0.2269 best 0.2269@ep37 pat 0 (561s)
  [Data_09] ep 38 val 0.2412 best 0.2269@ep37 pat 1 (576s)
  [Data_09] ep 39 val 0.2560 best 0.2269@ep37 pat 2 (591s)
  [Data_09] ep 40 val 0.2642 best 0.2269@ep37 pat 3 (606s)
  [Data_09] ep 41 val 0.2567 best 0.2269@ep37 pat 4 (620s)
  [Data_09] ep 42 val 0.2492 best 0.2269@ep37 pat 5 (635s)
  [Data_09] ep 43 val 0.2278 best 0.2269@ep37 pat 6 (650s)
  [Data_09] ep 44 val 0.2375 best 0.2269@ep37 pat 7 (665s)
  [Data_09] ep 45 val 0.2476 best 0.2269@ep37 pat 8 (679s)
  [Data_09] ep 46 val 0.2524 best 0.2269@ep37 pat 9 (694s)
  [Data_09] ep 47 val 0.2431 best 0.2269@ep37 pat 10 (709s)
  [Data_09] ep 48 val 0.2606 best 0.2269@ep37 pat 11 (724s)
  [Data_09] ep 49 val 0.2514 best 0.2269@ep37 pat 12 (739s)
  [Data_09] ep 50 val 0.2550 best 0.2269@ep37 pat 13 (754s)
  [Data_09] ep 51 val 0.2679 best 0.2269@ep37 pat 14 (768s)
  [Data_09] ep 52 val 0.2641 best 0.2269@ep37 pat 15 (780s)
  [Data_09] ep 53 val 0.2692 best 0.2269@ep37 pat 16 (792s)
  [Data_09] ep 54 val 0.2614 best 0.2269@ep37 pat 17 (803s)
  [Data_09] ep 55 val 0.2500 best 0.2269@ep37 pat 18 (815s)
  [Data_09] ep 56 val 0.2645 best 0.2269@ep37 pat 19 (827s)
  [Data_09] ep 57 val 0.2468 best 0.2269@ep37 pat 20 (837s)
  [Data_09] ep 58 val 0.2426 best 0.2269@ep37 pat 21 (848s)
  [Data_09] ep 59 val 0.2727 best 0.2269@ep37 pat 22 (858s)
  [Data_09] ep 60 val 0.2725 best 0.2269@ep37 pat 23 (869s)
  [Data_09] ep 61 val 0.2533 best 0.2269@ep37 pat 24 (878s)
  [Data_09] ep 62 val 0.2528 best 0.2269@ep37 pat 25 (887s)
  [Data_09] ep 63 val 0.2592 best 0.2269@ep37 pat 26 (897s)
  [Data_09] ep 64 val 0.2610 best 0.2269@ep37 pat 27 (906s)
  [Data_09] ep 65 val 0.2551 best 0.2269@ep37 pat 28 (915s)
  [Data_09] ep 66 val 0.2548 best 0.2269@ep37 pat 29 (924s)
  [Data_09] ep 67 val 0.2391 best 0.2269@ep37 pat 30 (933s)
  [Data_09] ep 68 val 0.2436 best 0.2269@ep37 pat 31 (942s)
  [Data_09] ep 69 val 0.2377 best 0.2269@ep37 pat 32 (951s)
  [Data_09] ep 70 val 0.2433 best 0.2269@ep37 pat 33 (960s)
  [Data_09] ep 71 val 0.2445 best 0.2269@ep37 pat 34 (969s)
  [Data_09] ep 72 val 0.2318 best 0.2269@ep37 pat 35 (978s)
  [Data_09] ep 73 val 0.2673 best 0.2269@ep37 pat 36 (988s)
  [Data_09] ep 74 val 0.2592 best 0.2269@ep37 pat 37 (997s)
  [Data_09] ep 75 val 0.2643 best 0.2269@ep37 pat 38 (1006s)
  [Data_09] ep 76 val 0.2689 best 0.2269@ep37 pat 39 (1015s)
  [Data_09] ep 77 val 0.2539 best 0.2269@ep37 pat 40 (1025s)
  [Data_09] ep 78 val 0.2729 best 0.2269@ep37 pat 41 (1034s)
  [Data_09] ep 79 val 0.2448 best 0.2269@ep37 pat 42 (1043s)
  [Data_09] ep 80 val 0.2901 best 0.2269@ep37 pat 43 (1052s)
  [Data_09] ep 81 val 0.2492 best 0.2269@ep37 pat 44 (1061s)
  [Data_09] ep 82 val 0.2554 best 0.2269@ep37 pat 45 (1071s)
  [Data_09] ep 83 val 0.2442 best 0.2269@ep37 pat 46 (1080s)
  [Data_09] ep 84 val 0.2544 best 0.2269@ep37 pat 47 (1086s)
  [Data_09] ep 85 val 0.2395 best 0.2269@ep37 pat 48 (1092s)
  [Data_09] ep 86 val 0.2517 best 0.2269@ep37 pat 49 (1098s)
  [Data_09] ep 87 val 0.2528 best 0.2269@ep37 pat 50 (1105s)
  [Data_09] EARLYSTOP ep87 best 0.2269@ep37
*** Data_09 test MAE 0.398 (1105s)
==== Data_09 DONE
