command: python -m hingesense.baselines --method transformer --fold Data_12 --out results/raw/baselines/transformer --epochs 300 --patience 50
UserWarning: Can't initialize NVML
os: Linux-6.8.0-138-generic-x86_64-with-glibc2.35
cpu: Intel(R) Xeon(R) Platinum 8480C x224, ram 1007.5 GB
gpu: NVIDIA H100 (driver 580.173.02)
python 3.11.15, torch 2.12.0+cu130, cuda 13.0
=== transformer Data_12 dev=cuda:0 ===
  [Data_12] transformer cond=assembly sources=32
UserWarning: enable_nested_tensor is True, but self.use_nested_tensor is False because encoder_layer.norm_first was True
UserWarning: Memory Efficient attention defaults to a non-deterministic algorithm. To explicitly enable determinism call torch.use_deterministic_algorithms(True, warn_only=False). (Triggered internally at /pytorch/aten/src/ATen/native/transformers/cuda/attention_backward.cu:900.)
  [Data_12] transformer ep 0 val 26.8857 best 26.8857@ep0 pat 0 (15s)
  [Data_12] transformer ep 1 val 26.4004 best 26.4004@ep1 pat 0 (29s)
  [Data_12] transformer ep 2 val 20.2838 best 20.2838@ep2 pat 0 (44s)
  [Data_12] transformer ep 3 val 25.1712 best 20.2838@ep2 pat 1 (58s)
  [Data_12] transformer ep 4 val 24.1551 best 20.2838@ep2 pat 2 (72s)
  [Data_12] transformer ep 5 val 25.5891 best 20.2838@ep2 pat 3 (87s)
  [Data_12] transformer ep 6 val 24.0376 best 20.2838@ep2 pat 4 (101s)
  [Data_12] transformer ep 7 val 22.2477 best 20.2838@ep2 pat 5 (115s)
  [Data_12] transformer ep 8 val 26.1301 best 20.2838@ep2 pat 6 (130s)
  [Data_12] transformer ep 9 val 22.7076 best 20.2838@ep2 pat 7 (144s)
  [Data_12] transformer ep 10 val 19.0000 best 19.0000@ep10 pat 0 (158s)
  [Data_12] transformer ep 11 val 21.4807 best 19.0000@ep10 pat 1 (173s)
  [Data_12] transformer ep 12 val 20.6177 best 19.0000@ep10 pat 2 (187s)
  [Data_12] transformer ep 13 val 21.8583 best 19.0000@ep10 pat 3 (201s)
  [Data_12] transformer ep 14 val 19.9800 best 19.0000@ep10 pat 4 (216s)
  [Data_12] transformer ep 15 val 21.9374 best 19.0000@ep10 pat 5 (230s)
  [Data_12] transformer ep 16 val 20.9390 best 19.0000@ep10 pat 6 (244s)
  [Data_12] transformer ep 17 val 21.2097 best 19.0000@ep10 pat 7 (258s)
  [Data_12] transformer ep 18 val 19.5512 best 19.0000@ep10 pat 8 (270s)
  [Data_12] transformer ep 19 val 20.8917 best 19.0000@ep10 pat 9 (282s)
  [Data_12] transformer ep 20 val 20.0075 best 19.0000@ep10 pat 10 (294s)
  [Data_12] transformer ep 21 val 20.0679 best 19.0000@ep10 pat 11 (306s)
  [Data_12] transformer ep 22 val 21.5466 best 19.0000@ep10 pat 12 (319s)
  [Data_12] transformer ep 23 val 20.8002 best 19.0000@ep10 pat 13 (331s)
  [Data_12] transformer ep 24 val 16.8501 best 16.8501@ep24 pat 0 (344s)
  [Data_12] transformer ep 25 val 17.7265 best 16.8501@ep24 pat 1 (356s)
  [Data_12] transformer ep 26 val 16.1883 best 16.1883@ep26 pat 0 (367s)
  [Data_12] transformer ep 27 val 17.8908 best 16.1883@ep26 pat 1 (378s)
  [Data_12] transformer ep 28 val 19.0091 best 16.1883@ep26 pat 2 (388s)
  [Data_12] transformer ep 29 val 18.2774 best 16.1883@ep26 pat 3 (399s)
  [Data_12] transformer ep 30 val 17.2729 best 16.1883@ep26 pat 4 (410s)
  [Data_12] transformer ep 31 val 19.7207 best 16.1883@ep26 pat 5 (421s)
  [Data_12] transformer ep 32 val 17.5217 best 16.1883@ep26 pat 6 (431s)
  [Data_12] transformer ep 33 val 17.8559 best 16.1883@ep26 pat 7 (442s)
  [Data_12] transformer ep 34 val 19.0828 best 16.1883@ep26 pat 8 (453s)
  [Data_12] transformer ep 35 val 18.2226 best 16.1883@ep26 pat 9 (463s)
  [Data_12] transformer ep 36 val 16.9823 best 16.1883@ep26 pat 10 (472s)
  [Data_12] transformer ep 37 val 17.9155 best 16.1883@ep26 pat 11 (479s)
  [Data_12] transformer ep 38 val 15.5884 best 15.5884@ep38 pat 0 (487s)
  [Data_12] transformer ep 39 val 16.6857 best 15.5884@ep38 pat 1 (494s)
  [Data_12] transformer ep 40 val 18.7823 best 15.5884@ep38 pat 2 (501s)
  [Data_12] transformer ep 41 val 17.6908 best 15.5884@ep38 pat 3 (508s)
  [Data_12] transformer ep 42 val 20.1332 best 15.5884@ep38 pat 4 (515s)
  [Data_12] transformer ep 43 val 17.5406 best 15.5884@ep38 pat 5 (521s)
  [Data_12] transformer ep 44 val 17.5800 best 15.5884@ep38 pat 6 (527s)
  [Data_12] transformer ep 45 val 20.7574 best 15.5884@ep38 pat 7 (534s)
  [Data_12] transformer ep 46 val 19.0449 best 15.5884@ep38 pat 8 (540s)
  [Data_12] transformer ep 47 val 19.2928 best 15.5884@ep38 pat 9 (546s)
  [Data_12] transformer ep 48 val 17.5338 best 15.5884@ep38 pat 10 (552s)
  [Data_12] transformer ep 49 val 21.7393 best 15.5884@ep38 pat 11 (559s)
  [Data_12] transformer ep 50 val 20.2015 best 15.5884@ep38 pat 12 (564s)
  [Data_12] transformer ep 51 val 18.6480 best 15.5884@ep38 pat 13 (570s)
  [Data_12] transformer ep 52 val 19.6704 best 15.5884@ep38 pat 14 (575s)
  [Data_12] transformer ep 53 val 19.0188 best 15.5884@ep38 pat 15 (580s)
  [Data_12] transformer ep 54 val 19.7298 best 15.5884@ep38 pat 16 (585s)
  [Data_12] transformer ep 55 val 20.3121 best 15.5884@ep38 pat 17 (589s)
  [Data_12] transformer ep 56 val 16.9240 best 15.5884@ep38 pat 18 (593s)
  [Data_12] transformer ep 57 val 18.2271 best 15.5884@ep38 pat 19 (598s)
  [Data_12] transformer ep 58 val 18.5381 best 15.5884@ep38 pat 20 (602s)
  [Data_12] transformer ep 59 val 16.7949 best 15.5884@ep38 pat 21 (606s)
  [Data_12] transformer ep 60 val 18.0448 best 15.5884@ep38 pat 22 (611s)
  [Data_12] transformer ep 61 val 17.2604 best 15.5884@ep38 pat 23 (615s)
  [Data_12] transformer ep 62 val 17.7455 best 15.5884@ep38 pat 24 (620s)
  [Data_12] transformer ep 63 val 18.6880 best 15.5884@ep38 pat 25 (624s)
  [Data_12] transformer ep 64 val 18.5295 best 15.5884@ep38 pat 26 (629s)
  [Data_12] transformer ep 65 val 17.7997 best 15.5884@ep38 pat 27 (634s)
  [Data_12] transformer ep 66 val 19.0085 best 15.5884@ep38 pat 28 (639s)
  [Data_12] transformer ep 67 val 16.8910 best 15.5884@ep38 pat 29 (644s)
  [Data_12] transformer ep 68 val 18.0469 best 15.5884@ep38 pat 30 (649s)
  [Data_12] transformer ep 69 val 17.6354 best 15.5884@ep38 pat 31 (654s)
  [Data_12] transformer ep 70 val 19.1192 best 15.5884@ep38 pat 32 (659s)
  [Data_12] transformer ep 71 val 18.5240 best 15.5884@ep38 pat 33 (665s)
  [Data_12] transformer ep 72 val 19.6726 best 15.5884@ep38 pat 34 (671s)
  [Data_12] transformer ep 73 val 18.5853 best 15.5884@ep38 pat 35 (677s)
  [Data_12] transformer ep 74 val 18.2754 best 15.5884@ep38 pat 36 (684s)
  [Data_12] transformer ep 75 val 18.5262 best 15.5884@ep38 pat 37 (689s)
  [Data_12] transformer ep 76 val 17.5225 best 15.5884@ep38 pat 38 (695s)
  [Data_12] transformer ep 77 val 18.0655 best 15.5884@ep38 pat 39 (701s)
  [Data_12] transformer ep 78 val 17.5770 best 15.5884@ep38 pat 40 (706s)
  [Data_12] transformer ep 79 val 17.3395 best 15.5884@ep38 pat 41 (713s)
  [Data_12] transformer ep 80 val 17.4008 best 15.5884@ep38 pat 42 (723s)
  [Data_12] transformer ep 81 val 19.4565 best 15.5884@ep38 pat 43 (729s)
  [Data_12] transformer ep 82 val 18.3252 best 15.5884@ep38 pat 44 (735s)
  [Data_12] transformer ep 83 val 18.3501 best 15.5884@ep38 pat 45 (740s)
  [Data_12] transformer ep 84 val 18.3959 best 15.5884@ep38 pat 46 (747s)
  [Data_12] transformer ep 85 val 18.2730 best 15.5884@ep38 pat 47 (754s)
  [Data_12] transformer ep 86 val 18.0462 best 15.5884@ep38 pat 48 (763s)
  [Data_12] transformer ep 87 val 17.8441 best 15.5884@ep38 pat 49 (772s)
  [Data_12] transformer ep 88 val 17.1578 best 15.5884@ep38 pat 50 (784s)
*** transformer Data_12 mae_seq=16.5424 mae_shuf=16.4712
