command: python -m hingesense.baselines --method transformer --fold Data_04 --out results/raw/baselines/transformer --epochs 300 --patience 50
UserWarning: Can't initialize NVML
os: Linux-6.8.0-138-generic-x86_64-with-glibc2.35
cpu: Intel(R) Xeon(R) Platinum 8480C x224, ram 1007.5 GB
gpu: NVIDIA H100 (driver 580.173.02)
python 3.11.15, torch 2.12.0+cu130, cuda 13.0
=== transformer Data_04 dev=cuda:0 ===
  [Data_04] transformer cond=noload sources=52
UserWarning: enable_nested_tensor is True, but self.use_nested_tensor is False because encoder_layer.norm_first was True
UserWarning: Memory Efficient attention defaults to a non-deterministic algorithm. To explicitly enable determinism call torch.use_deterministic_algorithms(True, warn_only=False). (Triggered internally at /pytorch/aten/src/ATen/native/transformers/cuda/attention_backward.cu:900.)
  [Data_04] transformer ep 0 val 18.9785 best 18.9785@ep0 pat 0 (17s)
  [Data_04] transformer ep 1 val 18.3449 best 18.3449@ep1 pat 0 (32s)
  [Data_04] transformer ep 2 val 17.3643 best 17.3643@ep2 pat 0 (48s)
  [Data_04] transformer ep 3 val 18.2315 best 17.3643@ep2 pat 1 (63s)
  [Data_04] transformer ep 4 val 19.9546 best 17.3643@ep2 pat 2 (78s)
  [Data_04] transformer ep 5 val 18.8861 best 17.3643@ep2 pat 3 (94s)
  [Data_04] transformer ep 6 val 18.9314 best 17.3643@ep2 pat 4 (109s)
  [Data_04] transformer ep 7 val 20.3964 best 17.3643@ep2 pat 5 (125s)
  [Data_04] transformer ep 8 val 19.1979 best 17.3643@ep2 pat 6 (141s)
  [Data_04] transformer ep 9 val 19.3495 best 17.3643@ep2 pat 7 (157s)
  [Data_04] transformer ep 10 val 19.9159 best 17.3643@ep2 pat 8 (173s)
  [Data_04] transformer ep 11 val 17.8985 best 17.3643@ep2 pat 9 (190s)
  [Data_04] transformer ep 12 val 19.2405 best 17.3643@ep2 pat 10 (206s)
  [Data_04] transformer ep 13 val 19.4630 best 17.3643@ep2 pat 11 (222s)
  [Data_04] transformer ep 14 val 19.2855 best 17.3643@ep2 pat 12 (238s)
  [Data_04] transformer ep 15 val 19.7600 best 17.3643@ep2 pat 13 (254s)
  [Data_04] transformer ep 16 val 19.4401 best 17.3643@ep2 pat 14 (270s)
  [Data_04] transformer ep 17 val 18.8836 best 17.3643@ep2 pat 15 (287s)
  [Data_04] transformer ep 18 val 18.1272 best 17.3643@ep2 pat 16 (303s)
  [Data_04] transformer ep 19 val 19.8147 best 17.3643@ep2 pat 17 (319s)
  [Data_04] transformer ep 20 val 18.0413 best 17.3643@ep2 pat 18 (335s)
  [Data_04] transformer ep 21 val 18.3130 best 17.3643@ep2 pat 19 (351s)
  [Data_04] transformer ep 22 val 20.4401 best 17.3643@ep2 pat 20 (367s)
  [Data_04] transformer ep 23 val 17.6957 best 17.3643@ep2 pat 21 (384s)
  [Data_04] transformer ep 24 val 17.7272 best 17.3643@ep2 pat 22 (400s)
  [Data_04] transformer ep 25 val 19.0953 best 17.3643@ep2 pat 23 (416s)
  [Data_04] transformer ep 26 val 20.9007 best 17.3643@ep2 pat 24 (432s)
  [Data_04] transformer ep 27 val 19.7993 best 17.3643@ep2 pat 25 (448s)
  [Data_04] transformer ep 28 val 19.0809 best 17.3643@ep2 pat 26 (464s)
  [Data_04] transformer ep 29 val 18.5858 best 17.3643@ep2 pat 27 (481s)
  [Data_04] transformer ep 30 val 18.4829 best 17.3643@ep2 pat 28 (497s)
  [Data_04] transformer ep 31 val 19.5159 best 17.3643@ep2 pat 29 (514s)
  [Data_04] transformer ep 32 val 20.6651 best 17.3643@ep2 pat 30 (530s)
  [Data_04] transformer ep 33 val 19.6958 best 17.3643@ep2 pat 31 (547s)
  [Data_04] transformer ep 34 val 20.2120 best 17.3643@ep2 pat 32 (564s)
  [Data_04] transformer ep 35 val 20.2537 best 17.3643@ep2 pat 33 (580s)
  [Data_04] transformer ep 36 val 19.3350 best 17.3643@ep2 pat 34 (596s)
  [Data_04] transformer ep 37 val 19.3084 best 17.3643@ep2 pat 35 (611s)
  [Data_04] transformer ep 38 val 18.8743 best 17.3643@ep2 pat 36 (627s)
  [Data_04] transformer ep 39 val 18.7265 best 17.3643@ep2 pat 37 (643s)
  [Data_04] transformer ep 40 val 19.3511 best 17.3643@ep2 pat 38 (658s)
  [Data_04] transformer ep 41 val 19.7962 best 17.3643@ep2 pat 39 (674s)
  [Data_04] transformer ep 42 val 18.1787 best 17.3643@ep2 pat 40 (689s)
  [Data_04] transformer ep 43 val 19.4484 best 17.3643@ep2 pat 41 (705s)
  [Data_04] transformer ep 44 val 21.4533 best 17.3643@ep2 pat 42 (720s)
  [Data_04] transformer ep 45 val 19.3087 best 17.3643@ep2 pat 43 (736s)
  [Data_04] transformer ep 46 val 18.6772 best 17.3643@ep2 pat 44 (751s)
  [Data_04] transformer ep 47 val 19.7931 best 17.3643@ep2 pat 45 (767s)
  [Data_04] transformer ep 48 val 18.2350 best 17.3643@ep2 pat 46 (782s)
  [Data_04] transformer ep 49 val 20.3911 best 17.3643@ep2 pat 47 (798s)
  [Data_04] transformer ep 50 val 19.9256 best 17.3643@ep2 pat 48 (813s)
  [Data_04] transformer ep 51 val 19.7447 best 17.3643@ep2 pat 49 (829s)
  [Data_04] transformer ep 52 val 19.4720 best 17.3643@ep2 pat 50 (845s)
*** transformer Data_04 mae_seq=17.4227 mae_shuf=17.5838
