command: python -m hingesense.baselines --method transformer --fold Data_09 --out results/raw/baselines/transformer --epochs 300 --patience 50
UserWarning: Can't initialize NVML
os: Linux-6.8.0-138-generic-x86_64-with-glibc2.35
cpu: Intel(R) Xeon(R) Platinum 8480C x224, ram 1007.5 GB
gpu: NVIDIA H100 (driver 580.173.02)
python 3.11.15, torch 2.12.0+cu130, cuda 13.0
=== transformer Data_09 dev=cuda:0 ===
  [Data_09] transformer cond=assembly sources=32
UserWarning: enable_nested_tensor is True, but self.use_nested_tensor is False because encoder_layer.norm_first was True
UserWarning: Memory Efficient attention defaults to a non-deterministic algorithm. To explicitly enable determinism call torch.use_deterministic_algorithms(True, warn_only=False). (Triggered internally at /pytorch/aten/src/ATen/native/transformers/cuda/attention_backward.cu:900.)
  [Data_09] transformer ep 0 val 4.8907 best 4.8907@ep0 pat 0 (16s)
  [Data_09] transformer ep 1 val 4.5837 best 4.5837@ep1 pat 0 (31s)
  [Data_09] transformer ep 2 val 1.2391 best 1.2391@ep2 pat 0 (46s)
  [Data_09] transformer ep 3 val 1.9212 best 1.2391@ep2 pat 1 (62s)
  [Data_09] transformer ep 4 val 1.7908 best 1.2391@ep2 pat 2 (77s)
  [Data_09] transformer ep 5 val 2.5961 best 1.2391@ep2 pat 3 (92s)
  [Data_09] transformer ep 6 val 1.9762 best 1.2391@ep2 pat 4 (107s)
  [Data_09] transformer ep 7 val 1.4542 best 1.2391@ep2 pat 5 (122s)
  [Data_09] transformer ep 8 val 2.1478 best 1.2391@ep2 pat 6 (138s)
  [Data_09] transformer ep 9 val 1.6396 best 1.2391@ep2 pat 7 (153s)
  [Data_09] transformer ep 10 val 2.0347 best 1.2391@ep2 pat 8 (168s)
  [Data_09] transformer ep 11 val 1.8581 best 1.2391@ep2 pat 9 (183s)
  [Data_09] transformer ep 12 val 1.0446 best 1.0446@ep12 pat 0 (198s)
  [Data_09] transformer ep 13 val 0.9213 best 0.9213@ep13 pat 0 (213s)
  [Data_09] transformer ep 14 val 2.5345 best 0.9213@ep13 pat 1 (229s)
  [Data_09] transformer ep 15 val 1.6131 best 0.9213@ep13 pat 2 (244s)
  [Data_09] transformer ep 16 val 1.5674 best 0.9213@ep13 pat 3 (259s)
  [Data_09] transformer ep 17 val 1.3323 best 0.9213@ep13 pat 4 (274s)
  [Data_09] transformer ep 18 val 1.7608 best 0.9213@ep13 pat 5 (289s)
  [Data_09] transformer ep 19 val 1.4698 best 0.9213@ep13 pat 6 (304s)
  [Data_09] transformer ep 20 val 0.8674 best 0.8674@ep20 pat 0 (320s)
  [Data_09] transformer ep 21 val 1.4273 best 0.8674@ep20 pat 1 (335s)
  [Data_09] transformer ep 22 val 1.8527 best 0.8674@ep20 pat 2 (350s)
  [Data_09] transformer ep 23 val 1.8050 best 0.8674@ep20 pat 3 (365s)
  [Data_09] transformer ep 24 val 0.8971 best 0.8674@ep20 pat 4 (379s)
  [Data_09] transformer ep 25 val 1.3118 best 0.8674@ep20 pat 5 (395s)
  [Data_09] transformer ep 26 val 1.0851 best 0.8674@ep20 pat 6 (410s)
  [Data_09] transformer ep 27 val 1.4219 best 0.8674@ep20 pat 7 (425s)
  [Data_09] transformer ep 28 val 1.3330 best 0.8674@ep20 pat 8 (440s)
  [Data_09] transformer ep 29 val 0.8453 best 0.8453@ep29 pat 0 (455s)
  [Data_09] transformer ep 30 val 1.3349 best 0.8453@ep29 pat 1 (471s)
  [Data_09] transformer ep 31 val 1.6400 best 0.8453@ep29 pat 2 (486s)
  [Data_09] transformer ep 32 val 0.7610 best 0.7610@ep32 pat 0 (501s)
  [Data_09] transformer ep 33 val 1.6599 best 0.7610@ep32 pat 1 (516s)
  [Data_09] transformer ep 34 val 0.7705 best 0.7610@ep32 pat 2 (531s)
  [Data_09] transformer ep 35 val 1.6126 best 0.7610@ep32 pat 3 (546s)
  [Data_09] transformer ep 36 val 1.1166 best 0.7610@ep32 pat 4 (562s)
  [Data_09] transformer ep 37 val 0.9803 best 0.7610@ep32 pat 5 (577s)
  [Data_09] transformer ep 38 val 1.1151 best 0.7610@ep32 pat 6 (592s)
  [Data_09] transformer ep 39 val 0.9619 best 0.7610@ep32 pat 7 (606s)
  [Data_09] transformer ep 40 val 1.0297 best 0.7610@ep32 pat 8 (621s)
  [Data_09] transformer ep 41 val 0.9328 best 0.7610@ep32 pat 9 (635s)
  [Data_09] transformer ep 42 val 2.3116 best 0.7610@ep32 pat 10 (650s)
  [Data_09] transformer ep 43 val 0.7553 best 0.7553@ep43 pat 0 (664s)
  [Data_09] transformer ep 44 val 2.4908 best 0.7553@ep43 pat 1 (679s)
  [Data_09] transformer ep 45 val 1.5907 best 0.7553@ep43 pat 2 (693s)
  [Data_09] transformer ep 46 val 1.0378 best 0.7553@ep43 pat 3 (707s)
  [Data_09] transformer ep 47 val 2.0154 best 0.7553@ep43 pat 4 (721s)
  [Data_09] transformer ep 48 val 0.9711 best 0.7553@ep43 pat 5 (735s)
  [Data_09] transformer ep 49 val 1.3302 best 0.7553@ep43 pat 6 (750s)
  [Data_09] transformer ep 50 val 1.2497 best 0.7553@ep43 pat 7 (764s)
  [Data_09] transformer ep 51 val 0.7589 best 0.7553@ep43 pat 8 (778s)
  [Data_09] transformer ep 52 val 0.6857 best 0.6857@ep52 pat 0 (792s)
  [Data_09] transformer ep 53 val 1.1781 best 0.6857@ep52 pat 1 (806s)
  [Data_09] transformer ep 54 val 1.2806 best 0.6857@ep52 pat 2 (820s)
  [Data_09] transformer ep 55 val 1.1502 best 0.6857@ep52 pat 3 (834s)
  [Data_09] transformer ep 56 val 1.1391 best 0.6857@ep52 pat 4 (848s)
  [Data_09] transformer ep 57 val 1.1926 best 0.6857@ep52 pat 5 (861s)
  [Data_09] transformer ep 58 val 0.9127 best 0.6857@ep52 pat 6 (874s)
  [Data_09] transformer ep 59 val 1.1905 best 0.6857@ep52 pat 7 (887s)
  [Data_09] transformer ep 60 val 1.0377 best 0.6857@ep52 pat 8 (901s)
  [Data_09] transformer ep 61 val 1.1236 best 0.6857@ep52 pat 9 (914s)
  [Data_09] transformer ep 62 val 1.0469 best 0.6857@ep52 pat 10 (927s)
  [Data_09] transformer ep 63 val 0.9056 best 0.6857@ep52 pat 11 (940s)
  [Data_09] transformer ep 64 val 1.1318 best 0.6857@ep52 pat 12 (953s)
  [Data_09] transformer ep 65 val 0.9469 best 0.6857@ep52 pat 13 (967s)
  [Data_09] transformer ep 66 val 1.2318 best 0.6857@ep52 pat 14 (980s)
  [Data_09] transformer ep 67 val 1.0875 best 0.6857@ep52 pat 15 (993s)
  [Data_09] transformer ep 68 val 1.2444 best 0.6857@ep52 pat 16 (1007s)
  [Data_09] transformer ep 69 val 0.9331 best 0.6857@ep52 pat 17 (1020s)
  [Data_09] transformer ep 70 val 1.5750 best 0.6857@ep52 pat 18 (1033s)
  [Data_09] transformer ep 71 val 1.4130 best 0.6857@ep52 pat 19 (1047s)
  [Data_09] transformer ep 72 val 0.7669 best 0.6857@ep52 pat 20 (1060s)
  [Data_09] transformer ep 73 val 0.7904 best 0.6857@ep52 pat 21 (1074s)
  [Data_09] transformer ep 74 val 0.8310 best 0.6857@ep52 pat 22 (1087s)
  [Data_09] transformer ep 75 val 1.7252 best 0.6857@ep52 pat 23 (1101s)
  [Data_09] transformer ep 76 val 1.2114 best 0.6857@ep52 pat 24 (1114s)
  [Data_09] transformer ep 77 val 1.2636 best 0.6857@ep52 pat 25 (1128s)
  [Data_09] transformer ep 78 val 1.4008 best 0.6857@ep52 pat 26 (1141s)
  [Data_09] transformer ep 79 val 1.0807 best 0.6857@ep52 pat 27 (1155s)
  [Data_09] transformer ep 80 val 0.9482 best 0.6857@ep52 pat 28 (1168s)
  [Data_09] transformer ep 81 val 1.6979 best 0.6857@ep52 pat 29 (1181s)
  [Data_09] transformer ep 82 val 1.0182 best 0.6857@ep52 pat 30 (1194s)
  [Data_09] transformer ep 83 val 1.3681 best 0.6857@ep52 pat 31 (1207s)
  [Data_09] transformer ep 84 val 1.3117 best 0.6857@ep52 pat 32 (1220s)
  [Data_09] transformer ep 85 val 0.7633 best 0.6857@ep52 pat 33 (1233s)
  [Data_09] transformer ep 86 val 0.8564 best 0.6857@ep52 pat 34 (1245s)
  [Data_09] transformer ep 87 val 0.6957 best 0.6857@ep52 pat 35 (1256s)
  [Data_09] transformer ep 88 val 0.9122 best 0.6857@ep52 pat 36 (1267s)
  [Data_09] transformer ep 89 val 0.9552 best 0.6857@ep52 pat 37 (1276s)
  [Data_09] transformer ep 90 val 1.2380 best 0.6857@ep52 pat 38 (1286s)
  [Data_09] transformer ep 91 val 1.4692 best 0.6857@ep52 pat 39 (1297s)
  [Data_09] transformer ep 92 val 1.2423 best 0.6857@ep52 pat 40 (1307s)
  [Data_09] transformer ep 93 val 1.0660 best 0.6857@ep52 pat 41 (1315s)
  [Data_09] transformer ep 94 val 1.0869 best 0.6857@ep52 pat 42 (1324s)
  [Data_09] transformer ep 95 val 1.3486 best 0.6857@ep52 pat 43 (1333s)
  [Data_09] transformer ep 96 val 1.5738 best 0.6857@ep52 pat 44 (1342s)
  [Data_09] transformer ep 97 val 0.7688 best 0.6857@ep52 pat 45 (1352s)
  [Data_09] transformer ep 98 val 0.7639 best 0.6857@ep52 pat 46 (1361s)
  [Data_09] transformer ep 99 val 1.8693 best 0.6857@ep52 pat 47 (1371s)
  [Data_09] transformer ep 100 val 1.0127 best 0.6857@ep52 pat 48 (1383s)
  [Data_09] transformer ep 101 val 1.0282 best 0.6857@ep52 pat 49 (1397s)
  [Data_09] transformer ep 102 val 1.1474 best 0.6857@ep52 pat 50 (1407s)
*** transformer Data_09 mae_seq=1.1518 mae_shuf=8.9903
