command: python -m hingesense.baselines --method transformer --fold Data_01 --out results/raw/baselines/transformer --epochs 300 --patience 50
UserWarning: Can't initialize NVML
os: Linux-6.8.0-138-generic-x86_64-with-glibc2.35
cpu: Intel(R) Xeon(R) Platinum 8480C x224, ram 1007.5 GB
gpu: NVIDIA H100 (driver 580.173.02)
python 3.11.15, torch 2.12.0+cu130, cuda 13.0
=== transformer Data_01 dev=cuda:0 ===
  [Data_01] transformer cond=noload sources=52
UserWarning: enable_nested_tensor is True, but self.use_nested_tensor is False because encoder_layer.norm_first was True
UserWarning: Memory Efficient attention defaults to a non-deterministic algorithm. To explicitly enable determinism call torch.use_deterministic_algorithms(True, warn_only=False). (Triggered internally at /pytorch/aten/src/ATen/native/transformers/cuda/attention_backward.cu:900.)
  [Data_01] transformer ep 0 val 3.8867 best 3.8867@ep0 pat 0 (15s)
  [Data_01] transformer ep 1 val 8.0059 best 3.8867@ep0 pat 1 (29s)
  [Data_01] transformer ep 2 val 10.1206 best 3.8867@ep0 pat 2 (43s)
  [Data_01] transformer ep 3 val 5.9862 best 3.8867@ep0 pat 3 (58s)
  [Data_01] transformer ep 4 val 5.9699 best 3.8867@ep0 pat 4 (73s)
  [Data_01] transformer ep 5 val 4.8104 best 3.8867@ep0 pat 5 (87s)
  [Data_01] transformer ep 6 val 4.3384 best 3.8867@ep0 pat 6 (102s)
  [Data_01] transformer ep 7 val 4.4756 best 3.8867@ep0 pat 7 (117s)
  [Data_01] transformer ep 8 val 3.6278 best 3.6278@ep8 pat 0 (131s)
  [Data_01] transformer ep 9 val 3.8355 best 3.6278@ep8 pat 1 (146s)
  [Data_01] transformer ep 10 val 4.5530 best 3.6278@ep8 pat 2 (160s)
  [Data_01] transformer ep 11 val 4.4162 best 3.6278@ep8 pat 3 (174s)
  [Data_01] transformer ep 12 val 4.4029 best 3.6278@ep8 pat 4 (188s)
  [Data_01] transformer ep 13 val 5.7521 best 3.6278@ep8 pat 5 (203s)
  [Data_01] transformer ep 14 val 4.7005 best 3.6278@ep8 pat 6 (217s)
  [Data_01] transformer ep 15 val 4.7648 best 3.6278@ep8 pat 7 (232s)
  [Data_01] transformer ep 16 val 5.8478 best 3.6278@ep8 pat 8 (246s)
  [Data_01] transformer ep 17 val 4.6004 best 3.6278@ep8 pat 9 (261s)
  [Data_01] transformer ep 18 val 4.7866 best 3.6278@ep8 pat 10 (275s)
  [Data_01] transformer ep 19 val 4.8201 best 3.6278@ep8 pat 11 (290s)
  [Data_01] transformer ep 20 val 5.1876 best 3.6278@ep8 pat 12 (304s)
  [Data_01] transformer ep 21 val 4.5041 best 3.6278@ep8 pat 13 (318s)
  [Data_01] transformer ep 22 val 4.3007 best 3.6278@ep8 pat 14 (332s)
  [Data_01] transformer ep 23 val 4.8227 best 3.6278@ep8 pat 15 (347s)
  [Data_01] transformer ep 24 val 5.7968 best 3.6278@ep8 pat 16 (362s)
  [Data_01] transformer ep 25 val 4.3915 best 3.6278@ep8 pat 17 (376s)
  [Data_01] transformer ep 26 val 4.6008 best 3.6278@ep8 pat 18 (390s)
  [Data_01] transformer ep 27 val 5.4253 best 3.6278@ep8 pat 19 (405s)
  [Data_01] transformer ep 28 val 5.2184 best 3.6278@ep8 pat 20 (419s)
  [Data_01] transformer ep 29 val 5.0318 best 3.6278@ep8 pat 21 (434s)
  [Data_01] transformer ep 30 val 5.7574 best 3.6278@ep8 pat 22 (448s)
  [Data_01] transformer ep 31 val 4.7834 best 3.6278@ep8 pat 23 (462s)
  [Data_01] transformer ep 32 val 4.9604 best 3.6278@ep8 pat 24 (477s)
  [Data_01] transformer ep 33 val 4.6644 best 3.6278@ep8 pat 25 (491s)
  [Data_01] transformer ep 34 val 5.7829 best 3.6278@ep8 pat 26 (505s)
  [Data_01] transformer ep 35 val 5.2462 best 3.6278@ep8 pat 27 (520s)
  [Data_01] transformer ep 36 val 5.5093 best 3.6278@ep8 pat 28 (534s)
  [Data_01] transformer ep 37 val 4.9780 best 3.6278@ep8 pat 29 (548s)
  [Data_01] transformer ep 38 val 4.9165 best 3.6278@ep8 pat 30 (563s)
  [Data_01] transformer ep 39 val 5.3155 best 3.6278@ep8 pat 31 (577s)
  [Data_01] transformer ep 40 val 4.4907 best 3.6278@ep8 pat 32 (591s)
  [Data_01] transformer ep 41 val 5.0535 best 3.6278@ep8 pat 33 (606s)
  [Data_01] transformer ep 42 val 4.2142 best 3.6278@ep8 pat 34 (620s)
  [Data_01] transformer ep 43 val 4.6898 best 3.6278@ep8 pat 35 (635s)
  [Data_01] transformer ep 44 val 4.8712 best 3.6278@ep8 pat 36 (649s)
  [Data_01] transformer ep 45 val 4.3029 best 3.6278@ep8 pat 37 (663s)
  [Data_01] transformer ep 46 val 4.0017 best 3.6278@ep8 pat 38 (678s)
  [Data_01] transformer ep 47 val 4.8122 best 3.6278@ep8 pat 39 (692s)
  [Data_01] transformer ep 48 val 4.9679 best 3.6278@ep8 pat 40 (708s)
  [Data_01] transformer ep 49 val 4.3745 best 3.6278@ep8 pat 41 (723s)
  [Data_01] transformer ep 50 val 5.0491 best 3.6278@ep8 pat 42 (738s)
  [Data_01] transformer ep 51 val 4.4143 best 3.6278@ep8 pat 43 (753s)
  [Data_01] transformer ep 52 val 4.9593 best 3.6278@ep8 pat 44 (768s)
  [Data_01] transformer ep 53 val 4.8005 best 3.6278@ep8 pat 45 (783s)
  [Data_01] transformer ep 54 val 3.4770 best 3.4770@ep54 pat 0 (799s)
  [Data_01] transformer ep 55 val 4.3774 best 3.4770@ep54 pat 1 (814s)
  [Data_01] transformer ep 56 val 5.5202 best 3.4770@ep54 pat 2 (829s)
  [Data_01] transformer ep 57 val 4.1899 best 3.4770@ep54 pat 3 (844s)
  [Data_01] transformer ep 58 val 5.4494 best 3.4770@ep54 pat 4 (859s)
  [Data_01] transformer ep 59 val 5.4209 best 3.4770@ep54 pat 5 (875s)
  [Data_01] transformer ep 60 val 4.1042 best 3.4770@ep54 pat 6 (890s)
  [Data_01] transformer ep 61 val 4.4453 best 3.4770@ep54 pat 7 (905s)
  [Data_01] transformer ep 62 val 5.5502 best 3.4770@ep54 pat 8 (920s)
  [Data_01] transformer ep 63 val 5.3387 best 3.4770@ep54 pat 9 (935s)
  [Data_01] transformer ep 64 val 4.1035 best 3.4770@ep54 pat 10 (950s)
  [Data_01] transformer ep 65 val 4.0818 best 3.4770@ep54 pat 11 (966s)
  [Data_01] transformer ep 66 val 4.1092 best 3.4770@ep54 pat 12 (981s)
  [Data_01] transformer ep 67 val 5.1931 best 3.4770@ep54 pat 13 (996s)
  [Data_01] transformer ep 68 val 4.2939 best 3.4770@ep54 pat 14 (1011s)
  [Data_01] transformer ep 69 val 3.8615 best 3.4770@ep54 pat 15 (1026s)
  [Data_01] transformer ep 70 val 5.0236 best 3.4770@ep54 pat 16 (1041s)
  [Data_01] transformer ep 71 val 4.9563 best 3.4770@ep54 pat 17 (1056s)
  [Data_01] transformer ep 72 val 4.4342 best 3.4770@ep54 pat 18 (1071s)
  [Data_01] transformer ep 73 val 4.2796 best 3.4770@ep54 pat 19 (1086s)
  [Data_01] transformer ep 74 val 4.6122 best 3.4770@ep54 pat 20 (1101s)
  [Data_01] transformer ep 75 val 4.0995 best 3.4770@ep54 pat 21 (1117s)
  [Data_01] transformer ep 76 val 3.5481 best 3.4770@ep54 pat 22 (1132s)
  [Data_01] transformer ep 77 val 4.2908 best 3.4770@ep54 pat 23 (1147s)
  [Data_01] transformer ep 78 val 4.9959 best 3.4770@ep54 pat 24 (1162s)
  [Data_01] transformer ep 79 val 4.1301 best 3.4770@ep54 pat 25 (1177s)
  [Data_01] transformer ep 80 val 4.2435 best 3.4770@ep54 pat 26 (1192s)
  [Data_01] transformer ep 81 val 4.2443 best 3.4770@ep54 pat 27 (1208s)
  [Data_01] transformer ep 82 val 3.7546 best 3.4770@ep54 pat 28 (1223s)
  [Data_01] transformer ep 83 val 4.3482 best 3.4770@ep54 pat 29 (1238s)
  [Data_01] transformer ep 84 val 4.9527 best 3.4770@ep54 pat 30 (1253s)
  [Data_01] transformer ep 85 val 4.4177 best 3.4770@ep54 pat 31 (1268s)
  [Data_01] transformer ep 86 val 4.2819 best 3.4770@ep54 pat 32 (1283s)
  [Data_01] transformer ep 87 val 3.5278 best 3.4770@ep54 pat 33 (1298s)
  [Data_01] transformer ep 88 val 3.7804 best 3.4770@ep54 pat 34 (1312s)
  [Data_01] transformer ep 89 val 4.7278 best 3.4770@ep54 pat 35 (1327s)
  [Data_01] transformer ep 90 val 4.0538 best 3.4770@ep54 pat 36 (1341s)
  [Data_01] transformer ep 91 val 4.5761 best 3.4770@ep54 pat 37 (1356s)
  [Data_01] transformer ep 92 val 4.5804 best 3.4770@ep54 pat 38 (1370s)
  [Data_01] transformer ep 93 val 4.4887 best 3.4770@ep54 pat 39 (1384s)
  [Data_01] transformer ep 94 val 4.2040 best 3.4770@ep54 pat 40 (1398s)
  [Data_01] transformer ep 95 val 4.4539 best 3.4770@ep54 pat 41 (1412s)
  [Data_01] transformer ep 96 val 4.0170 best 3.4770@ep54 pat 42 (1427s)
  [Data_01] transformer ep 97 val 3.9595 best 3.4770@ep54 pat 43 (1441s)
  [Data_01] transformer ep 98 val 3.5445 best 3.4770@ep54 pat 44 (1455s)
  [Data_01] transformer ep 99 val 4.4204 best 3.4770@ep54 pat 45 (1469s)
  [Data_01] transformer ep 100 val 4.0486 best 3.4770@ep54 pat 46 (1483s)
  [Data_01] transformer ep 101 val 4.0670 best 3.4770@ep54 pat 47 (1497s)
  [Data_01] transformer ep 102 val 4.7266 best 3.4770@ep54 pat 48 (1511s)
  [Data_01] transformer ep 103 val 3.9036 best 3.4770@ep54 pat 49 (1525s)
  [Data_01] transformer ep 104 val 3.9394 best 3.4770@ep54 pat 50 (1539s)
*** transformer Data_01 mae_seq=3.8817 mae_shuf=16.3081
