command: python -m hingesense.baselines --method transformer --fold Data_11 --out results/raw/baselines/transformer --epochs 300 --patience 50
UserWarning: Can't initialize NVML
os: Linux-6.8.0-138-generic-x86_64-with-glibc2.35
cpu: Intel(R) Xeon(R) Platinum 8480C x224, ram 1007.5 GB
gpu: NVIDIA H100 (driver 580.173.02)
python 3.11.15, torch 2.12.0+cu130, cuda 13.0
=== transformer Data_11 dev=cuda:0 ===
  [Data_11] transformer cond=assembly sources=32
UserWarning: enable_nested_tensor is True, but self.use_nested_tensor is False because encoder_layer.norm_first was True
UserWarning: Memory Efficient attention defaults to a non-deterministic algorithm. To explicitly enable determinism call torch.use_deterministic_algorithms(True, warn_only=False). (Triggered internally at /pytorch/aten/src/ATen/native/transformers/cuda/attention_backward.cu:900.)
  [Data_11] transformer ep 0 val 3.4397 best 3.4397@ep0 pat 0 (16s)
  [Data_11] transformer ep 1 val 3.1859 best 3.1859@ep1 pat 0 (31s)
  [Data_11] transformer ep 2 val 4.0467 best 3.1859@ep1 pat 1 (46s)
  [Data_11] transformer ep 3 val 4.7018 best 3.1859@ep1 pat 2 (61s)
  [Data_11] transformer ep 4 val 3.6084 best 3.1859@ep1 pat 3 (77s)
  [Data_11] transformer ep 5 val 3.7606 best 3.1859@ep1 pat 4 (92s)
  [Data_11] transformer ep 6 val 4.0394 best 3.1859@ep1 pat 5 (107s)
  [Data_11] transformer ep 7 val 4.0762 best 3.1859@ep1 pat 6 (122s)
  [Data_11] transformer ep 8 val 3.5911 best 3.1859@ep1 pat 7 (137s)
  [Data_11] transformer ep 9 val 4.2463 best 3.1859@ep1 pat 8 (152s)
  [Data_11] transformer ep 10 val 4.2251 best 3.1859@ep1 pat 9 (167s)
  [Data_11] transformer ep 11 val 3.9809 best 3.1859@ep1 pat 10 (183s)
  [Data_11] transformer ep 12 val 3.0986 best 3.0986@ep12 pat 0 (198s)
  [Data_11] transformer ep 13 val 2.8325 best 2.8325@ep13 pat 0 (213s)
  [Data_11] transformer ep 14 val 2.7752 best 2.7752@ep14 pat 0 (228s)
  [Data_11] transformer ep 15 val 3.9985 best 2.7752@ep14 pat 1 (242s)
  [Data_11] transformer ep 16 val 3.9875 best 2.7752@ep14 pat 2 (257s)
  [Data_11] transformer ep 17 val 3.5989 best 2.7752@ep14 pat 3 (271s)
  [Data_11] transformer ep 18 val 2.8993 best 2.7752@ep14 pat 4 (286s)
  [Data_11] transformer ep 19 val 3.9808 best 2.7752@ep14 pat 5 (300s)
  [Data_11] transformer ep 20 val 3.4131 best 2.7752@ep14 pat 6 (314s)
  [Data_11] transformer ep 21 val 2.8759 best 2.7752@ep14 pat 7 (328s)
  [Data_11] transformer ep 22 val 3.5441 best 2.7752@ep14 pat 8 (342s)
  [Data_11] transformer ep 23 val 3.0313 best 2.7752@ep14 pat 9 (357s)
  [Data_11] transformer ep 24 val 3.7237 best 2.7752@ep14 pat 10 (371s)
  [Data_11] transformer ep 25 val 3.5568 best 2.7752@ep14 pat 11 (385s)
  [Data_11] transformer ep 26 val 2.5191 best 2.5191@ep26 pat 0 (399s)
  [Data_11] transformer ep 27 val 3.0594 best 2.5191@ep26 pat 1 (413s)
  [Data_11] transformer ep 28 val 3.3395 best 2.5191@ep26 pat 2 (427s)
  [Data_11] transformer ep 29 val 2.7088 best 2.5191@ep26 pat 3 (441s)
  [Data_11] transformer ep 30 val 3.0088 best 2.5191@ep26 pat 4 (455s)
  [Data_11] transformer ep 31 val 3.4175 best 2.5191@ep26 pat 5 (469s)
  [Data_11] transformer ep 32 val 2.8374 best 2.5191@ep26 pat 6 (483s)
  [Data_11] transformer ep 33 val 2.9462 best 2.5191@ep26 pat 7 (496s)
  [Data_11] transformer ep 34 val 3.6501 best 2.5191@ep26 pat 8 (509s)
  [Data_11] transformer ep 35 val 3.4272 best 2.5191@ep26 pat 9 (522s)
  [Data_11] transformer ep 36 val 3.2568 best 2.5191@ep26 pat 10 (535s)
  [Data_11] transformer ep 37 val 3.4228 best 2.5191@ep26 pat 11 (548s)
  [Data_11] transformer ep 38 val 3.6854 best 2.5191@ep26 pat 12 (561s)
  [Data_11] transformer ep 39 val 2.8115 best 2.5191@ep26 pat 13 (575s)
  [Data_11] transformer ep 40 val 4.1878 best 2.5191@ep26 pat 14 (588s)
  [Data_11] transformer ep 41 val 3.8940 best 2.5191@ep26 pat 15 (601s)
  [Data_11] transformer ep 42 val 3.6086 best 2.5191@ep26 pat 16 (614s)
  [Data_11] transformer ep 43 val 3.4874 best 2.5191@ep26 pat 17 (627s)
  [Data_11] transformer ep 44 val 3.8536 best 2.5191@ep26 pat 18 (641s)
  [Data_11] transformer ep 45 val 3.8873 best 2.5191@ep26 pat 19 (654s)
  [Data_11] transformer ep 46 val 3.3706 best 2.5191@ep26 pat 20 (668s)
  [Data_11] transformer ep 47 val 3.5428 best 2.5191@ep26 pat 21 (681s)
  [Data_11] transformer ep 48 val 3.7710 best 2.5191@ep26 pat 22 (694s)
  [Data_11] transformer ep 49 val 3.8324 best 2.5191@ep26 pat 23 (708s)
  [Data_11] transformer ep 50 val 3.1845 best 2.5191@ep26 pat 24 (721s)
  [Data_11] transformer ep 51 val 4.3415 best 2.5191@ep26 pat 25 (735s)
  [Data_11] transformer ep 52 val 3.8929 best 2.5191@ep26 pat 26 (748s)
  [Data_11] transformer ep 53 val 3.6242 best 2.5191@ep26 pat 27 (762s)
  [Data_11] transformer ep 54 val 3.3226 best 2.5191@ep26 pat 28 (775s)
  [Data_11] transformer ep 55 val 3.3618 best 2.5191@ep26 pat 29 (788s)
  [Data_11] transformer ep 56 val 4.0061 best 2.5191@ep26 pat 30 (801s)
  [Data_11] transformer ep 57 val 4.0577 best 2.5191@ep26 pat 31 (814s)
  [Data_11] transformer ep 58 val 3.8264 best 2.5191@ep26 pat 32 (827s)
  [Data_11] transformer ep 59 val 4.1823 best 2.5191@ep26 pat 33 (840s)
  [Data_11] transformer ep 60 val 4.0600 best 2.5191@ep26 pat 34 (853s)
  [Data_11] transformer ep 61 val 4.0080 best 2.5191@ep26 pat 35 (866s)
  [Data_11] transformer ep 62 val 3.4653 best 2.5191@ep26 pat 36 (878s)
  [Data_11] transformer ep 63 val 3.6130 best 2.5191@ep26 pat 37 (889s)
  [Data_11] transformer ep 64 val 3.5961 best 2.5191@ep26 pat 38 (899s)
  [Data_11] transformer ep 65 val 3.8413 best 2.5191@ep26 pat 39 (908s)
  [Data_11] transformer ep 66 val 4.3580 best 2.5191@ep26 pat 40 (917s)
  [Data_11] transformer ep 67 val 4.0869 best 2.5191@ep26 pat 41 (927s)
  [Data_11] transformer ep 68 val 4.0538 best 2.5191@ep26 pat 42 (936s)
  [Data_11] transformer ep 69 val 3.8248 best 2.5191@ep26 pat 43 (944s)
  [Data_11] transformer ep 70 val 4.8500 best 2.5191@ep26 pat 44 (953s)
  [Data_11] transformer ep 71 val 4.0336 best 2.5191@ep26 pat 45 (961s)
  [Data_11] transformer ep 72 val 3.5299 best 2.5191@ep26 pat 46 (969s)
  [Data_11] transformer ep 73 val 3.9057 best 2.5191@ep26 pat 47 (978s)
  [Data_11] transformer ep 74 val 4.6399 best 2.5191@ep26 pat 48 (985s)
  [Data_11] transformer ep 75 val 3.3670 best 2.5191@ep26 pat 49 (997s)
  [Data_11] transformer ep 76 val 3.8032 best 2.5191@ep26 pat 50 (1007s)
*** transformer Data_11 mae_seq=2.875 mae_shuf=15.2331
