command: python -m hingesense.baselines --method transformer --fold Data_08 --out results/raw/baselines/transformer --epochs 300 --patience 50
UserWarning: Can't initialize NVML
os: Linux-6.8.0-138-generic-x86_64-with-glibc2.35
cpu: Intel(R) Xeon(R) Platinum 8480C x224, ram 1007.5 GB
gpu: NVIDIA H100 (driver 580.173.02)
python 3.11.15, torch 2.12.0+cu130, cuda 13.0
=== transformer Data_08 dev=cuda:0 ===
  [Data_08] transformer cond=assembly sources=32
UserWarning: enable_nested_tensor is True, but self.use_nested_tensor is False because encoder_layer.norm_first was True
UserWarning: Memory Efficient attention defaults to a non-deterministic algorithm. To explicitly enable determinism call torch.use_deterministic_algorithms(True, warn_only=False). (Triggered internally at /pytorch/aten/src/ATen/native/transformers/cuda/attention_backward.cu:900.)
  [Data_08] transformer ep 0 val 4.9155 best 4.9155@ep0 pat 0 (17s)
  [Data_08] transformer ep 1 val 1.4347 best 1.4347@ep1 pat 0 (32s)
  [Data_08] transformer ep 2 val 5.8330 best 1.4347@ep1 pat 1 (48s)
  [Data_08] transformer ep 3 val 5.9798 best 1.4347@ep1 pat 2 (64s)
  [Data_08] transformer ep 4 val 4.7222 best 1.4347@ep1 pat 3 (79s)
  [Data_08] transformer ep 5 val 3.2025 best 1.4347@ep1 pat 4 (95s)
  [Data_08] transformer ep 6 val 2.9669 best 1.4347@ep1 pat 5 (111s)
  [Data_08] transformer ep 7 val 5.5636 best 1.4347@ep1 pat 6 (126s)
  [Data_08] transformer ep 8 val 2.1381 best 1.4347@ep1 pat 7 (141s)
  [Data_08] transformer ep 9 val 3.8825 best 1.4347@ep1 pat 8 (157s)
  [Data_08] transformer ep 10 val 5.2573 best 1.4347@ep1 pat 9 (171s)
  [Data_08] transformer ep 11 val 4.8476 best 1.4347@ep1 pat 10 (186s)
  [Data_08] transformer ep 12 val 5.6351 best 1.4347@ep1 pat 11 (201s)
  [Data_08] transformer ep 13 val 5.7184 best 1.4347@ep1 pat 12 (216s)
  [Data_08] transformer ep 14 val 2.8859 best 1.4347@ep1 pat 13 (230s)
  [Data_08] transformer ep 15 val 3.2051 best 1.4347@ep1 pat 14 (245s)
  [Data_08] transformer ep 16 val 3.6570 best 1.4347@ep1 pat 15 (260s)
  [Data_08] transformer ep 17 val 2.9340 best 1.4347@ep1 pat 16 (275s)
  [Data_08] transformer ep 18 val 2.6785 best 1.4347@ep1 pat 17 (289s)
  [Data_08] transformer ep 19 val 3.1588 best 1.4347@ep1 pat 18 (304s)
  [Data_08] transformer ep 20 val 2.2491 best 1.4347@ep1 pat 19 (319s)
  [Data_08] transformer ep 21 val 4.4304 best 1.4347@ep1 pat 20 (333s)
  [Data_08] transformer ep 22 val 2.6175 best 1.4347@ep1 pat 21 (348s)
  [Data_08] transformer ep 23 val 2.8374 best 1.4347@ep1 pat 22 (363s)
  [Data_08] transformer ep 24 val 4.5792 best 1.4347@ep1 pat 23 (377s)
  [Data_08] transformer ep 25 val 3.7891 best 1.4347@ep1 pat 24 (392s)
  [Data_08] transformer ep 26 val 4.4020 best 1.4347@ep1 pat 25 (407s)
  [Data_08] transformer ep 27 val 3.3103 best 1.4347@ep1 pat 26 (421s)
  [Data_08] transformer ep 28 val 4.6537 best 1.4347@ep1 pat 27 (435s)
  [Data_08] transformer ep 29 val 2.9636 best 1.4347@ep1 pat 28 (450s)
  [Data_08] transformer ep 30 val 3.1594 best 1.4347@ep1 pat 29 (465s)
  [Data_08] transformer ep 31 val 2.4272 best 1.4347@ep1 pat 30 (479s)
  [Data_08] transformer ep 32 val 3.5519 best 1.4347@ep1 pat 31 (494s)
  [Data_08] transformer ep 33 val 3.2409 best 1.4347@ep1 pat 32 (509s)
  [Data_08] transformer ep 34 val 2.7495 best 1.4347@ep1 pat 33 (524s)
  [Data_08] transformer ep 35 val 3.3587 best 1.4347@ep1 pat 34 (538s)
  [Data_08] transformer ep 36 val 3.5299 best 1.4347@ep1 pat 35 (553s)
  [Data_08] transformer ep 37 val 3.3321 best 1.4347@ep1 pat 36 (568s)
  [Data_08] transformer ep 38 val 3.6018 best 1.4347@ep1 pat 37 (582s)
  [Data_08] transformer ep 39 val 2.5500 best 1.4347@ep1 pat 38 (597s)
  [Data_08] transformer ep 40 val 3.3257 best 1.4347@ep1 pat 39 (612s)
  [Data_08] transformer ep 41 val 2.4343 best 1.4347@ep1 pat 40 (627s)
  [Data_08] transformer ep 42 val 3.7796 best 1.4347@ep1 pat 41 (641s)
  [Data_08] transformer ep 43 val 3.2055 best 1.4347@ep1 pat 42 (656s)
  [Data_08] transformer ep 44 val 3.6391 best 1.4347@ep1 pat 43 (671s)
  [Data_08] transformer ep 45 val 3.9715 best 1.4347@ep1 pat 44 (686s)
  [Data_08] transformer ep 46 val 3.1957 best 1.4347@ep1 pat 45 (700s)
  [Data_08] transformer ep 47 val 2.8888 best 1.4347@ep1 pat 46 (715s)
  [Data_08] transformer ep 48 val 3.7379 best 1.4347@ep1 pat 47 (730s)
  [Data_08] transformer ep 49 val 4.0051 best 1.4347@ep1 pat 48 (744s)
  [Data_08] transformer ep 50 val 3.4617 best 1.4347@ep1 pat 49 (759s)
  [Data_08] transformer ep 51 val 3.0127 best 1.4347@ep1 pat 50 (773s)
*** transformer Data_08 mae_seq=1.4472 mae_shuf=10.8304
