command: python -m hingesense.baselines --method transformer --fold Data_06 --out results/raw/baselines/transformer --epochs 300 --patience 50
UserWarning: Can't initialize NVML
os: Linux-6.8.0-138-generic-x86_64-with-glibc2.35
cpu: Intel(R) Xeon(R) Platinum 8480C x224, ram 1007.5 GB
gpu: NVIDIA H100 (driver 580.173.02)
python 3.11.15, torch 2.12.0+cu130, cuda 13.0
=== transformer Data_06 dev=cuda:0 ===
  [Data_06] transformer cond=noload sources=52
UserWarning: enable_nested_tensor is True, but self.use_nested_tensor is False because encoder_layer.norm_first was True
UserWarning: Memory Efficient attention defaults to a non-deterministic algorithm. To explicitly enable determinism call torch.use_deterministic_algorithms(True, warn_only=False). (Triggered internally at /pytorch/aten/src/ATen/native/transformers/cuda/attention_backward.cu:900.)
  [Data_06] transformer ep 0 val 4.3498 best 4.3498@ep0 pat 0 (16s)
  [Data_06] transformer ep 1 val 5.2278 best 4.3498@ep0 pat 1 (32s)
  [Data_06] transformer ep 2 val 2.3703 best 2.3703@ep2 pat 0 (48s)
  [Data_06] transformer ep 3 val 5.4368 best 2.3703@ep2 pat 1 (63s)
  [Data_06] transformer ep 4 val 3.6888 best 2.3703@ep2 pat 2 (79s)
  [Data_06] transformer ep 5 val 2.4837 best 2.3703@ep2 pat 3 (94s)
  [Data_06] transformer ep 6 val 6.0833 best 2.3703@ep2 pat 4 (110s)
  [Data_06] transformer ep 7 val 3.9730 best 2.3703@ep2 pat 5 (126s)
  [Data_06] transformer ep 8 val 5.0512 best 2.3703@ep2 pat 6 (141s)
  [Data_06] transformer ep 9 val 3.1059 best 2.3703@ep2 pat 7 (157s)
  [Data_06] transformer ep 10 val 3.5872 best 2.3703@ep2 pat 8 (172s)
  [Data_06] transformer ep 11 val 3.1570 best 2.3703@ep2 pat 9 (188s)
  [Data_06] transformer ep 12 val 3.4741 best 2.3703@ep2 pat 10 (204s)
  [Data_06] transformer ep 13 val 2.3258 best 2.3258@ep13 pat 0 (219s)
  [Data_06] transformer ep 14 val 4.5311 best 2.3258@ep13 pat 1 (235s)
  [Data_06] transformer ep 15 val 3.6268 best 2.3258@ep13 pat 2 (251s)
  [Data_06] transformer ep 16 val 3.4862 best 2.3258@ep13 pat 3 (266s)
  [Data_06] transformer ep 17 val 3.7376 best 2.3258@ep13 pat 4 (282s)
  [Data_06] transformer ep 18 val 3.4638 best 2.3258@ep13 pat 5 (297s)
  [Data_06] transformer ep 19 val 3.6708 best 2.3258@ep13 pat 6 (313s)
  [Data_06] transformer ep 20 val 3.4041 best 2.3258@ep13 pat 7 (328s)
  [Data_06] transformer ep 21 val 2.1261 best 2.1261@ep21 pat 0 (344s)
  [Data_06] transformer ep 22 val 3.4169 best 2.1261@ep21 pat 1 (360s)
  [Data_06] transformer ep 23 val 4.1555 best 2.1261@ep21 pat 2 (376s)
  [Data_06] transformer ep 24 val 4.1016 best 2.1261@ep21 pat 3 (392s)
  [Data_06] transformer ep 25 val 2.4030 best 2.1261@ep21 pat 4 (408s)
  [Data_06] transformer ep 26 val 4.6518 best 2.1261@ep21 pat 5 (424s)
  [Data_06] transformer ep 27 val 3.7311 best 2.1261@ep21 pat 6 (440s)
  [Data_06] transformer ep 28 val 3.5104 best 2.1261@ep21 pat 7 (456s)
  [Data_06] transformer ep 29 val 4.6583 best 2.1261@ep21 pat 8 (471s)
  [Data_06] transformer ep 30 val 4.3664 best 2.1261@ep21 pat 9 (487s)
  [Data_06] transformer ep 31 val 4.8926 best 2.1261@ep21 pat 10 (502s)
  [Data_06] transformer ep 32 val 3.6405 best 2.1261@ep21 pat 11 (517s)
  [Data_06] transformer ep 33 val 3.2910 best 2.1261@ep21 pat 12 (532s)
  [Data_06] transformer ep 34 val 3.9032 best 2.1261@ep21 pat 13 (547s)
  [Data_06] transformer ep 35 val 3.5853 best 2.1261@ep21 pat 14 (562s)
  [Data_06] transformer ep 36 val 3.8235 best 2.1261@ep21 pat 15 (577s)
  [Data_06] transformer ep 37 val 3.7447 best 2.1261@ep21 pat 16 (592s)
  [Data_06] transformer ep 38 val 2.2424 best 2.1261@ep21 pat 17 (607s)
  [Data_06] transformer ep 39 val 3.6437 best 2.1261@ep21 pat 18 (622s)
  [Data_06] transformer ep 40 val 3.0656 best 2.1261@ep21 pat 19 (637s)
  [Data_06] transformer ep 41 val 4.8124 best 2.1261@ep21 pat 20 (652s)
  [Data_06] transformer ep 42 val 3.0656 best 2.1261@ep21 pat 21 (667s)
  [Data_06] transformer ep 43 val 4.9537 best 2.1261@ep21 pat 22 (682s)
  [Data_06] transformer ep 44 val 4.1096 best 2.1261@ep21 pat 23 (697s)
  [Data_06] transformer ep 45 val 3.4400 best 2.1261@ep21 pat 24 (712s)
  [Data_06] transformer ep 46 val 4.2250 best 2.1261@ep21 pat 25 (727s)
  [Data_06] transformer ep 47 val 4.0143 best 2.1261@ep21 pat 26 (742s)
  [Data_06] transformer ep 48 val 4.2133 best 2.1261@ep21 pat 27 (756s)
  [Data_06] transformer ep 49 val 4.3971 best 2.1261@ep21 pat 28 (771s)
  [Data_06] transformer ep 50 val 3.6599 best 2.1261@ep21 pat 29 (786s)
  [Data_06] transformer ep 51 val 2.7647 best 2.1261@ep21 pat 30 (801s)
  [Data_06] transformer ep 52 val 3.3450 best 2.1261@ep21 pat 31 (816s)
  [Data_06] transformer ep 53 val 3.0905 best 2.1261@ep21 pat 32 (831s)
  [Data_06] transformer ep 54 val 6.7755 best 2.1261@ep21 pat 33 (847s)
  [Data_06] transformer ep 55 val 3.3945 best 2.1261@ep21 pat 34 (861s)
  [Data_06] transformer ep 56 val 4.7403 best 2.1261@ep21 pat 35 (876s)
  [Data_06] transformer ep 57 val 4.8658 best 2.1261@ep21 pat 36 (892s)
  [Data_06] transformer ep 58 val 2.4590 best 2.1261@ep21 pat 37 (907s)
  [Data_06] transformer ep 59 val 4.4734 best 2.1261@ep21 pat 38 (922s)
  [Data_06] transformer ep 60 val 4.7064 best 2.1261@ep21 pat 39 (937s)
  [Data_06] transformer ep 61 val 3.2014 best 2.1261@ep21 pat 40 (952s)
  [Data_06] transformer ep 62 val 3.9312 best 2.1261@ep21 pat 41 (967s)
  [Data_06] transformer ep 63 val 3.2595 best 2.1261@ep21 pat 42 (982s)
  [Data_06] transformer ep 64 val 3.4742 best 2.1261@ep21 pat 43 (997s)
  [Data_06] transformer ep 65 val 4.8409 best 2.1261@ep21 pat 44 (1012s)
  [Data_06] transformer ep 66 val 4.6418 best 2.1261@ep21 pat 45 (1027s)
  [Data_06] transformer ep 67 val 2.5832 best 2.1261@ep21 pat 46 (1042s)
  [Data_06] transformer ep 68 val 4.1556 best 2.1261@ep21 pat 47 (1057s)
  [Data_06] transformer ep 69 val 3.5567 best 2.1261@ep21 pat 48 (1072s)
  [Data_06] transformer ep 70 val 2.3812 best 2.1261@ep21 pat 49 (1087s)
  [Data_06] transformer ep 71 val 4.7831 best 2.1261@ep21 pat 50 (1102s)
*** transformer Data_06 mae_seq=2.2656 mae_shuf=3.8304
