command: python -m hingesense.baselines --method transformer --fold Data_03 --out results/raw/baselines/transformer --epochs 300 --patience 50
UserWarning: Can't initialize NVML
os: Linux-6.8.0-138-generic-x86_64-with-glibc2.35
cpu: Intel(R) Xeon(R) Platinum 8480C x224, ram 1007.5 GB
gpu: NVIDIA H100 (driver 580.173.02)
python 3.11.15, torch 2.12.0+cu130, cuda 13.0
=== transformer Data_03 dev=cuda:0 ===
  [Data_03] transformer cond=noload sources=52
UserWarning: enable_nested_tensor is True, but self.use_nested_tensor is False because encoder_layer.norm_first was True
UserWarning: Memory Efficient attention defaults to a non-deterministic algorithm. To explicitly enable determinism call torch.use_deterministic_algorithms(True, warn_only=False). (Triggered internally at /pytorch/aten/src/ATen/native/transformers/cuda/attention_backward.cu:900.)
  [Data_03] transformer ep 0 val 6.9245 best 6.9245@ep0 pat 0 (15s)
  [Data_03] transformer ep 1 val 10.5427 best 6.9245@ep0 pat 1 (30s)
  [Data_03] transformer ep 2 val 6.4370 best 6.4370@ep2 pat 0 (44s)
  [Data_03] transformer ep 3 val 5.9542 best 5.9542@ep3 pat 0 (59s)
  [Data_03] transformer ep 4 val 5.1937 best 5.1937@ep4 pat 0 (74s)
  [Data_03] transformer ep 5 val 5.6938 best 5.1937@ep4 pat 1 (88s)
  [Data_03] transformer ep 6 val 5.5842 best 5.1937@ep4 pat 2 (103s)
  [Data_03] transformer ep 7 val 5.1382 best 5.1382@ep7 pat 0 (117s)
  [Data_03] transformer ep 8 val 4.6685 best 4.6685@ep8 pat 0 (131s)
  [Data_03] transformer ep 9 val 8.3092 best 4.6685@ep8 pat 1 (145s)
  [Data_03] transformer ep 10 val 5.1557 best 4.6685@ep8 pat 2 (159s)
  [Data_03] transformer ep 11 val 4.9181 best 4.6685@ep8 pat 3 (174s)
  [Data_03] transformer ep 12 val 6.6319 best 4.6685@ep8 pat 4 (188s)
  [Data_03] transformer ep 13 val 5.3983 best 4.6685@ep8 pat 5 (202s)
  [Data_03] transformer ep 14 val 5.4002 best 4.6685@ep8 pat 6 (217s)
  [Data_03] transformer ep 15 val 4.6858 best 4.6685@ep8 pat 7 (231s)
  [Data_03] transformer ep 16 val 6.0536 best 4.6685@ep8 pat 8 (245s)
  [Data_03] transformer ep 17 val 4.7271 best 4.6685@ep8 pat 9 (260s)
  [Data_03] transformer ep 18 val 5.5957 best 4.6685@ep8 pat 10 (274s)
  [Data_03] transformer ep 19 val 6.4960 best 4.6685@ep8 pat 11 (288s)
  [Data_03] transformer ep 20 val 5.6081 best 4.6685@ep8 pat 12 (302s)
  [Data_03] transformer ep 21 val 4.8716 best 4.6685@ep8 pat 13 (316s)
  [Data_03] transformer ep 22 val 4.8432 best 4.6685@ep8 pat 14 (331s)
  [Data_03] transformer ep 23 val 5.4782 best 4.6685@ep8 pat 15 (345s)
  [Data_03] transformer ep 24 val 5.2991 best 4.6685@ep8 pat 16 (360s)
  [Data_03] transformer ep 25 val 5.6412 best 4.6685@ep8 pat 17 (374s)
  [Data_03] transformer ep 26 val 4.6699 best 4.6685@ep8 pat 18 (388s)
  [Data_03] transformer ep 27 val 4.5781 best 4.5781@ep27 pat 0 (402s)
  [Data_03] transformer ep 28 val 5.1621 best 4.5781@ep27 pat 1 (417s)
  [Data_03] transformer ep 29 val 5.4446 best 4.5781@ep27 pat 2 (431s)
  [Data_03] transformer ep 30 val 5.0150 best 4.5781@ep27 pat 3 (445s)
  [Data_03] transformer ep 31 val 4.6890 best 4.5781@ep27 pat 4 (459s)
  [Data_03] transformer ep 32 val 4.9693 best 4.5781@ep27 pat 5 (474s)
  [Data_03] transformer ep 33 val 5.3550 best 4.5781@ep27 pat 6 (488s)
  [Data_03] transformer ep 34 val 5.9903 best 4.5781@ep27 pat 7 (502s)
  [Data_03] transformer ep 35 val 3.2207 best 3.2207@ep35 pat 0 (517s)
  [Data_03] transformer ep 36 val 5.1438 best 3.2207@ep35 pat 1 (531s)
  [Data_03] transformer ep 37 val 4.2696 best 3.2207@ep35 pat 2 (545s)
  [Data_03] transformer ep 38 val 5.0341 best 3.2207@ep35 pat 3 (559s)
  [Data_03] transformer ep 39 val 5.1861 best 3.2207@ep35 pat 4 (573s)
  [Data_03] transformer ep 40 val 5.2588 best 3.2207@ep35 pat 5 (588s)
  [Data_03] transformer ep 41 val 5.1190 best 3.2207@ep35 pat 6 (602s)
  [Data_03] transformer ep 42 val 4.3606 best 3.2207@ep35 pat 7 (616s)
  [Data_03] transformer ep 43 val 5.0600 best 3.2207@ep35 pat 8 (630s)
  [Data_03] transformer ep 44 val 5.2123 best 3.2207@ep35 pat 9 (645s)
  [Data_03] transformer ep 45 val 5.3638 best 3.2207@ep35 pat 10 (659s)
  [Data_03] transformer ep 46 val 3.8395 best 3.2207@ep35 pat 11 (674s)
  [Data_03] transformer ep 47 val 4.6690 best 3.2207@ep35 pat 12 (689s)
  [Data_03] transformer ep 48 val 4.6607 best 3.2207@ep35 pat 13 (704s)
  [Data_03] transformer ep 49 val 4.9135 best 3.2207@ep35 pat 14 (719s)
  [Data_03] transformer ep 50 val 5.2827 best 3.2207@ep35 pat 15 (734s)
  [Data_03] transformer ep 51 val 5.4367 best 3.2207@ep35 pat 16 (749s)
  [Data_03] transformer ep 52 val 5.2193 best 3.2207@ep35 pat 17 (764s)
  [Data_03] transformer ep 53 val 5.4616 best 3.2207@ep35 pat 18 (779s)
  [Data_03] transformer ep 54 val 4.5146 best 3.2207@ep35 pat 19 (794s)
  [Data_03] transformer ep 55 val 5.8232 best 3.2207@ep35 pat 20 (809s)
  [Data_03] transformer ep 56 val 5.2421 best 3.2207@ep35 pat 21 (824s)
  [Data_03] transformer ep 57 val 4.8817 best 3.2207@ep35 pat 22 (839s)
  [Data_03] transformer ep 58 val 4.4250 best 3.2207@ep35 pat 23 (854s)
  [Data_03] transformer ep 59 val 5.3101 best 3.2207@ep35 pat 24 (869s)
  [Data_03] transformer ep 60 val 5.3123 best 3.2207@ep35 pat 25 (884s)
  [Data_03] transformer ep 61 val 5.8515 best 3.2207@ep35 pat 26 (899s)
  [Data_03] transformer ep 62 val 5.1691 best 3.2207@ep35 pat 27 (915s)
  [Data_03] transformer ep 63 val 5.5020 best 3.2207@ep35 pat 28 (930s)
  [Data_03] transformer ep 64 val 4.6923 best 3.2207@ep35 pat 29 (945s)
  [Data_03] transformer ep 65 val 4.7619 best 3.2207@ep35 pat 30 (960s)
  [Data_03] transformer ep 66 val 4.7704 best 3.2207@ep35 pat 31 (975s)
  [Data_03] transformer ep 67 val 5.6343 best 3.2207@ep35 pat 32 (990s)
  [Data_03] transformer ep 68 val 4.5936 best 3.2207@ep35 pat 33 (1005s)
  [Data_03] transformer ep 69 val 4.9307 best 3.2207@ep35 pat 34 (1020s)
  [Data_03] transformer ep 70 val 5.9548 best 3.2207@ep35 pat 35 (1034s)
  [Data_03] transformer ep 71 val 4.9473 best 3.2207@ep35 pat 36 (1049s)
  [Data_03] transformer ep 72 val 4.2516 best 3.2207@ep35 pat 37 (1064s)
  [Data_03] transformer ep 73 val 5.1233 best 3.2207@ep35 pat 38 (1079s)
  [Data_03] transformer ep 74 val 4.6074 best 3.2207@ep35 pat 39 (1094s)
  [Data_03] transformer ep 75 val 4.3185 best 3.2207@ep35 pat 40 (1109s)
  [Data_03] transformer ep 76 val 4.8236 best 3.2207@ep35 pat 41 (1124s)
  [Data_03] transformer ep 77 val 4.1159 best 3.2207@ep35 pat 42 (1140s)
  [Data_03] transformer ep 78 val 4.5948 best 3.2207@ep35 pat 43 (1155s)
  [Data_03] transformer ep 79 val 4.6446 best 3.2207@ep35 pat 44 (1170s)
  [Data_03] transformer ep 80 val 4.8321 best 3.2207@ep35 pat 45 (1185s)
  [Data_03] transformer ep 81 val 5.6463 best 3.2207@ep35 pat 46 (1200s)
  [Data_03] transformer ep 82 val 4.7984 best 3.2207@ep35 pat 47 (1215s)
  [Data_03] transformer ep 83 val 4.8018 best 3.2207@ep35 pat 48 (1230s)
  [Data_03] transformer ep 84 val 5.0432 best 3.2207@ep35 pat 49 (1245s)
  [Data_03] transformer ep 85 val 4.0548 best 3.2207@ep35 pat 50 (1260s)
*** transformer Data_03 mae_seq=2.9567 mae_shuf=24.1523
