command: python -m hingesense.baselines --method transformer --fold Data_02 --out results/raw/baselines/transformer --epochs 300 --patience 50
UserWarning: Can't initialize NVML
os: Linux-6.8.0-138-generic-x86_64-with-glibc2.35
cpu: Intel(R) Xeon(R) Platinum 8480C x224, ram 1007.5 GB
gpu: NVIDIA H100 (driver 580.173.02)
python 3.11.15, torch 2.12.0+cu130, cuda 13.0
=== transformer Data_02 dev=cuda:0 ===
  [Data_02] transformer cond=noload sources=52
UserWarning: enable_nested_tensor is True, but self.use_nested_tensor is False because encoder_layer.norm_first was True
UserWarning: Memory Efficient attention defaults to a non-deterministic algorithm. To explicitly enable determinism call torch.use_deterministic_algorithms(True, warn_only=False). (Triggered internally at /pytorch/aten/src/ATen/native/transformers/cuda/attention_backward.cu:900.)
  [Data_02] transformer ep 0 val 4.4642 best 4.4642@ep0 pat 0 (17s)
  [Data_02] transformer ep 1 val 3.6447 best 3.6447@ep1 pat 0 (32s)
  [Data_02] transformer ep 2 val 4.7382 best 3.6447@ep1 pat 1 (47s)
  [Data_02] transformer ep 3 val 4.7959 best 3.6447@ep1 pat 2 (62s)
  [Data_02] transformer ep 4 val 2.6935 best 2.6935@ep4 pat 0 (77s)
  [Data_02] transformer ep 5 val 4.2968 best 2.6935@ep4 pat 1 (93s)
  [Data_02] transformer ep 6 val 3.8591 best 2.6935@ep4 pat 2 (108s)
  [Data_02] transformer ep 7 val 3.6178 best 2.6935@ep4 pat 3 (123s)
  [Data_02] transformer ep 8 val 8.0604 best 2.6935@ep4 pat 4 (138s)
  [Data_02] transformer ep 9 val 3.9721 best 2.6935@ep4 pat 5 (154s)
  [Data_02] transformer ep 10 val 4.4888 best 2.6935@ep4 pat 6 (169s)
  [Data_02] transformer ep 11 val 4.1497 best 2.6935@ep4 pat 7 (184s)
  [Data_02] transformer ep 12 val 4.2379 best 2.6935@ep4 pat 8 (200s)
  [Data_02] transformer ep 13 val 4.9718 best 2.6935@ep4 pat 9 (216s)
  [Data_02] transformer ep 14 val 4.9889 best 2.6935@ep4 pat 10 (232s)
  [Data_02] transformer ep 15 val 6.1578 best 2.6935@ep4 pat 11 (248s)
  [Data_02] transformer ep 16 val 5.0768 best 2.6935@ep4 pat 12 (264s)
  [Data_02] transformer ep 17 val 3.6550 best 2.6935@ep4 pat 13 (280s)
  [Data_02] transformer ep 18 val 3.8421 best 2.6935@ep4 pat 14 (296s)
  [Data_02] transformer ep 19 val 3.3432 best 2.6935@ep4 pat 15 (312s)
  [Data_02] transformer ep 20 val 4.4038 best 2.6935@ep4 pat 16 (328s)
  [Data_02] transformer ep 21 val 4.3960 best 2.6935@ep4 pat 17 (344s)
  [Data_02] transformer ep 22 val 4.2502 best 2.6935@ep4 pat 18 (360s)
  [Data_02] transformer ep 23 val 4.3960 best 2.6935@ep4 pat 19 (376s)
  [Data_02] transformer ep 24 val 3.7602 best 2.6935@ep4 pat 20 (392s)
  [Data_02] transformer ep 25 val 3.5921 best 2.6935@ep4 pat 21 (408s)
  [Data_02] transformer ep 26 val 4.6287 best 2.6935@ep4 pat 22 (424s)
  [Data_02] transformer ep 27 val 3.2245 best 2.6935@ep4 pat 23 (440s)
  [Data_02] transformer ep 28 val 4.0783 best 2.6935@ep4 pat 24 (456s)
  [Data_02] transformer ep 29 val 3.9613 best 2.6935@ep4 pat 25 (472s)
  [Data_02] transformer ep 30 val 4.1751 best 2.6935@ep4 pat 26 (488s)
  [Data_02] transformer ep 31 val 4.2950 best 2.6935@ep4 pat 27 (504s)
  [Data_02] transformer ep 32 val 4.9939 best 2.6935@ep4 pat 28 (520s)
  [Data_02] transformer ep 33 val 2.6582 best 2.6582@ep33 pat 0 (536s)
  [Data_02] transformer ep 34 val 5.1717 best 2.6582@ep33 pat 1 (553s)
  [Data_02] transformer ep 35 val 5.5146 best 2.6582@ep33 pat 2 (569s)
  [Data_02] transformer ep 36 val 8.6053 best 2.6582@ep33 pat 3 (586s)
  [Data_02] transformer ep 37 val 3.0257 best 2.6582@ep33 pat 4 (602s)
  [Data_02] transformer ep 38 val 7.5981 best 2.6582@ep33 pat 5 (619s)
  [Data_02] transformer ep 39 val 5.0666 best 2.6582@ep33 pat 6 (635s)
  [Data_02] transformer ep 40 val 3.9553 best 2.6582@ep33 pat 7 (651s)
  [Data_02] transformer ep 41 val 6.3600 best 2.6582@ep33 pat 8 (667s)
  [Data_02] transformer ep 42 val 6.4511 best 2.6582@ep33 pat 9 (682s)
  [Data_02] transformer ep 43 val 5.1477 best 2.6582@ep33 pat 10 (698s)
  [Data_02] transformer ep 44 val 6.1249 best 2.6582@ep33 pat 11 (713s)
  [Data_02] transformer ep 45 val 3.9090 best 2.6582@ep33 pat 12 (729s)
  [Data_02] transformer ep 46 val 4.7162 best 2.6582@ep33 pat 13 (744s)
  [Data_02] transformer ep 47 val 5.1435 best 2.6582@ep33 pat 14 (759s)
  [Data_02] transformer ep 48 val 2.4399 best 2.4399@ep48 pat 0 (775s)
  [Data_02] transformer ep 49 val 4.1573 best 2.4399@ep48 pat 1 (790s)
  [Data_02] transformer ep 50 val 5.0423 best 2.4399@ep48 pat 2 (806s)
  [Data_02] transformer ep 51 val 4.6700 best 2.4399@ep48 pat 3 (821s)
  [Data_02] transformer ep 52 val 2.9220 best 2.4399@ep48 pat 4 (837s)
  [Data_02] transformer ep 53 val 4.8698 best 2.4399@ep48 pat 5 (852s)
  [Data_02] transformer ep 54 val 3.4885 best 2.4399@ep48 pat 6 (867s)
  [Data_02] transformer ep 55 val 7.2540 best 2.4399@ep48 pat 7 (883s)
  [Data_02] transformer ep 56 val 6.9129 best 2.4399@ep48 pat 8 (898s)
  [Data_02] transformer ep 57 val 5.2351 best 2.4399@ep48 pat 9 (914s)
  [Data_02] transformer ep 58 val 4.6074 best 2.4399@ep48 pat 10 (929s)
  [Data_02] transformer ep 59 val 4.7203 best 2.4399@ep48 pat 11 (944s)
  [Data_02] transformer ep 60 val 4.8236 best 2.4399@ep48 pat 12 (959s)
  [Data_02] transformer ep 61 val 5.9211 best 2.4399@ep48 pat 13 (975s)
  [Data_02] transformer ep 62 val 5.2714 best 2.4399@ep48 pat 14 (990s)
  [Data_02] transformer ep 63 val 5.7024 best 2.4399@ep48 pat 15 (1005s)
  [Data_02] transformer ep 64 val 4.4343 best 2.4399@ep48 pat 16 (1021s)
  [Data_02] transformer ep 65 val 5.7029 best 2.4399@ep48 pat 17 (1036s)
  [Data_02] transformer ep 66 val 3.9342 best 2.4399@ep48 pat 18 (1052s)
  [Data_02] transformer ep 67 val 5.5478 best 2.4399@ep48 pat 19 (1067s)
  [Data_02] transformer ep 68 val 4.4345 best 2.4399@ep48 pat 20 (1083s)
  [Data_02] transformer ep 69 val 5.3325 best 2.4399@ep48 pat 21 (1098s)
  [Data_02] transformer ep 70 val 5.5832 best 2.4399@ep48 pat 22 (1113s)
  [Data_02] transformer ep 71 val 4.8726 best 2.4399@ep48 pat 23 (1129s)
  [Data_02] transformer ep 72 val 4.9541 best 2.4399@ep48 pat 24 (1144s)
  [Data_02] transformer ep 73 val 6.0522 best 2.4399@ep48 pat 25 (1159s)
  [Data_02] transformer ep 74 val 7.2361 best 2.4399@ep48 pat 26 (1175s)
  [Data_02] transformer ep 75 val 4.1900 best 2.4399@ep48 pat 27 (1190s)
  [Data_02] transformer ep 76 val 5.3797 best 2.4399@ep48 pat 28 (1206s)
  [Data_02] transformer ep 77 val 4.8506 best 2.4399@ep48 pat 29 (1221s)
  [Data_02] transformer ep 78 val 4.6118 best 2.4399@ep48 pat 30 (1237s)
  [Data_02] transformer ep 79 val 5.3528 best 2.4399@ep48 pat 31 (1252s)
  [Data_02] transformer ep 80 val 4.8517 best 2.4399@ep48 pat 32 (1267s)
  [Data_02] transformer ep 81 val 5.3916 best 2.4399@ep48 pat 33 (1283s)
  [Data_02] transformer ep 82 val 5.4346 best 2.4399@ep48 pat 34 (1297s)
  [Data_02] transformer ep 83 val 4.8486 best 2.4399@ep48 pat 35 (1311s)
  [Data_02] transformer ep 84 val 4.4220 best 2.4399@ep48 pat 36 (1326s)
  [Data_02] transformer ep 85 val 5.4196 best 2.4399@ep48 pat 37 (1341s)
  [Data_02] transformer ep 86 val 4.7925 best 2.4399@ep48 pat 38 (1355s)
  [Data_02] transformer ep 87 val 4.1471 best 2.4399@ep48 pat 39 (1370s)
  [Data_02] transformer ep 88 val 5.0736 best 2.4399@ep48 pat 40 (1385s)
  [Data_02] transformer ep 89 val 3.9663 best 2.4399@ep48 pat 41 (1399s)
  [Data_02] transformer ep 90 val 5.1343 best 2.4399@ep48 pat 42 (1414s)
  [Data_02] transformer ep 91 val 5.8540 best 2.4399@ep48 pat 43 (1429s)
  [Data_02] transformer ep 92 val 4.6529 best 2.4399@ep48 pat 44 (1444s)
  [Data_02] transformer ep 93 val 6.4728 best 2.4399@ep48 pat 45 (1458s)
  [Data_02] transformer ep 94 val 7.6311 best 2.4399@ep48 pat 46 (1473s)
  [Data_02] transformer ep 95 val 5.2032 best 2.4399@ep48 pat 47 (1488s)
  [Data_02] transformer ep 96 val 6.5537 best 2.4399@ep48 pat 48 (1502s)
  [Data_02] transformer ep 97 val 5.4841 best 2.4399@ep48 pat 49 (1517s)
  [Data_02] transformer ep 98 val 6.0011 best 2.4399@ep48 pat 50 (1532s)
*** transformer Data_02 mae_seq=2.4335 mae_shuf=21.3797
