command: python -m hingesense.baselines --method transformer --fold Data_07 --out results/raw/baselines/transformer --epochs 300 --patience 50
UserWarning: Can't initialize NVML
os: Linux-6.8.0-138-generic-x86_64-with-glibc2.35
cpu: Intel(R) Xeon(R) Platinum 8480C x224, ram 1007.5 GB
gpu: NVIDIA H100 (driver 580.173.02)
python 3.11.15, torch 2.12.0+cu130, cuda 13.0
=== transformer Data_07 dev=cuda:0 ===
  [Data_07] transformer cond=assembly sources=32
UserWarning: enable_nested_tensor is True, but self.use_nested_tensor is False because encoder_layer.norm_first was True
UserWarning: Memory Efficient attention defaults to a non-deterministic algorithm. To explicitly enable determinism call torch.use_deterministic_algorithms(True, warn_only=False). (Triggered internally at /pytorch/aten/src/ATen/native/transformers/cuda/attention_backward.cu:900.)
  [Data_07] transformer ep 0 val 3.7955 best 3.7955@ep0 pat 0 (16s)
  [Data_07] transformer ep 1 val 3.4953 best 3.4953@ep1 pat 0 (31s)
  [Data_07] transformer ep 2 val 3.4435 best 3.4435@ep2 pat 0 (45s)
  [Data_07] transformer ep 3 val 2.9768 best 2.9768@ep3 pat 0 (60s)
  [Data_07] transformer ep 4 val 2.7041 best 2.7041@ep4 pat 0 (74s)
  [Data_07] transformer ep 5 val 2.9306 best 2.7041@ep4 pat 1 (89s)
  [Data_07] transformer ep 6 val 4.1545 best 2.7041@ep4 pat 2 (103s)
  [Data_07] transformer ep 7 val 2.9833 best 2.7041@ep4 pat 3 (118s)
  [Data_07] transformer ep 8 val 3.3175 best 2.7041@ep4 pat 4 (132s)
  [Data_07] transformer ep 9 val 3.8445 best 2.7041@ep4 pat 5 (146s)
  [Data_07] transformer ep 10 val 3.2950 best 2.7041@ep4 pat 6 (161s)
  [Data_07] transformer ep 11 val 2.7564 best 2.7041@ep4 pat 7 (175s)
  [Data_07] transformer ep 12 val 3.2574 best 2.7041@ep4 pat 8 (190s)
  [Data_07] transformer ep 13 val 3.2204 best 2.7041@ep4 pat 9 (204s)
  [Data_07] transformer ep 14 val 2.7824 best 2.7041@ep4 pat 10 (219s)
  [Data_07] transformer ep 15 val 4.6075 best 2.7041@ep4 pat 11 (233s)
  [Data_07] transformer ep 16 val 3.4898 best 2.7041@ep4 pat 12 (248s)
  [Data_07] transformer ep 17 val 4.4250 best 2.7041@ep4 pat 13 (262s)
  [Data_07] transformer ep 18 val 2.4083 best 2.4083@ep18 pat 0 (277s)
  [Data_07] transformer ep 19 val 4.3207 best 2.4083@ep18 pat 1 (291s)
  [Data_07] transformer ep 20 val 2.7654 best 2.4083@ep18 pat 2 (306s)
  [Data_07] transformer ep 21 val 3.4418 best 2.4083@ep18 pat 3 (320s)
  [Data_07] transformer ep 22 val 2.8086 best 2.4083@ep18 pat 4 (335s)
  [Data_07] transformer ep 23 val 2.8227 best 2.4083@ep18 pat 5 (349s)
  [Data_07] transformer ep 24 val 3.4743 best 2.4083@ep18 pat 6 (364s)
  [Data_07] transformer ep 25 val 3.8582 best 2.4083@ep18 pat 7 (379s)
  [Data_07] transformer ep 26 val 3.0427 best 2.4083@ep18 pat 8 (395s)
  [Data_07] transformer ep 27 val 2.9234 best 2.4083@ep18 pat 9 (410s)
  [Data_07] transformer ep 28 val 3.6107 best 2.4083@ep18 pat 10 (425s)
  [Data_07] transformer ep 29 val 3.9472 best 2.4083@ep18 pat 11 (441s)
  [Data_07] transformer ep 30 val 3.3764 best 2.4083@ep18 pat 12 (456s)
  [Data_07] transformer ep 31 val 3.7473 best 2.4083@ep18 pat 13 (471s)
  [Data_07] transformer ep 32 val 4.0542 best 2.4083@ep18 pat 14 (486s)
  [Data_07] transformer ep 33 val 3.1963 best 2.4083@ep18 pat 15 (502s)
  [Data_07] transformer ep 34 val 3.6073 best 2.4083@ep18 pat 16 (517s)
  [Data_07] transformer ep 35 val 3.3247 best 2.4083@ep18 pat 17 (532s)
  [Data_07] transformer ep 36 val 3.7460 best 2.4083@ep18 pat 18 (548s)
  [Data_07] transformer ep 37 val 4.0147 best 2.4083@ep18 pat 19 (563s)
  [Data_07] transformer ep 38 val 3.0387 best 2.4083@ep18 pat 20 (578s)
  [Data_07] transformer ep 39 val 3.1137 best 2.4083@ep18 pat 21 (593s)
  [Data_07] transformer ep 40 val 3.1205 best 2.4083@ep18 pat 22 (609s)
  [Data_07] transformer ep 41 val 3.4393 best 2.4083@ep18 pat 23 (624s)
  [Data_07] transformer ep 42 val 2.8514 best 2.4083@ep18 pat 24 (639s)
  [Data_07] transformer ep 43 val 3.4660 best 2.4083@ep18 pat 25 (655s)
  [Data_07] transformer ep 44 val 3.8958 best 2.4083@ep18 pat 26 (670s)
  [Data_07] transformer ep 45 val 3.7592 best 2.4083@ep18 pat 27 (685s)
  [Data_07] transformer ep 46 val 3.6727 best 2.4083@ep18 pat 28 (700s)
  [Data_07] transformer ep 47 val 3.5013 best 2.4083@ep18 pat 29 (715s)
  [Data_07] transformer ep 48 val 4.1048 best 2.4083@ep18 pat 30 (730s)
  [Data_07] transformer ep 49 val 3.5526 best 2.4083@ep18 pat 31 (745s)
  [Data_07] transformer ep 50 val 4.1777 best 2.4083@ep18 pat 32 (761s)
  [Data_07] transformer ep 51 val 2.0770 best 2.0770@ep51 pat 0 (776s)
  [Data_07] transformer ep 52 val 3.7426 best 2.0770@ep51 pat 1 (791s)
  [Data_07] transformer ep 53 val 3.4223 best 2.0770@ep51 pat 2 (807s)
  [Data_07] transformer ep 54 val 4.1836 best 2.0770@ep51 pat 3 (822s)
  [Data_07] transformer ep 55 val 3.2904 best 2.0770@ep51 pat 4 (837s)
  [Data_07] transformer ep 56 val 2.8138 best 2.0770@ep51 pat 5 (853s)
  [Data_07] transformer ep 57 val 3.4803 best 2.0770@ep51 pat 6 (868s)
  [Data_07] transformer ep 58 val 4.1864 best 2.0770@ep51 pat 7 (883s)
  [Data_07] transformer ep 59 val 3.0369 best 2.0770@ep51 pat 8 (898s)
  [Data_07] transformer ep 60 val 3.0094 best 2.0770@ep51 pat 9 (914s)
  [Data_07] transformer ep 61 val 3.5030 best 2.0770@ep51 pat 10 (929s)
  [Data_07] transformer ep 62 val 3.6992 best 2.0770@ep51 pat 11 (944s)
  [Data_07] transformer ep 63 val 3.5243 best 2.0770@ep51 pat 12 (959s)
  [Data_07] transformer ep 64 val 3.4554 best 2.0770@ep51 pat 13 (973s)
  [Data_07] transformer ep 65 val 3.5955 best 2.0770@ep51 pat 14 (988s)
  [Data_07] transformer ep 66 val 3.5328 best 2.0770@ep51 pat 15 (1003s)
  [Data_07] transformer ep 67 val 3.8498 best 2.0770@ep51 pat 16 (1017s)
  [Data_07] transformer ep 68 val 3.3826 best 2.0770@ep51 pat 17 (1032s)
  [Data_07] transformer ep 69 val 3.8875 best 2.0770@ep51 pat 18 (1046s)
  [Data_07] transformer ep 70 val 3.9509 best 2.0770@ep51 pat 19 (1060s)
  [Data_07] transformer ep 71 val 3.0781 best 2.0770@ep51 pat 20 (1075s)
  [Data_07] transformer ep 72 val 3.4666 best 2.0770@ep51 pat 21 (1089s)
  [Data_07] transformer ep 73 val 3.9804 best 2.0770@ep51 pat 22 (1103s)
  [Data_07] transformer ep 74 val 3.6331 best 2.0770@ep51 pat 23 (1118s)
  [Data_07] transformer ep 75 val 3.4571 best 2.0770@ep51 pat 24 (1132s)
  [Data_07] transformer ep 76 val 4.0496 best 2.0770@ep51 pat 25 (1146s)
  [Data_07] transformer ep 77 val 3.2263 best 2.0770@ep51 pat 26 (1160s)
  [Data_07] transformer ep 78 val 4.3052 best 2.0770@ep51 pat 27 (1174s)
  [Data_07] transformer ep 79 val 3.9353 best 2.0770@ep51 pat 28 (1188s)
  [Data_07] transformer ep 80 val 3.6868 best 2.0770@ep51 pat 29 (1202s)
  [Data_07] transformer ep 81 val 4.1095 best 2.0770@ep51 pat 30 (1215s)
  [Data_07] transformer ep 82 val 3.4198 best 2.0770@ep51 pat 31 (1228s)
  [Data_07] transformer ep 83 val 3.9334 best 2.0770@ep51 pat 32 (1242s)
  [Data_07] transformer ep 84 val 3.4577 best 2.0770@ep51 pat 33 (1255s)
  [Data_07] transformer ep 85 val 4.4784 best 2.0770@ep51 pat 34 (1268s)
  [Data_07] transformer ep 86 val 3.8208 best 2.0770@ep51 pat 35 (1282s)
  [Data_07] transformer ep 87 val 3.8792 best 2.0770@ep51 pat 36 (1295s)
  [Data_07] transformer ep 88 val 4.4555 best 2.0770@ep51 pat 37 (1308s)
  [Data_07] transformer ep 89 val 3.4454 best 2.0770@ep51 pat 38 (1321s)
  [Data_07] transformer ep 90 val 3.0787 best 2.0770@ep51 pat 39 (1335s)
  [Data_07] transformer ep 91 val 3.7609 best 2.0770@ep51 pat 40 (1348s)
  [Data_07] transformer ep 92 val 3.2803 best 2.0770@ep51 pat 41 (1362s)
  [Data_07] transformer ep 93 val 3.7769 best 2.0770@ep51 pat 42 (1375s)
  [Data_07] transformer ep 94 val 4.5016 best 2.0770@ep51 pat 43 (1389s)
  [Data_07] transformer ep 95 val 3.5952 best 2.0770@ep51 pat 44 (1403s)
  [Data_07] transformer ep 96 val 3.8027 best 2.0770@ep51 pat 45 (1416s)
  [Data_07] transformer ep 97 val 4.0633 best 2.0770@ep51 pat 46 (1430s)
  [Data_07] transformer ep 98 val 3.9674 best 2.0770@ep51 pat 47 (1443s)
  [Data_07] transformer ep 99 val 3.4915 best 2.0770@ep51 pat 48 (1457s)
  [Data_07] transformer ep 100 val 4.6311 best 2.0770@ep51 pat 49 (1471s)
  [Data_07] transformer ep 101 val 3.5337 best 2.0770@ep51 pat 50 (1485s)
*** transformer Data_07 mae_seq=3.8205 mae_shuf=10.6149
