command: python -m hingesense.baselines --method transformer --fold Data_05 --out results/raw/baselines/transformer --epochs 300 --patience 50
UserWarning: Can't initialize NVML
os: Linux-6.8.0-138-generic-x86_64-with-glibc2.35
cpu: Intel(R) Xeon(R) Platinum 8480C x224, ram 1007.5 GB
gpu: NVIDIA H100 (driver 580.173.02)
python 3.11.15, torch 2.12.0+cu130, cuda 13.0
=== transformer Data_05 dev=cuda:0 ===
  [Data_05] transformer cond=noload sources=52
UserWarning: enable_nested_tensor is True, but self.use_nested_tensor is False because encoder_layer.norm_first was True
UserWarning: Memory Efficient attention defaults to a non-deterministic algorithm. To explicitly enable determinism call torch.use_deterministic_algorithms(True, warn_only=False). (Triggered internally at /pytorch/aten/src/ATen/native/transformers/cuda/attention_backward.cu:900.)
  [Data_05] transformer ep 0 val 8.9663 best 8.9663@ep0 pat 0 (16s)
  [Data_05] transformer ep 1 val 4.5353 best 4.5353@ep1 pat 0 (31s)
  [Data_05] transformer ep 2 val 3.6556 best 3.6556@ep2 pat 0 (46s)
  [Data_05] transformer ep 3 val 2.0716 best 2.0716@ep3 pat 0 (61s)
  [Data_05] transformer ep 4 val 2.4712 best 2.0716@ep3 pat 1 (76s)
  [Data_05] transformer ep 5 val 2.6163 best 2.0716@ep3 pat 2 (91s)
  [Data_05] transformer ep 6 val 1.5982 best 1.5982@ep6 pat 0 (106s)
  [Data_05] transformer ep 7 val 1.7224 best 1.5982@ep6 pat 1 (121s)
  [Data_05] transformer ep 8 val 2.1370 best 1.5982@ep6 pat 2 (136s)
  [Data_05] transformer ep 9 val 3.1419 best 1.5982@ep6 pat 3 (150s)
  [Data_05] transformer ep 10 val 2.8204 best 1.5982@ep6 pat 4 (165s)
  [Data_05] transformer ep 11 val 4.4698 best 1.5982@ep6 pat 5 (180s)
  [Data_05] transformer ep 12 val 3.1833 best 1.5982@ep6 pat 6 (195s)
  [Data_05] transformer ep 13 val 2.4592 best 1.5982@ep6 pat 7 (210s)
  [Data_05] transformer ep 14 val 1.9621 best 1.5982@ep6 pat 8 (225s)
  [Data_05] transformer ep 15 val 3.7482 best 1.5982@ep6 pat 9 (240s)
  [Data_05] transformer ep 16 val 3.1874 best 1.5982@ep6 pat 10 (255s)
  [Data_05] transformer ep 17 val 4.6978 best 1.5982@ep6 pat 11 (270s)
  [Data_05] transformer ep 18 val 5.2343 best 1.5982@ep6 pat 12 (285s)
  [Data_05] transformer ep 19 val 4.1067 best 1.5982@ep6 pat 13 (299s)
  [Data_05] transformer ep 20 val 3.2393 best 1.5982@ep6 pat 14 (314s)
  [Data_05] transformer ep 21 val 5.0364 best 1.5982@ep6 pat 15 (329s)
  [Data_05] transformer ep 22 val 4.7938 best 1.5982@ep6 pat 16 (344s)
  [Data_05] transformer ep 23 val 3.7396 best 1.5982@ep6 pat 17 (359s)
  [Data_05] transformer ep 24 val 3.3200 best 1.5982@ep6 pat 18 (374s)
  [Data_05] transformer ep 25 val 3.2798 best 1.5982@ep6 pat 19 (389s)
  [Data_05] transformer ep 26 val 2.3476 best 1.5982@ep6 pat 20 (404s)
  [Data_05] transformer ep 27 val 2.7803 best 1.5982@ep6 pat 21 (418s)
  [Data_05] transformer ep 28 val 4.1731 best 1.5982@ep6 pat 22 (433s)
  [Data_05] transformer ep 29 val 3.9616 best 1.5982@ep6 pat 23 (448s)
  [Data_05] transformer ep 30 val 3.4509 best 1.5982@ep6 pat 24 (463s)
  [Data_05] transformer ep 31 val 3.5511 best 1.5982@ep6 pat 25 (478s)
  [Data_05] transformer ep 32 val 3.1353 best 1.5982@ep6 pat 26 (493s)
  [Data_05] transformer ep 33 val 4.6612 best 1.5982@ep6 pat 27 (508s)
  [Data_05] transformer ep 34 val 5.8002 best 1.5982@ep6 pat 28 (523s)
  [Data_05] transformer ep 35 val 6.2281 best 1.5982@ep6 pat 29 (539s)
  [Data_05] transformer ep 36 val 4.5045 best 1.5982@ep6 pat 30 (554s)
  [Data_05] transformer ep 37 val 3.9568 best 1.5982@ep6 pat 31 (570s)
  [Data_05] transformer ep 38 val 4.6590 best 1.5982@ep6 pat 32 (586s)
  [Data_05] transformer ep 39 val 4.2861 best 1.5982@ep6 pat 33 (601s)
  [Data_05] transformer ep 40 val 5.2313 best 1.5982@ep6 pat 34 (617s)
  [Data_05] transformer ep 41 val 5.3481 best 1.5982@ep6 pat 35 (633s)
  [Data_05] transformer ep 42 val 4.8074 best 1.5982@ep6 pat 36 (649s)
  [Data_05] transformer ep 43 val 5.0779 best 1.5982@ep6 pat 37 (664s)
  [Data_05] transformer ep 44 val 5.1780 best 1.5982@ep6 pat 38 (680s)
  [Data_05] transformer ep 45 val 4.8552 best 1.5982@ep6 pat 39 (696s)
  [Data_05] transformer ep 46 val 5.4460 best 1.5982@ep6 pat 40 (711s)
  [Data_05] transformer ep 47 val 4.7472 best 1.5982@ep6 pat 41 (727s)
  [Data_05] transformer ep 48 val 6.1308 best 1.5982@ep6 pat 42 (743s)
  [Data_05] transformer ep 49 val 7.1474 best 1.5982@ep6 pat 43 (759s)
  [Data_05] transformer ep 50 val 7.5375 best 1.5982@ep6 pat 44 (774s)
  [Data_05] transformer ep 51 val 7.1628 best 1.5982@ep6 pat 45 (790s)
  [Data_05] transformer ep 52 val 4.7367 best 1.5982@ep6 pat 46 (806s)
  [Data_05] transformer ep 53 val 5.6599 best 1.5982@ep6 pat 47 (821s)
  [Data_05] transformer ep 54 val 5.5228 best 1.5982@ep6 pat 48 (837s)
  [Data_05] transformer ep 55 val 5.3556 best 1.5982@ep6 pat 49 (853s)
  [Data_05] transformer ep 56 val 6.2732 best 1.5982@ep6 pat 50 (869s)
*** transformer Data_05 mae_seq=1.6989 mae_shuf=3.2993
