command: python -m hingesense.baselines --method transformer --fold Data_10 --out results/raw/baselines/transformer --epochs 300 --patience 50
UserWarning: Can't initialize NVML
os: Linux-6.8.0-138-generic-x86_64-with-glibc2.35
cpu: Intel(R) Xeon(R) Platinum 8480C x224, ram 1007.5 GB
gpu: NVIDIA H100 (driver 580.173.02)
python 3.11.15, torch 2.12.0+cu130, cuda 13.0
=== transformer Data_10 dev=cuda:0 ===
  [Data_10] transformer cond=assembly sources=32
UserWarning: enable_nested_tensor is True, but self.use_nested_tensor is False because encoder_layer.norm_first was True
UserWarning: Memory Efficient attention defaults to a non-deterministic algorithm. To explicitly enable determinism call torch.use_deterministic_algorithms(True, warn_only=False). (Triggered internally at /pytorch/aten/src/ATen/native/transformers/cuda/attention_backward.cu:900.)
  [Data_10] transformer ep 0 val 7.2370 best 7.2370@ep0 pat 0 (16s)
  [Data_10] transformer ep 1 val 3.2621 best 3.2621@ep1 pat 0 (31s)
  [Data_10] transformer ep 2 val 1.4898 best 1.4898@ep2 pat 0 (46s)
  [Data_10] transformer ep 3 val 3.7486 best 1.4898@ep2 pat 1 (61s)
  [Data_10] transformer ep 4 val 1.5455 best 1.4898@ep2 pat 2 (76s)
  [Data_10] transformer ep 5 val 3.0691 best 1.4898@ep2 pat 3 (90s)
  [Data_10] transformer ep 6 val 1.6987 best 1.4898@ep2 pat 4 (105s)
  [Data_10] transformer ep 7 val 1.4745 best 1.4745@ep7 pat 0 (120s)
  [Data_10] transformer ep 8 val 3.3305 best 1.4745@ep7 pat 1 (135s)
  [Data_10] transformer ep 9 val 2.6379 best 1.4745@ep7 pat 2 (150s)
  [Data_10] transformer ep 10 val 1.9944 best 1.4745@ep7 pat 3 (165s)
  [Data_10] transformer ep 11 val 2.8055 best 1.4745@ep7 pat 4 (180s)
  [Data_10] transformer ep 12 val 1.8064 best 1.4745@ep7 pat 5 (195s)
  [Data_10] transformer ep 13 val 1.9390 best 1.4745@ep7 pat 6 (209s)
  [Data_10] transformer ep 14 val 1.6318 best 1.4745@ep7 pat 7 (224s)
  [Data_10] transformer ep 15 val 1.4770 best 1.4745@ep7 pat 8 (239s)
  [Data_10] transformer ep 16 val 0.8274 best 0.8274@ep16 pat 0 (254s)
  [Data_10] transformer ep 17 val 1.2230 best 0.8274@ep16 pat 1 (269s)
  [Data_10] transformer ep 18 val 2.8448 best 0.8274@ep16 pat 2 (284s)
  [Data_10] transformer ep 19 val 1.1303 best 0.8274@ep16 pat 3 (299s)
  [Data_10] transformer ep 20 val 1.2638 best 0.8274@ep16 pat 4 (313s)
  [Data_10] transformer ep 21 val 1.8803 best 0.8274@ep16 pat 5 (328s)
  [Data_10] transformer ep 22 val 1.4754 best 0.8274@ep16 pat 6 (343s)
  [Data_10] transformer ep 23 val 1.6840 best 0.8274@ep16 pat 7 (357s)
  [Data_10] transformer ep 24 val 2.0222 best 0.8274@ep16 pat 8 (371s)
  [Data_10] transformer ep 25 val 0.9087 best 0.8274@ep16 pat 9 (385s)
  [Data_10] transformer ep 26 val 1.4742 best 0.8274@ep16 pat 10 (399s)
  [Data_10] transformer ep 27 val 1.8967 best 0.8274@ep16 pat 11 (413s)
  [Data_10] transformer ep 28 val 1.3756 best 0.8274@ep16 pat 12 (427s)
  [Data_10] transformer ep 29 val 1.9811 best 0.8274@ep16 pat 13 (442s)
  [Data_10] transformer ep 30 val 1.6613 best 0.8274@ep16 pat 14 (456s)
  [Data_10] transformer ep 31 val 1.2756 best 0.8274@ep16 pat 15 (470s)
  [Data_10] transformer ep 32 val 1.8699 best 0.8274@ep16 pat 16 (484s)
  [Data_10] transformer ep 33 val 2.1378 best 0.8274@ep16 pat 17 (498s)
  [Data_10] transformer ep 34 val 1.2871 best 0.8274@ep16 pat 18 (513s)
  [Data_10] transformer ep 35 val 1.0452 best 0.8274@ep16 pat 19 (527s)
  [Data_10] transformer ep 36 val 1.2888 best 0.8274@ep16 pat 20 (541s)
  [Data_10] transformer ep 37 val 1.3442 best 0.8274@ep16 pat 21 (555s)
  [Data_10] transformer ep 38 val 1.4188 best 0.8274@ep16 pat 22 (569s)
  [Data_10] transformer ep 39 val 1.5014 best 0.8274@ep16 pat 23 (583s)
  [Data_10] transformer ep 40 val 1.5642 best 0.8274@ep16 pat 24 (598s)
  [Data_10] transformer ep 41 val 2.4606 best 0.8274@ep16 pat 25 (611s)
  [Data_10] transformer ep 42 val 1.8667 best 0.8274@ep16 pat 26 (624s)
  [Data_10] transformer ep 43 val 2.2509 best 0.8274@ep16 pat 27 (636s)
  [Data_10] transformer ep 44 val 2.1605 best 0.8274@ep16 pat 28 (648s)
  [Data_10] transformer ep 45 val 1.7583 best 0.8274@ep16 pat 29 (660s)
  [Data_10] transformer ep 46 val 1.5405 best 0.8274@ep16 pat 30 (673s)
  [Data_10] transformer ep 47 val 1.7126 best 0.8274@ep16 pat 31 (685s)
  [Data_10] transformer ep 48 val 1.3969 best 0.8274@ep16 pat 32 (697s)
  [Data_10] transformer ep 49 val 1.2736 best 0.8274@ep16 pat 33 (709s)
  [Data_10] transformer ep 50 val 1.6199 best 0.8274@ep16 pat 34 (721s)
  [Data_10] transformer ep 51 val 1.7389 best 0.8274@ep16 pat 35 (732s)
  [Data_10] transformer ep 52 val 1.3704 best 0.8274@ep16 pat 36 (742s)
  [Data_10] transformer ep 53 val 1.5673 best 0.8274@ep16 pat 37 (753s)
  [Data_10] transformer ep 54 val 1.5637 best 0.8274@ep16 pat 38 (763s)
  [Data_10] transformer ep 55 val 1.7968 best 0.8274@ep16 pat 39 (774s)
  [Data_10] transformer ep 56 val 2.3327 best 0.8274@ep16 pat 40 (785s)
  [Data_10] transformer ep 57 val 1.6418 best 0.8274@ep16 pat 41 (795s)
  [Data_10] transformer ep 58 val 1.9407 best 0.8274@ep16 pat 42 (806s)
  [Data_10] transformer ep 59 val 1.3705 best 0.8274@ep16 pat 43 (817s)
  [Data_10] transformer ep 60 val 1.5828 best 0.8274@ep16 pat 44 (827s)
  [Data_10] transformer ep 61 val 1.3126 best 0.8274@ep16 pat 45 (835s)
  [Data_10] transformer ep 62 val 1.0941 best 0.8274@ep16 pat 46 (842s)
  [Data_10] transformer ep 63 val 1.7739 best 0.8274@ep16 pat 47 (849s)
  [Data_10] transformer ep 64 val 1.5326 best 0.8274@ep16 pat 48 (856s)
  [Data_10] transformer ep 65 val 1.5324 best 0.8274@ep16 pat 49 (864s)
  [Data_10] transformer ep 66 val 1.4780 best 0.8274@ep16 pat 50 (871s)
*** transformer Data_10 mae_seq=0.8194 mae_shuf=9.2476
