command: python -m hingesense.trainer --out results/raw/ablation_no_noise_perturbation --target Data_02 --seed 2027 --epochs 300 --patience 50 --ablation no_noise_perturbation
UserWarning: Can't initialize NVML
os: Linux-6.8.0-138-generic-x86_64-with-glibc2.35
cpu: Intel(R) Xeon(R) Platinum 8480C x224, ram 1007.5 GB
gpu: NVIDIA H100 (driver 580.173.02)
python 3.11.15, torch 2.12.0+cu130, cuda 13.0
channel mask top40 = [6, 7, 8, 9, 10, 11, 12, 13, 14, 21, 22, 25, 26, 27, 28, 34, 38, 41, 46, 48, 53, 57, 59, 61, 62, 64, 67, 69, 71, 72, 74, 76, 77, 78, 80, 81, 83, 84, 85, 98]
=== Data_02 seed=2027 epochs=300 patience=50 ablation=no_noise_perturbation channels=120 dev=cuda:0 ===
pool=56 folds (flips=True)
  [Data_02] cond=noload sources=52
  [Data_02] NEWBEST ep0 val=1.8864 test=1.8598
  [Data_02] ep 0 val 1.8864 best 1.8864@ep0 pat 0 (6s)
  [Data_02] ep 1 val 1.9901 best 1.8864@ep0 pat 1 (12s)
  [Data_02] NEWBEST ep2 val=1.7370 test=1.7950
  [Data_02] ep 2 val 1.7370 best 1.7370@ep2 pat 0 (18s)
  [Data_02] NEWBEST ep3 val=1.4225 test=1.2316
  [Data_02] ep 3 val 1.4225 best 1.4225@ep3 pat 0 (24s)
  [Data_02] ep 4 val 1.6791 best 1.4225@ep3 pat 1 (30s)
  [Data_02] ep 5 val 2.0615 best 1.4225@ep3 pat 2 (36s)
  [Data_02] ep 6 val 1.7694 best 1.4225@ep3 pat 3 (42s)
  [Data_02] ep 7 val 1.8784 best 1.4225@ep3 pat 4 (48s)
  [Data_02] ep 8 val 1.5613 best 1.4225@ep3 pat 5 (54s)
  [Data_02] ep 9 val 1.6961 best 1.4225@ep3 pat 6 (60s)
  [Data_02] ep 10 val 1.6126 best 1.4225@ep3 pat 7 (66s)
  [Data_02] ep 11 val 1.7001 best 1.4225@ep3 pat 8 (72s)
  [Data_02] ep 12 val 1.7001 best 1.4225@ep3 pat 9 (78s)
  [Data_02] ep 13 val 1.8423 best 1.4225@ep3 pat 10 (85s)
  [Data_02] ep 14 val 1.5981 best 1.4225@ep3 pat 11 (91s)
  [Data_02] ep 15 val 1.7091 best 1.4225@ep3 pat 12 (97s)
  [Data_02] ep 16 val 1.6325 best 1.4225@ep3 pat 13 (103s)
  [Data_02] ep 17 val 1.6505 best 1.4225@ep3 pat 14 (109s)
  [Data_02] ep 18 val 1.5939 best 1.4225@ep3 pat 15 (115s)
  [Data_02] ep 19 val 1.6338 best 1.4225@ep3 pat 16 (121s)
  [Data_02] ep 20 val 1.5634 best 1.4225@ep3 pat 17 (128s)
  [Data_02] ep 21 val 1.6097 best 1.4225@ep3 pat 18 (134s)
  [Data_02] ep 22 val 1.4785 best 1.4225@ep3 pat 19 (140s)
  [Data_02] ep 23 val 1.7131 best 1.4225@ep3 pat 20 (146s)
  [Data_02] ep 24 val 1.5058 best 1.4225@ep3 pat 21 (152s)
  [Data_02] ep 25 val 1.5354 best 1.4225@ep3 pat 22 (159s)
  [Data_02] ep 26 val 1.5533 best 1.4225@ep3 pat 23 (165s)
  [Data_02] ep 27 val 1.5695 best 1.4225@ep3 pat 24 (171s)
  [Data_02] ep 28 val 1.4851 best 1.4225@ep3 pat 25 (177s)
  [Data_02] ep 29 val 1.7665 best 1.4225@ep3 pat 26 (184s)
  [Data_02] ep 30 val 1.6830 best 1.4225@ep3 pat 27 (188s)
  [Data_02] ep 31 val 1.6068 best 1.4225@ep3 pat 28 (195s)
  [Data_02] ep 32 val 1.6010 best 1.4225@ep3 pat 29 (201s)
  [Data_02] ep 33 val 1.6726 best 1.4225@ep3 pat 30 (207s)
  [Data_02] ep 34 val 1.7468 best 1.4225@ep3 pat 31 (213s)
  [Data_02] ep 35 val 1.6600 best 1.4225@ep3 pat 32 (219s)
  [Data_02] ep 36 val 1.4271 best 1.4225@ep3 pat 33 (226s)
  [Data_02] ep 37 val 1.6221 best 1.4225@ep3 pat 34 (232s)
  [Data_02] ep 38 val 1.5794 best 1.4225@ep3 pat 35 (238s)
  [Data_02] ep 39 val 1.5290 best 1.4225@ep3 pat 36 (244s)
  [Data_02] ep 40 val 1.5441 best 1.4225@ep3 pat 37 (250s)
  [Data_02] ep 41 val 1.7669 best 1.4225@ep3 pat 38 (257s)
  [Data_02] ep 42 val 1.5320 best 1.4225@ep3 pat 39 (263s)
  [Data_02] ep 43 val 1.4802 best 1.4225@ep3 pat 40 (269s)
  [Data_02] ep 44 val 1.6637 best 1.4225@ep3 pat 41 (275s)
  [Data_02] ep 45 val 1.6242 best 1.4225@ep3 pat 42 (281s)
  [Data_02] ep 46 val 1.6692 best 1.4225@ep3 pat 43 (288s)
  [Data_02] ep 47 val 1.5871 best 1.4225@ep3 pat 44 (294s)
  [Data_02] ep 48 val 1.5658 best 1.4225@ep3 pat 45 (300s)
  [Data_02] ep 49 val 1.5275 best 1.4225@ep3 pat 46 (306s)
  [Data_02] ep 50 val 1.4622 best 1.4225@ep3 pat 47 (313s)
  [Data_02] ep 51 val 1.5723 best 1.4225@ep3 pat 48 (319s)
  [Data_02] ep 52 val 1.6264 best 1.4225@ep3 pat 49 (325s)
  [Data_02] ep 53 val 1.9603 best 1.4225@ep3 pat 50 (331s)
  [Data_02] EARLYSTOP ep53 best 1.4225@ep3
*** Data_02 test MAE 1.232 (331s)
==== Data_02 DONE
