command: python -m hingesense.trainer --out results/raw/ablation_no_noise_perturbation --target Data_04 --seed 2027 --epochs 300 --patience 50 --ablation no_noise_perturbation
UserWarning: Can't initialize NVML
os: Linux-6.8.0-138-generic-x86_64-with-glibc2.35
cpu: Intel(R) Xeon(R) Platinum 8480C x224, ram 1007.5 GB
gpu: NVIDIA H100 (driver 580.173.02)
python 3.11.15, torch 2.12.0+cu130, cuda 13.0
channel mask top40 = [6, 7, 8, 9, 10, 11, 12, 13, 14, 21, 22, 25, 26, 27, 28, 34, 38, 41, 46, 48, 53, 57, 59, 61, 62, 64, 67, 69, 71, 72, 74, 76, 77, 78, 80, 81, 83, 84, 85, 98]
=== Data_04 seed=2027 epochs=300 patience=50 ablation=no_noise_perturbation channels=120 dev=cuda:0 ===
pool=56 folds (flips=True)
  [Data_04] cond=noload sources=52
  [Data_04] NEWBEST ep0 val=0.2349 test=0.2486
  [Data_04] ep 0 val 0.2349 best 0.2349@ep0 pat 0 (6s)
  [Data_04] ep 1 val 0.2890 best 0.2349@ep0 pat 1 (12s)
  [Data_04] ep 2 val 0.2842 best 0.2349@ep0 pat 2 (17s)
  [Data_04] NEWBEST ep3 val=0.1766 test=0.1479
  [Data_04] ep 3 val 0.1766 best 0.1766@ep3 pat 0 (23s)
  [Data_04] ep 4 val 0.1979 best 0.1766@ep3 pat 1 (29s)
  [Data_04] ep 5 val 0.2799 best 0.1766@ep3 pat 2 (35s)
  [Data_04] ep 6 val 0.2281 best 0.1766@ep3 pat 3 (41s)
  [Data_04] ep 7 val 0.2051 best 0.1766@ep3 pat 4 (47s)
  [Data_04] ep 8 val 0.1791 best 0.1766@ep3 pat 5 (53s)
  [Data_04] ep 9 val 0.1968 best 0.1766@ep3 pat 6 (59s)
  [Data_04] NEWBEST ep10 val=0.1569 test=0.1512
  [Data_04] ep 10 val 0.1569 best 0.1569@ep10 pat 0 (65s)
  [Data_04] ep 11 val 0.1792 best 0.1569@ep10 pat 1 (71s)
  [Data_04] ep 12 val 0.1931 best 0.1569@ep10 pat 2 (77s)
  [Data_04] ep 13 val 0.2026 best 0.1569@ep10 pat 3 (83s)
  [Data_04] ep 14 val 0.2044 best 0.1569@ep10 pat 4 (89s)
  [Data_04] ep 15 val 0.1810 best 0.1569@ep10 pat 5 (95s)
  [Data_04] ep 16 val 0.1968 best 0.1569@ep10 pat 6 (102s)
  [Data_04] ep 17 val 0.2083 best 0.1569@ep10 pat 7 (107s)
  [Data_04] NEWBEST ep18 val=0.1530 test=0.1655
  [Data_04] ep 18 val 0.1530 best 0.1530@ep18 pat 0 (114s)
  [Data_04] ep 19 val 0.1877 best 0.1530@ep18 pat 1 (120s)
  [Data_04] ep 20 val 0.1696 best 0.1530@ep18 pat 2 (126s)
  [Data_04] ep 21 val 0.1936 best 0.1530@ep18 pat 3 (132s)
  [Data_04] ep 22 val 0.1814 best 0.1530@ep18 pat 4 (138s)
  [Data_04] ep 23 val 0.1801 best 0.1530@ep18 pat 5 (144s)
  [Data_04] ep 24 val 0.2017 best 0.1530@ep18 pat 6 (150s)
  [Data_04] ep 25 val 0.2124 best 0.1530@ep18 pat 7 (156s)
  [Data_04] ep 26 val 0.1842 best 0.1530@ep18 pat 8 (163s)
  [Data_04] ep 27 val 0.1779 best 0.1530@ep18 pat 9 (169s)
  [Data_04] ep 28 val 0.1927 best 0.1530@ep18 pat 10 (175s)
  [Data_04] ep 29 val 0.1546 best 0.1530@ep18 pat 11 (181s)
  [Data_04] ep 30 val 0.1720 best 0.1530@ep18 pat 12 (187s)
  [Data_04] ep 31 val 0.1846 best 0.1530@ep18 pat 13 (193s)
  [Data_04] ep 32 val 0.1855 best 0.1530@ep18 pat 14 (199s)
  [Data_04] ep 33 val 0.1780 best 0.1530@ep18 pat 15 (206s)
  [Data_04] ep 34 val 0.1763 best 0.1530@ep18 pat 16 (212s)
  [Data_04] ep 35 val 0.2207 best 0.1530@ep18 pat 17 (218s)
  [Data_04] ep 36 val 0.1943 best 0.1530@ep18 pat 18 (224s)
  [Data_04] ep 37 val 0.2015 best 0.1530@ep18 pat 19 (230s)
  [Data_04] ep 38 val 0.1958 best 0.1530@ep18 pat 20 (236s)
  [Data_04] ep 39 val 0.1849 best 0.1530@ep18 pat 21 (243s)
  [Data_04] ep 40 val 0.1971 best 0.1530@ep18 pat 22 (249s)
  [Data_04] ep 41 val 0.1897 best 0.1530@ep18 pat 23 (255s)
  [Data_04] ep 42 val 0.1859 best 0.1530@ep18 pat 24 (261s)
  [Data_04] ep 43 val 0.1927 best 0.1530@ep18 pat 25 (267s)
  [Data_04] ep 44 val 0.1928 best 0.1530@ep18 pat 26 (273s)
  [Data_04] ep 45 val 0.1919 best 0.1530@ep18 pat 27 (279s)
  [Data_04] ep 46 val 0.2000 best 0.1530@ep18 pat 28 (286s)
  [Data_04] ep 47 val 0.2117 best 0.1530@ep18 pat 29 (292s)
  [Data_04] ep 48 val 0.1906 best 0.1530@ep18 pat 30 (298s)
  [Data_04] ep 49 val 0.2060 best 0.1530@ep18 pat 31 (304s)
  [Data_04] ep 50 val 0.2052 best 0.1530@ep18 pat 32 (310s)
  [Data_04] ep 51 val 0.1874 best 0.1530@ep18 pat 33 (316s)
  [Data_04] ep 52 val 0.1853 best 0.1530@ep18 pat 34 (323s)
  [Data_04] ep 53 val 0.2022 best 0.1530@ep18 pat 35 (329s)
  [Data_04] ep 54 val 0.1971 best 0.1530@ep18 pat 36 (335s)
  [Data_04] ep 55 val 0.1879 best 0.1530@ep18 pat 37 (341s)
  [Data_04] ep 56 val 0.1880 best 0.1530@ep18 pat 38 (347s)
  [Data_04] ep 57 val 0.1951 best 0.1530@ep18 pat 39 (353s)
  [Data_04] ep 58 val 0.1976 best 0.1530@ep18 pat 40 (359s)
  [Data_04] ep 59 val 0.2098 best 0.1530@ep18 pat 41 (365s)
  [Data_04] ep 60 val 0.1876 best 0.1530@ep18 pat 42 (371s)
  [Data_04] ep 61 val 0.1779 best 0.1530@ep18 pat 43 (377s)
  [Data_04] ep 62 val 0.1899 best 0.1530@ep18 pat 44 (383s)
  [Data_04] ep 63 val 0.1825 best 0.1530@ep18 pat 45 (389s)
  [Data_04] ep 64 val 0.1997 best 0.1530@ep18 pat 46 (395s)
  [Data_04] ep 65 val 0.2014 best 0.1530@ep18 pat 47 (401s)
  [Data_04] ep 66 val 0.2006 best 0.1530@ep18 pat 48 (407s)
  [Data_04] ep 67 val 0.1975 best 0.1530@ep18 pat 49 (413s)
  [Data_04] ep 68 val 0.1729 best 0.1530@ep18 pat 50 (419s)
  [Data_04] EARLYSTOP ep68 best 0.1530@ep18
*** Data_04 test MAE 0.166 (419s)
==== Data_04 DONE
