command: python -m hingesense.trainer --out results/raw/ablation_no_noise_perturbation --target Data_07 --seed 2027 --epochs 300 --patience 50 --ablation no_noise_perturbation
UserWarning: Can't initialize NVML
os: Linux-6.8.0-138-generic-x86_64-with-glibc2.35
cpu: Intel(R) Xeon(R) Platinum 8480C x224, ram 1007.5 GB
gpu: NVIDIA H100 (driver 580.173.02)
python 3.11.15, torch 2.12.0+cu130, cuda 13.0
channel mask top40 = [6, 7, 8, 9, 10, 11, 12, 13, 14, 21, 22, 25, 26, 27, 28, 34, 38, 41, 46, 48, 53, 57, 59, 61, 62, 64, 67, 69, 71, 72, 74, 76, 77, 78, 80, 81, 83, 84, 85, 98]
=== Data_07 seed=2027 epochs=300 patience=50 ablation=no_noise_perturbation channels=120 dev=cuda:0 ===
pool=36 folds (flips=True)
  [Data_07] cond=assembly sources=32
  [Data_07] NEWBEST ep0 val=1.3730 test=1.5095
  [Data_07] ep 0 val 1.3730 best 1.3730@ep0 pat 0 (6s)
  [Data_07] ep 1 val 1.4297 best 1.3730@ep0 pat 1 (12s)
  [Data_07] NEWBEST ep2 val=1.1020 test=1.2312
  [Data_07] ep 2 val 1.1020 best 1.1020@ep2 pat 0 (19s)
  [Data_07] ep 3 val 1.3548 best 1.1020@ep2 pat 1 (26s)
  [Data_07] ep 4 val 1.8216 best 1.1020@ep2 pat 2 (32s)
  [Data_07] ep 5 val 1.6253 best 1.1020@ep2 pat 3 (39s)
  [Data_07] ep 6 val 1.6311 best 1.1020@ep2 pat 4 (46s)
  [Data_07] ep 7 val 1.5831 best 1.1020@ep2 pat 5 (53s)
  [Data_07] ep 8 val 1.5085 best 1.1020@ep2 pat 6 (60s)
  [Data_07] ep 9 val 1.5201 best 1.1020@ep2 pat 7 (66s)
  [Data_07] ep 10 val 1.3050 best 1.1020@ep2 pat 8 (73s)
  [Data_07] NEWBEST ep11 val=1.0289 test=1.2863
  [Data_07] ep 11 val 1.0289 best 1.0289@ep11 pat 0 (80s)
  [Data_07] ep 12 val 1.3272 best 1.0289@ep11 pat 1 (87s)
  [Data_07] ep 13 val 1.0789 best 1.0289@ep11 pat 2 (94s)
  [Data_07] ep 14 val 1.2353 best 1.0289@ep11 pat 3 (100s)
  [Data_07] ep 15 val 1.1766 best 1.0289@ep11 pat 4 (107s)
  [Data_07] ep 16 val 1.1533 best 1.0289@ep11 pat 5 (114s)
  [Data_07] ep 17 val 1.1621 best 1.0289@ep11 pat 6 (121s)
  [Data_07] NEWBEST ep18 val=1.0278 test=0.8400
  [Data_07] ep 18 val 1.0278 best 1.0278@ep18 pat 0 (128s)
  [Data_07] ep 19 val 1.0324 best 1.0278@ep18 pat 1 (135s)
  [Data_07] NEWBEST ep20 val=0.9948 test=0.7729
  [Data_07] ep 20 val 0.9948 best 0.9948@ep20 pat 0 (141s)
  [Data_07] NEWBEST ep21 val=0.9891 test=0.8824
  [Data_07] ep 21 val 0.9891 best 0.9891@ep21 pat 0 (148s)
  [Data_07] NEWBEST ep22 val=0.8882 test=0.7399
  [Data_07] ep 22 val 0.8882 best 0.8882@ep22 pat 0 (155s)
  [Data_07] NEWBEST ep23 val=0.7156 test=0.7144
  [Data_07] ep 23 val 0.7156 best 0.7156@ep23 pat 0 (162s)
  [Data_07] ep 24 val 1.1311 best 0.7156@ep23 pat 1 (169s)
  [Data_07] ep 25 val 0.8930 best 0.7156@ep23 pat 2 (176s)
  [Data_07] ep 26 val 1.0413 best 0.7156@ep23 pat 3 (182s)
  [Data_07] ep 27 val 1.1909 best 0.7156@ep23 pat 4 (189s)
  [Data_07] ep 28 val 0.8266 best 0.7156@ep23 pat 5 (196s)
  [Data_07] ep 29 val 1.1908 best 0.7156@ep23 pat 6 (202s)
  [Data_07] ep 30 val 1.0324 best 0.7156@ep23 pat 7 (209s)
  [Data_07] ep 31 val 1.1974 best 0.7156@ep23 pat 8 (216s)
  [Data_07] ep 32 val 0.9493 best 0.7156@ep23 pat 9 (222s)
  [Data_07] ep 33 val 1.1380 best 0.7156@ep23 pat 10 (229s)
  [Data_07] ep 34 val 1.2370 best 0.7156@ep23 pat 11 (236s)
  [Data_07] ep 35 val 0.8784 best 0.7156@ep23 pat 12 (242s)
  [Data_07] ep 36 val 1.1980 best 0.7156@ep23 pat 13 (249s)
  [Data_07] ep 37 val 1.3265 best 0.7156@ep23 pat 14 (256s)
  [Data_07] ep 38 val 1.2312 best 0.7156@ep23 pat 15 (262s)
  [Data_07] ep 39 val 1.0999 best 0.7156@ep23 pat 16 (269s)
  [Data_07] ep 40 val 0.9807 best 0.7156@ep23 pat 17 (276s)
  [Data_07] ep 41 val 1.0280 best 0.7156@ep23 pat 18 (282s)
  [Data_07] ep 42 val 0.8029 best 0.7156@ep23 pat 19 (289s)
  [Data_07] ep 43 val 0.8286 best 0.7156@ep23 pat 20 (296s)
  [Data_07] ep 44 val 1.0521 best 0.7156@ep23 pat 21 (302s)
  [Data_07] ep 45 val 0.9452 best 0.7156@ep23 pat 22 (309s)
  [Data_07] ep 46 val 1.0322 best 0.7156@ep23 pat 23 (315s)
  [Data_07] ep 47 val 0.8698 best 0.7156@ep23 pat 24 (321s)
  [Data_07] ep 48 val 0.9817 best 0.7156@ep23 pat 25 (328s)
  [Data_07] ep 49 val 0.9793 best 0.7156@ep23 pat 26 (334s)
  [Data_07] ep 50 val 0.7453 best 0.7156@ep23 pat 27 (340s)
  [Data_07] ep 51 val 1.0528 best 0.7156@ep23 pat 28 (347s)
  [Data_07] ep 52 val 1.0082 best 0.7156@ep23 pat 29 (353s)
  [Data_07] ep 53 val 1.1677 best 0.7156@ep23 pat 30 (360s)
  [Data_07] ep 54 val 1.1838 best 0.7156@ep23 pat 31 (366s)
  [Data_07] ep 55 val 0.9056 best 0.7156@ep23 pat 32 (372s)
  [Data_07] ep 56 val 1.1688 best 0.7156@ep23 pat 33 (379s)
  [Data_07] ep 57 val 0.8491 best 0.7156@ep23 pat 34 (385s)
  [Data_07] ep 58 val 0.8290 best 0.7156@ep23 pat 35 (391s)
  [Data_07] ep 59 val 1.0050 best 0.7156@ep23 pat 36 (398s)
  [Data_07] ep 60 val 0.9398 best 0.7156@ep23 pat 37 (404s)
  [Data_07] ep 61 val 0.9423 best 0.7156@ep23 pat 38 (410s)
  [Data_07] ep 62 val 0.9691 best 0.7156@ep23 pat 39 (416s)
  [Data_07] ep 63 val 1.0744 best 0.7156@ep23 pat 40 (422s)
  [Data_07] ep 64 val 1.0160 best 0.7156@ep23 pat 41 (428s)
  [Data_07] ep 65 val 0.9650 best 0.7156@ep23 pat 42 (435s)
  [Data_07] ep 66 val 0.9148 best 0.7156@ep23 pat 43 (441s)
  [Data_07] ep 67 val 1.0214 best 0.7156@ep23 pat 44 (447s)
  [Data_07] ep 68 val 0.9256 best 0.7156@ep23 pat 45 (453s)
  [Data_07] ep 69 val 0.9423 best 0.7156@ep23 pat 46 (459s)
  [Data_07] ep 70 val 0.9129 best 0.7156@ep23 pat 47 (465s)
  [Data_07] ep 71 val 1.1384 best 0.7156@ep23 pat 48 (471s)
  [Data_07] ep 72 val 1.0852 best 0.7156@ep23 pat 49 (477s)
  [Data_07] ep 73 val 1.0195 best 0.7156@ep23 pat 50 (484s)
  [Data_07] EARLYSTOP ep73 best 0.7156@ep23
*** Data_07 test MAE 0.714 (484s)
==== Data_07 DONE
