command: python -m hingesense.trainer --out results/raw/ablation_no_noise_perturbation --target Data_11 --seed 2027 --epochs 300 --patience 50 --ablation no_noise_perturbation
UserWarning: Can't initialize NVML
os: Linux-6.8.0-138-generic-x86_64-with-glibc2.35
cpu: Intel(R) Xeon(R) Platinum 8480C x224, ram 1007.5 GB
gpu: NVIDIA H100 (driver 580.173.02)
python 3.11.15, torch 2.12.0+cu130, cuda 13.0
channel mask top40 = [6, 7, 8, 9, 10, 11, 12, 13, 14, 21, 22, 25, 26, 27, 28, 34, 38, 41, 46, 48, 53, 57, 59, 61, 62, 64, 67, 69, 71, 72, 74, 76, 77, 78, 80, 81, 83, 84, 85, 98]
=== Data_11 seed=2027 epochs=300 patience=50 ablation=no_noise_perturbation channels=120 dev=cuda:0 ===
pool=36 folds (flips=True)
  [Data_11] cond=assembly sources=32
  [Data_11] NEWBEST ep0 val=0.8754 test=0.9342
  [Data_11] ep 0 val 0.8754 best 0.8754@ep0 pat 0 (6s)
  [Data_11] ep 1 val 0.9774 best 0.8754@ep0 pat 1 (13s)
  [Data_11] NEWBEST ep2 val=0.7646 test=0.5363
  [Data_11] ep 2 val 0.7646 best 0.7646@ep2 pat 0 (19s)
  [Data_11] ep 3 val 1.0427 best 0.7646@ep2 pat 1 (26s)
  [Data_11] ep 4 val 1.0910 best 0.7646@ep2 pat 2 (33s)
  [Data_11] NEWBEST ep5 val=0.5402 test=0.4392
  [Data_11] ep 5 val 0.5402 best 0.5402@ep5 pat 0 (40s)
  [Data_11] NEWBEST ep6 val=0.4991 test=0.4168
  [Data_11] ep 6 val 0.4991 best 0.4991@ep6 pat 0 (47s)
  [Data_11] ep 7 val 0.6623 best 0.4991@ep6 pat 1 (54s)
  [Data_11] NEWBEST ep8 val=0.3928 test=0.4400
  [Data_11] ep 8 val 0.3928 best 0.3928@ep8 pat 0 (61s)
  [Data_11] ep 9 val 0.8452 best 0.3928@ep8 pat 1 (68s)
  [Data_11] ep 10 val 0.7904 best 0.3928@ep8 pat 2 (74s)
  [Data_11] ep 11 val 0.9468 best 0.3928@ep8 pat 3 (81s)
  [Data_11] ep 12 val 1.0201 best 0.3928@ep8 pat 4 (88s)
  [Data_11] ep 13 val 0.7419 best 0.3928@ep8 pat 5 (95s)
  [Data_11] ep 14 val 0.7178 best 0.3928@ep8 pat 6 (102s)
  [Data_11] ep 15 val 0.9312 best 0.3928@ep8 pat 7 (109s)
  [Data_11] ep 16 val 0.8658 best 0.3928@ep8 pat 8 (116s)
  [Data_11] ep 17 val 0.7296 best 0.3928@ep8 pat 9 (123s)
  [Data_11] ep 18 val 0.7834 best 0.3928@ep8 pat 10 (130s)
  [Data_11] ep 19 val 0.7929 best 0.3928@ep8 pat 11 (136s)
  [Data_11] ep 20 val 0.8125 best 0.3928@ep8 pat 12 (143s)
  [Data_11] ep 21 val 0.8950 best 0.3928@ep8 pat 13 (150s)
  [Data_11] ep 22 val 1.0969 best 0.3928@ep8 pat 14 (157s)
  [Data_11] ep 23 val 0.8522 best 0.3928@ep8 pat 15 (164s)
  [Data_11] ep 24 val 0.8555 best 0.3928@ep8 pat 16 (171s)
  [Data_11] ep 25 val 0.9999 best 0.3928@ep8 pat 17 (178s)
  [Data_11] ep 26 val 1.0610 best 0.3928@ep8 pat 18 (186s)
  [Data_11] ep 27 val 1.0438 best 0.3928@ep8 pat 19 (193s)
  [Data_11] ep 28 val 0.9490 best 0.3928@ep8 pat 20 (200s)
  [Data_11] ep 29 val 0.8451 best 0.3928@ep8 pat 21 (207s)
  [Data_11] ep 30 val 1.0393 best 0.3928@ep8 pat 22 (214s)
  [Data_11] ep 31 val 0.9092 best 0.3928@ep8 pat 23 (221s)
  [Data_11] ep 32 val 0.9673 best 0.3928@ep8 pat 24 (228s)
  [Data_11] ep 33 val 1.3584 best 0.3928@ep8 pat 25 (234s)
  [Data_11] ep 34 val 1.2015 best 0.3928@ep8 pat 26 (241s)
  [Data_11] ep 35 val 1.1376 best 0.3928@ep8 pat 27 (248s)
  [Data_11] ep 36 val 1.0231 best 0.3928@ep8 pat 28 (254s)
  [Data_11] ep 37 val 0.8140 best 0.3928@ep8 pat 29 (261s)
  [Data_11] ep 38 val 1.2451 best 0.3928@ep8 pat 30 (268s)
  [Data_11] ep 39 val 1.0927 best 0.3928@ep8 pat 31 (274s)
  [Data_11] ep 40 val 1.3461 best 0.3928@ep8 pat 32 (281s)
  [Data_11] ep 41 val 1.3589 best 0.3928@ep8 pat 33 (288s)
  [Data_11] ep 42 val 1.2761 best 0.3928@ep8 pat 34 (294s)
  [Data_11] ep 43 val 1.1615 best 0.3928@ep8 pat 35 (301s)
  [Data_11] ep 44 val 0.9096 best 0.3928@ep8 pat 36 (307s)
  [Data_11] ep 45 val 1.3249 best 0.3928@ep8 pat 37 (313s)
  [Data_11] ep 46 val 1.0677 best 0.3928@ep8 pat 38 (320s)
  [Data_11] ep 47 val 1.3110 best 0.3928@ep8 pat 39 (326s)
  [Data_11] ep 48 val 1.0702 best 0.3928@ep8 pat 40 (333s)
  [Data_11] ep 49 val 0.7779 best 0.3928@ep8 pat 41 (339s)
  [Data_11] ep 50 val 1.2272 best 0.3928@ep8 pat 42 (345s)
  [Data_11] ep 51 val 1.2893 best 0.3928@ep8 pat 43 (352s)
  [Data_11] ep 52 val 1.2489 best 0.3928@ep8 pat 44 (358s)
  [Data_11] ep 53 val 1.2850 best 0.3928@ep8 pat 45 (364s)
  [Data_11] ep 54 val 1.2664 best 0.3928@ep8 pat 46 (371s)
  [Data_11] ep 55 val 1.4381 best 0.3928@ep8 pat 47 (377s)
  [Data_11] ep 56 val 1.2528 best 0.3928@ep8 pat 48 (384s)
  [Data_11] ep 57 val 1.4458 best 0.3928@ep8 pat 49 (390s)
  [Data_11] ep 58 val 1.2311 best 0.3928@ep8 pat 50 (396s)
  [Data_11] EARLYSTOP ep58 best 0.3928@ep8
*** Data_11 test MAE 0.440 (396s)
==== Data_11 DONE
