command: python -m hingesense.trainer --out results/raw/ablation_no_noise_perturbation --target Data_06 --seed 2027 --epochs 300 --patience 50 --ablation no_noise_perturbation
UserWarning: Can't initialize NVML
os: Linux-6.8.0-138-generic-x86_64-with-glibc2.35
cpu: Intel(R) Xeon(R) Platinum 8480C x224, ram 1007.5 GB
gpu: NVIDIA H100 (driver 580.173.02)
python 3.11.15, torch 2.12.0+cu130, cuda 13.0
channel mask top40 = [6, 7, 8, 9, 10, 11, 12, 13, 14, 21, 22, 25, 26, 27, 28, 34, 38, 41, 46, 48, 53, 57, 59, 61, 62, 64, 67, 69, 71, 72, 74, 76, 77, 78, 80, 81, 83, 84, 85, 98]
=== Data_06 seed=2027 epochs=300 patience=50 ablation=no_noise_perturbation channels=120 dev=cuda:0 ===
pool=56 folds (flips=True)
  [Data_06] cond=noload sources=52
  [Data_06] NEWBEST ep0 val=0.5270 test=0.4046
  [Data_06] ep 0 val 0.5270 best 0.5270@ep0 pat 0 (7s)
  [Data_06] NEWBEST ep1 val=0.3911 test=0.3983
  [Data_06] ep 1 val 0.3911 best 0.3911@ep1 pat 0 (12s)
  [Data_06] ep 2 val 0.3987 best 0.3911@ep1 pat 1 (18s)
  [Data_06] ep 3 val 0.4328 best 0.3911@ep1 pat 2 (24s)
  [Data_06] ep 4 val 0.7541 best 0.3911@ep1 pat 3 (30s)
  [Data_06] ep 5 val 0.6284 best 0.3911@ep1 pat 4 (36s)
  [Data_06] ep 6 val 0.5266 best 0.3911@ep1 pat 5 (42s)
  [Data_06] ep 7 val 0.5233 best 0.3911@ep1 pat 6 (48s)
  [Data_06] NEWBEST ep8 val=0.3885 test=0.2248
  [Data_06] ep 8 val 0.3885 best 0.3885@ep8 pat 0 (54s)
  [Data_06] ep 9 val 0.6943 best 0.3885@ep8 pat 1 (60s)
  [Data_06] ep 10 val 0.4353 best 0.3885@ep8 pat 2 (66s)
  [Data_06] ep 11 val 0.4823 best 0.3885@ep8 pat 3 (72s)
  [Data_06] ep 12 val 0.6760 best 0.3885@ep8 pat 4 (78s)
  [Data_06] ep 13 val 0.6102 best 0.3885@ep8 pat 5 (84s)
  [Data_06] ep 14 val 0.6215 best 0.3885@ep8 pat 6 (91s)
  [Data_06] ep 15 val 0.6558 best 0.3885@ep8 pat 7 (97s)
  [Data_06] ep 16 val 0.5318 best 0.3885@ep8 pat 8 (103s)
  [Data_06] ep 17 val 0.7112 best 0.3885@ep8 pat 9 (109s)
  [Data_06] ep 18 val 0.5934 best 0.3885@ep8 pat 10 (115s)
  [Data_06] ep 19 val 0.7818 best 0.3885@ep8 pat 11 (121s)
  [Data_06] ep 20 val 0.6098 best 0.3885@ep8 pat 12 (127s)
  [Data_06] ep 21 val 0.6952 best 0.3885@ep8 pat 13 (134s)
  [Data_06] ep 22 val 0.7193 best 0.3885@ep8 pat 14 (140s)
  [Data_06] ep 23 val 0.6475 best 0.3885@ep8 pat 15 (146s)
  [Data_06] ep 24 val 0.5770 best 0.3885@ep8 pat 16 (152s)
  [Data_06] ep 25 val 0.7298 best 0.3885@ep8 pat 17 (158s)
  [Data_06] ep 26 val 0.5826 best 0.3885@ep8 pat 18 (164s)
  [Data_06] ep 27 val 0.5574 best 0.3885@ep8 pat 19 (171s)
  [Data_06] ep 28 val 0.6664 best 0.3885@ep8 pat 20 (177s)
  [Data_06] ep 29 val 0.7694 best 0.3885@ep8 pat 21 (183s)
  [Data_06] ep 30 val 0.8822 best 0.3885@ep8 pat 22 (189s)
  [Data_06] ep 31 val 0.7428 best 0.3885@ep8 pat 23 (196s)
  [Data_06] ep 32 val 0.7439 best 0.3885@ep8 pat 24 (202s)
  [Data_06] ep 33 val 0.5606 best 0.3885@ep8 pat 25 (208s)
  [Data_06] ep 34 val 0.6561 best 0.3885@ep8 pat 26 (214s)
  [Data_06] ep 35 val 0.5816 best 0.3885@ep8 pat 27 (220s)
  [Data_06] ep 36 val 0.6285 best 0.3885@ep8 pat 28 (226s)
  [Data_06] ep 37 val 0.7272 best 0.3885@ep8 pat 29 (232s)
  [Data_06] ep 38 val 0.7623 best 0.3885@ep8 pat 30 (239s)
  [Data_06] ep 39 val 0.6072 best 0.3885@ep8 pat 31 (245s)
  [Data_06] ep 40 val 0.6405 best 0.3885@ep8 pat 32 (251s)
  [Data_06] ep 41 val 0.8259 best 0.3885@ep8 pat 33 (257s)
  [Data_06] ep 42 val 0.7217 best 0.3885@ep8 pat 34 (263s)
  [Data_06] ep 43 val 0.7574 best 0.3885@ep8 pat 35 (269s)
  [Data_06] ep 44 val 0.6925 best 0.3885@ep8 pat 36 (275s)
  [Data_06] ep 45 val 0.6976 best 0.3885@ep8 pat 37 (281s)
  [Data_06] ep 46 val 0.5390 best 0.3885@ep8 pat 38 (287s)
  [Data_06] ep 47 val 0.7208 best 0.3885@ep8 pat 39 (293s)
  [Data_06] ep 48 val 0.6612 best 0.3885@ep8 pat 40 (300s)
  [Data_06] ep 49 val 0.7619 best 0.3885@ep8 pat 41 (306s)
  [Data_06] ep 50 val 0.5598 best 0.3885@ep8 pat 42 (312s)
  [Data_06] ep 51 val 0.7503 best 0.3885@ep8 pat 43 (318s)
  [Data_06] ep 52 val 0.6458 best 0.3885@ep8 pat 44 (324s)
  [Data_06] ep 53 val 0.7512 best 0.3885@ep8 pat 45 (330s)
  [Data_06] ep 54 val 0.7024 best 0.3885@ep8 pat 46 (336s)
  [Data_06] ep 55 val 0.6908 best 0.3885@ep8 pat 47 (342s)
  [Data_06] ep 56 val 0.7419 best 0.3885@ep8 pat 48 (348s)
  [Data_06] ep 57 val 0.6842 best 0.3885@ep8 pat 49 (354s)
  [Data_06] ep 58 val 0.5777 best 0.3885@ep8 pat 50 (360s)
  [Data_06] EARLYSTOP ep58 best 0.3885@ep8
*** Data_06 test MAE 0.225 (360s)
==== Data_06 DONE
