command: python -m hingesense.trainer --out results/raw/ablation_no_noise_perturbation --target Data_01 --seed 2027 --epochs 300 --patience 50 --ablation no_noise_perturbation
UserWarning: Can't initialize NVML
os: Linux-6.8.0-138-generic-x86_64-with-glibc2.35
cpu: Intel(R) Xeon(R) Platinum 8480C x224, ram 1007.5 GB
gpu: NVIDIA H100 (driver 580.173.02)
python 3.11.15, torch 2.12.0+cu130, cuda 13.0
channel mask top40 = [6, 7, 8, 9, 10, 11, 12, 13, 14, 21, 22, 25, 26, 27, 28, 34, 38, 41, 46, 48, 53, 57, 59, 61, 62, 64, 67, 69, 71, 72, 74, 76, 77, 78, 80, 81, 83, 84, 85, 98]
=== Data_01 seed=2027 epochs=300 patience=50 ablation=no_noise_perturbation channels=120 dev=cuda:0 ===
pool=56 folds (flips=True)
  [Data_01] cond=noload sources=52
  [Data_01] NEWBEST ep0 val=1.1793 test=1.0136
  [Data_01] ep 0 val 1.1793 best 1.1793@ep0 pat 0 (7s)
  [Data_01] NEWBEST ep1 val=1.1605 test=0.9922
  [Data_01] ep 1 val 1.1605 best 1.1605@ep1 pat 0 (14s)
  [Data_01] NEWBEST ep2 val=1.0480 test=0.9304
  [Data_01] ep 2 val 1.0480 best 1.0480@ep2 pat 0 (21s)
  [Data_01] NEWBEST ep3 val=0.8586 test=0.7848
  [Data_01] ep 3 val 0.8586 best 0.8586@ep3 pat 0 (28s)
  [Data_01] ep 4 val 0.9018 best 0.8586@ep3 pat 1 (35s)
  [Data_01] NEWBEST ep5 val=0.8573 test=0.7275
  [Data_01] ep 5 val 0.8573 best 0.8573@ep5 pat 0 (42s)
  [Data_01] NEWBEST ep6 val=0.7712 test=0.7244
  [Data_01] ep 6 val 0.7712 best 0.7712@ep6 pat 0 (49s)
  [Data_01] ep 7 val 1.0098 best 0.7712@ep6 pat 1 (56s)
  [Data_01] ep 8 val 0.8168 best 0.7712@ep6 pat 2 (63s)
  [Data_01] ep 9 val 0.8562 best 0.7712@ep6 pat 3 (70s)
  [Data_01] ep 10 val 0.8176 best 0.7712@ep6 pat 4 (76s)
  [Data_01] NEWBEST ep11 val=0.7402 test=0.5790
  [Data_01] ep 11 val 0.7402 best 0.7402@ep11 pat 0 (83s)
  [Data_01] ep 12 val 0.7420 best 0.7402@ep11 pat 1 (90s)
  [Data_01] NEWBEST ep13 val=0.6993 test=0.5793
  [Data_01] ep 13 val 0.6993 best 0.6993@ep13 pat 0 (97s)
  [Data_01] NEWBEST ep14 val=0.6631 test=0.5952
  [Data_01] ep 14 val 0.6631 best 0.6631@ep14 pat 0 (104s)
  [Data_01] ep 15 val 0.8510 best 0.6631@ep14 pat 1 (111s)
  [Data_01] ep 16 val 0.7935 best 0.6631@ep14 pat 2 (118s)
  [Data_01] ep 17 val 0.7122 best 0.6631@ep14 pat 3 (125s)
  [Data_01] ep 18 val 0.7244 best 0.6631@ep14 pat 4 (131s)
  [Data_01] ep 19 val 0.7691 best 0.6631@ep14 pat 5 (138s)
  [Data_01] ep 20 val 0.8124 best 0.6631@ep14 pat 6 (145s)
  [Data_01] ep 21 val 0.7839 best 0.6631@ep14 pat 7 (152s)
  [Data_01] NEWBEST ep22 val=0.6148 test=0.5389
  [Data_01] ep 22 val 0.6148 best 0.6148@ep22 pat 0 (160s)
  [Data_01] ep 23 val 0.7435 best 0.6148@ep22 pat 1 (166s)
  [Data_01] ep 24 val 0.7245 best 0.6148@ep22 pat 2 (173s)
  [Data_01] ep 25 val 0.7568 best 0.6148@ep22 pat 3 (180s)
  [Data_01] ep 26 val 0.8278 best 0.6148@ep22 pat 4 (187s)
  [Data_01] ep 27 val 0.7832 best 0.6148@ep22 pat 5 (193s)
  [Data_01] ep 28 val 0.7285 best 0.6148@ep22 pat 6 (200s)
  [Data_01] ep 29 val 0.7597 best 0.6148@ep22 pat 7 (207s)
  [Data_01] ep 30 val 0.8339 best 0.6148@ep22 pat 8 (214s)
  [Data_01] ep 31 val 0.7800 best 0.6148@ep22 pat 9 (220s)
  [Data_01] ep 32 val 0.7184 best 0.6148@ep22 pat 10 (227s)
  [Data_01] ep 33 val 0.7810 best 0.6148@ep22 pat 11 (234s)
  [Data_01] ep 34 val 0.7698 best 0.6148@ep22 pat 12 (241s)
  [Data_01] ep 35 val 0.7603 best 0.6148@ep22 pat 13 (247s)
  [Data_01] ep 36 val 0.7697 best 0.6148@ep22 pat 14 (254s)
  [Data_01] ep 37 val 0.7546 best 0.6148@ep22 pat 15 (261s)
  [Data_01] ep 38 val 0.6741 best 0.6148@ep22 pat 16 (268s)
  [Data_01] ep 39 val 0.6590 best 0.6148@ep22 pat 17 (274s)
  [Data_01] ep 40 val 0.7253 best 0.6148@ep22 pat 18 (281s)
  [Data_01] ep 41 val 0.7759 best 0.6148@ep22 pat 19 (288s)
  [Data_01] ep 42 val 0.7803 best 0.6148@ep22 pat 20 (294s)
  [Data_01] ep 43 val 0.6924 best 0.6148@ep22 pat 21 (301s)
  [Data_01] ep 44 val 0.7415 best 0.6148@ep22 pat 22 (307s)
  [Data_01] ep 45 val 0.7280 best 0.6148@ep22 pat 23 (313s)
  [Data_01] ep 46 val 0.6650 best 0.6148@ep22 pat 24 (320s)
  [Data_01] ep 47 val 0.7896 best 0.6148@ep22 pat 25 (326s)
  [Data_01] ep 48 val 0.9274 best 0.6148@ep22 pat 26 (333s)
  [Data_01] ep 49 val 0.8183 best 0.6148@ep22 pat 27 (339s)
  [Data_01] ep 50 val 0.8157 best 0.6148@ep22 pat 28 (346s)
  [Data_01] ep 51 val 0.8644 best 0.6148@ep22 pat 29 (352s)
  [Data_01] ep 52 val 0.7551 best 0.6148@ep22 pat 30 (359s)
  [Data_01] ep 53 val 0.6268 best 0.6148@ep22 pat 31 (366s)
  [Data_01] ep 54 val 0.7005 best 0.6148@ep22 pat 32 (372s)
  [Data_01] ep 55 val 0.6834 best 0.6148@ep22 pat 33 (379s)
  [Data_01] ep 56 val 0.6804 best 0.6148@ep22 pat 34 (385s)
  [Data_01] ep 57 val 0.7251 best 0.6148@ep22 pat 35 (391s)
  [Data_01] ep 58 val 0.6708 best 0.6148@ep22 pat 36 (398s)
  [Data_01] ep 59 val 0.7124 best 0.6148@ep22 pat 37 (404s)
  [Data_01] ep 60 val 0.6932 best 0.6148@ep22 pat 38 (410s)
  [Data_01] ep 61 val 0.6655 best 0.6148@ep22 pat 39 (416s)
  [Data_01] ep 62 val 0.6510 best 0.6148@ep22 pat 40 (422s)
  [Data_01] ep 63 val 0.6307 best 0.6148@ep22 pat 41 (428s)
  [Data_01] ep 64 val 0.7035 best 0.6148@ep22 pat 42 (435s)
  [Data_01] ep 65 val 0.6838 best 0.6148@ep22 pat 43 (441s)
  [Data_01] ep 66 val 0.6637 best 0.6148@ep22 pat 44 (447s)
  [Data_01] NEWBEST ep67 val=0.5731 test=0.5009
  [Data_01] ep 67 val 0.5731 best 0.5731@ep67 pat 0 (453s)
  [Data_01] NEWBEST ep68 val=0.5502 test=0.5335
  [Data_01] ep 68 val 0.5502 best 0.5502@ep68 pat 0 (459s)
  [Data_01] ep 69 val 0.6480 best 0.5502@ep68 pat 1 (466s)
  [Data_01] ep 70 val 0.6499 best 0.5502@ep68 pat 2 (472s)
  [Data_01] ep 71 val 0.6315 best 0.5502@ep68 pat 3 (478s)
  [Data_01] ep 72 val 0.6444 best 0.5502@ep68 pat 4 (484s)
  [Data_01] ep 73 val 0.6301 best 0.5502@ep68 pat 5 (490s)
  [Data_01] ep 74 val 0.6545 best 0.5502@ep68 pat 6 (496s)
  [Data_01] ep 75 val 0.6310 best 0.5502@ep68 pat 7 (502s)
  [Data_01] ep 76 val 0.6012 best 0.5502@ep68 pat 8 (508s)
  [Data_01] ep 77 val 0.5614 best 0.5502@ep68 pat 9 (515s)
  [Data_01] ep 78 val 0.6293 best 0.5502@ep68 pat 10 (521s)
  [Data_01] ep 79 val 0.6551 best 0.5502@ep68 pat 11 (527s)
  [Data_01] ep 80 val 0.6692 best 0.5502@ep68 pat 12 (533s)
  [Data_01] ep 81 val 0.6498 best 0.5502@ep68 pat 13 (539s)
  [Data_01] ep 82 val 0.6116 best 0.5502@ep68 pat 14 (545s)
  [Data_01] ep 83 val 0.6210 best 0.5502@ep68 pat 15 (551s)
  [Data_01] ep 84 val 0.6300 best 0.5502@ep68 pat 16 (557s)
  [Data_01] ep 85 val 0.6065 best 0.5502@ep68 pat 17 (563s)
  [Data_01] ep 86 val 0.5650 best 0.5502@ep68 pat 18 (569s)
  [Data_01] NEWBEST ep87 val=0.5108 test=0.5590
  [Data_01] ep 87 val 0.5108 best 0.5108@ep87 pat 0 (575s)
  [Data_01] ep 88 val 0.5650 best 0.5108@ep87 pat 1 (581s)
  [Data_01] ep 89 val 0.5503 best 0.5108@ep87 pat 2 (587s)
  [Data_01] ep 90 val 0.6050 best 0.5108@ep87 pat 3 (593s)
  [Data_01] ep 91 val 0.6166 best 0.5108@ep87 pat 4 (599s)
  [Data_01] ep 92 val 0.6116 best 0.5108@ep87 pat 5 (605s)
  [Data_01] ep 93 val 0.5650 best 0.5108@ep87 pat 6 (611s)
  [Data_01] ep 94 val 0.5285 best 0.5108@ep87 pat 7 (617s)
  [Data_01] ep 95 val 0.5919 best 0.5108@ep87 pat 8 (623s)
  [Data_01] ep 96 val 0.6044 best 0.5108@ep87 pat 9 (629s)
  [Data_01] ep 97 val 0.5943 best 0.5108@ep87 pat 10 (635s)
  [Data_01] ep 98 val 0.7438 best 0.5108@ep87 pat 11 (641s)
  [Data_01] ep 99 val 0.6987 best 0.5108@ep87 pat 12 (647s)
  [Data_01] ep 100 val 0.6711 best 0.5108@ep87 pat 13 (653s)
  [Data_01] ep 101 val 0.6462 best 0.5108@ep87 pat 14 (659s)
  [Data_01] ep 102 val 0.6658 best 0.5108@ep87 pat 15 (665s)
  [Data_01] ep 103 val 0.6891 best 0.5108@ep87 pat 16 (671s)
  [Data_01] ep 104 val 0.6364 best 0.5108@ep87 pat 17 (677s)
  [Data_01] ep 105 val 0.5684 best 0.5108@ep87 pat 18 (683s)
  [Data_01] ep 106 val 0.6179 best 0.5108@ep87 pat 19 (689s)
  [Data_01] ep 107 val 0.5809 best 0.5108@ep87 pat 20 (695s)
  [Data_01] ep 108 val 0.6155 best 0.5108@ep87 pat 21 (701s)
  [Data_01] ep 109 val 0.5683 best 0.5108@ep87 pat 22 (707s)
  [Data_01] ep 110 val 0.6020 best 0.5108@ep87 pat 23 (713s)
  [Data_01] ep 111 val 0.5362 best 0.5108@ep87 pat 24 (718s)
  [Data_01] ep 112 val 0.5846 best 0.5108@ep87 pat 25 (724s)
  [Data_01] ep 113 val 0.5781 best 0.5108@ep87 pat 26 (730s)
  [Data_01] ep 114 val 0.5276 best 0.5108@ep87 pat 27 (736s)
  [Data_01] ep 115 val 0.6152 best 0.5108@ep87 pat 28 (742s)
  [Data_01] ep 116 val 0.6163 best 0.5108@ep87 pat 29 (748s)
  [Data_01] ep 117 val 0.6022 best 0.5108@ep87 pat 30 (754s)
  [Data_01] ep 118 val 0.6376 best 0.5108@ep87 pat 31 (760s)
  [Data_01] ep 119 val 0.5862 best 0.5108@ep87 pat 32 (766s)
  [Data_01] ep 120 val 0.6401 best 0.5108@ep87 pat 33 (772s)
  [Data_01] ep 121 val 0.5744 best 0.5108@ep87 pat 34 (778s)
  [Data_01] ep 122 val 0.6081 best 0.5108@ep87 pat 35 (784s)
  [Data_01] ep 123 val 0.5490 best 0.5108@ep87 pat 36 (790s)
  [Data_01] ep 124 val 0.5928 best 0.5108@ep87 pat 37 (796s)
  [Data_01] ep 125 val 0.5594 best 0.5108@ep87 pat 38 (802s)
  [Data_01] ep 126 val 0.6103 best 0.5108@ep87 pat 39 (807s)
  [Data_01] ep 127 val 0.5967 best 0.5108@ep87 pat 40 (813s)
  [Data_01] ep 128 val 0.6094 best 0.5108@ep87 pat 41 (819s)
  [Data_01] ep 129 val 0.5972 best 0.5108@ep87 pat 42 (825s)
  [Data_01] ep 130 val 0.5679 best 0.5108@ep87 pat 43 (831s)
  [Data_01] ep 131 val 0.5315 best 0.5108@ep87 pat 44 (837s)
  [Data_01] ep 132 val 0.5522 best 0.5108@ep87 pat 45 (843s)
  [Data_01] ep 133 val 0.5539 best 0.5108@ep87 pat 46 (849s)
  [Data_01] ep 134 val 0.6071 best 0.5108@ep87 pat 47 (854s)
  [Data_01] ep 135 val 0.5198 best 0.5108@ep87 pat 48 (860s)
  [Data_01] ep 136 val 0.5767 best 0.5108@ep87 pat 49 (866s)
  [Data_01] ep 137 val 0.5121 best 0.5108@ep87 pat 50 (872s)
  [Data_01] EARLYSTOP ep137 best 0.5108@ep87
*** Data_01 test MAE 0.559 (872s)
==== Data_01 DONE
