command: python -m hingesense.trainer --out results/raw/ablation_no_noise_perturbation --target Data_10 --seed 2027 --epochs 300 --patience 50 --ablation no_noise_perturbation
UserWarning: Can't initialize NVML
os: Linux-6.8.0-138-generic-x86_64-with-glibc2.35
cpu: Intel(R) Xeon(R) Platinum 8480C x224, ram 1007.5 GB
gpu: NVIDIA H100 (driver 580.173.02)
python 3.11.15, torch 2.12.0+cu130, cuda 13.0
channel mask top40 = [6, 7, 8, 9, 10, 11, 12, 13, 14, 21, 22, 25, 26, 27, 28, 34, 38, 41, 46, 48, 53, 57, 59, 61, 62, 64, 67, 69, 71, 72, 74, 76, 77, 78, 80, 81, 83, 84, 85, 98]
=== Data_10 seed=2027 epochs=300 patience=50 ablation=no_noise_perturbation channels=120 dev=cuda:0 ===
pool=36 folds (flips=True)
  [Data_10] cond=assembly sources=32
  [Data_10] NEWBEST ep0 val=0.3875 test=0.3868
  [Data_10] ep 0 val 0.3875 best 0.3875@ep0 pat 0 (5s)
  [Data_10] ep 1 val 0.4008 best 0.3875@ep0 pat 1 (11s)
  [Data_10] NEWBEST ep2 val=0.3115 test=0.3023
  [Data_10] ep 2 val 0.3115 best 0.3115@ep2 pat 0 (17s)
  [Data_10] NEWBEST ep3 val=0.3053 test=0.2865
  [Data_10] ep 3 val 0.3053 best 0.3053@ep3 pat 0 (23s)
  [Data_10] NEWBEST ep4 val=0.2909 test=0.2841
  [Data_10] ep 4 val 0.2909 best 0.2909@ep4 pat 0 (29s)
  [Data_10] NEWBEST ep5 val=0.2831 test=0.2820
  [Data_10] ep 5 val 0.2831 best 0.2831@ep5 pat 0 (35s)
  [Data_10] NEWBEST ep6 val=0.2559 test=0.2432
  [Data_10] ep 6 val 0.2559 best 0.2559@ep6 pat 0 (41s)
  [Data_10] ep 7 val 0.3616 best 0.2559@ep6 pat 1 (47s)
  [Data_10] ep 8 val 0.3942 best 0.2559@ep6 pat 2 (53s)
  [Data_10] ep 9 val 0.2779 best 0.2559@ep6 pat 3 (59s)
  [Data_10] ep 10 val 0.2822 best 0.2559@ep6 pat 4 (66s)
  [Data_10] ep 11 val 0.2659 best 0.2559@ep6 pat 5 (72s)
  [Data_10] ep 12 val 0.3245 best 0.2559@ep6 pat 6 (78s)
  [Data_10] ep 13 val 0.3841 best 0.2559@ep6 pat 7 (85s)
  [Data_10] ep 14 val 0.3796 best 0.2559@ep6 pat 8 (91s)
  [Data_10] ep 15 val 0.3058 best 0.2559@ep6 pat 9 (97s)
  [Data_10] ep 16 val 0.3208 best 0.2559@ep6 pat 10 (102s)
  [Data_10] ep 17 val 0.3764 best 0.2559@ep6 pat 11 (107s)
  [Data_10] ep 18 val 0.3157 best 0.2559@ep6 pat 12 (113s)
  [Data_10] ep 19 val 0.3859 best 0.2559@ep6 pat 13 (120s)
  [Data_10] ep 20 val 0.5204 best 0.2559@ep6 pat 14 (126s)
  [Data_10] ep 21 val 0.3181 best 0.2559@ep6 pat 15 (132s)
  [Data_10] ep 22 val 0.3812 best 0.2559@ep6 pat 16 (138s)
  [Data_10] ep 23 val 0.3920 best 0.2559@ep6 pat 17 (144s)
  [Data_10] NEWBEST ep24 val=0.2469 test=0.3064
  [Data_10] ep 24 val 0.2469 best 0.2469@ep24 pat 0 (150s)
  [Data_10] ep 25 val 0.3094 best 0.2469@ep24 pat 1 (156s)
  [Data_10] ep 26 val 0.3799 best 0.2469@ep24 pat 2 (161s)
  [Data_10] ep 27 val 0.3612 best 0.2469@ep24 pat 3 (167s)
  [Data_10] ep 28 val 0.5126 best 0.2469@ep24 pat 4 (174s)
  [Data_10] ep 29 val 0.4808 best 0.2469@ep24 pat 5 (180s)
  [Data_10] ep 30 val 0.5255 best 0.2469@ep24 pat 6 (186s)
  [Data_10] ep 31 val 0.5080 best 0.2469@ep24 pat 7 (192s)
  [Data_10] ep 32 val 0.4408 best 0.2469@ep24 pat 8 (198s)
  [Data_10] ep 33 val 0.3682 best 0.2469@ep24 pat 9 (204s)
  [Data_10] ep 34 val 0.4704 best 0.2469@ep24 pat 10 (211s)
  [Data_10] ep 35 val 0.4154 best 0.2469@ep24 pat 11 (217s)
  [Data_10] ep 36 val 0.3955 best 0.2469@ep24 pat 12 (223s)
  [Data_10] ep 37 val 0.4538 best 0.2469@ep24 pat 13 (229s)
  [Data_10] ep 38 val 0.6020 best 0.2469@ep24 pat 14 (235s)
  [Data_10] ep 39 val 0.4946 best 0.2469@ep24 pat 15 (241s)
  [Data_10] ep 40 val 0.5565 best 0.2469@ep24 pat 16 (247s)
  [Data_10] ep 41 val 0.4535 best 0.2469@ep24 pat 17 (253s)
  [Data_10] ep 42 val 0.5196 best 0.2469@ep24 pat 18 (259s)
  [Data_10] ep 43 val 0.5348 best 0.2469@ep24 pat 19 (266s)
  [Data_10] ep 44 val 0.4754 best 0.2469@ep24 pat 20 (272s)
  [Data_10] ep 45 val 0.4280 best 0.2469@ep24 pat 21 (278s)
  [Data_10] ep 46 val 0.5335 best 0.2469@ep24 pat 22 (284s)
  [Data_10] ep 47 val 0.5700 best 0.2469@ep24 pat 23 (290s)
  [Data_10] ep 48 val 0.4895 best 0.2469@ep24 pat 24 (297s)
  [Data_10] ep 49 val 0.5034 best 0.2469@ep24 pat 25 (302s)
  [Data_10] ep 50 val 0.5507 best 0.2469@ep24 pat 26 (309s)
  [Data_10] ep 51 val 0.5546 best 0.2469@ep24 pat 27 (315s)
  [Data_10] ep 52 val 0.5189 best 0.2469@ep24 pat 28 (321s)
  [Data_10] ep 53 val 0.5785 best 0.2469@ep24 pat 29 (327s)
  [Data_10] ep 54 val 0.4806 best 0.2469@ep24 pat 30 (333s)
  [Data_10] ep 55 val 0.3762 best 0.2469@ep24 pat 31 (339s)
  [Data_10] ep 56 val 0.5109 best 0.2469@ep24 pat 32 (345s)
  [Data_10] ep 57 val 0.4312 best 0.2469@ep24 pat 33 (351s)
  [Data_10] ep 58 val 0.4944 best 0.2469@ep24 pat 34 (358s)
  [Data_10] ep 59 val 0.4507 best 0.2469@ep24 pat 35 (363s)
  [Data_10] ep 60 val 0.6116 best 0.2469@ep24 pat 36 (370s)
  [Data_10] ep 61 val 0.3338 best 0.2469@ep24 pat 37 (376s)
  [Data_10] ep 62 val 0.2747 best 0.2469@ep24 pat 38 (381s)
  [Data_10] ep 63 val 0.4480 best 0.2469@ep24 pat 39 (388s)
  [Data_10] ep 64 val 0.4502 best 0.2469@ep24 pat 40 (393s)
  [Data_10] ep 65 val 0.4287 best 0.2469@ep24 pat 41 (399s)
  [Data_10] ep 66 val 0.4613 best 0.2469@ep24 pat 42 (405s)
  [Data_10] ep 67 val 0.4847 best 0.2469@ep24 pat 43 (411s)
  [Data_10] ep 68 val 0.5354 best 0.2469@ep24 pat 44 (417s)
  [Data_10] ep 69 val 0.4882 best 0.2469@ep24 pat 45 (423s)
  [Data_10] ep 70 val 0.5577 best 0.2469@ep24 pat 46 (429s)
  [Data_10] ep 71 val 0.4962 best 0.2469@ep24 pat 47 (435s)
  [Data_10] ep 72 val 0.4389 best 0.2469@ep24 pat 48 (441s)
  [Data_10] ep 73 val 0.4665 best 0.2469@ep24 pat 49 (447s)
  [Data_10] ep 74 val 0.4483 best 0.2469@ep24 pat 50 (453s)
  [Data_10] EARLYSTOP ep74 best 0.2469@ep24
*** Data_10 test MAE 0.306 (453s)
==== Data_10 DONE
