command: python -m hingesense.trainer --out results/raw/ablation_no_noise_perturbation --target Data_09 --seed 2027 --epochs 300 --patience 50 --ablation no_noise_perturbation
UserWarning: Can't initialize NVML
os: Linux-6.8.0-138-generic-x86_64-with-glibc2.35
cpu: Intel(R) Xeon(R) Platinum 8480C x224, ram 1007.5 GB
gpu: NVIDIA H100 (driver 580.173.02)
python 3.11.15, torch 2.12.0+cu130, cuda 13.0
channel mask top40 = [6, 7, 8, 9, 10, 11, 12, 13, 14, 21, 22, 25, 26, 27, 28, 34, 38, 41, 46, 48, 53, 57, 59, 61, 62, 64, 67, 69, 71, 72, 74, 76, 77, 78, 80, 81, 83, 84, 85, 98]
=== Data_09 seed=2027 epochs=300 patience=50 ablation=no_noise_perturbation channels=120 dev=cuda:0 ===
pool=36 folds (flips=True)
  [Data_09] cond=assembly sources=32
  [Data_09] NEWBEST ep0 val=0.3539 test=0.5303
  [Data_09] ep 0 val 0.3539 best 0.3539@ep0 pat 0 (6s)
  [Data_09] NEWBEST ep1 val=0.3030 test=0.4034
  [Data_09] ep 1 val 0.3030 best 0.3030@ep1 pat 0 (12s)
  [Data_09] ep 2 val 0.3204 best 0.3030@ep1 pat 1 (19s)
  [Data_09] NEWBEST ep3 val=0.2782 test=0.3879
  [Data_09] ep 3 val 0.2782 best 0.2782@ep3 pat 0 (25s)
  [Data_09] ep 4 val 0.2914 best 0.2782@ep3 pat 1 (32s)
  [Data_09] ep 5 val 0.2953 best 0.2782@ep3 pat 2 (39s)
  [Data_09] ep 6 val 0.2863 best 0.2782@ep3 pat 3 (44s)
  [Data_09] ep 7 val 0.2976 best 0.2782@ep3 pat 4 (49s)
  [Data_09] ep 8 val 0.3021 best 0.2782@ep3 pat 5 (56s)
  [Data_09] ep 9 val 0.3017 best 0.2782@ep3 pat 6 (63s)
  [Data_09] ep 10 val 0.3039 best 0.2782@ep3 pat 7 (69s)
  [Data_09] ep 11 val 0.3153 best 0.2782@ep3 pat 8 (77s)
  [Data_09] ep 12 val 0.2985 best 0.2782@ep3 pat 9 (83s)
  [Data_09] ep 13 val 0.3079 best 0.2782@ep3 pat 10 (90s)
  [Data_09] NEWBEST ep14 val=0.2781 test=0.4215
  [Data_09] ep 14 val 0.2781 best 0.2781@ep14 pat 0 (97s)
  [Data_09] ep 15 val 0.2829 best 0.2781@ep14 pat 1 (103s)
  [Data_09] NEWBEST ep16 val=0.2755 test=0.4564
  [Data_09] ep 16 val 0.2755 best 0.2755@ep16 pat 0 (110s)
  [Data_09] ep 17 val 0.3128 best 0.2755@ep16 pat 1 (116s)
  [Data_09] ep 18 val 0.3065 best 0.2755@ep16 pat 2 (123s)
  [Data_09] ep 19 val 0.2824 best 0.2755@ep16 pat 3 (130s)
  [Data_09] ep 20 val 0.3104 best 0.2755@ep16 pat 4 (136s)
  [Data_09] NEWBEST ep21 val=0.2574 test=0.4829
  [Data_09] ep 21 val 0.2574 best 0.2574@ep21 pat 0 (143s)
  [Data_09] ep 22 val 0.2851 best 0.2574@ep21 pat 1 (150s)
  [Data_09] ep 23 val 0.2619 best 0.2574@ep21 pat 2 (156s)
  [Data_09] ep 24 val 0.2837 best 0.2574@ep21 pat 3 (163s)
  [Data_09] ep 25 val 0.3458 best 0.2574@ep21 pat 4 (169s)
  [Data_09] ep 26 val 0.2630 best 0.2574@ep21 pat 5 (176s)
  [Data_09] ep 27 val 0.2695 best 0.2574@ep21 pat 6 (183s)
  [Data_09] ep 28 val 0.2931 best 0.2574@ep21 pat 7 (189s)
  [Data_09] ep 29 val 0.3244 best 0.2574@ep21 pat 8 (196s)
  [Data_09] ep 30 val 0.2736 best 0.2574@ep21 pat 9 (202s)
  [Data_09] ep 31 val 0.3037 best 0.2574@ep21 pat 10 (209s)
  [Data_09] ep 32 val 0.2788 best 0.2574@ep21 pat 11 (216s)
  [Data_09] ep 33 val 0.2783 best 0.2574@ep21 pat 12 (222s)
  [Data_09] ep 34 val 0.2751 best 0.2574@ep21 pat 13 (229s)
  [Data_09] ep 35 val 0.2807 best 0.2574@ep21 pat 14 (236s)
  [Data_09] ep 36 val 0.3033 best 0.2574@ep21 pat 15 (242s)
  [Data_09] ep 37 val 0.2963 best 0.2574@ep21 pat 16 (249s)
  [Data_09] ep 38 val 0.3003 best 0.2574@ep21 pat 17 (256s)
  [Data_09] ep 39 val 0.3017 best 0.2574@ep21 pat 18 (262s)
  [Data_09] ep 40 val 0.3130 best 0.2574@ep21 pat 19 (269s)
  [Data_09] NEWBEST ep41 val=0.2546 test=0.4572
  [Data_09] ep 41 val 0.2546 best 0.2546@ep41 pat 0 (275s)
  [Data_09] ep 42 val 0.2981 best 0.2546@ep41 pat 1 (282s)
  [Data_09] ep 43 val 0.2787 best 0.2546@ep41 pat 2 (288s)
  [Data_09] ep 44 val 0.2709 best 0.2546@ep41 pat 3 (295s)
  [Data_09] ep 45 val 0.2962 best 0.2546@ep41 pat 4 (302s)
  [Data_09] ep 46 val 0.3184 best 0.2546@ep41 pat 5 (308s)
  [Data_09] ep 47 val 0.3147 best 0.2546@ep41 pat 6 (313s)
  [Data_09] ep 48 val 0.2796 best 0.2546@ep41 pat 7 (318s)
  [Data_09] ep 49 val 0.2968 best 0.2546@ep41 pat 8 (324s)
  [Data_09] ep 50 val 0.2823 best 0.2546@ep41 pat 9 (330s)
  [Data_09] ep 51 val 0.3017 best 0.2546@ep41 pat 10 (336s)
  [Data_09] ep 52 val 0.2945 best 0.2546@ep41 pat 11 (343s)
  [Data_09] ep 53 val 0.3159 best 0.2546@ep41 pat 12 (349s)
  [Data_09] ep 54 val 0.3010 best 0.2546@ep41 pat 13 (355s)
  [Data_09] ep 55 val 0.2949 best 0.2546@ep41 pat 14 (362s)
  [Data_09] ep 56 val 0.2901 best 0.2546@ep41 pat 15 (368s)
  [Data_09] ep 57 val 0.3110 best 0.2546@ep41 pat 16 (374s)
  [Data_09] ep 58 val 0.3079 best 0.2546@ep41 pat 17 (381s)
  [Data_09] ep 59 val 0.3457 best 0.2546@ep41 pat 18 (387s)
  [Data_09] ep 60 val 0.2896 best 0.2546@ep41 pat 19 (393s)
  [Data_09] ep 61 val 0.3107 best 0.2546@ep41 pat 20 (399s)
  [Data_09] ep 62 val 0.3001 best 0.2546@ep41 pat 21 (405s)
  [Data_09] ep 63 val 0.3273 best 0.2546@ep41 pat 22 (411s)
  [Data_09] ep 64 val 0.2977 best 0.2546@ep41 pat 23 (418s)
  [Data_09] ep 65 val 0.2947 best 0.2546@ep41 pat 24 (424s)
  [Data_09] ep 66 val 0.3186 best 0.2546@ep41 pat 25 (429s)
  [Data_09] ep 67 val 0.2826 best 0.2546@ep41 pat 26 (434s)
  [Data_09] ep 68 val 0.3345 best 0.2546@ep41 pat 27 (440s)
  [Data_09] ep 69 val 0.3042 best 0.2546@ep41 pat 28 (445s)
  [Data_09] ep 70 val 0.2898 best 0.2546@ep41 pat 29 (450s)
  [Data_09] ep 71 val 0.3135 best 0.2546@ep41 pat 30 (455s)
  [Data_09] ep 72 val 0.3322 best 0.2546@ep41 pat 31 (461s)
  [Data_09] ep 73 val 0.3310 best 0.2546@ep41 pat 32 (466s)
  [Data_09] ep 74 val 0.3013 best 0.2546@ep41 pat 33 (472s)
  [Data_09] ep 75 val 0.3203 best 0.2546@ep41 pat 34 (478s)
  [Data_09] ep 76 val 0.3053 best 0.2546@ep41 pat 35 (484s)
  [Data_09] ep 77 val 0.3370 best 0.2546@ep41 pat 36 (490s)
  [Data_09] ep 78 val 0.3198 best 0.2546@ep41 pat 37 (496s)
  [Data_09] ep 79 val 0.3172 best 0.2546@ep41 pat 38 (502s)
  [Data_09] ep 80 val 0.3395 best 0.2546@ep41 pat 39 (508s)
  [Data_09] ep 81 val 0.3190 best 0.2546@ep41 pat 40 (514s)
  [Data_09] ep 82 val 0.3082 best 0.2546@ep41 pat 41 (520s)
  [Data_09] ep 83 val 0.2924 best 0.2546@ep41 pat 42 (526s)
  [Data_09] ep 84 val 0.3194 best 0.2546@ep41 pat 43 (532s)
  [Data_09] ep 85 val 0.3208 best 0.2546@ep41 pat 44 (538s)
  [Data_09] ep 86 val 0.3525 best 0.2546@ep41 pat 45 (544s)
  [Data_09] ep 87 val 0.3432 best 0.2546@ep41 pat 46 (550s)
  [Data_09] ep 88 val 0.3156 best 0.2546@ep41 pat 47 (556s)
  [Data_09] ep 89 val 0.2887 best 0.2546@ep41 pat 48 (562s)
  [Data_09] ep 90 val 0.2995 best 0.2546@ep41 pat 49 (568s)
  [Data_09] ep 91 val 0.3003 best 0.2546@ep41 pat 50 (574s)
  [Data_09] EARLYSTOP ep91 best 0.2546@ep41
*** Data_09 test MAE 0.457 (574s)
==== Data_09 DONE
