command: python -m hingesense.trainer --out results/raw/ablation_no_symmetry_augmentation --target Data_11 --seed 2027 --epochs 300 --patience 50 --ablation no_symmetry_augmentation
UserWarning: Can't initialize NVML
os: Linux-6.8.0-138-generic-x86_64-with-glibc2.35
cpu: Intel(R) Xeon(R) Platinum 8480C x224, ram 1007.5 GB
gpu: NVIDIA H100 (driver 580.173.02)
python 3.11.15, torch 2.12.0+cu130, cuda 13.0
channel mask top40 = [6, 7, 8, 9, 10, 11, 12, 13, 14, 21, 22, 25, 26, 27, 28, 34, 38, 41, 46, 48, 53, 57, 59, 61, 62, 64, 67, 69, 71, 72, 74, 76, 77, 78, 80, 81, 83, 84, 85, 98]
=== Data_11 seed=2027 epochs=300 patience=50 ablation=no_symmetry_augmentation channels=120 dev=cuda:0 ===
pool=9 folds (flips=False)
  [Data_11] cond=assembly sources=8
  [Data_11] NEWBEST ep0 val=1.2015 test=0.7891
  [Data_11] ep 0 val 1.2015 best 1.2015@ep0 pat 0 (6s)
  [Data_11] NEWBEST ep1 val=0.7589 test=0.7220
  [Data_11] ep 1 val 0.7589 best 0.7589@ep1 pat 0 (11s)
  [Data_11] NEWBEST ep2 val=0.6076 test=0.7298
  [Data_11] ep 2 val 0.6076 best 0.6076@ep2 pat 0 (17s)
  [Data_11] ep 3 val 0.8738 best 0.6076@ep2 pat 1 (23s)
  [Data_11] NEWBEST ep4 val=0.5443 test=0.5494
  [Data_11] ep 4 val 0.5443 best 0.5443@ep4 pat 0 (30s)
  [Data_11] ep 5 val 0.5893 best 0.5443@ep4 pat 1 (36s)
  [Data_11] ep 6 val 0.5810 best 0.5443@ep4 pat 2 (42s)
  [Data_11] ep 7 val 0.5759 best 0.5443@ep4 pat 3 (48s)
  [Data_11] ep 8 val 0.6181 best 0.5443@ep4 pat 4 (55s)
  [Data_11] ep 9 val 0.6133 best 0.5443@ep4 pat 5 (61s)
  [Data_11] ep 10 val 0.7444 best 0.5443@ep4 pat 6 (67s)
  [Data_11] ep 11 val 0.7236 best 0.5443@ep4 pat 7 (74s)
  [Data_11] ep 12 val 0.7035 best 0.5443@ep4 pat 8 (80s)
  [Data_11] ep 13 val 0.9372 best 0.5443@ep4 pat 9 (86s)
  [Data_11] ep 14 val 0.7676 best 0.5443@ep4 pat 10 (93s)
  [Data_11] NEWBEST ep15 val=0.4908 test=0.4290
  [Data_11] ep 15 val 0.4908 best 0.4908@ep15 pat 0 (99s)
  [Data_11] ep 16 val 0.9695 best 0.4908@ep15 pat 1 (105s)
  [Data_11] ep 17 val 0.8329 best 0.4908@ep15 pat 2 (112s)
  [Data_11] ep 18 val 0.9345 best 0.4908@ep15 pat 3 (118s)
  [Data_11] ep 19 val 0.6342 best 0.4908@ep15 pat 4 (124s)
  [Data_11] ep 20 val 0.8757 best 0.4908@ep15 pat 5 (130s)
  [Data_11] ep 21 val 0.8661 best 0.4908@ep15 pat 6 (137s)
  [Data_11] ep 22 val 0.5561 best 0.4908@ep15 pat 7 (143s)
  [Data_11] ep 23 val 0.6213 best 0.4908@ep15 pat 8 (149s)
  [Data_11] ep 24 val 0.9831 best 0.4908@ep15 pat 9 (156s)
  [Data_11] ep 25 val 0.6143 best 0.4908@ep15 pat 10 (162s)
  [Data_11] ep 26 val 0.6560 best 0.4908@ep15 pat 11 (169s)
  [Data_11] ep 27 val 0.6414 best 0.4908@ep15 pat 12 (175s)
  [Data_11] ep 28 val 0.9972 best 0.4908@ep15 pat 13 (181s)
  [Data_11] ep 29 val 0.9572 best 0.4908@ep15 pat 14 (188s)
  [Data_11] ep 30 val 0.8150 best 0.4908@ep15 pat 15 (194s)
  [Data_11] ep 31 val 0.9822 best 0.4908@ep15 pat 16 (201s)
  [Data_11] ep 32 val 1.0526 best 0.4908@ep15 pat 17 (207s)
  [Data_11] ep 33 val 0.9422 best 0.4908@ep15 pat 18 (213s)
  [Data_11] ep 34 val 1.0221 best 0.4908@ep15 pat 19 (220s)
  [Data_11] ep 35 val 1.0199 best 0.4908@ep15 pat 20 (226s)
  [Data_11] ep 36 val 1.0813 best 0.4908@ep15 pat 21 (232s)
  [Data_11] ep 37 val 1.0086 best 0.4908@ep15 pat 22 (239s)
  [Data_11] ep 38 val 0.9824 best 0.4908@ep15 pat 23 (245s)
  [Data_11] ep 39 val 0.9966 best 0.4908@ep15 pat 24 (251s)
  [Data_11] ep 40 val 1.0283 best 0.4908@ep15 pat 25 (258s)
  [Data_11] ep 41 val 0.9336 best 0.4908@ep15 pat 26 (264s)
  [Data_11] ep 42 val 1.0758 best 0.4908@ep15 pat 27 (270s)
  [Data_11] ep 43 val 1.1555 best 0.4908@ep15 pat 28 (277s)
  [Data_11] ep 44 val 0.8920 best 0.4908@ep15 pat 29 (283s)
  [Data_11] ep 45 val 1.0701 best 0.4908@ep15 pat 30 (289s)
  [Data_11] ep 46 val 0.9661 best 0.4908@ep15 pat 31 (295s)
  [Data_11] ep 47 val 1.1224 best 0.4908@ep15 pat 32 (302s)
  [Data_11] ep 48 val 0.9357 best 0.4908@ep15 pat 33 (308s)
  [Data_11] ep 49 val 0.8714 best 0.4908@ep15 pat 34 (314s)
  [Data_11] ep 50 val 1.1621 best 0.4908@ep15 pat 35 (321s)
  [Data_11] ep 51 val 0.8251 best 0.4908@ep15 pat 36 (327s)
  [Data_11] ep 52 val 1.0806 best 0.4908@ep15 pat 37 (333s)
  [Data_11] ep 53 val 1.0154 best 0.4908@ep15 pat 38 (339s)
  [Data_11] ep 54 val 0.7939 best 0.4908@ep15 pat 39 (346s)
  [Data_11] ep 55 val 0.9281 best 0.4908@ep15 pat 40 (352s)
  [Data_11] ep 56 val 0.7812 best 0.4908@ep15 pat 41 (358s)
  [Data_11] ep 57 val 1.0853 best 0.4908@ep15 pat 42 (364s)
  [Data_11] ep 58 val 1.2808 best 0.4908@ep15 pat 43 (370s)
  [Data_11] ep 59 val 1.2543 best 0.4908@ep15 pat 44 (376s)
  [Data_11] ep 60 val 1.0987 best 0.4908@ep15 pat 45 (382s)
  [Data_11] ep 61 val 1.2735 best 0.4908@ep15 pat 46 (388s)
  [Data_11] ep 62 val 0.9058 best 0.4908@ep15 pat 47 (395s)
  [Data_11] ep 63 val 1.1839 best 0.4908@ep15 pat 48 (401s)
  [Data_11] ep 64 val 0.8514 best 0.4908@ep15 pat 49 (407s)
  [Data_11] ep 65 val 1.1141 best 0.4908@ep15 pat 50 (413s)
  [Data_11] EARLYSTOP ep65 best 0.4908@ep15
*** Data_11 test MAE 0.429 (413s)
==== Data_11 DONE
