command: python -m hingesense.trainer --out results/raw/ablation_no_symmetry_augmentation --target Data_05 --seed 2027 --epochs 300 --patience 50 --ablation no_symmetry_augmentation
UserWarning: Can't initialize NVML
os: Linux-6.8.0-138-generic-x86_64-with-glibc2.35
cpu: Intel(R) Xeon(R) Platinum 8480C x224, ram 1007.5 GB
gpu: NVIDIA H100 (driver 580.173.02)
python 3.11.15, torch 2.12.0+cu130, cuda 13.0
channel mask top40 = [6, 7, 8, 9, 10, 11, 12, 13, 14, 21, 22, 25, 26, 27, 28, 34, 38, 41, 46, 48, 53, 57, 59, 61, 62, 64, 67, 69, 71, 72, 74, 76, 77, 78, 80, 81, 83, 84, 85, 98]
=== Data_05 seed=2027 epochs=300 patience=50 ablation=no_symmetry_augmentation channels=120 dev=cuda:0 ===
pool=14 folds (flips=False)
  [Data_05] cond=noload sources=13
  [Data_05] NEWBEST ep0 val=3.9499 test=1.4377
  [Data_05] ep 0 val 3.9499 best 3.9499@ep0 pat 0 (6s)
  [Data_05] NEWBEST ep1 val=3.6030 test=1.3170
  [Data_05] ep 1 val 3.6030 best 3.6030@ep1 pat 0 (12s)
  [Data_05] NEWBEST ep2 val=2.6924 test=1.1171
  [Data_05] ep 2 val 2.6924 best 2.6924@ep2 pat 0 (18s)
  [Data_05] ep 3 val 3.2780 best 2.6924@ep2 pat 1 (24s)
  [Data_05] NEWBEST ep4 val=2.5895 test=1.0597
  [Data_05] ep 4 val 2.5895 best 2.5895@ep4 pat 0 (31s)
  [Data_05] NEWBEST ep5 val=2.5718 test=1.1681
  [Data_05] ep 5 val 2.5718 best 2.5718@ep5 pat 0 (37s)
  [Data_05] ep 6 val 3.0444 best 2.5718@ep5 pat 1 (43s)
  [Data_05] ep 7 val 2.8272 best 2.5718@ep5 pat 2 (49s)
  [Data_05] ep 8 val 2.7313 best 2.5718@ep5 pat 3 (56s)
  [Data_05] NEWBEST ep9 val=2.5625 test=1.0856
  [Data_05] ep 9 val 2.5625 best 2.5625@ep9 pat 0 (62s)
  [Data_05] NEWBEST ep10 val=2.5358 test=1.2035
  [Data_05] ep 10 val 2.5358 best 2.5358@ep10 pat 0 (69s)
  [Data_05] ep 11 val 2.5876 best 2.5358@ep10 pat 1 (75s)
  [Data_05] NEWBEST ep12 val=2.1927 test=1.1746
  [Data_05] ep 12 val 2.1927 best 2.1927@ep12 pat 0 (82s)
  [Data_05] ep 13 val 2.6512 best 2.1927@ep12 pat 1 (88s)
  [Data_05] ep 14 val 2.4922 best 2.1927@ep12 pat 2 (95s)
  [Data_05] ep 15 val 2.4311 best 2.1927@ep12 pat 3 (101s)
  [Data_05] ep 16 val 2.3297 best 2.1927@ep12 pat 4 (107s)
  [Data_05] ep 17 val 2.4440 best 2.1927@ep12 pat 5 (114s)
  [Data_05] ep 18 val 2.4338 best 2.1927@ep12 pat 6 (119s)
  [Data_05] ep 19 val 2.6651 best 2.1927@ep12 pat 7 (125s)
  [Data_05] ep 20 val 2.5409 best 2.1927@ep12 pat 8 (132s)
  [Data_05] ep 21 val 2.4481 best 2.1927@ep12 pat 9 (138s)
  [Data_05] ep 22 val 2.4050 best 2.1927@ep12 pat 10 (145s)
  [Data_05] ep 23 val 2.8662 best 2.1927@ep12 pat 11 (151s)
  [Data_05] ep 24 val 2.5972 best 2.1927@ep12 pat 12 (157s)
  [Data_05] ep 25 val 2.5400 best 2.1927@ep12 pat 13 (164s)
  [Data_05] ep 26 val 2.3261 best 2.1927@ep12 pat 14 (170s)
  [Data_05] ep 27 val 2.4565 best 2.1927@ep12 pat 15 (177s)
  [Data_05] ep 28 val 2.5125 best 2.1927@ep12 pat 16 (183s)
  [Data_05] ep 29 val 2.6190 best 2.1927@ep12 pat 17 (190s)
  [Data_05] NEWBEST ep30 val=2.1672 test=0.9844
  [Data_05] ep 30 val 2.1672 best 2.1672@ep30 pat 0 (196s)
  [Data_05] ep 31 val 2.4911 best 2.1672@ep30 pat 1 (203s)
  [Data_05] ep 32 val 2.5146 best 2.1672@ep30 pat 2 (209s)
  [Data_05] ep 33 val 2.4522 best 2.1672@ep30 pat 3 (216s)
  [Data_05] ep 34 val 2.2300 best 2.1672@ep30 pat 4 (222s)
  [Data_05] ep 35 val 2.5184 best 2.1672@ep30 pat 5 (228s)
  [Data_05] ep 36 val 3.0087 best 2.1672@ep30 pat 6 (235s)
  [Data_05] ep 37 val 2.3970 best 2.1672@ep30 pat 7 (241s)
  [Data_05] ep 38 val 2.3397 best 2.1672@ep30 pat 8 (248s)
  [Data_05] ep 39 val 2.4472 best 2.1672@ep30 pat 9 (254s)
  [Data_05] ep 40 val 2.4369 best 2.1672@ep30 pat 10 (261s)
  [Data_05] ep 41 val 2.6969 best 2.1672@ep30 pat 11 (267s)
  [Data_05] ep 42 val 2.6231 best 2.1672@ep30 pat 12 (274s)
  [Data_05] ep 43 val 3.1427 best 2.1672@ep30 pat 13 (280s)
  [Data_05] ep 44 val 2.8974 best 2.1672@ep30 pat 14 (286s)
  [Data_05] ep 45 val 2.7224 best 2.1672@ep30 pat 15 (293s)
  [Data_05] ep 46 val 2.6980 best 2.1672@ep30 pat 16 (299s)
  [Data_05] ep 47 val 2.7234 best 2.1672@ep30 pat 17 (306s)
  [Data_05] ep 48 val 2.7283 best 2.1672@ep30 pat 18 (312s)
  [Data_05] ep 49 val 2.4085 best 2.1672@ep30 pat 19 (319s)
  [Data_05] ep 50 val 2.6375 best 2.1672@ep30 pat 20 (325s)
  [Data_05] ep 51 val 3.6039 best 2.1672@ep30 pat 21 (331s)
  [Data_05] ep 52 val 2.8226 best 2.1672@ep30 pat 22 (337s)
  [Data_05] ep 53 val 2.5372 best 2.1672@ep30 pat 23 (344s)
  [Data_05] ep 54 val 2.7825 best 2.1672@ep30 pat 24 (350s)
  [Data_05] ep 55 val 2.5425 best 2.1672@ep30 pat 25 (356s)
  [Data_05] ep 56 val 3.0260 best 2.1672@ep30 pat 26 (362s)
  [Data_05] ep 57 val 2.6767 best 2.1672@ep30 pat 27 (368s)
  [Data_05] ep 58 val 2.6572 best 2.1672@ep30 pat 28 (374s)
  [Data_05] ep 59 val 2.7069 best 2.1672@ep30 pat 29 (380s)
  [Data_05] ep 60 val 2.2115 best 2.1672@ep30 pat 30 (386s)
  [Data_05] ep 61 val 2.4821 best 2.1672@ep30 pat 31 (392s)
  [Data_05] ep 62 val 2.5270 best 2.1672@ep30 pat 32 (398s)
  [Data_05] ep 63 val 2.2545 best 2.1672@ep30 pat 33 (405s)
  [Data_05] ep 64 val 2.7321 best 2.1672@ep30 pat 34 (411s)
  [Data_05] NEWBEST ep65 val=1.9653 test=0.8469
  [Data_05] ep 65 val 1.9653 best 1.9653@ep65 pat 0 (417s)
  [Data_05] ep 66 val 2.0518 best 1.9653@ep65 pat 1 (423s)
  [Data_05] ep 67 val 2.7472 best 1.9653@ep65 pat 2 (429s)
  [Data_05] ep 68 val 2.2284 best 1.9653@ep65 pat 3 (435s)
  [Data_05] ep 69 val 2.3578 best 1.9653@ep65 pat 4 (441s)
  [Data_05] ep 70 val 2.0076 best 1.9653@ep65 pat 5 (446s)
  [Data_05] ep 71 val 2.1761 best 1.9653@ep65 pat 6 (452s)
  [Data_05] ep 72 val 2.1042 best 1.9653@ep65 pat 7 (458s)
  [Data_05] ep 73 val 2.2787 best 1.9653@ep65 pat 8 (464s)
  [Data_05] ep 74 val 2.6968 best 1.9653@ep65 pat 9 (470s)
  [Data_05] ep 75 val 2.3655 best 1.9653@ep65 pat 10 (476s)
  [Data_05] ep 76 val 2.2013 best 1.9653@ep65 pat 11 (482s)
  [Data_05] ep 77 val 2.1319 best 1.9653@ep65 pat 12 (487s)
  [Data_05] ep 78 val 2.1226 best 1.9653@ep65 pat 13 (493s)
  [Data_05] ep 79 val 2.2704 best 1.9653@ep65 pat 14 (499s)
  [Data_05] ep 80 val 2.1258 best 1.9653@ep65 pat 15 (505s)
  [Data_05] ep 81 val 2.2546 best 1.9653@ep65 pat 16 (511s)
  [Data_05] ep 82 val 2.3603 best 1.9653@ep65 pat 17 (516s)
  [Data_05] ep 83 val 2.0601 best 1.9653@ep65 pat 18 (522s)
  [Data_05] ep 84 val 2.4010 best 1.9653@ep65 pat 19 (528s)
  [Data_05] ep 85 val 2.2095 best 1.9653@ep65 pat 20 (534s)
  [Data_05] NEWBEST ep86 val=1.8505 test=0.8665
  [Data_05] ep 86 val 1.8505 best 1.8505@ep86 pat 0 (540s)
  [Data_05] ep 87 val 2.5244 best 1.8505@ep86 pat 1 (546s)
  [Data_05] ep 88 val 2.2213 best 1.8505@ep86 pat 2 (552s)
  [Data_05] ep 89 val 2.1969 best 1.8505@ep86 pat 3 (558s)
  [Data_05] ep 90 val 2.0455 best 1.8505@ep86 pat 4 (563s)
  [Data_05] ep 91 val 2.1613 best 1.8505@ep86 pat 5 (569s)
  [Data_05] ep 92 val 2.2494 best 1.8505@ep86 pat 6 (575s)
  [Data_05] ep 93 val 2.1590 best 1.8505@ep86 pat 7 (581s)
  [Data_05] ep 94 val 2.5724 best 1.8505@ep86 pat 8 (587s)
  [Data_05] ep 95 val 2.1868 best 1.8505@ep86 pat 9 (593s)
  [Data_05] ep 96 val 2.2456 best 1.8505@ep86 pat 10 (599s)
  [Data_05] ep 97 val 2.5754 best 1.8505@ep86 pat 11 (604s)
  [Data_05] ep 98 val 2.5940 best 1.8505@ep86 pat 12 (610s)
  [Data_05] ep 99 val 2.3137 best 1.8505@ep86 pat 13 (616s)
  [Data_05] ep 100 val 2.4987 best 1.8505@ep86 pat 14 (622s)
  [Data_05] ep 101 val 2.5054 best 1.8505@ep86 pat 15 (628s)
  [Data_05] ep 102 val 2.3109 best 1.8505@ep86 pat 16 (634s)
  [Data_05] ep 103 val 2.1999 best 1.8505@ep86 pat 17 (640s)
  [Data_05] ep 104 val 2.2506 best 1.8505@ep86 pat 18 (646s)
  [Data_05] ep 105 val 2.0344 best 1.8505@ep86 pat 19 (652s)
  [Data_05] ep 106 val 2.2276 best 1.8505@ep86 pat 20 (658s)
  [Data_05] ep 107 val 2.5701 best 1.8505@ep86 pat 21 (664s)
  [Data_05] ep 108 val 2.4656 best 1.8505@ep86 pat 22 (670s)
  [Data_05] ep 109 val 2.3813 best 1.8505@ep86 pat 23 (676s)
  [Data_05] ep 110 val 2.1723 best 1.8505@ep86 pat 24 (682s)
  [Data_05] ep 111 val 2.9754 best 1.8505@ep86 pat 25 (688s)
  [Data_05] ep 112 val 2.0143 best 1.8505@ep86 pat 26 (694s)
  [Data_05] ep 113 val 1.8615 best 1.8505@ep86 pat 27 (700s)
  [Data_05] ep 114 val 2.0372 best 1.8505@ep86 pat 28 (706s)
  [Data_05] ep 115 val 2.1710 best 1.8505@ep86 pat 29 (712s)
  [Data_05] ep 116 val 2.6781 best 1.8505@ep86 pat 30 (718s)
  [Data_05] ep 117 val 2.0060 best 1.8505@ep86 pat 31 (723s)
  [Data_05] ep 118 val 2.3704 best 1.8505@ep86 pat 32 (729s)
  [Data_05] ep 119 val 2.3400 best 1.8505@ep86 pat 33 (735s)
  [Data_05] ep 120 val 2.2105 best 1.8505@ep86 pat 34 (741s)
  [Data_05] ep 121 val 2.1864 best 1.8505@ep86 pat 35 (747s)
  [Data_05] ep 122 val 2.1344 best 1.8505@ep86 pat 36 (753s)
  [Data_05] ep 123 val 2.5757 best 1.8505@ep86 pat 37 (759s)
  [Data_05] ep 124 val 2.4615 best 1.8505@ep86 pat 38 (765s)
  [Data_05] ep 125 val 2.1374 best 1.8505@ep86 pat 39 (771s)
  [Data_05] ep 126 val 2.2587 best 1.8505@ep86 pat 40 (777s)
  [Data_05] NEWBEST ep127 val=1.8044 test=0.7867
  [Data_05] ep 127 val 1.8044 best 1.8044@ep127 pat 0 (783s)
  [Data_05] ep 128 val 2.3489 best 1.8044@ep127 pat 1 (789s)
  [Data_05] ep 129 val 2.4016 best 1.8044@ep127 pat 2 (794s)
  [Data_05] ep 130 val 2.1982 best 1.8044@ep127 pat 3 (800s)
  [Data_05] ep 131 val 2.6065 best 1.8044@ep127 pat 4 (806s)
  [Data_05] ep 132 val 2.5155 best 1.8044@ep127 pat 5 (813s)
  [Data_05] ep 133 val 2.3866 best 1.8044@ep127 pat 6 (819s)
  [Data_05] ep 134 val 2.0176 best 1.8044@ep127 pat 7 (825s)
  [Data_05] ep 135 val 2.3257 best 1.8044@ep127 pat 8 (831s)
  [Data_05] ep 136 val 2.5744 best 1.8044@ep127 pat 9 (837s)
  [Data_05] ep 137 val 2.3214 best 1.8044@ep127 pat 10 (843s)
  [Data_05] ep 138 val 2.2464 best 1.8044@ep127 pat 11 (849s)
  [Data_05] ep 139 val 2.2193 best 1.8044@ep127 pat 12 (855s)
  [Data_05] ep 140 val 2.1484 best 1.8044@ep127 pat 13 (860s)
  [Data_05] ep 141 val 2.4833 best 1.8044@ep127 pat 14 (866s)
  [Data_05] ep 142 val 2.5181 best 1.8044@ep127 pat 15 (872s)
  [Data_05] ep 143 val 2.6550 best 1.8044@ep127 pat 16 (878s)
  [Data_05] ep 144 val 2.5170 best 1.8044@ep127 pat 17 (884s)
  [Data_05] ep 145 val 2.5922 best 1.8044@ep127 pat 18 (890s)
  [Data_05] ep 146 val 2.4084 best 1.8044@ep127 pat 19 (896s)
  [Data_05] ep 147 val 2.4704 best 1.8044@ep127 pat 20 (902s)
  [Data_05] ep 148 val 2.4491 best 1.8044@ep127 pat 21 (908s)
  [Data_05] ep 149 val 2.4532 best 1.8044@ep127 pat 22 (914s)
  [Data_05] ep 150 val 2.5360 best 1.8044@ep127 pat 23 (920s)
  [Data_05] ep 151 val 2.5808 best 1.8044@ep127 pat 24 (926s)
  [Data_05] ep 152 val 2.4980 best 1.8044@ep127 pat 25 (931s)
  [Data_05] ep 153 val 2.6021 best 1.8044@ep127 pat 26 (937s)
  [Data_05] ep 154 val 2.4872 best 1.8044@ep127 pat 27 (943s)
  [Data_05] ep 155 val 2.1467 best 1.8044@ep127 pat 28 (949s)
  [Data_05] ep 156 val 2.0664 best 1.8044@ep127 pat 29 (955s)
  [Data_05] ep 157 val 2.6014 best 1.8044@ep127 pat 30 (961s)
  [Data_05] ep 158 val 2.5695 best 1.8044@ep127 pat 31 (967s)
  [Data_05] ep 159 val 2.8423 best 1.8044@ep127 pat 32 (973s)
  [Data_05] ep 160 val 2.6602 best 1.8044@ep127 pat 33 (979s)
  [Data_05] ep 161 val 2.6013 best 1.8044@ep127 pat 34 (984s)
  [Data_05] ep 162 val 2.6056 best 1.8044@ep127 pat 35 (990s)
  [Data_05] ep 163 val 2.4976 best 1.8044@ep127 pat 36 (996s)
  [Data_05] ep 164 val 2.5654 best 1.8044@ep127 pat 37 (1002s)
  [Data_05] ep 165 val 2.3662 best 1.8044@ep127 pat 38 (1009s)
  [Data_05] ep 166 val 2.3937 best 1.8044@ep127 pat 39 (1015s)
  [Data_05] ep 167 val 2.5904 best 1.8044@ep127 pat 40 (1021s)
  [Data_05] ep 168 val 2.0964 best 1.8044@ep127 pat 41 (1027s)
  [Data_05] ep 169 val 2.2691 best 1.8044@ep127 pat 42 (1033s)
  [Data_05] ep 170 val 2.6249 best 1.8044@ep127 pat 43 (1039s)
  [Data_05] ep 171 val 2.2219 best 1.8044@ep127 pat 44 (1045s)
  [Data_05] ep 172 val 2.3119 best 1.8044@ep127 pat 45 (1051s)
  [Data_05] ep 173 val 2.1553 best 1.8044@ep127 pat 46 (1057s)
  [Data_05] ep 174 val 2.2681 best 1.8044@ep127 pat 47 (1063s)
  [Data_05] ep 175 val 2.6989 best 1.8044@ep127 pat 48 (1069s)
  [Data_05] ep 176 val 2.9974 best 1.8044@ep127 pat 49 (1075s)
  [Data_05] ep 177 val 2.9161 best 1.8044@ep127 pat 50 (1081s)
  [Data_05] EARLYSTOP ep177 best 1.8044@ep127
*** Data_05 test MAE 0.787 (1081s)
==== Data_05 DONE
