command: python -m hingesense.trainer --out results/raw/ablation_no_symmetry_augmentation --target Data_02 --seed 2027 --epochs 300 --patience 50 --ablation no_symmetry_augmentation
UserWarning: Can't initialize NVML
os: Linux-6.8.0-138-generic-x86_64-with-glibc2.35
cpu: Intel(R) Xeon(R) Platinum 8480C x224, ram 1007.5 GB
gpu: NVIDIA H100 (driver 580.173.02)
python 3.11.15, torch 2.12.0+cu130, cuda 13.0
channel mask top40 = [6, 7, 8, 9, 10, 11, 12, 13, 14, 21, 22, 25, 26, 27, 28, 34, 38, 41, 46, 48, 53, 57, 59, 61, 62, 64, 67, 69, 71, 72, 74, 76, 77, 78, 80, 81, 83, 84, 85, 98]
=== Data_02 seed=2027 epochs=300 patience=50 ablation=no_symmetry_augmentation channels=120 dev=cuda:0 ===
pool=14 folds (flips=False)
  [Data_02] cond=noload sources=13
  [Data_02] NEWBEST ep0 val=1.4154 test=1.2540
  [Data_02] ep 0 val 1.4154 best 1.4154@ep0 pat 0 (6s)
  [Data_02] NEWBEST ep1 val=0.9115 test=0.9845
  [Data_02] ep 1 val 0.9115 best 0.9115@ep1 pat 0 (12s)
  [Data_02] NEWBEST ep2 val=0.8092 test=0.8071
  [Data_02] ep 2 val 0.8092 best 0.8092@ep2 pat 0 (18s)
  [Data_02] ep 3 val 0.8476 best 0.8092@ep2 pat 1 (23s)
  [Data_02] ep 4 val 0.9190 best 0.8092@ep2 pat 2 (29s)
  [Data_02] ep 5 val 0.9741 best 0.8092@ep2 pat 3 (36s)
  [Data_02] ep 6 val 1.0652 best 0.8092@ep2 pat 4 (42s)
  [Data_02] ep 7 val 0.8745 best 0.8092@ep2 pat 5 (48s)
  [Data_02] ep 8 val 0.9912 best 0.8092@ep2 pat 6 (55s)
  [Data_02] ep 9 val 0.9386 best 0.8092@ep2 pat 7 (61s)
  [Data_02] ep 10 val 0.9041 best 0.8092@ep2 pat 8 (68s)
  [Data_02] ep 11 val 1.0685 best 0.8092@ep2 pat 9 (74s)
  [Data_02] ep 12 val 0.9976 best 0.8092@ep2 pat 10 (80s)
  [Data_02] ep 13 val 0.9497 best 0.8092@ep2 pat 11 (87s)
  [Data_02] ep 14 val 0.9142 best 0.8092@ep2 pat 12 (93s)
  [Data_02] ep 15 val 0.9111 best 0.8092@ep2 pat 13 (99s)
  [Data_02] ep 16 val 0.9423 best 0.8092@ep2 pat 14 (106s)
  [Data_02] ep 17 val 0.9187 best 0.8092@ep2 pat 15 (112s)
  [Data_02] ep 18 val 0.9062 best 0.8092@ep2 pat 16 (118s)
  [Data_02] ep 19 val 0.9093 best 0.8092@ep2 pat 17 (125s)
  [Data_02] ep 20 val 0.8789 best 0.8092@ep2 pat 18 (131s)
  [Data_02] ep 21 val 0.8666 best 0.8092@ep2 pat 19 (137s)
  [Data_02] ep 22 val 0.9150 best 0.8092@ep2 pat 20 (144s)
  [Data_02] ep 23 val 0.9773 best 0.8092@ep2 pat 21 (150s)
  [Data_02] ep 24 val 0.9711 best 0.8092@ep2 pat 22 (157s)
  [Data_02] ep 25 val 0.9869 best 0.8092@ep2 pat 23 (163s)
  [Data_02] ep 26 val 0.9704 best 0.8092@ep2 pat 24 (170s)
  [Data_02] ep 27 val 0.9597 best 0.8092@ep2 pat 25 (176s)
  [Data_02] ep 28 val 0.9238 best 0.8092@ep2 pat 26 (183s)
  [Data_02] ep 29 val 1.0469 best 0.8092@ep2 pat 27 (189s)
  [Data_02] ep 30 val 1.0199 best 0.8092@ep2 pat 28 (195s)
  [Data_02] ep 31 val 0.9291 best 0.8092@ep2 pat 29 (202s)
  [Data_02] ep 32 val 0.9893 best 0.8092@ep2 pat 30 (209s)
  [Data_02] ep 33 val 0.9143 best 0.8092@ep2 pat 31 (215s)
  [Data_02] ep 34 val 0.8533 best 0.8092@ep2 pat 32 (222s)
  [Data_02] ep 35 val 0.8125 best 0.8092@ep2 pat 33 (228s)
  [Data_02] ep 36 val 1.0535 best 0.8092@ep2 pat 34 (235s)
  [Data_02] ep 37 val 1.1520 best 0.8092@ep2 pat 35 (241s)
  [Data_02] ep 38 val 0.8951 best 0.8092@ep2 pat 36 (248s)
  [Data_02] ep 39 val 0.8927 best 0.8092@ep2 pat 37 (254s)
  [Data_02] ep 40 val 0.9387 best 0.8092@ep2 pat 38 (261s)
  [Data_02] ep 41 val 0.9198 best 0.8092@ep2 pat 39 (268s)
  [Data_02] ep 42 val 0.8401 best 0.8092@ep2 pat 40 (274s)
  [Data_02] NEWBEST ep43 val=0.7848 test=0.9975
  [Data_02] ep 43 val 0.7848 best 0.7848@ep43 pat 0 (281s)
  [Data_02] ep 44 val 0.8034 best 0.7848@ep43 pat 1 (287s)
  [Data_02] ep 45 val 0.8852 best 0.7848@ep43 pat 2 (293s)
  [Data_02] ep 46 val 0.8733 best 0.7848@ep43 pat 3 (300s)
  [Data_02] ep 47 val 0.8521 best 0.7848@ep43 pat 4 (306s)
  [Data_02] ep 48 val 0.8597 best 0.7848@ep43 pat 5 (313s)
  [Data_02] ep 49 val 0.8104 best 0.7848@ep43 pat 6 (319s)
  [Data_02] ep 50 val 0.8432 best 0.7848@ep43 pat 7 (326s)
  [Data_02] ep 51 val 0.8482 best 0.7848@ep43 pat 8 (332s)
  [Data_02] ep 52 val 0.9593 best 0.7848@ep43 pat 9 (339s)
  [Data_02] NEWBEST ep53 val=0.7468 test=0.9134
  [Data_02] ep 53 val 0.7468 best 0.7468@ep53 pat 0 (345s)
  [Data_02] ep 54 val 0.8291 best 0.7468@ep53 pat 1 (351s)
  [Data_02] ep 55 val 0.8312 best 0.7468@ep53 pat 2 (358s)
  [Data_02] ep 56 val 0.8180 best 0.7468@ep53 pat 3 (364s)
  [Data_02] ep 57 val 0.8506 best 0.7468@ep53 pat 4 (370s)
  [Data_02] ep 58 val 0.8929 best 0.7468@ep53 pat 5 (377s)
  [Data_02] ep 59 val 0.9128 best 0.7468@ep53 pat 6 (383s)
  [Data_02] ep 60 val 0.8506 best 0.7468@ep53 pat 7 (389s)
  [Data_02] ep 61 val 0.8739 best 0.7468@ep53 pat 8 (395s)
  [Data_02] ep 62 val 0.8304 best 0.7468@ep53 pat 9 (401s)
  [Data_02] ep 63 val 0.7969 best 0.7468@ep53 pat 10 (406s)
  [Data_02] ep 64 val 0.8052 best 0.7468@ep53 pat 11 (412s)
  [Data_02] ep 65 val 0.8984 best 0.7468@ep53 pat 12 (418s)
  [Data_02] ep 66 val 0.8206 best 0.7468@ep53 pat 13 (424s)
  [Data_02] ep 67 val 0.7838 best 0.7468@ep53 pat 14 (430s)
  [Data_02] ep 68 val 0.7783 best 0.7468@ep53 pat 15 (436s)
  [Data_02] ep 69 val 0.7943 best 0.7468@ep53 pat 16 (441s)
  [Data_02] ep 70 val 0.9318 best 0.7468@ep53 pat 17 (447s)
  [Data_02] ep 71 val 0.8535 best 0.7468@ep53 pat 18 (453s)
  [Data_02] ep 72 val 0.8156 best 0.7468@ep53 pat 19 (459s)
  [Data_02] ep 73 val 0.7550 best 0.7468@ep53 pat 20 (465s)
  [Data_02] ep 74 val 0.7877 best 0.7468@ep53 pat 21 (471s)
  [Data_02] ep 75 val 0.7766 best 0.7468@ep53 pat 22 (477s)
  [Data_02] ep 76 val 0.7785 best 0.7468@ep53 pat 23 (483s)
  [Data_02] ep 77 val 0.7603 best 0.7468@ep53 pat 24 (489s)
  [Data_02] ep 78 val 0.8367 best 0.7468@ep53 pat 25 (495s)
  [Data_02] ep 79 val 0.8538 best 0.7468@ep53 pat 26 (501s)
  [Data_02] ep 80 val 0.8520 best 0.7468@ep53 pat 27 (507s)
  [Data_02] ep 81 val 0.9082 best 0.7468@ep53 pat 28 (513s)
  [Data_02] ep 82 val 0.8002 best 0.7468@ep53 pat 29 (519s)
  [Data_02] ep 83 val 0.7654 best 0.7468@ep53 pat 30 (525s)
  [Data_02] ep 84 val 0.7796 best 0.7468@ep53 pat 31 (531s)
  [Data_02] ep 85 val 0.7632 best 0.7468@ep53 pat 32 (537s)
  [Data_02] NEWBEST ep86 val=0.7156 test=0.8768
  [Data_02] ep 86 val 0.7156 best 0.7156@ep86 pat 0 (543s)
  [Data_02] NEWBEST ep87 val=0.7056 test=0.7909
  [Data_02] ep 87 val 0.7056 best 0.7056@ep87 pat 0 (549s)
  [Data_02] ep 88 val 0.7448 best 0.7056@ep87 pat 1 (555s)
  [Data_02] ep 89 val 0.7757 best 0.7056@ep87 pat 2 (561s)
  [Data_02] ep 90 val 0.8807 best 0.7056@ep87 pat 3 (567s)
  [Data_02] NEWBEST ep91 val=0.7000 test=0.7679
  [Data_02] ep 91 val 0.7000 best 0.7000@ep91 pat 0 (573s)
  [Data_02] NEWBEST ep92 val=0.6960 test=0.8063
  [Data_02] ep 92 val 0.6960 best 0.6960@ep92 pat 0 (579s)
  [Data_02] ep 93 val 0.7490 best 0.6960@ep92 pat 1 (585s)
  [Data_02] ep 94 val 0.8170 best 0.6960@ep92 pat 2 (591s)
  [Data_02] ep 95 val 0.8072 best 0.6960@ep92 pat 3 (597s)
  [Data_02] ep 96 val 0.8841 best 0.6960@ep92 pat 4 (603s)
  [Data_02] ep 97 val 0.7911 best 0.6960@ep92 pat 5 (609s)
  [Data_02] ep 98 val 0.8149 best 0.6960@ep92 pat 6 (615s)
  [Data_02] ep 99 val 0.7604 best 0.6960@ep92 pat 7 (621s)
  [Data_02] ep 100 val 0.7661 best 0.6960@ep92 pat 8 (627s)
  [Data_02] ep 101 val 0.7292 best 0.6960@ep92 pat 9 (633s)
  [Data_02] ep 102 val 0.7577 best 0.6960@ep92 pat 10 (639s)
  [Data_02] ep 103 val 0.7557 best 0.6960@ep92 pat 11 (645s)
  [Data_02] ep 104 val 0.7885 best 0.6960@ep92 pat 12 (651s)
  [Data_02] ep 105 val 0.7109 best 0.6960@ep92 pat 13 (657s)
  [Data_02] ep 106 val 0.7059 best 0.6960@ep92 pat 14 (663s)
  [Data_02] ep 107 val 0.7420 best 0.6960@ep92 pat 15 (668s)
  [Data_02] ep 108 val 0.7964 best 0.6960@ep92 pat 16 (674s)
  [Data_02] ep 109 val 0.7691 best 0.6960@ep92 pat 17 (680s)
  [Data_02] ep 110 val 0.7182 best 0.6960@ep92 pat 18 (686s)
  [Data_02] ep 111 val 0.7262 best 0.6960@ep92 pat 19 (692s)
  [Data_02] ep 112 val 0.8011 best 0.6960@ep92 pat 20 (698s)
  [Data_02] ep 113 val 0.8204 best 0.6960@ep92 pat 21 (704s)
  [Data_02] ep 114 val 0.7958 best 0.6960@ep92 pat 22 (710s)
  [Data_02] ep 115 val 0.7972 best 0.6960@ep92 pat 23 (716s)
  [Data_02] ep 116 val 0.7728 best 0.6960@ep92 pat 24 (722s)
  [Data_02] ep 117 val 0.8216 best 0.6960@ep92 pat 25 (728s)
  [Data_02] ep 118 val 0.8797 best 0.6960@ep92 pat 26 (734s)
  [Data_02] ep 119 val 0.8047 best 0.6960@ep92 pat 27 (740s)
  [Data_02] ep 120 val 0.7352 best 0.6960@ep92 pat 28 (746s)
  [Data_02] ep 121 val 0.8047 best 0.6960@ep92 pat 29 (752s)
  [Data_02] ep 122 val 0.7904 best 0.6960@ep92 pat 30 (758s)
  [Data_02] ep 123 val 0.7638 best 0.6960@ep92 pat 31 (764s)
  [Data_02] ep 124 val 0.7299 best 0.6960@ep92 pat 32 (770s)
  [Data_02] ep 125 val 0.8420 best 0.6960@ep92 pat 33 (776s)
  [Data_02] ep 126 val 0.8112 best 0.6960@ep92 pat 34 (782s)
  [Data_02] ep 127 val 0.8445 best 0.6960@ep92 pat 35 (788s)
  [Data_02] ep 128 val 0.8186 best 0.6960@ep92 pat 36 (794s)
  [Data_02] ep 129 val 0.8981 best 0.6960@ep92 pat 37 (800s)
  [Data_02] ep 130 val 0.8798 best 0.6960@ep92 pat 38 (805s)
  [Data_02] ep 131 val 0.8293 best 0.6960@ep92 pat 39 (811s)
  [Data_02] ep 132 val 0.8630 best 0.6960@ep92 pat 40 (817s)
  [Data_02] ep 133 val 0.8038 best 0.6960@ep92 pat 41 (823s)
  [Data_02] ep 134 val 0.7620 best 0.6960@ep92 pat 42 (829s)
  [Data_02] ep 135 val 0.8534 best 0.6960@ep92 pat 43 (835s)
  [Data_02] ep 136 val 0.8654 best 0.6960@ep92 pat 44 (841s)
  [Data_02] ep 137 val 0.8486 best 0.6960@ep92 pat 45 (847s)
  [Data_02] ep 138 val 0.7488 best 0.6960@ep92 pat 46 (853s)
  [Data_02] ep 139 val 0.7450 best 0.6960@ep92 pat 47 (859s)
  [Data_02] ep 140 val 0.8401 best 0.6960@ep92 pat 48 (865s)
  [Data_02] ep 141 val 0.7660 best 0.6960@ep92 pat 49 (871s)
  [Data_02] ep 142 val 0.7451 best 0.6960@ep92 pat 50 (877s)
  [Data_02] EARLYSTOP ep142 best 0.6960@ep92
*** Data_02 test MAE 0.806 (877s)
==== Data_02 DONE
