command: python -m hingesense.trainer --out results/raw/ablation_no_symmetry_augmentation --target Data_04 --seed 2027 --epochs 300 --patience 50 --ablation no_symmetry_augmentation
UserWarning: Can't initialize NVML
os: Linux-6.8.0-138-generic-x86_64-with-glibc2.35
cpu: Intel(R) Xeon(R) Platinum 8480C x224, ram 1007.5 GB
gpu: NVIDIA H100 (driver 580.173.02)
python 3.11.15, torch 2.12.0+cu130, cuda 13.0
channel mask top40 = [6, 7, 8, 9, 10, 11, 12, 13, 14, 21, 22, 25, 26, 27, 28, 34, 38, 41, 46, 48, 53, 57, 59, 61, 62, 64, 67, 69, 71, 72, 74, 76, 77, 78, 80, 81, 83, 84, 85, 98]
=== Data_04 seed=2027 epochs=300 patience=50 ablation=no_symmetry_augmentation channels=120 dev=cuda:0 ===
pool=14 folds (flips=False)
  [Data_04] cond=noload sources=13
  [Data_04] NEWBEST ep0 val=0.2905 test=0.2704
  [Data_04] ep 0 val 0.2905 best 0.2905@ep0 pat 0 (6s)
  [Data_04] NEWBEST ep1 val=0.2224 test=0.2629
  [Data_04] ep 1 val 0.2224 best 0.2224@ep1 pat 0 (12s)
  [Data_04] ep 2 val 0.2933 best 0.2224@ep1 pat 1 (18s)
  [Data_04] ep 3 val 0.3138 best 0.2224@ep1 pat 2 (24s)
  [Data_04] ep 4 val 0.3030 best 0.2224@ep1 pat 3 (30s)
  [Data_04] ep 5 val 0.2247 best 0.2224@ep1 pat 4 (37s)
  [Data_04] ep 6 val 0.2416 best 0.2224@ep1 pat 5 (43s)
  [Data_04] ep 7 val 0.2649 best 0.2224@ep1 pat 6 (49s)
  [Data_04] NEWBEST ep8 val=0.2178 test=0.2187
  [Data_04] ep 8 val 0.2178 best 0.2178@ep8 pat 0 (56s)
  [Data_04] ep 9 val 0.2548 best 0.2178@ep8 pat 1 (62s)
  [Data_04] ep 10 val 0.3286 best 0.2178@ep8 pat 2 (69s)
  [Data_04] ep 11 val 0.2646 best 0.2178@ep8 pat 3 (75s)
  [Data_04] ep 12 val 0.2357 best 0.2178@ep8 pat 4 (82s)
  [Data_04] ep 13 val 0.2445 best 0.2178@ep8 pat 5 (88s)
  [Data_04] ep 14 val 0.2784 best 0.2178@ep8 pat 6 (94s)
  [Data_04] ep 15 val 0.2922 best 0.2178@ep8 pat 7 (101s)
  [Data_04] ep 16 val 0.2492 best 0.2178@ep8 pat 8 (107s)
  [Data_04] ep 17 val 0.2817 best 0.2178@ep8 pat 9 (114s)
  [Data_04] ep 18 val 0.2691 best 0.2178@ep8 pat 10 (120s)
  [Data_04] ep 19 val 0.2664 best 0.2178@ep8 pat 11 (126s)
  [Data_04] ep 20 val 0.2751 best 0.2178@ep8 pat 12 (133s)
  [Data_04] ep 21 val 0.2702 best 0.2178@ep8 pat 13 (140s)
  [Data_04] ep 22 val 0.3002 best 0.2178@ep8 pat 14 (146s)
  [Data_04] ep 23 val 0.2810 best 0.2178@ep8 pat 15 (153s)
  [Data_04] ep 24 val 0.3259 best 0.2178@ep8 pat 16 (159s)
  [Data_04] ep 25 val 0.2896 best 0.2178@ep8 pat 17 (166s)
  [Data_04] ep 26 val 0.3133 best 0.2178@ep8 pat 18 (172s)
  [Data_04] ep 27 val 0.3164 best 0.2178@ep8 pat 19 (178s)
  [Data_04] ep 28 val 0.3131 best 0.2178@ep8 pat 20 (185s)
  [Data_04] ep 29 val 0.3036 best 0.2178@ep8 pat 21 (192s)
  [Data_04] ep 30 val 0.3317 best 0.2178@ep8 pat 22 (198s)
  [Data_04] ep 31 val 0.3633 best 0.2178@ep8 pat 23 (205s)
  [Data_04] ep 32 val 0.3083 best 0.2178@ep8 pat 24 (211s)
  [Data_04] ep 33 val 0.3525 best 0.2178@ep8 pat 25 (218s)
  [Data_04] ep 34 val 0.3529 best 0.2178@ep8 pat 26 (225s)
  [Data_04] ep 35 val 0.3025 best 0.2178@ep8 pat 27 (231s)
  [Data_04] ep 36 val 0.3159 best 0.2178@ep8 pat 28 (238s)
  [Data_04] ep 37 val 0.3675 best 0.2178@ep8 pat 29 (244s)
  [Data_04] ep 38 val 0.3324 best 0.2178@ep8 pat 30 (251s)
  [Data_04] ep 39 val 0.3251 best 0.2178@ep8 pat 31 (258s)
  [Data_04] ep 40 val 0.3456 best 0.2178@ep8 pat 32 (264s)
  [Data_04] ep 41 val 0.3245 best 0.2178@ep8 pat 33 (271s)
  [Data_04] ep 42 val 0.3224 best 0.2178@ep8 pat 34 (277s)
  [Data_04] ep 43 val 0.3431 best 0.2178@ep8 pat 35 (284s)
  [Data_04] ep 44 val 0.3519 best 0.2178@ep8 pat 36 (290s)
  [Data_04] ep 45 val 0.3167 best 0.2178@ep8 pat 37 (297s)
  [Data_04] ep 46 val 0.3419 best 0.2178@ep8 pat 38 (303s)
  [Data_04] ep 47 val 0.3453 best 0.2178@ep8 pat 39 (309s)
  [Data_04] ep 48 val 0.3377 best 0.2178@ep8 pat 40 (316s)
  [Data_04] ep 49 val 0.3198 best 0.2178@ep8 pat 41 (322s)
  [Data_04] ep 50 val 0.3455 best 0.2178@ep8 pat 42 (329s)
  [Data_04] ep 51 val 0.3144 best 0.2178@ep8 pat 43 (335s)
  [Data_04] ep 52 val 0.3045 best 0.2178@ep8 pat 44 (342s)
  [Data_04] ep 53 val 0.3011 best 0.2178@ep8 pat 45 (348s)
  [Data_04] ep 54 val 0.3437 best 0.2178@ep8 pat 46 (354s)
  [Data_04] ep 55 val 0.3038 best 0.2178@ep8 pat 47 (361s)
  [Data_04] ep 56 val 0.2978 best 0.2178@ep8 pat 48 (367s)
  [Data_04] ep 57 val 0.3256 best 0.2178@ep8 pat 49 (373s)
  [Data_04] ep 58 val 0.2969 best 0.2178@ep8 pat 50 (379s)
  [Data_04] EARLYSTOP ep58 best 0.2178@ep8
*** Data_04 test MAE 0.219 (379s)
==== Data_04 DONE
