command: python -m hingesense.trainer --out results/raw/ablation_no_symmetry_augmentation --target Data_03 --seed 2027 --epochs 300 --patience 50 --ablation no_symmetry_augmentation
UserWarning: Can't initialize NVML
os: Linux-6.8.0-138-generic-x86_64-with-glibc2.35
cpu: Intel(R) Xeon(R) Platinum 8480C x224, ram 1007.5 GB
gpu: NVIDIA H100 (driver 580.173.02)
python 3.11.15, torch 2.12.0+cu130, cuda 13.0
channel mask top40 = [6, 7, 8, 9, 10, 11, 12, 13, 14, 21, 22, 25, 26, 27, 28, 34, 38, 41, 46, 48, 53, 57, 59, 61, 62, 64, 67, 69, 71, 72, 74, 76, 77, 78, 80, 81, 83, 84, 85, 98]
=== Data_03 seed=2027 epochs=300 patience=50 ablation=no_symmetry_augmentation channels=120 dev=cuda:0 ===
pool=14 folds (flips=False)
  [Data_03] cond=noload sources=13
  [Data_03] NEWBEST ep0 val=0.5469 test=0.3066
  [Data_03] ep 0 val 0.5469 best 0.5469@ep0 pat 0 (7s)
  [Data_03] NEWBEST ep1 val=0.5318 test=0.2348
  [Data_03] ep 1 val 0.5318 best 0.5318@ep1 pat 0 (12s)
  [Data_03] NEWBEST ep2 val=0.4322 test=0.1594
  [Data_03] ep 2 val 0.4322 best 0.4322@ep2 pat 0 (18s)
  [Data_03] NEWBEST ep3 val=0.3399 test=0.1372
  [Data_03] ep 3 val 0.3399 best 0.3399@ep3 pat 0 (24s)
  [Data_03] ep 4 val 0.3922 best 0.3399@ep3 pat 1 (31s)
  [Data_03] ep 5 val 0.4456 best 0.3399@ep3 pat 2 (36s)
  [Data_03] ep 6 val 0.4000 best 0.3399@ep3 pat 3 (42s)
  [Data_03] ep 7 val 0.3785 best 0.3399@ep3 pat 4 (49s)
  [Data_03] ep 8 val 0.3679 best 0.3399@ep3 pat 5 (55s)
  [Data_03] ep 9 val 0.3503 best 0.3399@ep3 pat 6 (62s)
  [Data_03] NEWBEST ep10 val=0.3351 test=0.1398
  [Data_03] ep 10 val 0.3351 best 0.3351@ep10 pat 0 (68s)
  [Data_03] ep 11 val 0.4320 best 0.3351@ep10 pat 1 (74s)
  [Data_03] ep 12 val 0.3408 best 0.3351@ep10 pat 2 (81s)
  [Data_03] ep 13 val 0.4230 best 0.3351@ep10 pat 3 (87s)
  [Data_03] ep 14 val 0.3548 best 0.3351@ep10 pat 4 (93s)
  [Data_03] ep 15 val 0.3513 best 0.3351@ep10 pat 5 (100s)
  [Data_03] ep 16 val 0.3430 best 0.3351@ep10 pat 6 (106s)
  [Data_03] NEWBEST ep17 val=0.3179 test=0.1474
  [Data_03] ep 17 val 0.3179 best 0.3179@ep17 pat 0 (112s)
  [Data_03] ep 18 val 0.3346 best 0.3179@ep17 pat 1 (119s)
  [Data_03] ep 19 val 0.3477 best 0.3179@ep17 pat 2 (125s)
  [Data_03] ep 20 val 0.3676 best 0.3179@ep17 pat 3 (132s)
  [Data_03] NEWBEST ep21 val=0.2750 test=0.1368
  [Data_03] ep 21 val 0.2750 best 0.2750@ep21 pat 0 (138s)
  [Data_03] ep 22 val 0.3264 best 0.2750@ep21 pat 1 (145s)
  [Data_03] ep 23 val 0.3122 best 0.2750@ep21 pat 2 (151s)
  [Data_03] ep 24 val 0.2952 best 0.2750@ep21 pat 3 (158s)
  [Data_03] ep 25 val 0.2870 best 0.2750@ep21 pat 4 (164s)
  [Data_03] ep 26 val 0.3113 best 0.2750@ep21 pat 5 (171s)
  [Data_03] NEWBEST ep27 val=0.2672 test=0.1319
  [Data_03] ep 27 val 0.2672 best 0.2672@ep27 pat 0 (177s)
  [Data_03] ep 28 val 0.2674 best 0.2672@ep27 pat 1 (184s)
  [Data_03] ep 29 val 0.3080 best 0.2672@ep27 pat 2 (190s)
  [Data_03] ep 30 val 0.3332 best 0.2672@ep27 pat 3 (197s)
  [Data_03] ep 31 val 0.3247 best 0.2672@ep27 pat 4 (203s)
  [Data_03] ep 32 val 0.3090 best 0.2672@ep27 pat 5 (210s)
  [Data_03] ep 33 val 0.2908 best 0.2672@ep27 pat 6 (216s)
  [Data_03] ep 34 val 0.2811 best 0.2672@ep27 pat 7 (222s)
  [Data_03] ep 35 val 0.3201 best 0.2672@ep27 pat 8 (229s)
  [Data_03] ep 36 val 0.3116 best 0.2672@ep27 pat 9 (235s)
  [Data_03] ep 37 val 0.3178 best 0.2672@ep27 pat 10 (242s)
  [Data_03] ep 38 val 0.3358 best 0.2672@ep27 pat 11 (249s)
  [Data_03] ep 39 val 0.2979 best 0.2672@ep27 pat 12 (255s)
  [Data_03] ep 40 val 0.2697 best 0.2672@ep27 pat 13 (261s)
  [Data_03] ep 41 val 0.2754 best 0.2672@ep27 pat 14 (268s)
  [Data_03] ep 42 val 0.2755 best 0.2672@ep27 pat 15 (275s)
  [Data_03] ep 43 val 0.3282 best 0.2672@ep27 pat 16 (281s)
  [Data_03] ep 44 val 0.3127 best 0.2672@ep27 pat 17 (288s)
  [Data_03] ep 45 val 0.2728 best 0.2672@ep27 pat 18 (294s)
  [Data_03] ep 46 val 0.2696 best 0.2672@ep27 pat 19 (301s)
  [Data_03] ep 47 val 0.2782 best 0.2672@ep27 pat 20 (307s)
  [Data_03] ep 48 val 0.2741 best 0.2672@ep27 pat 21 (313s)
  [Data_03] ep 49 val 0.2696 best 0.2672@ep27 pat 22 (320s)
  [Data_03] NEWBEST ep50 val=0.2647 test=0.1048
  [Data_03] ep 50 val 0.2647 best 0.2647@ep50 pat 0 (326s)
  [Data_03] NEWBEST ep51 val=0.2643 test=0.1064
  [Data_03] ep 51 val 0.2643 best 0.2643@ep51 pat 0 (332s)
  [Data_03] ep 52 val 0.3086 best 0.2643@ep51 pat 1 (339s)
  [Data_03] ep 53 val 0.2917 best 0.2643@ep51 pat 2 (345s)
  [Data_03] NEWBEST ep54 val=0.2597 test=0.1068
  [Data_03] ep 54 val 0.2597 best 0.2597@ep54 pat 0 (351s)
  [Data_03] ep 55 val 0.2618 best 0.2597@ep54 pat 1 (357s)
  [Data_03] NEWBEST ep56 val=0.2555 test=0.0992
  [Data_03] ep 56 val 0.2555 best 0.2555@ep56 pat 0 (363s)
  [Data_03] ep 57 val 0.2792 best 0.2555@ep56 pat 1 (369s)
  [Data_03] NEWBEST ep58 val=0.2490 test=0.0941
  [Data_03] ep 58 val 0.2490 best 0.2490@ep58 pat 0 (375s)
  [Data_03] ep 59 val 0.2985 best 0.2490@ep58 pat 1 (381s)
  [Data_03] ep 60 val 0.2791 best 0.2490@ep58 pat 2 (387s)
  [Data_03] ep 61 val 0.2582 best 0.2490@ep58 pat 3 (394s)
  [Data_03] ep 62 val 0.2893 best 0.2490@ep58 pat 4 (400s)
  [Data_03] ep 63 val 0.2680 best 0.2490@ep58 pat 5 (406s)
  [Data_03] ep 64 val 0.3208 best 0.2490@ep58 pat 6 (412s)
  [Data_03] ep 65 val 0.2739 best 0.2490@ep58 pat 7 (418s)
  [Data_03] NEWBEST ep66 val=0.2256 test=0.0976
  [Data_03] ep 66 val 0.2256 best 0.2256@ep66 pat 0 (424s)
  [Data_03] ep 67 val 0.2956 best 0.2256@ep66 pat 1 (430s)
  [Data_03] ep 68 val 0.2652 best 0.2256@ep66 pat 2 (436s)
  [Data_03] ep 69 val 0.2365 best 0.2256@ep66 pat 3 (442s)
  [Data_03] ep 70 val 0.2968 best 0.2256@ep66 pat 4 (448s)
  [Data_03] ep 71 val 0.2900 best 0.2256@ep66 pat 5 (454s)
  [Data_03] ep 72 val 0.2747 best 0.2256@ep66 pat 6 (460s)
  [Data_03] ep 73 val 0.2834 best 0.2256@ep66 pat 7 (466s)
  [Data_03] ep 74 val 0.2734 best 0.2256@ep66 pat 8 (472s)
  [Data_03] ep 75 val 0.2919 best 0.2256@ep66 pat 9 (478s)
  [Data_03] ep 76 val 0.2612 best 0.2256@ep66 pat 10 (484s)
  [Data_03] ep 77 val 0.2538 best 0.2256@ep66 pat 11 (490s)
  [Data_03] ep 78 val 0.2554 best 0.2256@ep66 pat 12 (496s)
  [Data_03] ep 79 val 0.2827 best 0.2256@ep66 pat 13 (502s)
  [Data_03] ep 80 val 0.2724 best 0.2256@ep66 pat 14 (508s)
  [Data_03] ep 81 val 0.2544 best 0.2256@ep66 pat 15 (514s)
  [Data_03] ep 82 val 0.2563 best 0.2256@ep66 pat 16 (521s)
  [Data_03] ep 83 val 0.2781 best 0.2256@ep66 pat 17 (527s)
  [Data_03] ep 84 val 0.2448 best 0.2256@ep66 pat 18 (533s)
  [Data_03] ep 85 val 0.2618 best 0.2256@ep66 pat 19 (539s)
  [Data_03] ep 86 val 0.2874 best 0.2256@ep66 pat 20 (545s)
  [Data_03] ep 87 val 0.2436 best 0.2256@ep66 pat 21 (551s)
  [Data_03] ep 88 val 0.2324 best 0.2256@ep66 pat 22 (557s)
  [Data_03] ep 89 val 0.2391 best 0.2256@ep66 pat 23 (563s)
  [Data_03] ep 90 val 0.2505 best 0.2256@ep66 pat 24 (569s)
  [Data_03] ep 91 val 0.2509 best 0.2256@ep66 pat 25 (575s)
  [Data_03] ep 92 val 0.2355 best 0.2256@ep66 pat 26 (581s)
  [Data_03] ep 93 val 0.2291 best 0.2256@ep66 pat 27 (587s)
  [Data_03] ep 94 val 0.2690 best 0.2256@ep66 pat 28 (593s)
  [Data_03] ep 95 val 0.2370 best 0.2256@ep66 pat 29 (599s)
  [Data_03] ep 96 val 0.2440 best 0.2256@ep66 pat 30 (605s)
  [Data_03] NEWBEST ep97 val=0.2187 test=0.0912
  [Data_03] ep 97 val 0.2187 best 0.2187@ep97 pat 0 (611s)
  [Data_03] NEWBEST ep98 val=0.2168 test=0.0900
  [Data_03] ep 98 val 0.2168 best 0.2168@ep98 pat 0 (617s)
  [Data_03] ep 99 val 0.2176 best 0.2168@ep98 pat 1 (623s)
  [Data_03] ep 100 val 0.2374 best 0.2168@ep98 pat 2 (629s)
  [Data_03] ep 101 val 0.2320 best 0.2168@ep98 pat 3 (635s)
  [Data_03] ep 102 val 0.2306 best 0.2168@ep98 pat 4 (641s)
  [Data_03] NEWBEST ep103 val=0.2104 test=0.0836
  [Data_03] ep 103 val 0.2104 best 0.2104@ep103 pat 0 (647s)
  [Data_03] ep 104 val 0.2451 best 0.2104@ep103 pat 1 (653s)
  [Data_03] NEWBEST ep105 val=0.1871 test=0.0825
  [Data_03] ep 105 val 0.1871 best 0.1871@ep105 pat 0 (659s)
  [Data_03] ep 106 val 0.2113 best 0.1871@ep105 pat 1 (665s)
  [Data_03] ep 107 val 0.2030 best 0.1871@ep105 pat 2 (671s)
  [Data_03] ep 108 val 0.2443 best 0.1871@ep105 pat 3 (677s)
  [Data_03] ep 109 val 0.2269 best 0.1871@ep105 pat 4 (684s)
  [Data_03] ep 110 val 0.2107 best 0.1871@ep105 pat 5 (690s)
  [Data_03] ep 111 val 0.2050 best 0.1871@ep105 pat 6 (696s)
  [Data_03] ep 112 val 0.2286 best 0.1871@ep105 pat 7 (702s)
  [Data_03] ep 113 val 0.2317 best 0.1871@ep105 pat 8 (708s)
  [Data_03] ep 114 val 0.2469 best 0.1871@ep105 pat 9 (714s)
  [Data_03] ep 115 val 0.2423 best 0.1871@ep105 pat 10 (720s)
  [Data_03] ep 116 val 0.2553 best 0.1871@ep105 pat 11 (726s)
  [Data_03] ep 117 val 0.2669 best 0.1871@ep105 pat 12 (733s)
  [Data_03] ep 118 val 0.2673 best 0.1871@ep105 pat 13 (739s)
  [Data_03] ep 119 val 0.2332 best 0.1871@ep105 pat 14 (745s)
  [Data_03] ep 120 val 0.2331 best 0.1871@ep105 pat 15 (751s)
  [Data_03] ep 121 val 0.2088 best 0.1871@ep105 pat 16 (757s)
  [Data_03] ep 122 val 0.1969 best 0.1871@ep105 pat 17 (763s)
  [Data_03] ep 123 val 0.2037 best 0.1871@ep105 pat 18 (769s)
  [Data_03] ep 124 val 0.1982 best 0.1871@ep105 pat 19 (775s)
  [Data_03] ep 125 val 0.2104 best 0.1871@ep105 pat 20 (781s)
  [Data_03] ep 126 val 0.1973 best 0.1871@ep105 pat 21 (787s)
  [Data_03] ep 127 val 0.2094 best 0.1871@ep105 pat 22 (793s)
  [Data_03] ep 128 val 0.2049 best 0.1871@ep105 pat 23 (800s)
  [Data_03] ep 129 val 0.2533 best 0.1871@ep105 pat 24 (806s)
  [Data_03] ep 130 val 0.2348 best 0.1871@ep105 pat 25 (812s)
  [Data_03] ep 131 val 0.2254 best 0.1871@ep105 pat 26 (818s)
  [Data_03] ep 132 val 0.2028 best 0.1871@ep105 pat 27 (824s)
  [Data_03] ep 133 val 0.2260 best 0.1871@ep105 pat 28 (830s)
  [Data_03] ep 134 val 0.2303 best 0.1871@ep105 pat 29 (836s)
  [Data_03] ep 135 val 0.2458 best 0.1871@ep105 pat 30 (842s)
  [Data_03] ep 136 val 0.2395 best 0.1871@ep105 pat 31 (848s)
  [Data_03] ep 137 val 0.2326 best 0.1871@ep105 pat 32 (854s)
  [Data_03] ep 138 val 0.2217 best 0.1871@ep105 pat 33 (861s)
  [Data_03] ep 139 val 0.2213 best 0.1871@ep105 pat 34 (867s)
  [Data_03] ep 140 val 0.2203 best 0.1871@ep105 pat 35 (873s)
  [Data_03] ep 141 val 0.2271 best 0.1871@ep105 pat 36 (879s)
  [Data_03] ep 142 val 0.2048 best 0.1871@ep105 pat 37 (885s)
  [Data_03] ep 143 val 0.2570 best 0.1871@ep105 pat 38 (891s)
  [Data_03] ep 144 val 0.2222 best 0.1871@ep105 pat 39 (897s)
  [Data_03] ep 145 val 0.2116 best 0.1871@ep105 pat 40 (903s)
  [Data_03] ep 146 val 0.2115 best 0.1871@ep105 pat 41 (909s)
  [Data_03] ep 147 val 0.2189 best 0.1871@ep105 pat 42 (915s)
  [Data_03] ep 148 val 0.2251 best 0.1871@ep105 pat 43 (922s)
  [Data_03] ep 149 val 0.2098 best 0.1871@ep105 pat 44 (928s)
  [Data_03] ep 150 val 0.1980 best 0.1871@ep105 pat 45 (934s)
  [Data_03] ep 151 val 0.2228 best 0.1871@ep105 pat 46 (940s)
  [Data_03] ep 152 val 0.2404 best 0.1871@ep105 pat 47 (946s)
  [Data_03] ep 153 val 0.2235 best 0.1871@ep105 pat 48 (952s)
  [Data_03] ep 154 val 0.2127 best 0.1871@ep105 pat 49 (958s)
  [Data_03] ep 155 val 0.2198 best 0.1871@ep105 pat 50 (964s)
  [Data_03] EARLYSTOP ep155 best 0.1871@ep105
*** Data_03 test MAE 0.083 (964s)
==== Data_03 DONE
