command: python -m hingesense.baselines --method gru --fold Data_11 --out results/raw/baselines/gru --epochs 300 --patience 50
UserWarning: Can't initialize NVML
os: Linux-6.8.0-138-generic-x86_64-with-glibc2.35
cpu: Intel(R) Xeon(R) Platinum 8480C x224, ram 1007.5 GB
gpu: NVIDIA H100 (driver 580.173.02)
python 3.11.15, torch 2.12.0+cu130, cuda 13.0
=== gru Data_11 dev=cuda:0 ===
  [Data_11] gru cond=assembly sources=32
  [Data_11] gru ep 0 val 13.2728 best 13.2728@ep0 pat 0 (4s)
  [Data_11] gru ep 1 val 6.7759 best 6.7759@ep1 pat 0 (11s)
  [Data_11] gru ep 2 val 5.5104 best 5.5104@ep2 pat 0 (23s)
  [Data_11] gru ep 3 val 5.8355 best 5.5104@ep2 pat 1 (36s)
  [Data_11] gru ep 4 val 4.3055 best 4.3055@ep4 pat 0 (49s)
  [Data_11] gru ep 5 val 4.3286 best 4.3055@ep4 pat 1 (62s)
  [Data_11] gru ep 6 val 4.8371 best 4.3055@ep4 pat 2 (74s)
  [Data_11] gru ep 7 val 4.8355 best 4.3055@ep4 pat 3 (87s)
  [Data_11] gru ep 8 val 4.2204 best 4.2204@ep8 pat 0 (100s)
  [Data_11] gru ep 9 val 4.9645 best 4.2204@ep8 pat 1 (113s)
  [Data_11] gru ep 10 val 4.9740 best 4.2204@ep8 pat 2 (126s)
  [Data_11] gru ep 11 val 4.7192 best 4.2204@ep8 pat 3 (138s)
  [Data_11] gru ep 12 val 4.5661 best 4.2204@ep8 pat 4 (151s)
  [Data_11] gru ep 13 val 4.8508 best 4.2204@ep8 pat 5 (164s)
  [Data_11] gru ep 14 val 4.7186 best 4.2204@ep8 pat 6 (177s)
  [Data_11] gru ep 15 val 4.8405 best 4.2204@ep8 pat 7 (189s)
  [Data_11] gru ep 16 val 4.7145 best 4.2204@ep8 pat 8 (202s)
  [Data_11] gru ep 17 val 4.5718 best 4.2204@ep8 pat 9 (215s)
  [Data_11] gru ep 18 val 4.7460 best 4.2204@ep8 pat 10 (228s)
  [Data_11] gru ep 19 val 5.1533 best 4.2204@ep8 pat 11 (241s)
  [Data_11] gru ep 20 val 4.6978 best 4.2204@ep8 pat 12 (254s)
  [Data_11] gru ep 21 val 4.6391 best 4.2204@ep8 pat 13 (266s)
  [Data_11] gru ep 22 val 4.9830 best 4.2204@ep8 pat 14 (279s)
  [Data_11] gru ep 23 val 4.8300 best 4.2204@ep8 pat 15 (292s)
  [Data_11] gru ep 24 val 4.7751 best 4.2204@ep8 pat 16 (305s)
  [Data_11] gru ep 25 val 4.7988 best 4.2204@ep8 pat 17 (318s)
  [Data_11] gru ep 26 val 5.0020 best 4.2204@ep8 pat 18 (330s)
  [Data_11] gru ep 27 val 4.7223 best 4.2204@ep8 pat 19 (343s)
  [Data_11] gru ep 28 val 4.7173 best 4.2204@ep8 pat 20 (356s)
  [Data_11] gru ep 29 val 4.7696 best 4.2204@ep8 pat 21 (369s)
  [Data_11] gru ep 30 val 4.7383 best 4.2204@ep8 pat 22 (382s)
  [Data_11] gru ep 31 val 4.9689 best 4.2204@ep8 pat 23 (395s)
  [Data_11] gru ep 32 val 5.1181 best 4.2204@ep8 pat 24 (408s)
  [Data_11] gru ep 33 val 4.3741 best 4.2204@ep8 pat 25 (420s)
  [Data_11] gru ep 34 val 4.6880 best 4.2204@ep8 pat 26 (433s)
  [Data_11] gru ep 35 val 4.6515 best 4.2204@ep8 pat 27 (446s)
  [Data_11] gru ep 36 val 4.5835 best 4.2204@ep8 pat 28 (459s)
  [Data_11] gru ep 37 val 4.9602 best 4.2204@ep8 pat 29 (471s)
  [Data_11] gru ep 38 val 4.8157 best 4.2204@ep8 pat 30 (484s)
  [Data_11] gru ep 39 val 4.7000 best 4.2204@ep8 pat 31 (497s)
  [Data_11] gru ep 40 val 4.8153 best 4.2204@ep8 pat 32 (510s)
  [Data_11] gru ep 41 val 4.6778 best 4.2204@ep8 pat 33 (523s)
  [Data_11] gru ep 42 val 4.8383 best 4.2204@ep8 pat 34 (535s)
  [Data_11] gru ep 43 val 5.0044 best 4.2204@ep8 pat 35 (548s)
  [Data_11] gru ep 44 val 4.5942 best 4.2204@ep8 pat 36 (561s)
  [Data_11] gru ep 45 val 4.8100 best 4.2204@ep8 pat 37 (574s)
  [Data_11] gru ep 46 val 4.7993 best 4.2204@ep8 pat 38 (587s)
  [Data_11] gru ep 47 val 4.6310 best 4.2204@ep8 pat 39 (599s)
  [Data_11] gru ep 48 val 4.5807 best 4.2204@ep8 pat 40 (612s)
  [Data_11] gru ep 49 val 5.1302 best 4.2204@ep8 pat 41 (625s)
  [Data_11] gru ep 50 val 4.7934 best 4.2204@ep8 pat 42 (638s)
  [Data_11] gru ep 51 val 4.9407 best 4.2204@ep8 pat 43 (651s)
  [Data_11] gru ep 52 val 4.5779 best 4.2204@ep8 pat 44 (664s)
  [Data_11] gru ep 53 val 4.7205 best 4.2204@ep8 pat 45 (676s)
  [Data_11] gru ep 54 val 4.6612 best 4.2204@ep8 pat 46 (689s)
  [Data_11] gru ep 55 val 4.6879 best 4.2204@ep8 pat 47 (702s)
  [Data_11] gru ep 56 val 5.0883 best 4.2204@ep8 pat 48 (715s)
  [Data_11] gru ep 57 val 4.9503 best 4.2204@ep8 pat 49 (727s)
  [Data_11] gru ep 58 val 5.1858 best 4.2204@ep8 pat 50 (739s)
*** gru Data_11 mae_seq=4.2261 mae_shuf=31.142
