command: python -m hingesense.baselines --method gru --fold Data_03 --out results/raw/baselines/gru --epochs 300 --patience 50
UserWarning: Can't initialize NVML
os: Linux-6.8.0-138-generic-x86_64-with-glibc2.35
cpu: Intel(R) Xeon(R) Platinum 8480C x224, ram 1007.5 GB
gpu: NVIDIA H100 (driver 580.173.02)
python 3.11.15, torch 2.12.0+cu130, cuda 13.0
=== gru Data_03 dev=cuda:0 ===
  [Data_03] gru cond=noload sources=52
  [Data_03] gru ep 0 val 12.6499 best 12.6499@ep0 pat 0 (7s)
  [Data_03] gru ep 1 val 9.1998 best 9.1998@ep1 pat 0 (20s)
  [Data_03] gru ep 2 val 6.0045 best 6.0045@ep2 pat 0 (33s)
  [Data_03] gru ep 3 val 7.3536 best 6.0045@ep2 pat 1 (46s)
  [Data_03] gru ep 4 val 4.8204 best 4.8204@ep4 pat 0 (58s)
  [Data_03] gru ep 5 val 6.7521 best 4.8204@ep4 pat 1 (71s)
  [Data_03] gru ep 6 val 2.8446 best 2.8446@ep6 pat 0 (84s)
  [Data_03] gru ep 7 val 4.6290 best 2.8446@ep6 pat 1 (97s)
  [Data_03] gru ep 8 val 5.4535 best 2.8446@ep6 pat 2 (109s)
  [Data_03] gru ep 9 val 7.4754 best 2.8446@ep6 pat 3 (122s)
  [Data_03] gru ep 10 val 3.9457 best 2.8446@ep6 pat 4 (135s)
  [Data_03] gru ep 11 val 4.5801 best 2.8446@ep6 pat 5 (148s)
  [Data_03] gru ep 12 val 7.5803 best 2.8446@ep6 pat 6 (160s)
  [Data_03] gru ep 13 val 4.8628 best 2.8446@ep6 pat 7 (173s)
  [Data_03] gru ep 14 val 4.9214 best 2.8446@ep6 pat 8 (186s)
  [Data_03] gru ep 15 val 4.9737 best 2.8446@ep6 pat 9 (199s)
  [Data_03] gru ep 16 val 5.2843 best 2.8446@ep6 pat 10 (212s)
  [Data_03] gru ep 17 val 2.9752 best 2.8446@ep6 pat 11 (225s)
  [Data_03] gru ep 18 val 6.5806 best 2.8446@ep6 pat 12 (237s)
  [Data_03] gru ep 19 val 6.1508 best 2.8446@ep6 pat 13 (250s)
  [Data_03] gru ep 20 val 4.4513 best 2.8446@ep6 pat 14 (263s)
  [Data_03] gru ep 21 val 5.5718 best 2.8446@ep6 pat 15 (276s)
  [Data_03] gru ep 22 val 4.5109 best 2.8446@ep6 pat 16 (289s)
  [Data_03] gru ep 23 val 4.5839 best 2.8446@ep6 pat 17 (302s)
  [Data_03] gru ep 24 val 4.1543 best 2.8446@ep6 pat 18 (314s)
  [Data_03] gru ep 25 val 5.8157 best 2.8446@ep6 pat 19 (327s)
  [Data_03] gru ep 26 val 4.8493 best 2.8446@ep6 pat 20 (340s)
  [Data_03] gru ep 27 val 6.1226 best 2.8446@ep6 pat 21 (353s)
  [Data_03] gru ep 28 val 4.1317 best 2.8446@ep6 pat 22 (366s)
  [Data_03] gru ep 29 val 6.3597 best 2.8446@ep6 pat 23 (379s)
  [Data_03] gru ep 30 val 5.0639 best 2.8446@ep6 pat 24 (392s)
  [Data_03] gru ep 31 val 5.2397 best 2.8446@ep6 pat 25 (405s)
  [Data_03] gru ep 32 val 5.3748 best 2.8446@ep6 pat 26 (417s)
  [Data_03] gru ep 33 val 5.5467 best 2.8446@ep6 pat 27 (430s)
  [Data_03] gru ep 34 val 4.8846 best 2.8446@ep6 pat 28 (443s)
  [Data_03] gru ep 35 val 4.7434 best 2.8446@ep6 pat 29 (456s)
  [Data_03] gru ep 36 val 5.0437 best 2.8446@ep6 pat 30 (469s)
  [Data_03] gru ep 37 val 5.7591 best 2.8446@ep6 pat 31 (481s)
  [Data_03] gru ep 38 val 4.7514 best 2.8446@ep6 pat 32 (494s)
  [Data_03] gru ep 39 val 4.2224 best 2.8446@ep6 pat 33 (507s)
  [Data_03] gru ep 40 val 5.2019 best 2.8446@ep6 pat 34 (520s)
  [Data_03] gru ep 41 val 5.5316 best 2.8446@ep6 pat 35 (533s)
  [Data_03] gru ep 42 val 5.5967 best 2.8446@ep6 pat 36 (546s)
  [Data_03] gru ep 43 val 5.5963 best 2.8446@ep6 pat 37 (559s)
  [Data_03] gru ep 44 val 5.1322 best 2.8446@ep6 pat 38 (571s)
  [Data_03] gru ep 45 val 5.1605 best 2.8446@ep6 pat 39 (584s)
  [Data_03] gru ep 46 val 4.4752 best 2.8446@ep6 pat 40 (597s)
  [Data_03] gru ep 47 val 6.1921 best 2.8446@ep6 pat 41 (610s)
  [Data_03] gru ep 48 val 5.4733 best 2.8446@ep6 pat 42 (622s)
  [Data_03] gru ep 49 val 4.1916 best 2.8446@ep6 pat 43 (635s)
  [Data_03] gru ep 50 val 4.7012 best 2.8446@ep6 pat 44 (648s)
  [Data_03] gru ep 51 val 5.1754 best 2.8446@ep6 pat 45 (660s)
  [Data_03] gru ep 52 val 5.5840 best 2.8446@ep6 pat 46 (673s)
  [Data_03] gru ep 53 val 4.8818 best 2.8446@ep6 pat 47 (686s)
  [Data_03] gru ep 54 val 4.8827 best 2.8446@ep6 pat 48 (699s)
  [Data_03] gru ep 55 val 6.2375 best 2.8446@ep6 pat 49 (712s)
  [Data_03] gru ep 56 val 4.4406 best 2.8446@ep6 pat 50 (724s)
*** gru Data_03 mae_seq=2.8036 mae_shuf=23.0578
