command: python -m hingesense.baselines --method gru --fold Data_02 --out results/raw/baselines/gru --epochs 300 --patience 50
UserWarning: Can't initialize NVML
os: Linux-6.8.0-138-generic-x86_64-with-glibc2.35
cpu: Intel(R) Xeon(R) Platinum 8480C x224, ram 1007.5 GB
gpu: NVIDIA H100 (driver 580.173.02)
python 3.11.15, torch 2.12.0+cu130, cuda 13.0
=== gru Data_02 dev=cuda:0 ===
  [Data_02] gru cond=noload sources=52
  [Data_02] gru ep 0 val 12.3661 best 12.3661@ep0 pat 0 (14s)
  [Data_02] gru ep 1 val 7.4081 best 7.4081@ep1 pat 0 (27s)
  [Data_02] gru ep 2 val 5.6059 best 5.6059@ep2 pat 0 (40s)
  [Data_02] gru ep 3 val 5.5632 best 5.5632@ep3 pat 0 (54s)
  [Data_02] gru ep 4 val 4.8425 best 4.8425@ep4 pat 0 (67s)
  [Data_02] gru ep 5 val 5.6458 best 4.8425@ep4 pat 1 (80s)
  [Data_02] gru ep 6 val 5.4158 best 4.8425@ep4 pat 2 (94s)
  [Data_02] gru ep 7 val 5.6759 best 4.8425@ep4 pat 3 (107s)
  [Data_02] gru ep 8 val 5.6504 best 4.8425@ep4 pat 4 (120s)
  [Data_02] gru ep 9 val 4.7858 best 4.7858@ep9 pat 0 (134s)
  [Data_02] gru ep 10 val 4.5927 best 4.5927@ep10 pat 0 (147s)
  [Data_02] gru ep 11 val 4.8992 best 4.5927@ep10 pat 1 (160s)
  [Data_02] gru ep 12 val 5.3001 best 4.5927@ep10 pat 2 (174s)
  [Data_02] gru ep 13 val 6.3129 best 4.5927@ep10 pat 3 (187s)
  [Data_02] gru ep 14 val 5.9324 best 4.5927@ep10 pat 4 (200s)
  [Data_02] gru ep 15 val 4.4944 best 4.4944@ep15 pat 0 (214s)
  [Data_02] gru ep 16 val 5.1380 best 4.4944@ep15 pat 1 (227s)
  [Data_02] gru ep 17 val 4.8610 best 4.4944@ep15 pat 2 (241s)
  [Data_02] gru ep 18 val 4.6231 best 4.4944@ep15 pat 3 (254s)
  [Data_02] gru ep 19 val 4.4372 best 4.4372@ep19 pat 0 (267s)
  [Data_02] gru ep 20 val 4.8845 best 4.4372@ep19 pat 1 (280s)
  [Data_02] gru ep 21 val 5.2863 best 4.4372@ep19 pat 2 (294s)
  [Data_02] gru ep 22 val 4.6797 best 4.4372@ep19 pat 3 (307s)
  [Data_02] gru ep 23 val 4.7268 best 4.4372@ep19 pat 4 (321s)
  [Data_02] gru ep 24 val 4.4336 best 4.4336@ep24 pat 0 (334s)
  [Data_02] gru ep 25 val 4.9849 best 4.4336@ep24 pat 1 (347s)
  [Data_02] gru ep 26 val 4.4990 best 4.4336@ep24 pat 2 (361s)
  [Data_02] gru ep 27 val 4.6234 best 4.4336@ep24 pat 3 (374s)
  [Data_02] gru ep 28 val 4.3352 best 4.3352@ep28 pat 0 (387s)
  [Data_02] gru ep 29 val 4.8945 best 4.3352@ep28 pat 1 (401s)
  [Data_02] gru ep 30 val 4.5720 best 4.3352@ep28 pat 2 (414s)
  [Data_02] gru ep 31 val 4.3349 best 4.3349@ep31 pat 0 (428s)
  [Data_02] gru ep 32 val 5.5963 best 4.3349@ep31 pat 1 (441s)
  [Data_02] gru ep 33 val 5.0165 best 4.3349@ep31 pat 2 (454s)
  [Data_02] gru ep 34 val 4.2455 best 4.2455@ep34 pat 0 (468s)
  [Data_02] gru ep 35 val 3.9679 best 3.9679@ep35 pat 0 (481s)
  [Data_02] gru ep 36 val 3.9327 best 3.9327@ep36 pat 0 (494s)
  [Data_02] gru ep 37 val 4.5887 best 3.9327@ep36 pat 1 (508s)
  [Data_02] gru ep 38 val 3.2883 best 3.2883@ep38 pat 0 (521s)
  [Data_02] gru ep 39 val 4.8005 best 3.2883@ep38 pat 1 (534s)
  [Data_02] gru ep 40 val 4.4530 best 3.2883@ep38 pat 2 (548s)
  [Data_02] gru ep 41 val 4.2532 best 3.2883@ep38 pat 3 (561s)
  [Data_02] gru ep 42 val 4.7213 best 3.2883@ep38 pat 4 (574s)
  [Data_02] gru ep 43 val 4.1975 best 3.2883@ep38 pat 5 (588s)
  [Data_02] gru ep 44 val 4.9688 best 3.2883@ep38 pat 6 (601s)
  [Data_02] gru ep 45 val 4.6273 best 3.2883@ep38 pat 7 (614s)
  [Data_02] gru ep 46 val 4.5560 best 3.2883@ep38 pat 8 (628s)
  [Data_02] gru ep 47 val 4.7244 best 3.2883@ep38 pat 9 (641s)
  [Data_02] gru ep 48 val 5.0305 best 3.2883@ep38 pat 10 (654s)
  [Data_02] gru ep 49 val 4.0906 best 3.2883@ep38 pat 11 (668s)
  [Data_02] gru ep 50 val 3.9117 best 3.2883@ep38 pat 12 (681s)
  [Data_02] gru ep 51 val 5.0289 best 3.2883@ep38 pat 13 (694s)
  [Data_02] gru ep 52 val 4.0101 best 3.2883@ep38 pat 14 (708s)
  [Data_02] gru ep 53 val 4.8567 best 3.2883@ep38 pat 15 (721s)
  [Data_02] gru ep 54 val 4.5902 best 3.2883@ep38 pat 16 (734s)
  [Data_02] gru ep 55 val 3.8718 best 3.2883@ep38 pat 17 (747s)
  [Data_02] gru ep 56 val 4.6595 best 3.2883@ep38 pat 18 (760s)
  [Data_02] gru ep 57 val 4.4424 best 3.2883@ep38 pat 19 (774s)
  [Data_02] gru ep 58 val 4.2391 best 3.2883@ep38 pat 20 (787s)
  [Data_02] gru ep 59 val 4.1933 best 3.2883@ep38 pat 21 (800s)
  [Data_02] gru ep 60 val 4.3039 best 3.2883@ep38 pat 22 (813s)
  [Data_02] gru ep 61 val 4.0922 best 3.2883@ep38 pat 23 (826s)
  [Data_02] gru ep 62 val 4.3940 best 3.2883@ep38 pat 24 (840s)
  [Data_02] gru ep 63 val 4.3358 best 3.2883@ep38 pat 25 (853s)
  [Data_02] gru ep 64 val 4.8055 best 3.2883@ep38 pat 26 (866s)
  [Data_02] gru ep 65 val 3.9704 best 3.2883@ep38 pat 27 (879s)
  [Data_02] gru ep 66 val 4.1765 best 3.2883@ep38 pat 28 (892s)
  [Data_02] gru ep 67 val 3.7263 best 3.2883@ep38 pat 29 (905s)
  [Data_02] gru ep 68 val 4.1922 best 3.2883@ep38 pat 30 (918s)
  [Data_02] gru ep 69 val 4.3421 best 3.2883@ep38 pat 31 (932s)
  [Data_02] gru ep 70 val 4.2566 best 3.2883@ep38 pat 32 (945s)
  [Data_02] gru ep 71 val 4.2461 best 3.2883@ep38 pat 33 (958s)
  [Data_02] gru ep 72 val 4.3840 best 3.2883@ep38 pat 34 (971s)
  [Data_02] gru ep 73 val 4.0414 best 3.2883@ep38 pat 35 (983s)
  [Data_02] gru ep 74 val 4.2917 best 3.2883@ep38 pat 36 (996s)
  [Data_02] gru ep 75 val 4.0816 best 3.2883@ep38 pat 37 (1008s)
  [Data_02] gru ep 76 val 4.2725 best 3.2883@ep38 pat 38 (1021s)
  [Data_02] gru ep 77 val 4.8113 best 3.2883@ep38 pat 39 (1034s)
  [Data_02] gru ep 78 val 4.2190 best 3.2883@ep38 pat 40 (1046s)
  [Data_02] gru ep 79 val 4.1645 best 3.2883@ep38 pat 41 (1059s)
  [Data_02] gru ep 80 val 4.2816 best 3.2883@ep38 pat 42 (1071s)
  [Data_02] gru ep 81 val 4.2464 best 3.2883@ep38 pat 43 (1084s)
  [Data_02] gru ep 82 val 4.4736 best 3.2883@ep38 pat 44 (1096s)
  [Data_02] gru ep 83 val 4.7525 best 3.2883@ep38 pat 45 (1109s)
  [Data_02] gru ep 84 val 3.3695 best 3.2883@ep38 pat 46 (1121s)
  [Data_02] gru ep 85 val 4.0532 best 3.2883@ep38 pat 47 (1134s)
  [Data_02] gru ep 86 val 4.2516 best 3.2883@ep38 pat 48 (1146s)
  [Data_02] gru ep 87 val 4.2932 best 3.2883@ep38 pat 49 (1159s)
  [Data_02] gru ep 88 val 4.0698 best 3.2883@ep38 pat 50 (1171s)
*** gru Data_02 mae_seq=3.9747 mae_shuf=21.7131
