command: python -m hingesense.baselines --method gru --fold Data_06 --out results/raw/baselines/gru --epochs 300 --patience 50
UserWarning: Can't initialize NVML
os: Linux-6.8.0-138-generic-x86_64-with-glibc2.35
cpu: Intel(R) Xeon(R) Platinum 8480C x224, ram 1007.5 GB
gpu: NVIDIA H100 (driver 580.173.02)
python 3.11.15, torch 2.12.0+cu130, cuda 13.0
=== gru Data_06 dev=cuda:0 ===
  [Data_06] gru cond=noload sources=52
  [Data_06] gru ep 0 val 12.1248 best 12.1248@ep0 pat 0 (14s)
  [Data_06] gru ep 1 val 6.9340 best 6.9340@ep1 pat 0 (27s)
  [Data_06] gru ep 2 val 4.2178 best 4.2178@ep2 pat 0 (40s)
  [Data_06] gru ep 3 val 4.8608 best 4.2178@ep2 pat 1 (53s)
  [Data_06] gru ep 4 val 4.1891 best 4.1891@ep4 pat 0 (66s)
  [Data_06] gru ep 5 val 2.7884 best 2.7884@ep5 pat 0 (79s)
  [Data_06] gru ep 6 val 6.3720 best 2.7884@ep5 pat 1 (92s)
  [Data_06] gru ep 7 val 3.5779 best 2.7884@ep5 pat 2 (105s)
  [Data_06] gru ep 8 val 4.3905 best 2.7884@ep5 pat 3 (118s)
  [Data_06] gru ep 9 val 4.1987 best 2.7884@ep5 pat 4 (131s)
  [Data_06] gru ep 10 val 3.1730 best 2.7884@ep5 pat 5 (144s)
  [Data_06] gru ep 11 val 2.2845 best 2.2845@ep11 pat 0 (157s)
  [Data_06] gru ep 12 val 4.9557 best 2.2845@ep11 pat 1 (170s)
  [Data_06] gru ep 13 val 3.0235 best 2.2845@ep11 pat 2 (184s)
  [Data_06] gru ep 14 val 3.1791 best 2.2845@ep11 pat 3 (197s)
  [Data_06] gru ep 15 val 4.0292 best 2.2845@ep11 pat 4 (210s)
  [Data_06] gru ep 16 val 3.0785 best 2.2845@ep11 pat 5 (223s)
  [Data_06] gru ep 17 val 3.5794 best 2.2845@ep11 pat 6 (236s)
  [Data_06] gru ep 18 val 4.1427 best 2.2845@ep11 pat 7 (249s)
  [Data_06] gru ep 19 val 2.8851 best 2.2845@ep11 pat 8 (262s)
  [Data_06] gru ep 20 val 3.5924 best 2.2845@ep11 pat 9 (275s)
  [Data_06] gru ep 21 val 2.4352 best 2.2845@ep11 pat 10 (288s)
  [Data_06] gru ep 22 val 4.0754 best 2.2845@ep11 pat 11 (302s)
  [Data_06] gru ep 23 val 3.3740 best 2.2845@ep11 pat 12 (315s)
  [Data_06] gru ep 24 val 3.7616 best 2.2845@ep11 pat 13 (328s)
  [Data_06] gru ep 25 val 2.3270 best 2.2845@ep11 pat 14 (341s)
  [Data_06] gru ep 26 val 3.5023 best 2.2845@ep11 pat 15 (354s)
  [Data_06] gru ep 27 val 2.5901 best 2.2845@ep11 pat 16 (367s)
  [Data_06] gru ep 28 val 4.2644 best 2.2845@ep11 pat 17 (380s)
  [Data_06] gru ep 29 val 4.5230 best 2.2845@ep11 pat 18 (393s)
  [Data_06] gru ep 30 val 3.4738 best 2.2845@ep11 pat 19 (406s)
  [Data_06] gru ep 31 val 2.5042 best 2.2845@ep11 pat 20 (419s)
  [Data_06] gru ep 32 val 2.9303 best 2.2845@ep11 pat 21 (432s)
  [Data_06] gru ep 33 val 3.4634 best 2.2845@ep11 pat 22 (445s)
  [Data_06] gru ep 34 val 2.8958 best 2.2845@ep11 pat 23 (458s)
  [Data_06] gru ep 35 val 2.9814 best 2.2845@ep11 pat 24 (472s)
  [Data_06] gru ep 36 val 3.3984 best 2.2845@ep11 pat 25 (485s)
  [Data_06] gru ep 37 val 3.4796 best 2.2845@ep11 pat 26 (498s)
  [Data_06] gru ep 38 val 3.0236 best 2.2845@ep11 pat 27 (511s)
  [Data_06] gru ep 39 val 3.2725 best 2.2845@ep11 pat 28 (524s)
  [Data_06] gru ep 40 val 2.6102 best 2.2845@ep11 pat 29 (537s)
  [Data_06] gru ep 41 val 3.4411 best 2.2845@ep11 pat 30 (550s)
  [Data_06] gru ep 42 val 2.4853 best 2.2845@ep11 pat 31 (563s)
  [Data_06] gru ep 43 val 3.1098 best 2.2845@ep11 pat 32 (576s)
  [Data_06] gru ep 44 val 3.2707 best 2.2845@ep11 pat 33 (589s)
  [Data_06] gru ep 45 val 2.0220 best 2.0220@ep45 pat 0 (602s)
  [Data_06] gru ep 46 val 2.7897 best 2.0220@ep45 pat 1 (615s)
  [Data_06] gru ep 47 val 2.3682 best 2.0220@ep45 pat 2 (629s)
  [Data_06] gru ep 48 val 3.0074 best 2.0220@ep45 pat 3 (642s)
  [Data_06] gru ep 49 val 2.8548 best 2.0220@ep45 pat 4 (655s)
  [Data_06] gru ep 50 val 2.1754 best 2.0220@ep45 pat 5 (668s)
  [Data_06] gru ep 51 val 2.1664 best 2.0220@ep45 pat 6 (681s)
  [Data_06] gru ep 52 val 2.4032 best 2.0220@ep45 pat 7 (694s)
  [Data_06] gru ep 53 val 2.7223 best 2.0220@ep45 pat 8 (707s)
  [Data_06] gru ep 54 val 4.5634 best 2.0220@ep45 pat 9 (720s)
  [Data_06] gru ep 55 val 2.6724 best 2.0220@ep45 pat 10 (733s)
  [Data_06] gru ep 56 val 2.6375 best 2.0220@ep45 pat 11 (746s)
  [Data_06] gru ep 57 val 2.7990 best 2.0220@ep45 pat 12 (759s)
  [Data_06] gru ep 58 val 2.6527 best 2.0220@ep45 pat 13 (772s)
  [Data_06] gru ep 59 val 2.7225 best 2.0220@ep45 pat 14 (785s)
  [Data_06] gru ep 60 val 2.7141 best 2.0220@ep45 pat 15 (797s)
  [Data_06] gru ep 61 val 2.4287 best 2.0220@ep45 pat 16 (810s)
  [Data_06] gru ep 62 val 2.9183 best 2.0220@ep45 pat 17 (823s)
  [Data_06] gru ep 63 val 2.2755 best 2.0220@ep45 pat 18 (836s)
  [Data_06] gru ep 64 val 2.3227 best 2.0220@ep45 pat 19 (849s)
  [Data_06] gru ep 65 val 2.8077 best 2.0220@ep45 pat 20 (862s)
  [Data_06] gru ep 66 val 2.4960 best 2.0220@ep45 pat 21 (874s)
  [Data_06] gru ep 67 val 1.7373 best 1.7373@ep67 pat 0 (887s)
  [Data_06] gru ep 68 val 1.9314 best 1.7373@ep67 pat 1 (900s)
  [Data_06] gru ep 69 val 2.5464 best 1.7373@ep67 pat 2 (913s)
  [Data_06] gru ep 70 val 2.1359 best 1.7373@ep67 pat 3 (925s)
  [Data_06] gru ep 71 val 2.6087 best 1.7373@ep67 pat 4 (938s)
  [Data_06] gru ep 72 val 2.2216 best 1.7373@ep67 pat 5 (951s)
  [Data_06] gru ep 73 val 1.9577 best 1.7373@ep67 pat 6 (964s)
  [Data_06] gru ep 74 val 2.7487 best 1.7373@ep67 pat 7 (976s)
  [Data_06] gru ep 75 val 2.2479 best 1.7373@ep67 pat 8 (988s)
  [Data_06] gru ep 76 val 2.8869 best 1.7373@ep67 pat 9 (1000s)
  [Data_06] gru ep 77 val 2.3912 best 1.7373@ep67 pat 10 (1012s)
  [Data_06] gru ep 78 val 2.1344 best 1.7373@ep67 pat 11 (1025s)
  [Data_06] gru ep 79 val 2.9580 best 1.7373@ep67 pat 12 (1037s)
  [Data_06] gru ep 80 val 1.9079 best 1.7373@ep67 pat 13 (1049s)
  [Data_06] gru ep 81 val 2.3384 best 1.7373@ep67 pat 14 (1061s)
  [Data_06] gru ep 82 val 1.5700 best 1.5700@ep82 pat 0 (1073s)
  [Data_06] gru ep 83 val 2.1178 best 1.5700@ep82 pat 1 (1085s)
  [Data_06] gru ep 84 val 1.6041 best 1.5700@ep82 pat 2 (1097s)
  [Data_06] gru ep 85 val 2.0951 best 1.5700@ep82 pat 3 (1109s)
  [Data_06] gru ep 86 val 2.2984 best 1.5700@ep82 pat 4 (1122s)
  [Data_06] gru ep 87 val 2.3924 best 1.5700@ep82 pat 5 (1134s)
  [Data_06] gru ep 88 val 1.8945 best 1.5700@ep82 pat 6 (1146s)
  [Data_06] gru ep 89 val 1.9540 best 1.5700@ep82 pat 7 (1158s)
  [Data_06] gru ep 90 val 2.1409 best 1.5700@ep82 pat 8 (1170s)
  [Data_06] gru ep 91 val 2.2019 best 1.5700@ep82 pat 9 (1182s)
  [Data_06] gru ep 92 val 2.1173 best 1.5700@ep82 pat 10 (1194s)
  [Data_06] gru ep 93 val 1.9844 best 1.5700@ep82 pat 11 (1205s)
  [Data_06] gru ep 94 val 2.2825 best 1.5700@ep82 pat 12 (1217s)
  [Data_06] gru ep 95 val 1.9821 best 1.5700@ep82 pat 13 (1229s)
  [Data_06] gru ep 96 val 1.5318 best 1.5318@ep96 pat 0 (1241s)
  [Data_06] gru ep 97 val 1.4390 best 1.4390@ep97 pat 0 (1253s)
  [Data_06] gru ep 98 val 2.0142 best 1.4390@ep97 pat 1 (1265s)
  [Data_06] gru ep 99 val 2.1337 best 1.4390@ep97 pat 2 (1276s)
  [Data_06] gru ep 100 val 2.3380 best 1.4390@ep97 pat 3 (1288s)
  [Data_06] gru ep 101 val 2.0739 best 1.4390@ep97 pat 4 (1300s)
  [Data_06] gru ep 102 val 2.4921 best 1.4390@ep97 pat 5 (1312s)
  [Data_06] gru ep 103 val 2.1987 best 1.4390@ep97 pat 6 (1324s)
  [Data_06] gru ep 104 val 2.3075 best 1.4390@ep97 pat 7 (1336s)
  [Data_06] gru ep 105 val 2.1144 best 1.4390@ep97 pat 8 (1348s)
  [Data_06] gru ep 106 val 1.6192 best 1.4390@ep97 pat 9 (1360s)
  [Data_06] gru ep 107 val 2.1979 best 1.4390@ep97 pat 10 (1372s)
  [Data_06] gru ep 108 val 2.1342 best 1.4390@ep97 pat 11 (1384s)
  [Data_06] gru ep 109 val 1.5843 best 1.4390@ep97 pat 12 (1396s)
  [Data_06] gru ep 110 val 1.8640 best 1.4390@ep97 pat 13 (1408s)
  [Data_06] gru ep 111 val 1.9587 best 1.4390@ep97 pat 14 (1419s)
  [Data_06] gru ep 112 val 2.1609 best 1.4390@ep97 pat 15 (1431s)
  [Data_06] gru ep 113 val 1.3917 best 1.3917@ep113 pat 0 (1443s)
  [Data_06] gru ep 114 val 1.8377 best 1.3917@ep113 pat 1 (1454s)
  [Data_06] gru ep 115 val 2.3631 best 1.3917@ep113 pat 2 (1465s)
  [Data_06] gru ep 116 val 1.9289 best 1.3917@ep113 pat 3 (1477s)
  [Data_06] gru ep 117 val 1.5528 best 1.3917@ep113 pat 4 (1488s)
  [Data_06] gru ep 118 val 1.5826 best 1.3917@ep113 pat 5 (1499s)
  [Data_06] gru ep 119 val 2.0275 best 1.3917@ep113 pat 6 (1511s)
  [Data_06] gru ep 120 val 2.1584 best 1.3917@ep113 pat 7 (1522s)
  [Data_06] gru ep 121 val 1.7130 best 1.3917@ep113 pat 8 (1534s)
  [Data_06] gru ep 122 val 1.6166 best 1.3917@ep113 pat 9 (1545s)
  [Data_06] gru ep 123 val 1.9011 best 1.3917@ep113 pat 10 (1557s)
  [Data_06] gru ep 124 val 1.6245 best 1.3917@ep113 pat 11 (1568s)
  [Data_06] gru ep 125 val 1.8477 best 1.3917@ep113 pat 12 (1579s)
  [Data_06] gru ep 126 val 1.9563 best 1.3917@ep113 pat 13 (1591s)
  [Data_06] gru ep 127 val 1.4042 best 1.3917@ep113 pat 14 (1603s)
  [Data_06] gru ep 128 val 1.6909 best 1.3917@ep113 pat 15 (1614s)
  [Data_06] gru ep 129 val 1.5713 best 1.3917@ep113 pat 16 (1625s)
  [Data_06] gru ep 130 val 1.9896 best 1.3917@ep113 pat 17 (1636s)
  [Data_06] gru ep 131 val 1.6026 best 1.3917@ep113 pat 18 (1648s)
  [Data_06] gru ep 132 val 2.0004 best 1.3917@ep113 pat 19 (1659s)
  [Data_06] gru ep 133 val 1.5654 best 1.3917@ep113 pat 20 (1670s)
  [Data_06] gru ep 134 val 1.8056 best 1.3917@ep113 pat 21 (1682s)
  [Data_06] gru ep 135 val 2.1225 best 1.3917@ep113 pat 22 (1694s)
  [Data_06] gru ep 136 val 1.7087 best 1.3917@ep113 pat 23 (1706s)
  [Data_06] gru ep 137 val 2.0935 best 1.3917@ep113 pat 24 (1718s)
  [Data_06] gru ep 138 val 1.4338 best 1.3917@ep113 pat 25 (1729s)
  [Data_06] gru ep 139 val 1.7958 best 1.3917@ep113 pat 26 (1741s)
  [Data_06] gru ep 140 val 2.2505 best 1.3917@ep113 pat 27 (1753s)
  [Data_06] gru ep 141 val 1.7223 best 1.3917@ep113 pat 28 (1766s)
  [Data_06] gru ep 142 val 1.8422 best 1.3917@ep113 pat 29 (1778s)
  [Data_06] gru ep 143 val 1.6949 best 1.3917@ep113 pat 30 (1790s)
  [Data_06] gru ep 144 val 1.3880 best 1.3880@ep144 pat 0 (1802s)
  [Data_06] gru ep 145 val 1.5773 best 1.3880@ep144 pat 1 (1814s)
  [Data_06] gru ep 146 val 2.4665 best 1.3880@ep144 pat 2 (1825s)
  [Data_06] gru ep 147 val 1.4112 best 1.3880@ep144 pat 3 (1837s)
  [Data_06] gru ep 148 val 1.5821 best 1.3880@ep144 pat 4 (1849s)
  [Data_06] gru ep 149 val 1.7608 best 1.3880@ep144 pat 5 (1861s)
  [Data_06] gru ep 150 val 1.7098 best 1.3880@ep144 pat 6 (1873s)
  [Data_06] gru ep 151 val 1.8372 best 1.3880@ep144 pat 7 (1885s)
  [Data_06] gru ep 152 val 1.4427 best 1.3880@ep144 pat 8 (1897s)
  [Data_06] gru ep 153 val 1.8441 best 1.3880@ep144 pat 9 (1909s)
  [Data_06] gru ep 154 val 1.4211 best 1.3880@ep144 pat 10 (1922s)
  [Data_06] gru ep 155 val 1.5250 best 1.3880@ep144 pat 11 (1933s)
  [Data_06] gru ep 156 val 1.6312 best 1.3880@ep144 pat 12 (1945s)
  [Data_06] gru ep 157 val 1.5871 best 1.3880@ep144 pat 13 (1957s)
  [Data_06] gru ep 158 val 1.6059 best 1.3880@ep144 pat 14 (1969s)
  [Data_06] gru ep 159 val 1.4132 best 1.3880@ep144 pat 15 (1981s)
  [Data_06] gru ep 160 val 1.8176 best 1.3880@ep144 pat 16 (1993s)
  [Data_06] gru ep 161 val 1.4975 best 1.3880@ep144 pat 17 (2005s)
  [Data_06] gru ep 162 val 1.7758 best 1.3880@ep144 pat 18 (2017s)
  [Data_06] gru ep 163 val 1.7479 best 1.3880@ep144 pat 19 (2029s)
  [Data_06] gru ep 164 val 1.8140 best 1.3880@ep144 pat 20 (2041s)
  [Data_06] gru ep 165 val 2.0509 best 1.3880@ep144 pat 21 (2054s)
  [Data_06] gru ep 166 val 2.0317 best 1.3880@ep144 pat 22 (2066s)
  [Data_06] gru ep 167 val 2.0170 best 1.3880@ep144 pat 23 (2078s)
  [Data_06] gru ep 168 val 1.3879 best 1.3879@ep168 pat 0 (2090s)
  [Data_06] gru ep 169 val 1.6029 best 1.3879@ep168 pat 1 (2103s)
  [Data_06] gru ep 170 val 2.0012 best 1.3879@ep168 pat 2 (2115s)
  [Data_06] gru ep 171 val 1.6321 best 1.3879@ep168 pat 3 (2127s)
  [Data_06] gru ep 172 val 1.4371 best 1.3879@ep168 pat 4 (2139s)
  [Data_06] gru ep 173 val 2.2641 best 1.3879@ep168 pat 5 (2151s)
  [Data_06] gru ep 174 val 1.3009 best 1.3009@ep174 pat 0 (2163s)
  [Data_06] gru ep 175 val 1.8845 best 1.3009@ep174 pat 1 (2175s)
  [Data_06] gru ep 176 val 1.5830 best 1.3009@ep174 pat 2 (2186s)
  [Data_06] gru ep 177 val 1.6396 best 1.3009@ep174 pat 3 (2198s)
  [Data_06] gru ep 178 val 1.6410 best 1.3009@ep174 pat 4 (2210s)
  [Data_06] gru ep 179 val 1.2928 best 1.2928@ep179 pat 0 (2221s)
  [Data_06] gru ep 180 val 1.7118 best 1.2928@ep179 pat 1 (2233s)
  [Data_06] gru ep 181 val 1.4891 best 1.2928@ep179 pat 2 (2244s)
  [Data_06] gru ep 182 val 1.4662 best 1.2928@ep179 pat 3 (2256s)
  [Data_06] gru ep 183 val 1.3915 best 1.2928@ep179 pat 4 (2267s)
  [Data_06] gru ep 184 val 1.7760 best 1.2928@ep179 pat 5 (2279s)
  [Data_06] gru ep 185 val 1.4678 best 1.2928@ep179 pat 6 (2290s)
  [Data_06] gru ep 186 val 1.5289 best 1.2928@ep179 pat 7 (2302s)
  [Data_06] gru ep 187 val 1.3870 best 1.2928@ep179 pat 8 (2313s)
  [Data_06] gru ep 188 val 1.6466 best 1.2928@ep179 pat 9 (2325s)
  [Data_06] gru ep 189 val 1.5516 best 1.2928@ep179 pat 10 (2336s)
  [Data_06] gru ep 190 val 1.4912 best 1.2928@ep179 pat 11 (2348s)
  [Data_06] gru ep 191 val 1.7776 best 1.2928@ep179 pat 12 (2360s)
  [Data_06] gru ep 192 val 1.2843 best 1.2843@ep192 pat 0 (2371s)
  [Data_06] gru ep 193 val 1.3520 best 1.2843@ep192 pat 1 (2382s)
  [Data_06] gru ep 194 val 1.5421 best 1.2843@ep192 pat 2 (2394s)
  [Data_06] gru ep 195 val 2.0101 best 1.2843@ep192 pat 3 (2406s)
  [Data_06] gru ep 196 val 2.1947 best 1.2843@ep192 pat 4 (2417s)
  [Data_06] gru ep 197 val 2.2145 best 1.2843@ep192 pat 5 (2428s)
  [Data_06] gru ep 198 val 2.0345 best 1.2843@ep192 pat 6 (2439s)
  [Data_06] gru ep 199 val 1.6756 best 1.2843@ep192 pat 7 (2451s)
  [Data_06] gru ep 200 val 1.3575 best 1.2843@ep192 pat 8 (2462s)
  [Data_06] gru ep 201 val 1.4634 best 1.2843@ep192 pat 9 (2474s)
  [Data_06] gru ep 202 val 1.9282 best 1.2843@ep192 pat 10 (2486s)
  [Data_06] gru ep 203 val 1.6884 best 1.2843@ep192 pat 11 (2497s)
  [Data_06] gru ep 204 val 1.4397 best 1.2843@ep192 pat 12 (2509s)
  [Data_06] gru ep 205 val 1.3139 best 1.2843@ep192 pat 13 (2520s)
  [Data_06] gru ep 206 val 2.1258 best 1.2843@ep192 pat 14 (2532s)
  [Data_06] gru ep 207 val 1.9922 best 1.2843@ep192 pat 15 (2543s)
  [Data_06] gru ep 208 val 1.4500 best 1.2843@ep192 pat 16 (2554s)
  [Data_06] gru ep 209 val 1.4871 best 1.2843@ep192 pat 17 (2566s)
  [Data_06] gru ep 210 val 1.5159 best 1.2843@ep192 pat 18 (2577s)
  [Data_06] gru ep 211 val 1.4264 best 1.2843@ep192 pat 19 (2589s)
  [Data_06] gru ep 212 val 1.4660 best 1.2843@ep192 pat 20 (2601s)
  [Data_06] gru ep 213 val 1.4063 best 1.2843@ep192 pat 21 (2612s)
  [Data_06] gru ep 214 val 1.5247 best 1.2843@ep192 pat 22 (2624s)
  [Data_06] gru ep 215 val 1.4493 best 1.2843@ep192 pat 23 (2635s)
  [Data_06] gru ep 216 val 1.6987 best 1.2843@ep192 pat 24 (2647s)
  [Data_06] gru ep 217 val 1.8987 best 1.2843@ep192 pat 25 (2658s)
  [Data_06] gru ep 218 val 1.7126 best 1.2843@ep192 pat 26 (2670s)
  [Data_06] gru ep 219 val 2.8515 best 1.2843@ep192 pat 27 (2681s)
  [Data_06] gru ep 220 val 1.4345 best 1.2843@ep192 pat 28 (2693s)
  [Data_06] gru ep 221 val 1.8845 best 1.2843@ep192 pat 29 (2704s)
  [Data_06] gru ep 222 val 1.4643 best 1.2843@ep192 pat 30 (2716s)
  [Data_06] gru ep 223 val 1.5659 best 1.2843@ep192 pat 31 (2727s)
  [Data_06] gru ep 224 val 1.2672 best 1.2672@ep224 pat 0 (2739s)
  [Data_06] gru ep 225 val 1.9412 best 1.2672@ep224 pat 1 (2750s)
  [Data_06] gru ep 226 val 1.6765 best 1.2672@ep224 pat 2 (2762s)
  [Data_06] gru ep 227 val 1.4662 best 1.2672@ep224 pat 3 (2774s)
  [Data_06] gru ep 228 val 1.6181 best 1.2672@ep224 pat 4 (2785s)
  [Data_06] gru ep 229 val 1.3457 best 1.2672@ep224 pat 5 (2795s)
  [Data_06] gru ep 230 val 1.5277 best 1.2672@ep224 pat 6 (2806s)
  [Data_06] gru ep 231 val 1.4247 best 1.2672@ep224 pat 7 (2817s)
  [Data_06] gru ep 232 val 1.6285 best 1.2672@ep224 pat 8 (2828s)
  [Data_06] gru ep 233 val 1.6671 best 1.2672@ep224 pat 9 (2839s)
  [Data_06] gru ep 234 val 1.5635 best 1.2672@ep224 pat 10 (2850s)
  [Data_06] gru ep 235 val 1.4025 best 1.2672@ep224 pat 11 (2861s)
  [Data_06] gru ep 236 val 1.8684 best 1.2672@ep224 pat 12 (2872s)
  [Data_06] gru ep 237 val 1.5429 best 1.2672@ep224 pat 13 (2883s)
  [Data_06] gru ep 238 val 1.4766 best 1.2672@ep224 pat 14 (2894s)
  [Data_06] gru ep 239 val 1.6115 best 1.2672@ep224 pat 15 (2905s)
  [Data_06] gru ep 240 val 1.5209 best 1.2672@ep224 pat 16 (2916s)
  [Data_06] gru ep 241 val 1.6061 best 1.2672@ep224 pat 17 (2926s)
  [Data_06] gru ep 242 val 1.6924 best 1.2672@ep224 pat 18 (2937s)
  [Data_06] gru ep 243 val 1.6843 best 1.2672@ep224 pat 19 (2948s)
  [Data_06] gru ep 244 val 1.6735 best 1.2672@ep224 pat 20 (2959s)
  [Data_06] gru ep 245 val 1.8101 best 1.2672@ep224 pat 21 (2970s)
  [Data_06] gru ep 246 val 1.6393 best 1.2672@ep224 pat 22 (2981s)
  [Data_06] gru ep 247 val 1.7904 best 1.2672@ep224 pat 23 (2992s)
  [Data_06] gru ep 248 val 1.6343 best 1.2672@ep224 pat 24 (3003s)
  [Data_06] gru ep 249 val 1.2259 best 1.2259@ep249 pat 0 (3014s)
  [Data_06] gru ep 250 val 1.3897 best 1.2259@ep249 pat 1 (3025s)
  [Data_06] gru ep 251 val 1.6210 best 1.2259@ep249 pat 2 (3036s)
  [Data_06] gru ep 252 val 1.6540 best 1.2259@ep249 pat 3 (3046s)
  [Data_06] gru ep 253 val 1.6520 best 1.2259@ep249 pat 4 (3056s)
  [Data_06] gru ep 254 val 1.4862 best 1.2259@ep249 pat 5 (3066s)
  [Data_06] gru ep 255 val 1.5259 best 1.2259@ep249 pat 6 (3075s)
  [Data_06] gru ep 256 val 1.9041 best 1.2259@ep249 pat 7 (3084s)
  [Data_06] gru ep 257 val 1.4088 best 1.2259@ep249 pat 8 (3094s)
  [Data_06] gru ep 258 val 1.7175 best 1.2259@ep249 pat 9 (3103s)
  [Data_06] gru ep 259 val 1.5206 best 1.2259@ep249 pat 10 (3112s)
  [Data_06] gru ep 260 val 1.4388 best 1.2259@ep249 pat 11 (3122s)
  [Data_06] gru ep 261 val 1.4054 best 1.2259@ep249 pat 12 (3131s)
  [Data_06] gru ep 262 val 1.6694 best 1.2259@ep249 pat 13 (3141s)
  [Data_06] gru ep 263 val 1.3104 best 1.2259@ep249 pat 14 (3150s)
  [Data_06] gru ep 264 val 1.5745 best 1.2259@ep249 pat 15 (3159s)
  [Data_06] gru ep 265 val 1.7444 best 1.2259@ep249 pat 16 (3167s)
  [Data_06] gru ep 266 val 2.0002 best 1.2259@ep249 pat 17 (3175s)
  [Data_06] gru ep 267 val 1.3229 best 1.2259@ep249 pat 18 (3183s)
  [Data_06] gru ep 268 val 1.6281 best 1.2259@ep249 pat 19 (3192s)
  [Data_06] gru ep 269 val 1.4951 best 1.2259@ep249 pat 20 (3200s)
  [Data_06] gru ep 270 val 1.6028 best 1.2259@ep249 pat 21 (3208s)
  [Data_06] gru ep 271 val 1.6026 best 1.2259@ep249 pat 22 (3216s)
  [Data_06] gru ep 272 val 1.5757 best 1.2259@ep249 pat 23 (3225s)
  [Data_06] gru ep 273 val 1.3375 best 1.2259@ep249 pat 24 (3233s)
  [Data_06] gru ep 274 val 1.1935 best 1.1935@ep274 pat 0 (3241s)
  [Data_06] gru ep 275 val 1.2307 best 1.1935@ep274 pat 1 (3250s)
  [Data_06] gru ep 276 val 1.5071 best 1.1935@ep274 pat 2 (3258s)
  [Data_06] gru ep 277 val 1.6272 best 1.1935@ep274 pat 3 (3265s)
  [Data_06] gru ep 278 val 1.1175 best 1.1175@ep278 pat 0 (3271s)
  [Data_06] gru ep 279 val 1.4563 best 1.1175@ep278 pat 1 (3277s)
  [Data_06] gru ep 280 val 1.4794 best 1.1175@ep278 pat 2 (3284s)
  [Data_06] gru ep 281 val 1.4085 best 1.1175@ep278 pat 3 (3290s)
  [Data_06] gru ep 282 val 1.6204 best 1.1175@ep278 pat 4 (3296s)
  [Data_06] gru ep 283 val 1.7586 best 1.1175@ep278 pat 5 (3302s)
  [Data_06] gru ep 284 val 1.3774 best 1.1175@ep278 pat 6 (3308s)
  [Data_06] gru ep 285 val 1.6895 best 1.1175@ep278 pat 7 (3313s)
  [Data_06] gru ep 286 val 1.4211 best 1.1175@ep278 pat 8 (3318s)
  [Data_06] gru ep 287 val 1.7315 best 1.1175@ep278 pat 9 (3324s)
  [Data_06] gru ep 288 val 1.6870 best 1.1175@ep278 pat 10 (3329s)
  [Data_06] gru ep 289 val 1.3637 best 1.1175@ep278 pat 11 (3334s)
  [Data_06] gru ep 290 val 1.3366 best 1.1175@ep278 pat 12 (3339s)
  [Data_06] gru ep 291 val 1.6785 best 1.1175@ep278 pat 13 (3343s)
  [Data_06] gru ep 292 val 1.8525 best 1.1175@ep278 pat 14 (3348s)
  [Data_06] gru ep 293 val 1.3019 best 1.1175@ep278 pat 15 (3353s)
  [Data_06] gru ep 294 val 1.4480 best 1.1175@ep278 pat 16 (3358s)
  [Data_06] gru ep 295 val 1.6097 best 1.1175@ep278 pat 17 (3362s)
  [Data_06] gru ep 296 val 1.2268 best 1.1175@ep278 pat 18 (3366s)
  [Data_06] gru ep 297 val 1.5359 best 1.1175@ep278 pat 19 (3369s)
  [Data_06] gru ep 298 val 1.2876 best 1.1175@ep278 pat 20 (3373s)
  [Data_06] gru ep 299 val 2.2606 best 1.1175@ep278 pat 21 (3377s)
*** gru Data_06 mae_seq=1.4214 mae_shuf=3.1418
