command: python -m hingesense.baselines --method gru --fold Data_05 --out results/raw/baselines/gru --epochs 300 --patience 50
UserWarning: Can't initialize NVML
os: Linux-6.8.0-138-generic-x86_64-with-glibc2.35
cpu: Intel(R) Xeon(R) Platinum 8480C x224, ram 1007.5 GB
gpu: NVIDIA H100 (driver 580.173.02)
python 3.11.15, torch 2.12.0+cu130, cuda 13.0
=== gru Data_05 dev=cuda:0 ===
  [Data_05] gru cond=noload sources=52
  [Data_05] gru ep 0 val 12.8311 best 12.8311@ep0 pat 0 (14s)
  [Data_05] gru ep 1 val 8.0639 best 8.0639@ep1 pat 0 (27s)
  [Data_05] gru ep 2 val 7.2704 best 7.2704@ep2 pat 0 (40s)
  [Data_05] gru ep 3 val 6.6263 best 6.6263@ep3 pat 0 (54s)
  [Data_05] gru ep 4 val 5.0917 best 5.0917@ep4 pat 0 (67s)
  [Data_05] gru ep 5 val 4.9327 best 4.9327@ep5 pat 0 (80s)
  [Data_05] gru ep 6 val 5.5350 best 4.9327@ep5 pat 1 (93s)
  [Data_05] gru ep 7 val 4.2058 best 4.2058@ep7 pat 0 (106s)
  [Data_05] gru ep 8 val 3.5167 best 3.5167@ep8 pat 0 (120s)
  [Data_05] gru ep 9 val 5.4561 best 3.5167@ep8 pat 1 (133s)
  [Data_05] gru ep 10 val 4.3219 best 3.5167@ep8 pat 2 (146s)
  [Data_05] gru ep 11 val 3.7182 best 3.5167@ep8 pat 3 (159s)
  [Data_05] gru ep 12 val 4.3656 best 3.5167@ep8 pat 4 (172s)
  [Data_05] gru ep 13 val 3.7140 best 3.5167@ep8 pat 5 (186s)
  [Data_05] gru ep 14 val 4.2496 best 3.5167@ep8 pat 6 (199s)
  [Data_05] gru ep 15 val 4.4920 best 3.5167@ep8 pat 7 (212s)
  [Data_05] gru ep 16 val 4.6270 best 3.5167@ep8 pat 8 (225s)
  [Data_05] gru ep 17 val 4.6521 best 3.5167@ep8 pat 9 (238s)
  [Data_05] gru ep 18 val 5.2128 best 3.5167@ep8 pat 10 (252s)
  [Data_05] gru ep 19 val 4.3463 best 3.5167@ep8 pat 11 (265s)
  [Data_05] gru ep 20 val 4.4938 best 3.5167@ep8 pat 12 (278s)
  [Data_05] gru ep 21 val 3.9503 best 3.5167@ep8 pat 13 (291s)
  [Data_05] gru ep 22 val 4.0134 best 3.5167@ep8 pat 14 (304s)
  [Data_05] gru ep 23 val 4.2783 best 3.5167@ep8 pat 15 (318s)
  [Data_05] gru ep 24 val 4.7291 best 3.5167@ep8 pat 16 (331s)
  [Data_05] gru ep 25 val 4.4778 best 3.5167@ep8 pat 17 (344s)
  [Data_05] gru ep 26 val 4.7954 best 3.5167@ep8 pat 18 (357s)
  [Data_05] gru ep 27 val 4.8893 best 3.5167@ep8 pat 19 (370s)
  [Data_05] gru ep 28 val 4.8170 best 3.5167@ep8 pat 20 (384s)
  [Data_05] gru ep 29 val 5.2455 best 3.5167@ep8 pat 21 (397s)
  [Data_05] gru ep 30 val 5.5939 best 3.5167@ep8 pat 22 (410s)
  [Data_05] gru ep 31 val 5.4941 best 3.5167@ep8 pat 23 (423s)
  [Data_05] gru ep 32 val 5.3304 best 3.5167@ep8 pat 24 (437s)
  [Data_05] gru ep 33 val 5.9084 best 3.5167@ep8 pat 25 (450s)
  [Data_05] gru ep 34 val 5.1100 best 3.5167@ep8 pat 26 (463s)
  [Data_05] gru ep 35 val 5.6006 best 3.5167@ep8 pat 27 (476s)
  [Data_05] gru ep 36 val 5.3605 best 3.5167@ep8 pat 28 (489s)
  [Data_05] gru ep 37 val 5.1360 best 3.5167@ep8 pat 29 (503s)
  [Data_05] gru ep 38 val 5.6947 best 3.5167@ep8 pat 30 (516s)
  [Data_05] gru ep 39 val 5.1930 best 3.5167@ep8 pat 31 (529s)
  [Data_05] gru ep 40 val 5.8900 best 3.5167@ep8 pat 32 (542s)
  [Data_05] gru ep 41 val 4.7699 best 3.5167@ep8 pat 33 (555s)
  [Data_05] gru ep 42 val 5.6608 best 3.5167@ep8 pat 34 (569s)
  [Data_05] gru ep 43 val 6.3590 best 3.5167@ep8 pat 35 (582s)
  [Data_05] gru ep 44 val 6.0866 best 3.5167@ep8 pat 36 (595s)
  [Data_05] gru ep 45 val 6.2532 best 3.5167@ep8 pat 37 (608s)
  [Data_05] gru ep 46 val 5.8810 best 3.5167@ep8 pat 38 (621s)
  [Data_05] gru ep 47 val 5.6142 best 3.5167@ep8 pat 39 (634s)
  [Data_05] gru ep 48 val 6.3018 best 3.5167@ep8 pat 40 (648s)
  [Data_05] gru ep 49 val 6.3404 best 3.5167@ep8 pat 41 (661s)
  [Data_05] gru ep 50 val 6.0299 best 3.5167@ep8 pat 42 (674s)
  [Data_05] gru ep 51 val 6.2169 best 3.5167@ep8 pat 43 (687s)
  [Data_05] gru ep 52 val 5.7432 best 3.5167@ep8 pat 44 (701s)
  [Data_05] gru ep 53 val 6.5113 best 3.5167@ep8 pat 45 (714s)
  [Data_05] gru ep 54 val 6.3089 best 3.5167@ep8 pat 46 (726s)
  [Data_05] gru ep 55 val 6.4575 best 3.5167@ep8 pat 47 (737s)
  [Data_05] gru ep 56 val 7.0977 best 3.5167@ep8 pat 48 (749s)
  [Data_05] gru ep 57 val 6.7322 best 3.5167@ep8 pat 49 (761s)
  [Data_05] gru ep 58 val 6.3555 best 3.5167@ep8 pat 50 (772s)
*** gru Data_05 mae_seq=3.3512 mae_shuf=4.4137
