command: python -m hingesense.baselines --method gru --fold Data_10 --out results/raw/baselines/gru --epochs 300 --patience 50
UserWarning: Can't initialize NVML
os: Linux-6.8.0-138-generic-x86_64-with-glibc2.35
cpu: Intel(R) Xeon(R) Platinum 8480C x224, ram 1007.5 GB
gpu: NVIDIA H100 (driver 580.173.02)
python 3.11.15, torch 2.12.0+cu130, cuda 13.0
=== gru Data_10 dev=cuda:0 ===
  [Data_10] gru cond=assembly sources=32
  [Data_10] gru ep 0 val 8.3443 best 8.3443@ep0 pat 0 (9s)
  [Data_10] gru ep 1 val 5.4651 best 5.4651@ep1 pat 0 (21s)
  [Data_10] gru ep 2 val 1.8739 best 1.8739@ep2 pat 0 (34s)
  [Data_10] gru ep 3 val 2.7404 best 1.8739@ep2 pat 1 (46s)
  [Data_10] gru ep 4 val 2.2388 best 1.8739@ep2 pat 2 (59s)
  [Data_10] gru ep 5 val 1.7690 best 1.7690@ep5 pat 0 (72s)
  [Data_10] gru ep 6 val 1.4692 best 1.4692@ep6 pat 0 (84s)
  [Data_10] gru ep 7 val 2.2872 best 1.4692@ep6 pat 1 (97s)
  [Data_10] gru ep 8 val 1.8788 best 1.4692@ep6 pat 2 (109s)
  [Data_10] gru ep 9 val 1.3491 best 1.3491@ep9 pat 0 (122s)
  [Data_10] gru ep 10 val 1.7997 best 1.3491@ep9 pat 1 (135s)
  [Data_10] gru ep 11 val 1.8008 best 1.3491@ep9 pat 2 (147s)
  [Data_10] gru ep 12 val 1.3784 best 1.3491@ep9 pat 3 (160s)
  [Data_10] gru ep 13 val 2.1880 best 1.3491@ep9 pat 4 (172s)
  [Data_10] gru ep 14 val 1.3215 best 1.3215@ep14 pat 0 (185s)
  [Data_10] gru ep 15 val 1.4429 best 1.3215@ep14 pat 1 (198s)
  [Data_10] gru ep 16 val 1.5580 best 1.3215@ep14 pat 2 (210s)
  [Data_10] gru ep 17 val 1.3461 best 1.3215@ep14 pat 3 (223s)
  [Data_10] gru ep 18 val 0.8208 best 0.8208@ep18 pat 0 (236s)
  [Data_10] gru ep 19 val 1.7068 best 0.8208@ep18 pat 1 (248s)
  [Data_10] gru ep 20 val 2.1894 best 0.8208@ep18 pat 2 (261s)
  [Data_10] gru ep 21 val 0.9501 best 0.8208@ep18 pat 3 (273s)
  [Data_10] gru ep 22 val 1.2716 best 0.8208@ep18 pat 4 (286s)
  [Data_10] gru ep 23 val 1.7798 best 0.8208@ep18 pat 5 (299s)
  [Data_10] gru ep 24 val 1.5153 best 0.8208@ep18 pat 6 (311s)
  [Data_10] gru ep 25 val 1.5858 best 0.8208@ep18 pat 7 (324s)
  [Data_10] gru ep 26 val 1.6093 best 0.8208@ep18 pat 8 (336s)
  [Data_10] gru ep 27 val 1.6640 best 0.8208@ep18 pat 9 (349s)
  [Data_10] gru ep 28 val 1.2770 best 0.8208@ep18 pat 10 (362s)
  [Data_10] gru ep 29 val 1.2717 best 0.8208@ep18 pat 11 (374s)
  [Data_10] gru ep 30 val 1.7771 best 0.8208@ep18 pat 12 (387s)
  [Data_10] gru ep 31 val 1.7589 best 0.8208@ep18 pat 13 (400s)
  [Data_10] gru ep 32 val 1.0823 best 0.8208@ep18 pat 14 (412s)
  [Data_10] gru ep 33 val 0.9410 best 0.8208@ep18 pat 15 (425s)
  [Data_10] gru ep 34 val 1.3160 best 0.8208@ep18 pat 16 (437s)
  [Data_10] gru ep 35 val 1.2822 best 0.8208@ep18 pat 17 (450s)
  [Data_10] gru ep 36 val 1.0497 best 0.8208@ep18 pat 18 (463s)
  [Data_10] gru ep 37 val 1.6382 best 0.8208@ep18 pat 19 (475s)
  [Data_10] gru ep 38 val 1.8798 best 0.8208@ep18 pat 20 (488s)
  [Data_10] gru ep 39 val 1.6565 best 0.8208@ep18 pat 21 (500s)
  [Data_10] gru ep 40 val 1.7345 best 0.8208@ep18 pat 22 (513s)
  [Data_10] gru ep 41 val 1.2350 best 0.8208@ep18 pat 23 (525s)
  [Data_10] gru ep 42 val 1.1375 best 0.8208@ep18 pat 24 (538s)
  [Data_10] gru ep 43 val 1.4657 best 0.8208@ep18 pat 25 (551s)
  [Data_10] gru ep 44 val 1.6313 best 0.8208@ep18 pat 26 (563s)
  [Data_10] gru ep 45 val 1.6613 best 0.8208@ep18 pat 27 (576s)
  [Data_10] gru ep 46 val 1.3054 best 0.8208@ep18 pat 28 (589s)
  [Data_10] gru ep 47 val 1.5088 best 0.8208@ep18 pat 29 (601s)
  [Data_10] gru ep 48 val 1.6299 best 0.8208@ep18 pat 30 (614s)
  [Data_10] gru ep 49 val 1.7475 best 0.8208@ep18 pat 31 (626s)
  [Data_10] gru ep 50 val 1.6708 best 0.8208@ep18 pat 32 (639s)
  [Data_10] gru ep 51 val 1.4491 best 0.8208@ep18 pat 33 (652s)
  [Data_10] gru ep 52 val 1.4371 best 0.8208@ep18 pat 34 (664s)
  [Data_10] gru ep 53 val 1.6268 best 0.8208@ep18 pat 35 (677s)
  [Data_10] gru ep 54 val 1.6524 best 0.8208@ep18 pat 36 (689s)
  [Data_10] gru ep 55 val 1.6238 best 0.8208@ep18 pat 37 (702s)
  [Data_10] gru ep 56 val 1.2613 best 0.8208@ep18 pat 38 (715s)
  [Data_10] gru ep 57 val 1.2479 best 0.8208@ep18 pat 39 (727s)
  [Data_10] gru ep 58 val 1.1990 best 0.8208@ep18 pat 40 (740s)
  [Data_10] gru ep 59 val 1.3950 best 0.8208@ep18 pat 41 (752s)
  [Data_10] gru ep 60 val 1.1870 best 0.8208@ep18 pat 42 (765s)
  [Data_10] gru ep 61 val 1.4655 best 0.8208@ep18 pat 43 (777s)
  [Data_10] gru ep 62 val 1.3126 best 0.8208@ep18 pat 44 (790s)
  [Data_10] gru ep 63 val 1.2731 best 0.8208@ep18 pat 45 (802s)
  [Data_10] gru ep 64 val 1.4738 best 0.8208@ep18 pat 46 (815s)
  [Data_10] gru ep 65 val 1.3694 best 0.8208@ep18 pat 47 (827s)
  [Data_10] gru ep 66 val 1.2288 best 0.8208@ep18 pat 48 (840s)
  [Data_10] gru ep 67 val 1.6229 best 0.8208@ep18 pat 49 (852s)
  [Data_10] gru ep 68 val 1.4579 best 0.8208@ep18 pat 50 (865s)
*** gru Data_10 mae_seq=0.9623 mae_shuf=21.2256
