command: python -m hingesense.baselines --method gru --fold Data_12 --out results/raw/baselines/gru --epochs 300 --patience 50
UserWarning: Can't initialize NVML
os: Linux-6.8.0-138-generic-x86_64-with-glibc2.35
cpu: Intel(R) Xeon(R) Platinum 8480C x224, ram 1007.5 GB
gpu: NVIDIA H100 (driver 580.173.02)
python 3.11.15, torch 2.12.0+cu130, cuda 13.0
=== gru Data_12 dev=cuda:0 ===
  [Data_12] gru cond=assembly sources=32
  [Data_12] gru ep 0 val 16.0975 best 16.0975@ep0 pat 0 (9s)
  [Data_12] gru ep 1 val 21.4342 best 16.0975@ep0 pat 1 (22s)
  [Data_12] gru ep 2 val 26.0449 best 16.0975@ep0 pat 2 (35s)
  [Data_12] gru ep 3 val 22.7094 best 16.0975@ep0 pat 3 (47s)
  [Data_12] gru ep 4 val 24.1017 best 16.0975@ep0 pat 4 (60s)
  [Data_12] gru ep 5 val 25.1902 best 16.0975@ep0 pat 5 (73s)
  [Data_12] gru ep 6 val 24.5803 best 16.0975@ep0 pat 6 (86s)
  [Data_12] gru ep 7 val 23.0530 best 16.0975@ep0 pat 7 (99s)
  [Data_12] gru ep 8 val 25.4534 best 16.0975@ep0 pat 8 (112s)
  [Data_12] gru ep 9 val 24.7327 best 16.0975@ep0 pat 9 (125s)
  [Data_12] gru ep 10 val 20.3596 best 16.0975@ep0 pat 10 (138s)
  [Data_12] gru ep 11 val 22.5823 best 16.0975@ep0 pat 11 (151s)
  [Data_12] gru ep 12 val 21.5361 best 16.0975@ep0 pat 12 (163s)
  [Data_12] gru ep 13 val 16.1633 best 16.0975@ep0 pat 13 (176s)
  [Data_12] gru ep 14 val 20.1970 best 16.0975@ep0 pat 14 (189s)
  [Data_12] gru ep 15 val 21.0879 best 16.0975@ep0 pat 15 (202s)
  [Data_12] gru ep 16 val 22.3651 best 16.0975@ep0 pat 16 (215s)
  [Data_12] gru ep 17 val 24.2053 best 16.0975@ep0 pat 17 (228s)
  [Data_12] gru ep 18 val 19.0918 best 16.0975@ep0 pat 18 (240s)
  [Data_12] gru ep 19 val 21.5933 best 16.0975@ep0 pat 19 (253s)
  [Data_12] gru ep 20 val 18.4529 best 16.0975@ep0 pat 20 (266s)
  [Data_12] gru ep 21 val 19.0724 best 16.0975@ep0 pat 21 (279s)
  [Data_12] gru ep 22 val 18.8680 best 16.0975@ep0 pat 22 (292s)
  [Data_12] gru ep 23 val 18.0621 best 16.0975@ep0 pat 23 (305s)
  [Data_12] gru ep 24 val 16.4227 best 16.0975@ep0 pat 24 (318s)
  [Data_12] gru ep 25 val 15.2591 best 15.2591@ep25 pat 0 (330s)
  [Data_12] gru ep 26 val 18.4024 best 15.2591@ep25 pat 1 (343s)
  [Data_12] gru ep 27 val 20.5067 best 15.2591@ep25 pat 2 (356s)
  [Data_12] gru ep 28 val 21.1254 best 15.2591@ep25 pat 3 (369s)
  [Data_12] gru ep 29 val 19.0503 best 15.2591@ep25 pat 4 (382s)
  [Data_12] gru ep 30 val 21.8738 best 15.2591@ep25 pat 5 (394s)
  [Data_12] gru ep 31 val 18.5411 best 15.2591@ep25 pat 6 (407s)
  [Data_12] gru ep 32 val 19.9818 best 15.2591@ep25 pat 7 (420s)
  [Data_12] gru ep 33 val 20.4917 best 15.2591@ep25 pat 8 (433s)
  [Data_12] gru ep 34 val 17.6145 best 15.2591@ep25 pat 9 (446s)
  [Data_12] gru ep 35 val 20.1476 best 15.2591@ep25 pat 10 (459s)
  [Data_12] gru ep 36 val 16.6564 best 15.2591@ep25 pat 11 (472s)
  [Data_12] gru ep 37 val 20.8883 best 15.2591@ep25 pat 12 (485s)
  [Data_12] gru ep 38 val 17.9193 best 15.2591@ep25 pat 13 (498s)
  [Data_12] gru ep 39 val 19.7720 best 15.2591@ep25 pat 14 (510s)
  [Data_12] gru ep 40 val 19.0461 best 15.2591@ep25 pat 15 (523s)
  [Data_12] gru ep 41 val 20.8114 best 15.2591@ep25 pat 16 (536s)
  [Data_12] gru ep 42 val 21.2087 best 15.2591@ep25 pat 17 (549s)
  [Data_12] gru ep 43 val 19.4796 best 15.2591@ep25 pat 18 (562s)
  [Data_12] gru ep 44 val 19.8643 best 15.2591@ep25 pat 19 (575s)
  [Data_12] gru ep 45 val 18.2962 best 15.2591@ep25 pat 20 (587s)
  [Data_12] gru ep 46 val 21.2188 best 15.2591@ep25 pat 21 (600s)
  [Data_12] gru ep 47 val 17.5865 best 15.2591@ep25 pat 22 (613s)
  [Data_12] gru ep 48 val 16.8501 best 15.2591@ep25 pat 23 (626s)
  [Data_12] gru ep 49 val 19.5596 best 15.2591@ep25 pat 24 (639s)
  [Data_12] gru ep 50 val 19.1070 best 15.2591@ep25 pat 25 (652s)
  [Data_12] gru ep 51 val 20.7075 best 15.2591@ep25 pat 26 (664s)
  [Data_12] gru ep 52 val 22.1034 best 15.2591@ep25 pat 27 (677s)
  [Data_12] gru ep 53 val 21.1894 best 15.2591@ep25 pat 28 (690s)
  [Data_12] gru ep 54 val 20.0457 best 15.2591@ep25 pat 29 (703s)
  [Data_12] gru ep 55 val 19.2937 best 15.2591@ep25 pat 30 (716s)
  [Data_12] gru ep 56 val 19.9410 best 15.2591@ep25 pat 31 (729s)
  [Data_12] gru ep 57 val 17.1476 best 15.2591@ep25 pat 32 (741s)
  [Data_12] gru ep 58 val 19.8587 best 15.2591@ep25 pat 33 (754s)
  [Data_12] gru ep 59 val 20.6911 best 15.2591@ep25 pat 34 (767s)
  [Data_12] gru ep 60 val 20.1027 best 15.2591@ep25 pat 35 (780s)
  [Data_12] gru ep 61 val 20.5815 best 15.2591@ep25 pat 36 (792s)
  [Data_12] gru ep 62 val 20.7196 best 15.2591@ep25 pat 37 (805s)
  [Data_12] gru ep 63 val 18.6031 best 15.2591@ep25 pat 38 (817s)
  [Data_12] gru ep 64 val 20.7048 best 15.2591@ep25 pat 39 (830s)
  [Data_12] gru ep 65 val 19.9896 best 15.2591@ep25 pat 40 (843s)
  [Data_12] gru ep 66 val 21.2035 best 15.2591@ep25 pat 41 (856s)
  [Data_12] gru ep 67 val 20.9020 best 15.2591@ep25 pat 42 (869s)
  [Data_12] gru ep 68 val 20.5882 best 15.2591@ep25 pat 43 (881s)
  [Data_12] gru ep 69 val 21.4524 best 15.2591@ep25 pat 44 (894s)
  [Data_12] gru ep 70 val 21.1668 best 15.2591@ep25 pat 45 (906s)
  [Data_12] gru ep 71 val 21.2601 best 15.2591@ep25 pat 46 (919s)
  [Data_12] gru ep 72 val 21.5935 best 15.2591@ep25 pat 47 (931s)
  [Data_12] gru ep 73 val 20.6582 best 15.2591@ep25 pat 48 (944s)
  [Data_12] gru ep 74 val 21.5122 best 15.2591@ep25 pat 49 (957s)
  [Data_12] gru ep 75 val 20.6925 best 15.2591@ep25 pat 50 (969s)
*** gru Data_12 mae_seq=15.6981 mae_shuf=15.9957
