command: python -m hingesense.baselines --method gru --fold Data_04 --out results/raw/baselines/gru --epochs 300 --patience 50
UserWarning: Can't initialize NVML
os: Linux-6.8.0-138-generic-x86_64-with-glibc2.35
cpu: Intel(R) Xeon(R) Platinum 8480C x224, ram 1007.5 GB
gpu: NVIDIA H100 (driver 580.173.02)
python 3.11.15, torch 2.12.0+cu130, cuda 13.0
=== gru Data_04 dev=cuda:0 ===
  [Data_04] gru cond=noload sources=52
  [Data_04] gru ep 0 val 20.0491 best 20.0491@ep0 pat 0 (15s)
  [Data_04] gru ep 1 val 18.9186 best 18.9186@ep1 pat 0 (28s)
  [Data_04] gru ep 2 val 16.0848 best 16.0848@ep2 pat 0 (42s)
  [Data_04] gru ep 3 val 17.1111 best 16.0848@ep2 pat 1 (55s)
  [Data_04] gru ep 4 val 19.5778 best 16.0848@ep2 pat 2 (69s)
  [Data_04] gru ep 5 val 19.2145 best 16.0848@ep2 pat 3 (83s)
  [Data_04] gru ep 6 val 18.4259 best 16.0848@ep2 pat 4 (96s)
  [Data_04] gru ep 7 val 20.4696 best 16.0848@ep2 pat 5 (110s)
  [Data_04] gru ep 8 val 18.6157 best 16.0848@ep2 pat 6 (123s)
  [Data_04] gru ep 9 val 18.5284 best 16.0848@ep2 pat 7 (137s)
  [Data_04] gru ep 10 val 20.4316 best 16.0848@ep2 pat 8 (151s)
  [Data_04] gru ep 11 val 17.0784 best 16.0848@ep2 pat 9 (164s)
  [Data_04] gru ep 12 val 17.9915 best 16.0848@ep2 pat 10 (178s)
  [Data_04] gru ep 13 val 18.8726 best 16.0848@ep2 pat 11 (192s)
  [Data_04] gru ep 14 val 21.0078 best 16.0848@ep2 pat 12 (205s)
  [Data_04] gru ep 15 val 19.8125 best 16.0848@ep2 pat 13 (219s)
  [Data_04] gru ep 16 val 18.6966 best 16.0848@ep2 pat 14 (233s)
  [Data_04] gru ep 17 val 18.5186 best 16.0848@ep2 pat 15 (246s)
  [Data_04] gru ep 18 val 18.1563 best 16.0848@ep2 pat 16 (260s)
  [Data_04] gru ep 19 val 18.6788 best 16.0848@ep2 pat 17 (273s)
  [Data_04] gru ep 20 val 16.8097 best 16.0848@ep2 pat 18 (287s)
  [Data_04] gru ep 21 val 19.6281 best 16.0848@ep2 pat 19 (301s)
  [Data_04] gru ep 22 val 19.7722 best 16.0848@ep2 pat 20 (314s)
  [Data_04] gru ep 23 val 18.2365 best 16.0848@ep2 pat 21 (328s)
  [Data_04] gru ep 24 val 18.3064 best 16.0848@ep2 pat 22 (341s)
  [Data_04] gru ep 25 val 19.5750 best 16.0848@ep2 pat 23 (355s)
  [Data_04] gru ep 26 val 21.7931 best 16.0848@ep2 pat 24 (369s)
  [Data_04] gru ep 27 val 19.9327 best 16.0848@ep2 pat 25 (382s)
  [Data_04] gru ep 28 val 20.1442 best 16.0848@ep2 pat 26 (396s)
  [Data_04] gru ep 29 val 18.3959 best 16.0848@ep2 pat 27 (409s)
  [Data_04] gru ep 30 val 19.6426 best 16.0848@ep2 pat 28 (423s)
  [Data_04] gru ep 31 val 19.6461 best 16.0848@ep2 pat 29 (437s)
  [Data_04] gru ep 32 val 21.4269 best 16.0848@ep2 pat 30 (450s)
  [Data_04] gru ep 33 val 18.3050 best 16.0848@ep2 pat 31 (464s)
  [Data_04] gru ep 34 val 20.0514 best 16.0848@ep2 pat 32 (477s)
  [Data_04] gru ep 35 val 19.4418 best 16.0848@ep2 pat 33 (491s)
  [Data_04] gru ep 36 val 19.2413 best 16.0848@ep2 pat 34 (505s)
  [Data_04] gru ep 37 val 19.8538 best 16.0848@ep2 pat 35 (518s)
  [Data_04] gru ep 38 val 18.8653 best 16.0848@ep2 pat 36 (532s)
  [Data_04] gru ep 39 val 18.8924 best 16.0848@ep2 pat 37 (545s)
  [Data_04] gru ep 40 val 19.0263 best 16.0848@ep2 pat 38 (559s)
  [Data_04] gru ep 41 val 19.1325 best 16.0848@ep2 pat 39 (573s)
  [Data_04] gru ep 42 val 18.9894 best 16.0848@ep2 pat 40 (586s)
  [Data_04] gru ep 43 val 19.9074 best 16.0848@ep2 pat 41 (600s)
  [Data_04] gru ep 44 val 19.9184 best 16.0848@ep2 pat 42 (613s)
  [Data_04] gru ep 45 val 18.8132 best 16.0848@ep2 pat 43 (627s)
  [Data_04] gru ep 46 val 18.7833 best 16.0848@ep2 pat 44 (641s)
  [Data_04] gru ep 47 val 18.2995 best 16.0848@ep2 pat 45 (654s)
  [Data_04] gru ep 48 val 19.6105 best 16.0848@ep2 pat 46 (668s)
  [Data_04] gru ep 49 val 19.8526 best 16.0848@ep2 pat 47 (681s)
  [Data_04] gru ep 50 val 19.8443 best 16.0848@ep2 pat 48 (695s)
  [Data_04] gru ep 51 val 19.8479 best 16.0848@ep2 pat 49 (709s)
  [Data_04] gru ep 52 val 19.0313 best 16.0848@ep2 pat 50 (722s)
*** gru Data_04 mae_seq=16.1089 mae_shuf=16.1513
