command: python -m hingesense.baselines --method gru --fold Data_08 --out results/raw/baselines/gru --epochs 300 --patience 50
UserWarning: Can't initialize NVML
os: Linux-6.8.0-138-generic-x86_64-with-glibc2.35
cpu: Intel(R) Xeon(R) Platinum 8480C x224, ram 1007.5 GB
gpu: NVIDIA H100 (driver 580.173.02)
python 3.11.15, torch 2.12.0+cu130, cuda 13.0
=== gru Data_08 dev=cuda:0 ===
  [Data_08] gru cond=assembly sources=32
  [Data_08] gru ep 0 val 7.9938 best 7.9938@ep0 pat 0 (10s)
  [Data_08] gru ep 1 val 2.5320 best 2.5320@ep1 pat 0 (23s)
  [Data_08] gru ep 2 val 3.6467 best 2.5320@ep1 pat 1 (35s)
  [Data_08] gru ep 3 val 3.3841 best 2.5320@ep1 pat 2 (48s)
  [Data_08] gru ep 4 val 4.1393 best 2.5320@ep1 pat 3 (60s)
  [Data_08] gru ep 5 val 2.6280 best 2.5320@ep1 pat 4 (73s)
  [Data_08] gru ep 6 val 2.7455 best 2.5320@ep1 pat 5 (86s)
  [Data_08] gru ep 7 val 3.2221 best 2.5320@ep1 pat 6 (98s)
  [Data_08] gru ep 8 val 3.5782 best 2.5320@ep1 pat 7 (111s)
  [Data_08] gru ep 9 val 3.6760 best 2.5320@ep1 pat 8 (123s)
  [Data_08] gru ep 10 val 2.8547 best 2.5320@ep1 pat 9 (136s)
  [Data_08] gru ep 11 val 2.0444 best 2.0444@ep11 pat 0 (148s)
  [Data_08] gru ep 12 val 2.3142 best 2.0444@ep11 pat 1 (161s)
  [Data_08] gru ep 13 val 2.6493 best 2.0444@ep11 pat 2 (174s)
  [Data_08] gru ep 14 val 3.2850 best 2.0444@ep11 pat 3 (186s)
  [Data_08] gru ep 15 val 2.6665 best 2.0444@ep11 pat 4 (199s)
  [Data_08] gru ep 16 val 2.9071 best 2.0444@ep11 pat 5 (212s)
  [Data_08] gru ep 17 val 2.8643 best 2.0444@ep11 pat 6 (224s)
  [Data_08] gru ep 18 val 2.8346 best 2.0444@ep11 pat 7 (237s)
  [Data_08] gru ep 19 val 3.9387 best 2.0444@ep11 pat 8 (249s)
  [Data_08] gru ep 20 val 2.7998 best 2.0444@ep11 pat 9 (262s)
  [Data_08] gru ep 21 val 2.5923 best 2.0444@ep11 pat 10 (274s)
  [Data_08] gru ep 22 val 3.0443 best 2.0444@ep11 pat 11 (287s)
  [Data_08] gru ep 23 val 3.4415 best 2.0444@ep11 pat 12 (300s)
  [Data_08] gru ep 24 val 3.1379 best 2.0444@ep11 pat 13 (312s)
  [Data_08] gru ep 25 val 2.4758 best 2.0444@ep11 pat 14 (325s)
  [Data_08] gru ep 26 val 2.8313 best 2.0444@ep11 pat 15 (337s)
  [Data_08] gru ep 27 val 2.9929 best 2.0444@ep11 pat 16 (350s)
  [Data_08] gru ep 28 val 2.2919 best 2.0444@ep11 pat 17 (363s)
  [Data_08] gru ep 29 val 2.5796 best 2.0444@ep11 pat 18 (375s)
  [Data_08] gru ep 30 val 2.5727 best 2.0444@ep11 pat 19 (388s)
  [Data_08] gru ep 31 val 2.6625 best 2.0444@ep11 pat 20 (401s)
  [Data_08] gru ep 32 val 2.7484 best 2.0444@ep11 pat 21 (413s)
  [Data_08] gru ep 33 val 2.7376 best 2.0444@ep11 pat 22 (426s)
  [Data_08] gru ep 34 val 2.9271 best 2.0444@ep11 pat 23 (438s)
  [Data_08] gru ep 35 val 2.8992 best 2.0444@ep11 pat 24 (451s)
  [Data_08] gru ep 36 val 2.7841 best 2.0444@ep11 pat 25 (464s)
  [Data_08] gru ep 37 val 2.2597 best 2.0444@ep11 pat 26 (476s)
  [Data_08] gru ep 38 val 2.8295 best 2.0444@ep11 pat 27 (489s)
  [Data_08] gru ep 39 val 2.9029 best 2.0444@ep11 pat 28 (501s)
  [Data_08] gru ep 40 val 2.4017 best 2.0444@ep11 pat 29 (514s)
  [Data_08] gru ep 41 val 2.5892 best 2.0444@ep11 pat 30 (527s)
  [Data_08] gru ep 42 val 2.6589 best 2.0444@ep11 pat 31 (539s)
  [Data_08] gru ep 43 val 2.5440 best 2.0444@ep11 pat 32 (552s)
  [Data_08] gru ep 44 val 2.8369 best 2.0444@ep11 pat 33 (565s)
  [Data_08] gru ep 45 val 2.5718 best 2.0444@ep11 pat 34 (577s)
  [Data_08] gru ep 46 val 2.3487 best 2.0444@ep11 pat 35 (590s)
  [Data_08] gru ep 47 val 2.6644 best 2.0444@ep11 pat 36 (602s)
  [Data_08] gru ep 48 val 2.4961 best 2.0444@ep11 pat 37 (615s)
  [Data_08] gru ep 49 val 2.6804 best 2.0444@ep11 pat 38 (628s)
  [Data_08] gru ep 50 val 2.9403 best 2.0444@ep11 pat 39 (640s)
  [Data_08] gru ep 51 val 2.5779 best 2.0444@ep11 pat 40 (653s)
  [Data_08] gru ep 52 val 2.5732 best 2.0444@ep11 pat 41 (665s)
  [Data_08] gru ep 53 val 2.4939 best 2.0444@ep11 pat 42 (678s)
  [Data_08] gru ep 54 val 2.3986 best 2.0444@ep11 pat 43 (691s)
  [Data_08] gru ep 55 val 2.6184 best 2.0444@ep11 pat 44 (704s)
  [Data_08] gru ep 56 val 2.6263 best 2.0444@ep11 pat 45 (716s)
  [Data_08] gru ep 57 val 2.5606 best 2.0444@ep11 pat 46 (729s)
  [Data_08] gru ep 58 val 2.5174 best 2.0444@ep11 pat 47 (741s)
  [Data_08] gru ep 59 val 2.7386 best 2.0444@ep11 pat 48 (753s)
  [Data_08] gru ep 60 val 2.5797 best 2.0444@ep11 pat 49 (766s)
  [Data_08] gru ep 61 val 2.2165 best 2.0444@ep11 pat 50 (779s)
*** gru Data_08 mae_seq=2.4291 mae_shuf=21.9645
