command: python -m hingesense.baselines --method gru --fold Data_01 --out results/raw/baselines/gru --epochs 300 --patience 50
UserWarning: Can't initialize NVML
os: Linux-6.8.0-138-generic-x86_64-with-glibc2.35
cpu: Intel(R) Xeon(R) Platinum 8480C x224, ram 1007.5 GB
gpu: NVIDIA H100 (driver 580.173.02)
python 3.11.15, torch 2.12.0+cu130, cuda 13.0
=== gru Data_01 dev=cuda:0 ===
  [Data_01] gru cond=noload sources=52
  [Data_01] gru ep 0 val 12.7891 best 12.7891@ep0 pat 0 (14s)
  [Data_01] gru ep 1 val 6.6716 best 6.6716@ep1 pat 0 (26s)
  [Data_01] gru ep 2 val 9.4801 best 6.6716@ep1 pat 1 (39s)
  [Data_01] gru ep 3 val 4.7819 best 4.7819@ep3 pat 0 (52s)
  [Data_01] gru ep 4 val 3.2460 best 3.2460@ep4 pat 0 (65s)
  [Data_01] gru ep 5 val 3.4399 best 3.2460@ep4 pat 1 (77s)
  [Data_01] gru ep 6 val 6.3756 best 3.2460@ep4 pat 2 (90s)
  [Data_01] gru ep 7 val 5.3139 best 3.2460@ep4 pat 3 (103s)
  [Data_01] gru ep 8 val 2.6271 best 2.6271@ep8 pat 0 (116s)
  [Data_01] gru ep 9 val 5.4567 best 2.6271@ep8 pat 1 (128s)
  [Data_01] gru ep 10 val 5.9516 best 2.6271@ep8 pat 2 (141s)
  [Data_01] gru ep 11 val 4.9129 best 2.6271@ep8 pat 3 (154s)
  [Data_01] gru ep 12 val 5.4832 best 2.6271@ep8 pat 4 (167s)
  [Data_01] gru ep 13 val 5.1452 best 2.6271@ep8 pat 5 (179s)
  [Data_01] gru ep 14 val 5.3513 best 2.6271@ep8 pat 6 (192s)
  [Data_01] gru ep 15 val 4.7496 best 2.6271@ep8 pat 7 (205s)
  [Data_01] gru ep 16 val 4.9667 best 2.6271@ep8 pat 8 (218s)
  [Data_01] gru ep 17 val 4.2972 best 2.6271@ep8 pat 9 (230s)
  [Data_01] gru ep 18 val 5.2347 best 2.6271@ep8 pat 10 (243s)
  [Data_01] gru ep 19 val 4.4421 best 2.6271@ep8 pat 11 (256s)
  [Data_01] gru ep 20 val 4.0840 best 2.6271@ep8 pat 12 (269s)
  [Data_01] gru ep 21 val 5.4095 best 2.6271@ep8 pat 13 (282s)
  [Data_01] gru ep 22 val 3.9921 best 2.6271@ep8 pat 14 (294s)
  [Data_01] gru ep 23 val 5.3279 best 2.6271@ep8 pat 15 (307s)
  [Data_01] gru ep 24 val 5.6515 best 2.6271@ep8 pat 16 (320s)
  [Data_01] gru ep 25 val 5.1039 best 2.6271@ep8 pat 17 (333s)
  [Data_01] gru ep 26 val 5.0386 best 2.6271@ep8 pat 18 (345s)
  [Data_01] gru ep 27 val 4.9710 best 2.6271@ep8 pat 19 (358s)
  [Data_01] gru ep 28 val 4.8229 best 2.6271@ep8 pat 20 (371s)
  [Data_01] gru ep 29 val 4.6529 best 2.6271@ep8 pat 21 (384s)
  [Data_01] gru ep 30 val 5.1592 best 2.6271@ep8 pat 22 (396s)
  [Data_01] gru ep 31 val 5.0596 best 2.6271@ep8 pat 23 (409s)
  [Data_01] gru ep 32 val 4.6715 best 2.6271@ep8 pat 24 (422s)
  [Data_01] gru ep 33 val 5.2382 best 2.6271@ep8 pat 25 (435s)
  [Data_01] gru ep 34 val 5.2163 best 2.6271@ep8 pat 26 (447s)
  [Data_01] gru ep 35 val 4.8964 best 2.6271@ep8 pat 27 (460s)
  [Data_01] gru ep 36 val 4.7888 best 2.6271@ep8 pat 28 (473s)
  [Data_01] gru ep 37 val 4.3783 best 2.6271@ep8 pat 29 (486s)
  [Data_01] gru ep 38 val 5.3751 best 2.6271@ep8 pat 30 (499s)
  [Data_01] gru ep 39 val 5.2134 best 2.6271@ep8 pat 31 (511s)
  [Data_01] gru ep 40 val 4.9655 best 2.6271@ep8 pat 32 (524s)
  [Data_01] gru ep 41 val 4.8831 best 2.6271@ep8 pat 33 (537s)
  [Data_01] gru ep 42 val 4.8639 best 2.6271@ep8 pat 34 (549s)
  [Data_01] gru ep 43 val 4.6230 best 2.6271@ep8 pat 35 (562s)
  [Data_01] gru ep 44 val 5.8281 best 2.6271@ep8 pat 36 (575s)
  [Data_01] gru ep 45 val 4.6420 best 2.6271@ep8 pat 37 (588s)
  [Data_01] gru ep 46 val 4.2649 best 2.6271@ep8 pat 38 (601s)
  [Data_01] gru ep 47 val 4.7343 best 2.6271@ep8 pat 39 (614s)
  [Data_01] gru ep 48 val 4.7188 best 2.6271@ep8 pat 40 (626s)
  [Data_01] gru ep 49 val 4.5370 best 2.6271@ep8 pat 41 (639s)
  [Data_01] gru ep 50 val 5.1291 best 2.6271@ep8 pat 42 (652s)
  [Data_01] gru ep 51 val 4.7620 best 2.6271@ep8 pat 43 (665s)
  [Data_01] gru ep 52 val 4.7004 best 2.6271@ep8 pat 44 (677s)
  [Data_01] gru ep 53 val 4.7597 best 2.6271@ep8 pat 45 (690s)
  [Data_01] gru ep 54 val 4.9782 best 2.6271@ep8 pat 46 (703s)
  [Data_01] gru ep 55 val 4.8934 best 2.6271@ep8 pat 47 (715s)
  [Data_01] gru ep 56 val 5.0835 best 2.6271@ep8 pat 48 (727s)
  [Data_01] gru ep 57 val 5.1198 best 2.6271@ep8 pat 49 (738s)
  [Data_01] gru ep 58 val 4.7804 best 2.6271@ep8 pat 50 (750s)
*** gru Data_01 mae_seq=2.6989 mae_shuf=23.7008
