command: python -m hingesense.baselines --method gru --fold Data_07 --out results/raw/baselines/gru --epochs 300 --patience 50
UserWarning: Can't initialize NVML
os: Linux-6.8.0-138-generic-x86_64-with-glibc2.35
cpu: Intel(R) Xeon(R) Platinum 8480C x224, ram 1007.5 GB
gpu: NVIDIA H100 (driver 580.173.02)
python 3.11.15, torch 2.12.0+cu130, cuda 13.0
=== gru Data_07 dev=cuda:0 ===
  [Data_07] gru cond=assembly sources=32
  [Data_07] gru ep 0 val 9.4995 best 9.4995@ep0 pat 0 (6s)
  [Data_07] gru ep 1 val 4.9884 best 4.9884@ep1 pat 0 (18s)
  [Data_07] gru ep 2 val 3.4844 best 3.4844@ep2 pat 0 (31s)
  [Data_07] gru ep 3 val 2.9262 best 2.9262@ep3 pat 0 (44s)
  [Data_07] gru ep 4 val 3.3401 best 2.9262@ep3 pat 1 (57s)
  [Data_07] gru ep 5 val 3.1790 best 2.9262@ep3 pat 2 (70s)
  [Data_07] gru ep 6 val 3.8926 best 2.9262@ep3 pat 3 (84s)
  [Data_07] gru ep 7 val 3.7417 best 2.9262@ep3 pat 4 (97s)
  [Data_07] gru ep 8 val 3.7539 best 2.9262@ep3 pat 5 (109s)
  [Data_07] gru ep 9 val 3.8055 best 2.9262@ep3 pat 6 (122s)
  [Data_07] gru ep 10 val 2.6184 best 2.6184@ep10 pat 0 (135s)
  [Data_07] gru ep 11 val 3.6279 best 2.6184@ep10 pat 1 (149s)
  [Data_07] gru ep 12 val 3.2821 best 2.6184@ep10 pat 2 (162s)
  [Data_07] gru ep 13 val 3.6224 best 2.6184@ep10 pat 3 (175s)
  [Data_07] gru ep 14 val 3.3852 best 2.6184@ep10 pat 4 (188s)
  [Data_07] gru ep 15 val 4.3474 best 2.6184@ep10 pat 5 (201s)
  [Data_07] gru ep 16 val 3.0690 best 2.6184@ep10 pat 6 (214s)
  [Data_07] gru ep 17 val 3.2719 best 2.6184@ep10 pat 7 (227s)
  [Data_07] gru ep 18 val 2.9236 best 2.6184@ep10 pat 8 (240s)
  [Data_07] gru ep 19 val 3.9580 best 2.6184@ep10 pat 9 (253s)
  [Data_07] gru ep 20 val 3.1777 best 2.6184@ep10 pat 10 (266s)
  [Data_07] gru ep 21 val 3.4559 best 2.6184@ep10 pat 11 (280s)
  [Data_07] gru ep 22 val 3.0113 best 2.6184@ep10 pat 12 (293s)
  [Data_07] gru ep 23 val 3.5210 best 2.6184@ep10 pat 13 (306s)
  [Data_07] gru ep 24 val 3.0615 best 2.6184@ep10 pat 14 (319s)
  [Data_07] gru ep 25 val 3.0472 best 2.6184@ep10 pat 15 (332s)
  [Data_07] gru ep 26 val 2.7288 best 2.6184@ep10 pat 16 (345s)
  [Data_07] gru ep 27 val 2.9950 best 2.6184@ep10 pat 17 (358s)
  [Data_07] gru ep 28 val 3.2928 best 2.6184@ep10 pat 18 (372s)
  [Data_07] gru ep 29 val 3.1915 best 2.6184@ep10 pat 19 (385s)
  [Data_07] gru ep 30 val 3.1740 best 2.6184@ep10 pat 20 (398s)
  [Data_07] gru ep 31 val 3.3033 best 2.6184@ep10 pat 21 (411s)
  [Data_07] gru ep 32 val 3.3430 best 2.6184@ep10 pat 22 (424s)
  [Data_07] gru ep 33 val 2.9772 best 2.6184@ep10 pat 23 (437s)
  [Data_07] gru ep 34 val 3.3657 best 2.6184@ep10 pat 24 (450s)
  [Data_07] gru ep 35 val 3.4066 best 2.6184@ep10 pat 25 (463s)
  [Data_07] gru ep 36 val 2.6670 best 2.6184@ep10 pat 26 (476s)
  [Data_07] gru ep 37 val 2.8098 best 2.6184@ep10 pat 27 (489s)
  [Data_07] gru ep 38 val 2.8212 best 2.6184@ep10 pat 28 (502s)
  [Data_07] gru ep 39 val 2.6943 best 2.6184@ep10 pat 29 (515s)
  [Data_07] gru ep 40 val 3.4499 best 2.6184@ep10 pat 30 (528s)
  [Data_07] gru ep 41 val 3.0000 best 2.6184@ep10 pat 31 (541s)
  [Data_07] gru ep 42 val 2.7930 best 2.6184@ep10 pat 32 (554s)
  [Data_07] gru ep 43 val 2.7122 best 2.6184@ep10 pat 33 (567s)
  [Data_07] gru ep 44 val 3.0759 best 2.6184@ep10 pat 34 (580s)
  [Data_07] gru ep 45 val 3.0743 best 2.6184@ep10 pat 35 (593s)
  [Data_07] gru ep 46 val 2.9615 best 2.6184@ep10 pat 36 (606s)
  [Data_07] gru ep 47 val 2.6060 best 2.6060@ep47 pat 0 (619s)
  [Data_07] gru ep 48 val 2.8996 best 2.6060@ep47 pat 1 (633s)
  [Data_07] gru ep 49 val 3.0385 best 2.6060@ep47 pat 2 (646s)
  [Data_07] gru ep 50 val 2.3651 best 2.3651@ep50 pat 0 (659s)
  [Data_07] gru ep 51 val 2.7440 best 2.3651@ep50 pat 1 (672s)
  [Data_07] gru ep 52 val 2.6368 best 2.3651@ep50 pat 2 (685s)
  [Data_07] gru ep 53 val 2.5713 best 2.3651@ep50 pat 3 (698s)
  [Data_07] gru ep 54 val 2.8811 best 2.3651@ep50 pat 4 (711s)
  [Data_07] gru ep 55 val 2.5626 best 2.3651@ep50 pat 5 (724s)
  [Data_07] gru ep 56 val 2.7902 best 2.3651@ep50 pat 6 (736s)
  [Data_07] gru ep 57 val 2.8404 best 2.3651@ep50 pat 7 (747s)
  [Data_07] gru ep 58 val 2.9358 best 2.3651@ep50 pat 8 (759s)
  [Data_07] gru ep 59 val 2.6672 best 2.3651@ep50 pat 9 (770s)
  [Data_07] gru ep 60 val 2.6597 best 2.3651@ep50 pat 10 (782s)
  [Data_07] gru ep 61 val 2.3217 best 2.3217@ep61 pat 0 (793s)
  [Data_07] gru ep 62 val 2.5505 best 2.3217@ep61 pat 1 (804s)
  [Data_07] gru ep 63 val 2.6161 best 2.3217@ep61 pat 2 (815s)
  [Data_07] gru ep 64 val 3.0218 best 2.3217@ep61 pat 3 (827s)
  [Data_07] gru ep 65 val 2.3592 best 2.3217@ep61 pat 4 (838s)
  [Data_07] gru ep 66 val 2.5516 best 2.3217@ep61 pat 5 (850s)
  [Data_07] gru ep 67 val 2.7348 best 2.3217@ep61 pat 6 (861s)
  [Data_07] gru ep 68 val 3.0696 best 2.3217@ep61 pat 7 (873s)
  [Data_07] gru ep 69 val 2.5211 best 2.3217@ep61 pat 8 (884s)
  [Data_07] gru ep 70 val 2.6144 best 2.3217@ep61 pat 9 (895s)
  [Data_07] gru ep 71 val 2.6732 best 2.3217@ep61 pat 10 (907s)
  [Data_07] gru ep 72 val 3.2710 best 2.3217@ep61 pat 11 (918s)
  [Data_07] gru ep 73 val 2.6853 best 2.3217@ep61 pat 12 (930s)
  [Data_07] gru ep 74 val 2.3803 best 2.3217@ep61 pat 13 (941s)
  [Data_07] gru ep 75 val 2.6280 best 2.3217@ep61 pat 14 (953s)
  [Data_07] gru ep 76 val 2.6407 best 2.3217@ep61 pat 15 (964s)
  [Data_07] gru ep 77 val 2.6679 best 2.3217@ep61 pat 16 (976s)
  [Data_07] gru ep 78 val 2.4459 best 2.3217@ep61 pat 17 (987s)
  [Data_07] gru ep 79 val 2.4885 best 2.3217@ep61 pat 18 (999s)
  [Data_07] gru ep 80 val 2.7105 best 2.3217@ep61 pat 19 (1011s)
  [Data_07] gru ep 81 val 2.5440 best 2.3217@ep61 pat 20 (1023s)
  [Data_07] gru ep 82 val 2.7474 best 2.3217@ep61 pat 21 (1035s)
  [Data_07] gru ep 83 val 2.6567 best 2.3217@ep61 pat 22 (1047s)
  [Data_07] gru ep 84 val 2.7628 best 2.3217@ep61 pat 23 (1059s)
  [Data_07] gru ep 85 val 2.4708 best 2.3217@ep61 pat 24 (1071s)
  [Data_07] gru ep 86 val 2.7216 best 2.3217@ep61 pat 25 (1083s)
  [Data_07] gru ep 87 val 2.6795 best 2.3217@ep61 pat 26 (1095s)
  [Data_07] gru ep 88 val 2.7155 best 2.3217@ep61 pat 27 (1107s)
  [Data_07] gru ep 89 val 2.7914 best 2.3217@ep61 pat 28 (1119s)
  [Data_07] gru ep 90 val 2.7049 best 2.3217@ep61 pat 29 (1130s)
  [Data_07] gru ep 91 val 2.5307 best 2.3217@ep61 pat 30 (1143s)
  [Data_07] gru ep 92 val 2.6799 best 2.3217@ep61 pat 31 (1154s)
  [Data_07] gru ep 93 val 2.5429 best 2.3217@ep61 pat 32 (1166s)
  [Data_07] gru ep 94 val 2.9802 best 2.3217@ep61 pat 33 (1178s)
  [Data_07] gru ep 95 val 2.4442 best 2.3217@ep61 pat 34 (1190s)
  [Data_07] gru ep 96 val 2.5032 best 2.3217@ep61 pat 35 (1202s)
  [Data_07] gru ep 97 val 2.7834 best 2.3217@ep61 pat 36 (1214s)
  [Data_07] gru ep 98 val 2.5915 best 2.3217@ep61 pat 37 (1226s)
  [Data_07] gru ep 99 val 2.9777 best 2.3217@ep61 pat 38 (1238s)
  [Data_07] gru ep 100 val 2.4996 best 2.3217@ep61 pat 39 (1250s)
  [Data_07] gru ep 101 val 2.5206 best 2.3217@ep61 pat 40 (1262s)
  [Data_07] gru ep 102 val 2.5182 best 2.3217@ep61 pat 41 (1273s)
  [Data_07] gru ep 103 val 2.6377 best 2.3217@ep61 pat 42 (1285s)
  [Data_07] gru ep 104 val 2.6670 best 2.3217@ep61 pat 43 (1296s)
  [Data_07] gru ep 105 val 2.6669 best 2.3217@ep61 pat 44 (1308s)
  [Data_07] gru ep 106 val 2.5093 best 2.3217@ep61 pat 45 (1319s)
  [Data_07] gru ep 107 val 2.4030 best 2.3217@ep61 pat 46 (1331s)
  [Data_07] gru ep 108 val 2.8167 best 2.3217@ep61 pat 47 (1342s)
  [Data_07] gru ep 109 val 2.7359 best 2.3217@ep61 pat 48 (1354s)
  [Data_07] gru ep 110 val 2.6793 best 2.3217@ep61 pat 49 (1365s)
  [Data_07] gru ep 111 val 2.7231 best 2.3217@ep61 pat 50 (1377s)
*** gru Data_07 mae_seq=3.1713 mae_shuf=22.4336
