command: python -m hingesense.baselines --method gru --fold Data_09 --out results/raw/baselines/gru --epochs 300 --patience 50
UserWarning: Can't initialize NVML
os: Linux-6.8.0-138-generic-x86_64-with-glibc2.35
cpu: Intel(R) Xeon(R) Platinum 8480C x224, ram 1007.5 GB
gpu: NVIDIA H100 (driver 580.173.02)
python 3.11.15, torch 2.12.0+cu130, cuda 13.0
=== gru Data_09 dev=cuda:0 ===
  [Data_09] gru cond=assembly sources=32
  [Data_09] gru ep 0 val 8.9199 best 8.9199@ep0 pat 0 (5s)
  [Data_09] gru ep 1 val 4.1129 best 4.1129@ep1 pat 0 (15s)
  [Data_09] gru ep 2 val 2.2525 best 2.2525@ep2 pat 0 (28s)
  [Data_09] gru ep 3 val 2.8022 best 2.2525@ep2 pat 1 (41s)
  [Data_09] gru ep 4 val 1.3287 best 1.3287@ep4 pat 0 (54s)
  [Data_09] gru ep 5 val 0.7326 best 0.7326@ep5 pat 0 (67s)
  [Data_09] gru ep 6 val 2.5978 best 0.7326@ep5 pat 1 (80s)
  [Data_09] gru ep 7 val 1.9299 best 0.7326@ep5 pat 2 (93s)
  [Data_09] gru ep 8 val 1.1976 best 0.7326@ep5 pat 3 (106s)
  [Data_09] gru ep 9 val 2.1149 best 0.7326@ep5 pat 4 (118s)
  [Data_09] gru ep 10 val 1.9352 best 0.7326@ep5 pat 5 (132s)
  [Data_09] gru ep 11 val 1.8581 best 0.7326@ep5 pat 6 (145s)
  [Data_09] gru ep 12 val 2.1291 best 0.7326@ep5 pat 7 (158s)
  [Data_09] gru ep 13 val 1.4360 best 0.7326@ep5 pat 8 (170s)
  [Data_09] gru ep 14 val 1.5630 best 0.7326@ep5 pat 9 (183s)
  [Data_09] gru ep 15 val 2.2642 best 0.7326@ep5 pat 10 (197s)
  [Data_09] gru ep 16 val 1.6628 best 0.7326@ep5 pat 11 (210s)
  [Data_09] gru ep 17 val 1.8177 best 0.7326@ep5 pat 12 (223s)
  [Data_09] gru ep 18 val 1.4183 best 0.7326@ep5 pat 13 (236s)
  [Data_09] gru ep 19 val 1.8503 best 0.7326@ep5 pat 14 (249s)
  [Data_09] gru ep 20 val 0.9745 best 0.7326@ep5 pat 15 (262s)
  [Data_09] gru ep 21 val 1.5546 best 0.7326@ep5 pat 16 (275s)
  [Data_09] gru ep 22 val 0.9219 best 0.7326@ep5 pat 17 (288s)
  [Data_09] gru ep 23 val 1.6399 best 0.7326@ep5 pat 18 (301s)
  [Data_09] gru ep 24 val 1.8150 best 0.7326@ep5 pat 19 (314s)
  [Data_09] gru ep 25 val 1.2001 best 0.7326@ep5 pat 20 (327s)
  [Data_09] gru ep 26 val 1.5098 best 0.7326@ep5 pat 21 (340s)
  [Data_09] gru ep 27 val 1.5136 best 0.7326@ep5 pat 22 (353s)
  [Data_09] gru ep 28 val 1.6573 best 0.7326@ep5 pat 23 (366s)
  [Data_09] gru ep 29 val 1.4796 best 0.7326@ep5 pat 24 (379s)
  [Data_09] gru ep 30 val 1.3596 best 0.7326@ep5 pat 25 (392s)
  [Data_09] gru ep 31 val 1.5767 best 0.7326@ep5 pat 26 (405s)
  [Data_09] gru ep 32 val 1.5317 best 0.7326@ep5 pat 27 (418s)
  [Data_09] gru ep 33 val 1.6738 best 0.7326@ep5 pat 28 (431s)
  [Data_09] gru ep 34 val 1.8470 best 0.7326@ep5 pat 29 (444s)
  [Data_09] gru ep 35 val 1.3924 best 0.7326@ep5 pat 30 (456s)
  [Data_09] gru ep 36 val 1.7586 best 0.7326@ep5 pat 31 (469s)
  [Data_09] gru ep 37 val 1.9210 best 0.7326@ep5 pat 32 (482s)
  [Data_09] gru ep 38 val 1.6300 best 0.7326@ep5 pat 33 (495s)
  [Data_09] gru ep 39 val 1.4478 best 0.7326@ep5 pat 34 (509s)
  [Data_09] gru ep 40 val 1.5316 best 0.7326@ep5 pat 35 (522s)
  [Data_09] gru ep 41 val 1.2439 best 0.7326@ep5 pat 36 (535s)
  [Data_09] gru ep 42 val 1.5695 best 0.7326@ep5 pat 37 (548s)
  [Data_09] gru ep 43 val 1.5914 best 0.7326@ep5 pat 38 (561s)
  [Data_09] gru ep 44 val 1.8478 best 0.7326@ep5 pat 39 (574s)
  [Data_09] gru ep 45 val 1.4766 best 0.7326@ep5 pat 40 (587s)
  [Data_09] gru ep 46 val 1.6309 best 0.7326@ep5 pat 41 (600s)
  [Data_09] gru ep 47 val 1.6291 best 0.7326@ep5 pat 42 (613s)
  [Data_09] gru ep 48 val 1.6498 best 0.7326@ep5 pat 43 (626s)
  [Data_09] gru ep 49 val 1.5884 best 0.7326@ep5 pat 44 (639s)
  [Data_09] gru ep 50 val 1.7988 best 0.7326@ep5 pat 45 (652s)
  [Data_09] gru ep 51 val 1.4803 best 0.7326@ep5 pat 46 (665s)
  [Data_09] gru ep 52 val 1.8329 best 0.7326@ep5 pat 47 (678s)
  [Data_09] gru ep 53 val 1.6845 best 0.7326@ep5 pat 48 (691s)
  [Data_09] gru ep 54 val 1.7831 best 0.7326@ep5 pat 49 (704s)
  [Data_09] gru ep 55 val 1.6001 best 0.7326@ep5 pat 50 (717s)
*** gru Data_09 mae_seq=1.3484 mae_shuf=22.5562
