command: python -m hingesense.baselines --method mlp --fold Data_03 --out results/raw/baselines/mlp --epochs 300 --patience 50
UserWarning: Can't initialize NVML
os: Linux-6.8.0-138-generic-x86_64-with-glibc2.35
cpu: Intel(R) Xeon(R) Platinum 8480C x224, ram 1007.5 GB
gpu: NVIDIA H100 (driver 580.173.02)
python 3.11.15, torch 2.12.0+cu130, cuda 13.0
=== mlp Data_03 dev=cuda:0 ===
  [Data_03] mlp cond=noload sources=52
  [Data_03] mlp ep 0 val 7.9372 best 7.9372@ep0 pat 0 (11s)
  [Data_03] mlp ep 1 val 5.9998 best 5.9998@ep1 pat 0 (22s)
  [Data_03] mlp ep 2 val 4.7181 best 4.7181@ep2 pat 0 (33s)
  [Data_03] mlp ep 3 val 10.6995 best 4.7181@ep2 pat 1 (43s)
  [Data_03] mlp ep 4 val 7.2057 best 4.7181@ep2 pat 2 (54s)
  [Data_03] mlp ep 5 val 6.5743 best 4.7181@ep2 pat 3 (64s)
  [Data_03] mlp ep 6 val 5.6912 best 4.7181@ep2 pat 4 (75s)
  [Data_03] mlp ep 7 val 5.0994 best 4.7181@ep2 pat 5 (86s)
  [Data_03] mlp ep 8 val 9.6794 best 4.7181@ep2 pat 6 (96s)
  [Data_03] mlp ep 9 val 9.1590 best 4.7181@ep2 pat 7 (106s)
  [Data_03] mlp ep 10 val 5.6740 best 4.7181@ep2 pat 8 (117s)
  [Data_03] mlp ep 11 val 6.6462 best 4.7181@ep2 pat 9 (127s)
  [Data_03] mlp ep 12 val 9.0804 best 4.7181@ep2 pat 10 (137s)
  [Data_03] mlp ep 13 val 4.9926 best 4.7181@ep2 pat 11 (148s)
  [Data_03] mlp ep 14 val 6.3619 best 4.7181@ep2 pat 12 (158s)
  [Data_03] mlp ep 15 val 5.5487 best 4.7181@ep2 pat 13 (167s)
  [Data_03] mlp ep 16 val 7.3884 best 4.7181@ep2 pat 14 (177s)
  [Data_03] mlp ep 17 val 7.6050 best 4.7181@ep2 pat 15 (187s)
  [Data_03] mlp ep 18 val 7.9270 best 4.7181@ep2 pat 16 (197s)
  [Data_03] mlp ep 19 val 6.2754 best 4.7181@ep2 pat 17 (207s)
  [Data_03] mlp ep 20 val 8.7039 best 4.7181@ep2 pat 18 (217s)
  [Data_03] mlp ep 21 val 8.9680 best 4.7181@ep2 pat 19 (226s)
  [Data_03] mlp ep 22 val 6.0619 best 4.7181@ep2 pat 20 (236s)
  [Data_03] mlp ep 23 val 6.2072 best 4.7181@ep2 pat 21 (246s)
  [Data_03] mlp ep 24 val 8.1620 best 4.7181@ep2 pat 22 (256s)
  [Data_03] mlp ep 25 val 6.9432 best 4.7181@ep2 pat 23 (266s)
  [Data_03] mlp ep 26 val 5.3794 best 4.7181@ep2 pat 24 (276s)
  [Data_03] mlp ep 27 val 7.6601 best 4.7181@ep2 pat 25 (285s)
  [Data_03] mlp ep 28 val 6.1240 best 4.7181@ep2 pat 26 (295s)
  [Data_03] mlp ep 29 val 4.0762 best 4.0762@ep29 pat 0 (305s)
  [Data_03] mlp ep 30 val 6.5328 best 4.0762@ep29 pat 1 (315s)
  [Data_03] mlp ep 31 val 7.7552 best 4.0762@ep29 pat 2 (325s)
  [Data_03] mlp ep 32 val 5.3392 best 4.0762@ep29 pat 3 (336s)
  [Data_03] mlp ep 33 val 8.7883 best 4.0762@ep29 pat 4 (346s)
  [Data_03] mlp ep 34 val 6.3308 best 4.0762@ep29 pat 5 (355s)
  [Data_03] mlp ep 35 val 3.9572 best 3.9572@ep35 pat 0 (366s)
  [Data_03] mlp ep 36 val 5.9488 best 3.9572@ep35 pat 1 (376s)
  [Data_03] mlp ep 37 val 5.8616 best 3.9572@ep35 pat 2 (386s)
  [Data_03] mlp ep 38 val 7.6870 best 3.9572@ep35 pat 3 (396s)
  [Data_03] mlp ep 39 val 5.8174 best 3.9572@ep35 pat 4 (406s)
  [Data_03] mlp ep 40 val 6.6071 best 3.9572@ep35 pat 5 (416s)
  [Data_03] mlp ep 41 val 6.4950 best 3.9572@ep35 pat 6 (426s)
  [Data_03] mlp ep 42 val 4.5396 best 3.9572@ep35 pat 7 (436s)
  [Data_03] mlp ep 43 val 7.1165 best 3.9572@ep35 pat 8 (446s)
  [Data_03] mlp ep 44 val 7.4419 best 3.9572@ep35 pat 9 (456s)
  [Data_03] mlp ep 45 val 3.9939 best 3.9572@ep35 pat 10 (466s)
  [Data_03] mlp ep 46 val 5.5379 best 3.9572@ep35 pat 11 (475s)
  [Data_03] mlp ep 47 val 5.0436 best 3.9572@ep35 pat 12 (485s)
  [Data_03] mlp ep 48 val 5.7171 best 3.9572@ep35 pat 13 (495s)
  [Data_03] mlp ep 49 val 6.0435 best 3.9572@ep35 pat 14 (504s)
  [Data_03] mlp ep 50 val 5.3682 best 3.9572@ep35 pat 15 (514s)
  [Data_03] mlp ep 51 val 5.0034 best 3.9572@ep35 pat 16 (524s)
  [Data_03] mlp ep 52 val 6.7712 best 3.9572@ep35 pat 17 (534s)
  [Data_03] mlp ep 53 val 5.1833 best 3.9572@ep35 pat 18 (543s)
  [Data_03] mlp ep 54 val 5.9696 best 3.9572@ep35 pat 19 (551s)
  [Data_03] mlp ep 55 val 8.6777 best 3.9572@ep35 pat 20 (559s)
  [Data_03] mlp ep 56 val 7.2407 best 3.9572@ep35 pat 21 (567s)
  [Data_03] mlp ep 57 val 6.5608 best 3.9572@ep35 pat 22 (574s)
  [Data_03] mlp ep 58 val 5.8169 best 3.9572@ep35 pat 23 (581s)
  [Data_03] mlp ep 59 val 6.4102 best 3.9572@ep35 pat 24 (587s)
  [Data_03] mlp ep 60 val 5.9383 best 3.9572@ep35 pat 25 (593s)
  [Data_03] mlp ep 61 val 6.7130 best 3.9572@ep35 pat 26 (599s)
  [Data_03] mlp ep 62 val 6.9333 best 3.9572@ep35 pat 27 (605s)
  [Data_03] mlp ep 63 val 5.6060 best 3.9572@ep35 pat 28 (611s)
  [Data_03] mlp ep 64 val 6.3116 best 3.9572@ep35 pat 29 (616s)
  [Data_03] mlp ep 65 val 6.3711 best 3.9572@ep35 pat 30 (621s)
  [Data_03] mlp ep 66 val 5.8296 best 3.9572@ep35 pat 31 (626s)
  [Data_03] mlp ep 67 val 6.0907 best 3.9572@ep35 pat 32 (630s)
  [Data_03] mlp ep 68 val 4.5800 best 3.9572@ep35 pat 33 (635s)
  [Data_03] mlp ep 69 val 7.2664 best 3.9572@ep35 pat 34 (640s)
  [Data_03] mlp ep 70 val 7.4517 best 3.9572@ep35 pat 35 (645s)
  [Data_03] mlp ep 71 val 7.2100 best 3.9572@ep35 pat 36 (650s)
  [Data_03] mlp ep 72 val 4.6606 best 3.9572@ep35 pat 37 (656s)
  [Data_03] mlp ep 73 val 5.0325 best 3.9572@ep35 pat 38 (661s)
  [Data_03] mlp ep 74 val 5.6549 best 3.9572@ep35 pat 39 (665s)
  [Data_03] mlp ep 75 val 6.7259 best 3.9572@ep35 pat 40 (671s)
  [Data_03] mlp ep 76 val 6.0555 best 3.9572@ep35 pat 41 (675s)
  [Data_03] mlp ep 77 val 5.0510 best 3.9572@ep35 pat 42 (679s)
  [Data_03] mlp ep 78 val 6.5705 best 3.9572@ep35 pat 43 (682s)
  [Data_03] mlp ep 79 val 5.5646 best 3.9572@ep35 pat 44 (684s)
  [Data_03] mlp ep 80 val 5.6153 best 3.9572@ep35 pat 45 (687s)
  [Data_03] mlp ep 81 val 6.4542 best 3.9572@ep35 pat 46 (689s)
  [Data_03] mlp ep 82 val 7.7001 best 3.9572@ep35 pat 47 (692s)
  [Data_03] mlp ep 83 val 6.7890 best 3.9572@ep35 pat 48 (695s)
  [Data_03] mlp ep 84 val 7.8901 best 3.9572@ep35 pat 49 (698s)
  [Data_03] mlp ep 85 val 6.0312 best 3.9572@ep35 pat 50 (700s)
*** mlp Data_03 mae_seq=3.4011 mae_shuf=3.4011
