command: python -m hingesense.baselines --method mlp --fold Data_12 --out results/raw/baselines/mlp --epochs 300 --patience 50
UserWarning: Can't initialize NVML
os: Linux-6.8.0-138-generic-x86_64-with-glibc2.35
cpu: Intel(R) Xeon(R) Platinum 8480C x224, ram 1007.5 GB
gpu: NVIDIA H100 (driver 580.173.02)
python 3.11.15, torch 2.12.0+cu130, cuda 13.0
=== mlp Data_12 dev=cuda:0 ===
  [Data_12] mlp cond=assembly sources=32
  [Data_12] mlp ep 0 val 8.9811 best 8.9811@ep0 pat 0 (5s)
  [Data_12] mlp ep 1 val 15.7843 best 8.9811@ep0 pat 1 (9s)
  [Data_12] mlp ep 2 val 18.7004 best 8.9811@ep0 pat 2 (14s)
  [Data_12] mlp ep 3 val 18.0603 best 8.9811@ep0 pat 3 (18s)
  [Data_12] mlp ep 4 val 18.1989 best 8.9811@ep0 pat 4 (22s)
  [Data_12] mlp ep 5 val 18.6945 best 8.9811@ep0 pat 5 (26s)
  [Data_12] mlp ep 6 val 16.2773 best 8.9811@ep0 pat 6 (29s)
  [Data_12] mlp ep 7 val 16.1643 best 8.9811@ep0 pat 7 (32s)
  [Data_12] mlp ep 8 val 15.8783 best 8.9811@ep0 pat 8 (34s)
  [Data_12] mlp ep 9 val 15.5070 best 8.9811@ep0 pat 9 (37s)
  [Data_12] mlp ep 10 val 15.3358 best 8.9811@ep0 pat 10 (40s)
  [Data_12] mlp ep 11 val 15.1365 best 8.9811@ep0 pat 11 (43s)
  [Data_12] mlp ep 12 val 13.7532 best 8.9811@ep0 pat 12 (45s)
  [Data_12] mlp ep 13 val 13.2585 best 8.9811@ep0 pat 13 (47s)
  [Data_12] mlp ep 14 val 14.0166 best 8.9811@ep0 pat 14 (49s)
  [Data_12] mlp ep 15 val 13.9919 best 8.9811@ep0 pat 15 (52s)
  [Data_12] mlp ep 16 val 14.7320 best 8.9811@ep0 pat 16 (54s)
  [Data_12] mlp ep 17 val 15.8227 best 8.9811@ep0 pat 17 (56s)
  [Data_12] mlp ep 18 val 15.1002 best 8.9811@ep0 pat 18 (58s)
  [Data_12] mlp ep 19 val 16.1864 best 8.9811@ep0 pat 19 (61s)
  [Data_12] mlp ep 20 val 15.6584 best 8.9811@ep0 pat 20 (63s)
  [Data_12] mlp ep 21 val 15.5812 best 8.9811@ep0 pat 21 (65s)
  [Data_12] mlp ep 22 val 15.0847 best 8.9811@ep0 pat 22 (67s)
  [Data_12] mlp ep 23 val 16.9141 best 8.9811@ep0 pat 23 (69s)
  [Data_12] mlp ep 24 val 15.3061 best 8.9811@ep0 pat 24 (71s)
  [Data_12] mlp ep 25 val 16.5284 best 8.9811@ep0 pat 25 (74s)
  [Data_12] mlp ep 26 val 14.5720 best 8.9811@ep0 pat 26 (76s)
  [Data_12] mlp ep 27 val 14.8745 best 8.9811@ep0 pat 27 (78s)
  [Data_12] mlp ep 28 val 15.3143 best 8.9811@ep0 pat 28 (80s)
  [Data_12] mlp ep 29 val 15.1035 best 8.9811@ep0 pat 29 (82s)
  [Data_12] mlp ep 30 val 15.6717 best 8.9811@ep0 pat 30 (84s)
  [Data_12] mlp ep 31 val 14.1852 best 8.9811@ep0 pat 31 (86s)
  [Data_12] mlp ep 32 val 15.0742 best 8.9811@ep0 pat 32 (88s)
  [Data_12] mlp ep 33 val 15.5137 best 8.9811@ep0 pat 33 (90s)
  [Data_12] mlp ep 34 val 15.4182 best 8.9811@ep0 pat 34 (92s)
  [Data_12] mlp ep 35 val 15.2522 best 8.9811@ep0 pat 35 (94s)
  [Data_12] mlp ep 36 val 16.7914 best 8.9811@ep0 pat 36 (96s)
  [Data_12] mlp ep 37 val 15.6231 best 8.9811@ep0 pat 37 (97s)
  [Data_12] mlp ep 38 val 16.8598 best 8.9811@ep0 pat 38 (99s)
  [Data_12] mlp ep 39 val 16.1264 best 8.9811@ep0 pat 39 (101s)
  [Data_12] mlp ep 40 val 16.0014 best 8.9811@ep0 pat 40 (103s)
  [Data_12] mlp ep 41 val 16.5845 best 8.9811@ep0 pat 41 (104s)
  [Data_12] mlp ep 42 val 16.5474 best 8.9811@ep0 pat 42 (106s)
  [Data_12] mlp ep 43 val 16.0745 best 8.9811@ep0 pat 43 (108s)
  [Data_12] mlp ep 44 val 15.4298 best 8.9811@ep0 pat 44 (110s)
  [Data_12] mlp ep 45 val 14.4987 best 8.9811@ep0 pat 45 (111s)
  [Data_12] mlp ep 46 val 14.6046 best 8.9811@ep0 pat 46 (113s)
  [Data_12] mlp ep 47 val 14.4349 best 8.9811@ep0 pat 47 (115s)
  [Data_12] mlp ep 48 val 15.4392 best 8.9811@ep0 pat 48 (116s)
  [Data_12] mlp ep 49 val 14.5342 best 8.9811@ep0 pat 49 (118s)
  [Data_12] mlp ep 50 val 13.8764 best 8.9811@ep0 pat 50 (119s)
*** mlp Data_12 mae_seq=9.0008 mae_shuf=9.0008
