command: python -m hingesense.baselines --method mlp --fold Data_08 --out results/raw/baselines/mlp --epochs 300 --patience 50
UserWarning: Can't initialize NVML
os: Linux-6.8.0-138-generic-x86_64-with-glibc2.35
cpu: Intel(R) Xeon(R) Platinum 8480C x224, ram 1007.5 GB
gpu: NVIDIA H100 (driver 580.173.02)
python 3.11.15, torch 2.12.0+cu130, cuda 13.0
=== mlp Data_08 dev=cuda:0 ===
  [Data_08] mlp cond=assembly sources=32
  [Data_08] mlp ep 0 val 4.9048 best 4.9048@ep0 pat 0 (6s)
  [Data_08] mlp ep 1 val 6.1326 best 4.9048@ep0 pat 1 (11s)
  [Data_08] mlp ep 2 val 4.0515 best 4.0515@ep2 pat 0 (16s)
  [Data_08] mlp ep 3 val 4.6332 best 4.0515@ep2 pat 1 (22s)
  [Data_08] mlp ep 4 val 4.2351 best 4.0515@ep2 pat 2 (27s)
  [Data_08] mlp ep 5 val 7.3856 best 4.0515@ep2 pat 3 (32s)
  [Data_08] mlp ep 6 val 3.5626 best 3.5626@ep6 pat 0 (37s)
  [Data_08] mlp ep 7 val 3.7046 best 3.5626@ep6 pat 1 (41s)
  [Data_08] mlp ep 8 val 2.0777 best 2.0777@ep8 pat 0 (45s)
  [Data_08] mlp ep 9 val 3.6312 best 2.0777@ep8 pat 1 (50s)
  [Data_08] mlp ep 10 val 3.6503 best 2.0777@ep8 pat 2 (54s)
  [Data_08] mlp ep 11 val 3.6349 best 2.0777@ep8 pat 3 (59s)
  [Data_08] mlp ep 12 val 3.3611 best 2.0777@ep8 pat 4 (63s)
  [Data_08] mlp ep 13 val 4.7321 best 2.0777@ep8 pat 5 (67s)
  [Data_08] mlp ep 14 val 4.2247 best 2.0777@ep8 pat 6 (71s)
  [Data_08] mlp ep 15 val 4.2467 best 2.0777@ep8 pat 7 (76s)
  [Data_08] mlp ep 16 val 3.3842 best 2.0777@ep8 pat 8 (80s)
  [Data_08] mlp ep 17 val 3.0119 best 2.0777@ep8 pat 9 (84s)
  [Data_08] mlp ep 18 val 4.7738 best 2.0777@ep8 pat 10 (88s)
  [Data_08] mlp ep 19 val 4.2537 best 2.0777@ep8 pat 11 (91s)
  [Data_08] mlp ep 20 val 4.0026 best 2.0777@ep8 pat 12 (93s)
  [Data_08] mlp ep 21 val 2.5497 best 2.0777@ep8 pat 13 (96s)
  [Data_08] mlp ep 22 val 4.1212 best 2.0777@ep8 pat 14 (99s)
  [Data_08] mlp ep 23 val 2.2594 best 2.0777@ep8 pat 15 (101s)
  [Data_08] mlp ep 24 val 4.1935 best 2.0777@ep8 pat 16 (104s)
  [Data_08] mlp ep 25 val 3.0290 best 2.0777@ep8 pat 17 (107s)
  [Data_08] mlp ep 26 val 3.5971 best 2.0777@ep8 pat 18 (109s)
  [Data_08] mlp ep 27 val 2.5063 best 2.0777@ep8 pat 19 (111s)
  [Data_08] mlp ep 28 val 2.3095 best 2.0777@ep8 pat 20 (113s)
  [Data_08] mlp ep 29 val 3.6394 best 2.0777@ep8 pat 21 (115s)
  [Data_08] mlp ep 30 val 4.5612 best 2.0777@ep8 pat 22 (117s)
  [Data_08] mlp ep 31 val 2.6335 best 2.0777@ep8 pat 23 (119s)
  [Data_08] mlp ep 32 val 2.5381 best 2.0777@ep8 pat 24 (121s)
  [Data_08] mlp ep 33 val 3.7835 best 2.0777@ep8 pat 25 (123s)
  [Data_08] mlp ep 34 val 3.0950 best 2.0777@ep8 pat 26 (126s)
  [Data_08] mlp ep 35 val 2.6502 best 2.0777@ep8 pat 27 (128s)
  [Data_08] mlp ep 36 val 2.5108 best 2.0777@ep8 pat 28 (130s)
  [Data_08] mlp ep 37 val 3.2455 best 2.0777@ep8 pat 29 (132s)
  [Data_08] mlp ep 38 val 2.6556 best 2.0777@ep8 pat 30 (134s)
  [Data_08] mlp ep 39 val 2.5333 best 2.0777@ep8 pat 31 (136s)
  [Data_08] mlp ep 40 val 3.5662 best 2.0777@ep8 pat 32 (138s)
  [Data_08] mlp ep 41 val 3.0449 best 2.0777@ep8 pat 33 (140s)
  [Data_08] mlp ep 42 val 3.0422 best 2.0777@ep8 pat 34 (142s)
  [Data_08] mlp ep 43 val 3.0819 best 2.0777@ep8 pat 35 (144s)
  [Data_08] mlp ep 44 val 3.5883 best 2.0777@ep8 pat 36 (147s)
  [Data_08] mlp ep 45 val 2.9182 best 2.0777@ep8 pat 37 (149s)
  [Data_08] mlp ep 46 val 2.6634 best 2.0777@ep8 pat 38 (151s)
  [Data_08] mlp ep 47 val 2.5376 best 2.0777@ep8 pat 39 (153s)
  [Data_08] mlp ep 48 val 2.0959 best 2.0777@ep8 pat 40 (155s)
  [Data_08] mlp ep 49 val 2.0585 best 2.0585@ep49 pat 0 (156s)
  [Data_08] mlp ep 50 val 2.3224 best 2.0585@ep49 pat 1 (158s)
  [Data_08] mlp ep 51 val 2.4959 best 2.0585@ep49 pat 2 (160s)
  [Data_08] mlp ep 52 val 3.1853 best 2.0585@ep49 pat 3 (162s)
  [Data_08] mlp ep 53 val 4.8874 best 2.0585@ep49 pat 4 (163s)
  [Data_08] mlp ep 54 val 4.1004 best 2.0585@ep49 pat 5 (165s)
  [Data_08] mlp ep 55 val 3.1612 best 2.0585@ep49 pat 6 (167s)
  [Data_08] mlp ep 56 val 2.2176 best 2.0585@ep49 pat 7 (168s)
  [Data_08] mlp ep 57 val 3.0894 best 2.0585@ep49 pat 8 (170s)
  [Data_08] mlp ep 58 val 3.2194 best 2.0585@ep49 pat 9 (172s)
  [Data_08] mlp ep 59 val 2.9077 best 2.0585@ep49 pat 10 (174s)
  [Data_08] mlp ep 60 val 2.7405 best 2.0585@ep49 pat 11 (175s)
  [Data_08] mlp ep 61 val 2.8825 best 2.0585@ep49 pat 12 (177s)
  [Data_08] mlp ep 62 val 2.0720 best 2.0585@ep49 pat 13 (178s)
  [Data_08] mlp ep 63 val 3.8204 best 2.0585@ep49 pat 14 (180s)
  [Data_08] mlp ep 64 val 3.1509 best 2.0585@ep49 pat 15 (182s)
  [Data_08] mlp ep 65 val 3.2452 best 2.0585@ep49 pat 16 (183s)
  [Data_08] mlp ep 66 val 3.5394 best 2.0585@ep49 pat 17 (184s)
  [Data_08] mlp ep 67 val 3.1043 best 2.0585@ep49 pat 18 (186s)
  [Data_08] mlp ep 68 val 3.2488 best 2.0585@ep49 pat 19 (187s)
  [Data_08] mlp ep 69 val 2.3316 best 2.0585@ep49 pat 20 (188s)
  [Data_08] mlp ep 70 val 3.3889 best 2.0585@ep49 pat 21 (190s)
  [Data_08] mlp ep 71 val 2.8411 best 2.0585@ep49 pat 22 (191s)
  [Data_08] mlp ep 72 val 2.9210 best 2.0585@ep49 pat 23 (192s)
  [Data_08] mlp ep 73 val 2.2796 best 2.0585@ep49 pat 24 (193s)
  [Data_08] mlp ep 74 val 3.6736 best 2.0585@ep49 pat 25 (195s)
  [Data_08] mlp ep 75 val 3.1452 best 2.0585@ep49 pat 26 (196s)
  [Data_08] mlp ep 76 val 3.5230 best 2.0585@ep49 pat 27 (197s)
  [Data_08] mlp ep 77 val 3.3131 best 2.0585@ep49 pat 28 (198s)
  [Data_08] mlp ep 78 val 3.4248 best 2.0585@ep49 pat 29 (199s)
  [Data_08] mlp ep 79 val 2.0076 best 2.0076@ep79 pat 0 (200s)
  [Data_08] mlp ep 80 val 3.0730 best 2.0076@ep79 pat 1 (201s)
  [Data_08] mlp ep 81 val 3.3831 best 2.0076@ep79 pat 2 (202s)
  [Data_08] mlp ep 82 val 3.5426 best 2.0076@ep79 pat 3 (203s)
  [Data_08] mlp ep 83 val 2.8735 best 2.0076@ep79 pat 4 (204s)
  [Data_08] mlp ep 84 val 2.6305 best 2.0076@ep79 pat 5 (205s)
  [Data_08] mlp ep 85 val 3.4974 best 2.0076@ep79 pat 6 (206s)
  [Data_08] mlp ep 86 val 3.3253 best 2.0076@ep79 pat 7 (207s)
  [Data_08] mlp ep 87 val 2.8331 best 2.0076@ep79 pat 8 (208s)
  [Data_08] mlp ep 88 val 2.9766 best 2.0076@ep79 pat 9 (209s)
  [Data_08] mlp ep 89 val 3.1080 best 2.0076@ep79 pat 10 (210s)
  [Data_08] mlp ep 90 val 3.6628 best 2.0076@ep79 pat 11 (211s)
  [Data_08] mlp ep 91 val 3.0701 best 2.0076@ep79 pat 12 (212s)
  [Data_08] mlp ep 92 val 3.6643 best 2.0076@ep79 pat 13 (213s)
  [Data_08] mlp ep 93 val 3.6213 best 2.0076@ep79 pat 14 (214s)
  [Data_08] mlp ep 94 val 2.5322 best 2.0076@ep79 pat 15 (215s)
  [Data_08] mlp ep 95 val 2.9836 best 2.0076@ep79 pat 16 (216s)
  [Data_08] mlp ep 96 val 2.9450 best 2.0076@ep79 pat 17 (217s)
  [Data_08] mlp ep 97 val 3.0870 best 2.0076@ep79 pat 18 (218s)
  [Data_08] mlp ep 98 val 2.2155 best 2.0076@ep79 pat 19 (219s)
  [Data_08] mlp ep 99 val 3.8594 best 2.0076@ep79 pat 20 (220s)
  [Data_08] mlp ep 100 val 3.5056 best 2.0076@ep79 pat 21 (221s)
  [Data_08] mlp ep 101 val 3.4151 best 2.0076@ep79 pat 22 (222s)
  [Data_08] mlp ep 102 val 2.9028 best 2.0076@ep79 pat 23 (223s)
  [Data_08] mlp ep 103 val 2.4111 best 2.0076@ep79 pat 24 (224s)
  [Data_08] mlp ep 104 val 3.5780 best 2.0076@ep79 pat 25 (225s)
  [Data_08] mlp ep 105 val 2.9709 best 2.0076@ep79 pat 26 (227s)
  [Data_08] mlp ep 106 val 3.2207 best 2.0076@ep79 pat 27 (228s)
  [Data_08] mlp ep 107 val 3.2945 best 2.0076@ep79 pat 28 (229s)
  [Data_08] mlp ep 108 val 2.9796 best 2.0076@ep79 pat 29 (230s)
  [Data_08] mlp ep 109 val 2.8506 best 2.0076@ep79 pat 30 (231s)
  [Data_08] mlp ep 110 val 3.1019 best 2.0076@ep79 pat 31 (233s)
  [Data_08] mlp ep 111 val 2.6948 best 2.0076@ep79 pat 32 (234s)
  [Data_08] mlp ep 112 val 3.6638 best 2.0076@ep79 pat 33 (235s)
  [Data_08] mlp ep 113 val 3.2660 best 2.0076@ep79 pat 34 (236s)
  [Data_08] mlp ep 114 val 2.9828 best 2.0076@ep79 pat 35 (237s)
  [Data_08] mlp ep 115 val 2.9700 best 2.0076@ep79 pat 36 (237s)
  [Data_08] mlp ep 116 val 4.0211 best 2.0076@ep79 pat 37 (238s)
  [Data_08] mlp ep 117 val 3.1638 best 2.0076@ep79 pat 38 (239s)
  [Data_08] mlp ep 118 val 3.0411 best 2.0076@ep79 pat 39 (240s)
  [Data_08] mlp ep 119 val 3.2895 best 2.0076@ep79 pat 40 (241s)
  [Data_08] mlp ep 120 val 3.3866 best 2.0076@ep79 pat 41 (242s)
  [Data_08] mlp ep 121 val 4.6970 best 2.0076@ep79 pat 42 (243s)
  [Data_08] mlp ep 122 val 3.1211 best 2.0076@ep79 pat 43 (244s)
  [Data_08] mlp ep 123 val 3.0508 best 2.0076@ep79 pat 44 (245s)
  [Data_08] mlp ep 124 val 2.9588 best 2.0076@ep79 pat 45 (246s)
  [Data_08] mlp ep 125 val 2.5195 best 2.0076@ep79 pat 46 (247s)
  [Data_08] mlp ep 126 val 3.2697 best 2.0076@ep79 pat 47 (248s)
  [Data_08] mlp ep 127 val 2.9195 best 2.0076@ep79 pat 48 (248s)
  [Data_08] mlp ep 128 val 3.2053 best 2.0076@ep79 pat 49 (249s)
  [Data_08] mlp ep 129 val 3.6425 best 2.0076@ep79 pat 50 (250s)
*** mlp Data_08 mae_seq=2.2436 mae_shuf=2.2436
