command: python -m hingesense.baselines --method mlp --fold Data_02 --out results/raw/baselines/mlp --epochs 300 --patience 50
UserWarning: Can't initialize NVML
os: Linux-6.8.0-138-generic-x86_64-with-glibc2.35
cpu: Intel(R) Xeon(R) Platinum 8480C x224, ram 1007.5 GB
gpu: NVIDIA H100 (driver 580.173.02)
python 3.11.15, torch 2.12.0+cu130, cuda 13.0
=== mlp Data_02 dev=cuda:0 ===
  [Data_02] mlp cond=noload sources=52
  [Data_02] mlp ep 0 val 4.6838 best 4.6838@ep0 pat 0 (12s)
  [Data_02] mlp ep 1 val 5.9354 best 4.6838@ep0 pat 1 (23s)
  [Data_02] mlp ep 2 val 3.9667 best 3.9667@ep2 pat 0 (34s)
  [Data_02] mlp ep 3 val 5.2643 best 3.9667@ep2 pat 1 (45s)
  [Data_02] mlp ep 4 val 4.5610 best 3.9667@ep2 pat 2 (57s)
  [Data_02] mlp ep 5 val 4.5533 best 3.9667@ep2 pat 3 (68s)
  [Data_02] mlp ep 6 val 6.7288 best 3.9667@ep2 pat 4 (79s)
  [Data_02] mlp ep 7 val 6.0696 best 3.9667@ep2 pat 5 (90s)
  [Data_02] mlp ep 8 val 6.9057 best 3.9667@ep2 pat 6 (101s)
  [Data_02] mlp ep 9 val 5.7695 best 3.9667@ep2 pat 7 (112s)
  [Data_02] mlp ep 10 val 6.5066 best 3.9667@ep2 pat 8 (124s)
  [Data_02] mlp ep 11 val 7.4826 best 3.9667@ep2 pat 9 (135s)
  [Data_02] mlp ep 12 val 5.3012 best 3.9667@ep2 pat 10 (146s)
  [Data_02] mlp ep 13 val 5.8970 best 3.9667@ep2 pat 11 (157s)
  [Data_02] mlp ep 14 val 7.0537 best 3.9667@ep2 pat 12 (168s)
  [Data_02] mlp ep 15 val 6.4411 best 3.9667@ep2 pat 13 (179s)
  [Data_02] mlp ep 16 val 5.0431 best 3.9667@ep2 pat 14 (191s)
  [Data_02] mlp ep 17 val 5.8675 best 3.9667@ep2 pat 15 (202s)
  [Data_02] mlp ep 18 val 6.2698 best 3.9667@ep2 pat 16 (213s)
  [Data_02] mlp ep 19 val 6.3091 best 3.9667@ep2 pat 17 (224s)
  [Data_02] mlp ep 20 val 6.8523 best 3.9667@ep2 pat 18 (235s)
  [Data_02] mlp ep 21 val 5.5551 best 3.9667@ep2 pat 19 (246s)
  [Data_02] mlp ep 22 val 7.2134 best 3.9667@ep2 pat 20 (255s)
  [Data_02] mlp ep 23 val 6.2301 best 3.9667@ep2 pat 21 (265s)
  [Data_02] mlp ep 24 val 5.3261 best 3.9667@ep2 pat 22 (274s)
  [Data_02] mlp ep 25 val 6.2465 best 3.9667@ep2 pat 23 (284s)
  [Data_02] mlp ep 26 val 5.5498 best 3.9667@ep2 pat 24 (293s)
  [Data_02] mlp ep 27 val 5.5548 best 3.9667@ep2 pat 25 (303s)
  [Data_02] mlp ep 28 val 6.4016 best 3.9667@ep2 pat 26 (313s)
  [Data_02] mlp ep 29 val 5.3729 best 3.9667@ep2 pat 27 (322s)
  [Data_02] mlp ep 30 val 5.0522 best 3.9667@ep2 pat 28 (332s)
  [Data_02] mlp ep 31 val 6.3298 best 3.9667@ep2 pat 29 (341s)
  [Data_02] mlp ep 32 val 6.1724 best 3.9667@ep2 pat 30 (351s)
  [Data_02] mlp ep 33 val 5.9706 best 3.9667@ep2 pat 31 (359s)
  [Data_02] mlp ep 34 val 7.3411 best 3.9667@ep2 pat 32 (368s)
  [Data_02] mlp ep 35 val 5.8654 best 3.9667@ep2 pat 33 (376s)
  [Data_02] mlp ep 36 val 5.8842 best 3.9667@ep2 pat 34 (384s)
  [Data_02] mlp ep 37 val 5.7229 best 3.9667@ep2 pat 35 (393s)
  [Data_02] mlp ep 38 val 5.4944 best 3.9667@ep2 pat 36 (401s)
  [Data_02] mlp ep 39 val 6.7272 best 3.9667@ep2 pat 37 (409s)
  [Data_02] mlp ep 40 val 5.1209 best 3.9667@ep2 pat 38 (418s)
  [Data_02] mlp ep 41 val 6.3975 best 3.9667@ep2 pat 39 (426s)
  [Data_02] mlp ep 42 val 5.8979 best 3.9667@ep2 pat 40 (434s)
  [Data_02] mlp ep 43 val 6.1515 best 3.9667@ep2 pat 41 (443s)
  [Data_02] mlp ep 44 val 5.9601 best 3.9667@ep2 pat 42 (451s)
  [Data_02] mlp ep 45 val 5.9069 best 3.9667@ep2 pat 43 (458s)
  [Data_02] mlp ep 46 val 6.2989 best 3.9667@ep2 pat 44 (465s)
  [Data_02] mlp ep 47 val 6.0223 best 3.9667@ep2 pat 45 (470s)
  [Data_02] mlp ep 48 val 6.3358 best 3.9667@ep2 pat 46 (476s)
  [Data_02] mlp ep 49 val 6.8855 best 3.9667@ep2 pat 47 (482s)
  [Data_02] mlp ep 50 val 6.9540 best 3.9667@ep2 pat 48 (487s)
  [Data_02] mlp ep 51 val 5.4023 best 3.9667@ep2 pat 49 (493s)
  [Data_02] mlp ep 52 val 5.4384 best 3.9667@ep2 pat 50 (498s)
*** mlp Data_02 mae_seq=4.2978 mae_shuf=4.2978
