command: python -m hingesense.baselines --method mlp --fold Data_05 --out results/raw/baselines/mlp --epochs 300 --patience 50
UserWarning: Can't initialize NVML
os: Linux-6.8.0-138-generic-x86_64-with-glibc2.35
cpu: Intel(R) Xeon(R) Platinum 8480C x224, ram 1007.5 GB
gpu: NVIDIA H100 (driver 580.173.02)
python 3.11.15, torch 2.12.0+cu130, cuda 13.0
=== mlp Data_05 dev=cuda:0 ===
  [Data_05] mlp cond=noload sources=52
  [Data_05] mlp ep 0 val 9.3694 best 9.3694@ep0 pat 0 (11s)
  [Data_05] mlp ep 1 val 10.9618 best 9.3694@ep0 pat 1 (21s)
  [Data_05] mlp ep 2 val 8.2692 best 8.2692@ep2 pat 0 (32s)
  [Data_05] mlp ep 3 val 8.9116 best 8.2692@ep2 pat 1 (42s)
  [Data_05] mlp ep 4 val 6.5588 best 6.5588@ep4 pat 0 (53s)
  [Data_05] mlp ep 5 val 5.2335 best 5.2335@ep5 pat 0 (63s)
  [Data_05] mlp ep 6 val 11.1633 best 5.2335@ep5 pat 1 (73s)
  [Data_05] mlp ep 7 val 8.0945 best 5.2335@ep5 pat 2 (84s)
  [Data_05] mlp ep 8 val 7.2936 best 5.2335@ep5 pat 3 (94s)
  [Data_05] mlp ep 9 val 7.9561 best 5.2335@ep5 pat 4 (105s)
  [Data_05] mlp ep 10 val 7.7357 best 5.2335@ep5 pat 5 (115s)
  [Data_05] mlp ep 11 val 6.1619 best 5.2335@ep5 pat 6 (126s)
  [Data_05] mlp ep 12 val 10.5019 best 5.2335@ep5 pat 7 (136s)
  [Data_05] mlp ep 13 val 6.5044 best 5.2335@ep5 pat 8 (147s)
  [Data_05] mlp ep 14 val 7.6911 best 5.2335@ep5 pat 9 (158s)
  [Data_05] mlp ep 15 val 7.7339 best 5.2335@ep5 pat 10 (168s)
  [Data_05] mlp ep 16 val 7.0612 best 5.2335@ep5 pat 11 (179s)
  [Data_05] mlp ep 17 val 6.8403 best 5.2335@ep5 pat 12 (189s)
  [Data_05] mlp ep 18 val 8.0927 best 5.2335@ep5 pat 13 (200s)
  [Data_05] mlp ep 19 val 8.2376 best 5.2335@ep5 pat 14 (210s)
  [Data_05] mlp ep 20 val 7.6661 best 5.2335@ep5 pat 15 (221s)
  [Data_05] mlp ep 21 val 6.2020 best 5.2335@ep5 pat 16 (232s)
  [Data_05] mlp ep 22 val 6.7027 best 5.2335@ep5 pat 17 (242s)
  [Data_05] mlp ep 23 val 5.8950 best 5.2335@ep5 pat 18 (253s)
  [Data_05] mlp ep 24 val 8.6937 best 5.2335@ep5 pat 19 (264s)
  [Data_05] mlp ep 25 val 6.9031 best 5.2335@ep5 pat 20 (274s)
  [Data_05] mlp ep 26 val 9.0860 best 5.2335@ep5 pat 21 (284s)
  [Data_05] mlp ep 27 val 7.3594 best 5.2335@ep5 pat 22 (295s)
  [Data_05] mlp ep 28 val 7.5254 best 5.2335@ep5 pat 23 (305s)
  [Data_05] mlp ep 29 val 6.8078 best 5.2335@ep5 pat 24 (315s)
  [Data_05] mlp ep 30 val 7.7798 best 5.2335@ep5 pat 25 (326s)
  [Data_05] mlp ep 31 val 7.1840 best 5.2335@ep5 pat 26 (336s)
  [Data_05] mlp ep 32 val 7.1508 best 5.2335@ep5 pat 27 (346s)
  [Data_05] mlp ep 33 val 7.5004 best 5.2335@ep5 pat 28 (356s)
  [Data_05] mlp ep 34 val 7.2567 best 5.2335@ep5 pat 29 (367s)
  [Data_05] mlp ep 35 val 6.7415 best 5.2335@ep5 pat 30 (375s)
  [Data_05] mlp ep 36 val 7.6082 best 5.2335@ep5 pat 31 (384s)
  [Data_05] mlp ep 37 val 7.7219 best 5.2335@ep5 pat 32 (392s)
  [Data_05] mlp ep 38 val 6.6065 best 5.2335@ep5 pat 33 (399s)
  [Data_05] mlp ep 39 val 6.2855 best 5.2335@ep5 pat 34 (406s)
  [Data_05] mlp ep 40 val 6.5614 best 5.2335@ep5 pat 35 (413s)
  [Data_05] mlp ep 41 val 8.2419 best 5.2335@ep5 pat 36 (419s)
  [Data_05] mlp ep 42 val 6.9470 best 5.2335@ep5 pat 37 (425s)
  [Data_05] mlp ep 43 val 7.0493 best 5.2335@ep5 pat 38 (432s)
  [Data_05] mlp ep 44 val 6.6940 best 5.2335@ep5 pat 39 (438s)
  [Data_05] mlp ep 45 val 7.4070 best 5.2335@ep5 pat 40 (443s)
  [Data_05] mlp ep 46 val 8.0177 best 5.2335@ep5 pat 41 (448s)
  [Data_05] mlp ep 47 val 6.7192 best 5.2335@ep5 pat 42 (452s)
  [Data_05] mlp ep 48 val 7.8191 best 5.2335@ep5 pat 43 (457s)
  [Data_05] mlp ep 49 val 6.8322 best 5.2335@ep5 pat 44 (462s)
  [Data_05] mlp ep 50 val 6.6469 best 5.2335@ep5 pat 45 (467s)
  [Data_05] mlp ep 51 val 7.2303 best 5.2335@ep5 pat 46 (472s)
  [Data_05] mlp ep 52 val 6.4475 best 5.2335@ep5 pat 47 (477s)
  [Data_05] mlp ep 53 val 6.8375 best 5.2335@ep5 pat 48 (482s)
  [Data_05] mlp ep 54 val 6.8938 best 5.2335@ep5 pat 49 (487s)
  [Data_05] mlp ep 55 val 7.7709 best 5.2335@ep5 pat 50 (492s)
*** mlp Data_05 mae_seq=5.7773 mae_shuf=5.7773
