command: python -m hingesense.baselines --method mlp --fold Data_01 --out results/raw/baselines/mlp --epochs 300 --patience 50
UserWarning: Can't initialize NVML
os: Linux-6.8.0-138-generic-x86_64-with-glibc2.35
cpu: Intel(R) Xeon(R) Platinum 8480C x224, ram 1007.5 GB
gpu: NVIDIA H100 (driver 580.173.02)
python 3.11.15, torch 2.12.0+cu130, cuda 13.0
=== mlp Data_01 dev=cuda:0 ===
  [Data_01] mlp cond=noload sources=52
  [Data_01] mlp ep 0 val 6.2491 best 6.2491@ep0 pat 0 (12s)
  [Data_01] mlp ep 1 val 7.7182 best 6.2491@ep0 pat 1 (22s)
  [Data_01] mlp ep 2 val 7.1028 best 6.2491@ep0 pat 2 (33s)
  [Data_01] mlp ep 3 val 5.7385 best 5.7385@ep3 pat 0 (44s)
  [Data_01] mlp ep 4 val 6.1904 best 5.7385@ep3 pat 1 (55s)
  [Data_01] mlp ep 5 val 5.9102 best 5.7385@ep3 pat 2 (66s)
  [Data_01] mlp ep 6 val 4.9002 best 4.9002@ep6 pat 0 (77s)
  [Data_01] mlp ep 7 val 4.4569 best 4.4569@ep7 pat 0 (87s)
  [Data_01] mlp ep 8 val 3.5190 best 3.5190@ep8 pat 0 (98s)
  [Data_01] mlp ep 9 val 6.0932 best 3.5190@ep8 pat 1 (109s)
  [Data_01] mlp ep 10 val 3.8749 best 3.5190@ep8 pat 2 (119s)
  [Data_01] mlp ep 11 val 7.7905 best 3.5190@ep8 pat 3 (130s)
  [Data_01] mlp ep 12 val 6.7393 best 3.5190@ep8 pat 4 (141s)
  [Data_01] mlp ep 13 val 7.2163 best 3.5190@ep8 pat 5 (152s)
  [Data_01] mlp ep 14 val 3.4649 best 3.4649@ep14 pat 0 (162s)
  [Data_01] mlp ep 15 val 6.5125 best 3.4649@ep14 pat 1 (173s)
  [Data_01] mlp ep 16 val 4.8564 best 3.4649@ep14 pat 2 (183s)
  [Data_01] mlp ep 17 val 3.9255 best 3.4649@ep14 pat 3 (194s)
  [Data_01] mlp ep 18 val 4.2954 best 3.4649@ep14 pat 4 (204s)
  [Data_01] mlp ep 19 val 3.6963 best 3.4649@ep14 pat 5 (215s)
  [Data_01] mlp ep 20 val 4.1525 best 3.4649@ep14 pat 6 (225s)
  [Data_01] mlp ep 21 val 3.8154 best 3.4649@ep14 pat 7 (235s)
  [Data_01] mlp ep 22 val 4.1083 best 3.4649@ep14 pat 8 (245s)
  [Data_01] mlp ep 23 val 5.1584 best 3.4649@ep14 pat 9 (255s)
  [Data_01] mlp ep 24 val 4.6814 best 3.4649@ep14 pat 10 (265s)
  [Data_01] mlp ep 25 val 4.9208 best 3.4649@ep14 pat 11 (275s)
  [Data_01] mlp ep 26 val 6.5774 best 3.4649@ep14 pat 12 (285s)
  [Data_01] mlp ep 27 val 5.5828 best 3.4649@ep14 pat 13 (295s)
  [Data_01] mlp ep 28 val 5.1669 best 3.4649@ep14 pat 14 (305s)
  [Data_01] mlp ep 29 val 5.0564 best 3.4649@ep14 pat 15 (315s)
  [Data_01] mlp ep 30 val 4.4490 best 3.4649@ep14 pat 16 (325s)
  [Data_01] mlp ep 31 val 3.4655 best 3.4649@ep14 pat 17 (335s)
  [Data_01] mlp ep 32 val 5.6875 best 3.4649@ep14 pat 18 (344s)
  [Data_01] mlp ep 33 val 4.7398 best 3.4649@ep14 pat 19 (354s)
  [Data_01] mlp ep 34 val 7.0256 best 3.4649@ep14 pat 20 (364s)
  [Data_01] mlp ep 35 val 5.3422 best 3.4649@ep14 pat 21 (374s)
  [Data_01] mlp ep 36 val 5.7076 best 3.4649@ep14 pat 22 (385s)
  [Data_01] mlp ep 37 val 4.4938 best 3.4649@ep14 pat 23 (395s)
  [Data_01] mlp ep 38 val 4.0191 best 3.4649@ep14 pat 24 (405s)
  [Data_01] mlp ep 39 val 5.9567 best 3.4649@ep14 pat 25 (415s)
  [Data_01] mlp ep 40 val 4.6464 best 3.4649@ep14 pat 26 (425s)
  [Data_01] mlp ep 41 val 5.3363 best 3.4649@ep14 pat 27 (435s)
  [Data_01] mlp ep 42 val 5.0949 best 3.4649@ep14 pat 28 (445s)
  [Data_01] mlp ep 43 val 4.0813 best 3.4649@ep14 pat 29 (455s)
  [Data_01] mlp ep 44 val 5.7028 best 3.4649@ep14 pat 30 (465s)
  [Data_01] mlp ep 45 val 5.8868 best 3.4649@ep14 pat 31 (476s)
  [Data_01] mlp ep 46 val 5.0076 best 3.4649@ep14 pat 32 (486s)
  [Data_01] mlp ep 47 val 4.8553 best 3.4649@ep14 pat 33 (496s)
  [Data_01] mlp ep 48 val 4.9459 best 3.4649@ep14 pat 34 (506s)
  [Data_01] mlp ep 49 val 5.2134 best 3.4649@ep14 pat 35 (517s)
  [Data_01] mlp ep 50 val 3.0005 best 3.0005@ep50 pat 0 (527s)
  [Data_01] mlp ep 51 val 4.5278 best 3.0005@ep50 pat 1 (536s)
  [Data_01] mlp ep 52 val 5.4916 best 3.0005@ep50 pat 2 (546s)
  [Data_01] mlp ep 53 val 4.7128 best 3.0005@ep50 pat 3 (556s)
  [Data_01] mlp ep 54 val 5.2473 best 3.0005@ep50 pat 4 (566s)
  [Data_01] mlp ep 55 val 4.6473 best 3.0005@ep50 pat 5 (576s)
  [Data_01] mlp ep 56 val 6.0866 best 3.0005@ep50 pat 6 (585s)
  [Data_01] mlp ep 57 val 5.8330 best 3.0005@ep50 pat 7 (595s)
  [Data_01] mlp ep 58 val 4.8504 best 3.0005@ep50 pat 8 (605s)
  [Data_01] mlp ep 59 val 4.9780 best 3.0005@ep50 pat 9 (615s)
  [Data_01] mlp ep 60 val 5.0360 best 3.0005@ep50 pat 10 (624s)
  [Data_01] mlp ep 61 val 5.3061 best 3.0005@ep50 pat 11 (633s)
  [Data_01] mlp ep 62 val 7.3128 best 3.0005@ep50 pat 12 (641s)
  [Data_01] mlp ep 63 val 4.2246 best 3.0005@ep50 pat 13 (649s)
  [Data_01] mlp ep 64 val 5.4635 best 3.0005@ep50 pat 14 (656s)
  [Data_01] mlp ep 65 val 5.0926 best 3.0005@ep50 pat 15 (663s)
  [Data_01] mlp ep 66 val 4.6412 best 3.0005@ep50 pat 16 (669s)
  [Data_01] mlp ep 67 val 6.8889 best 3.0005@ep50 pat 17 (675s)
  [Data_01] mlp ep 68 val 4.2629 best 3.0005@ep50 pat 18 (681s)
  [Data_01] mlp ep 69 val 4.6021 best 3.0005@ep50 pat 19 (687s)
  [Data_01] mlp ep 70 val 5.8682 best 3.0005@ep50 pat 20 (694s)
  [Data_01] mlp ep 71 val 4.9039 best 3.0005@ep50 pat 21 (699s)
  [Data_01] mlp ep 72 val 5.1004 best 3.0005@ep50 pat 22 (703s)
  [Data_01] mlp ep 73 val 5.2117 best 3.0005@ep50 pat 23 (708s)
  [Data_01] mlp ep 74 val 4.0045 best 3.0005@ep50 pat 24 (712s)
  [Data_01] mlp ep 75 val 5.0301 best 3.0005@ep50 pat 25 (717s)
  [Data_01] mlp ep 76 val 4.7856 best 3.0005@ep50 pat 26 (721s)
  [Data_01] mlp ep 77 val 5.1736 best 3.0005@ep50 pat 27 (726s)
  [Data_01] mlp ep 78 val 5.4332 best 3.0005@ep50 pat 28 (731s)
  [Data_01] mlp ep 79 val 5.2057 best 3.0005@ep50 pat 29 (736s)
  [Data_01] mlp ep 80 val 5.2043 best 3.0005@ep50 pat 30 (741s)
  [Data_01] mlp ep 81 val 4.8337 best 3.0005@ep50 pat 31 (746s)
  [Data_01] mlp ep 82 val 4.6141 best 3.0005@ep50 pat 32 (751s)
  [Data_01] mlp ep 83 val 5.1275 best 3.0005@ep50 pat 33 (756s)
  [Data_01] mlp ep 84 val 6.1178 best 3.0005@ep50 pat 34 (761s)
  [Data_01] mlp ep 85 val 6.8432 best 3.0005@ep50 pat 35 (764s)
  [Data_01] mlp ep 86 val 5.6055 best 3.0005@ep50 pat 36 (767s)
  [Data_01] mlp ep 87 val 3.8700 best 3.0005@ep50 pat 37 (770s)
  [Data_01] mlp ep 88 val 5.7432 best 3.0005@ep50 pat 38 (774s)
  [Data_01] mlp ep 89 val 4.9543 best 3.0005@ep50 pat 39 (778s)
  [Data_01] mlp ep 90 val 6.3828 best 3.0005@ep50 pat 40 (781s)
  [Data_01] mlp ep 91 val 5.6723 best 3.0005@ep50 pat 41 (784s)
  [Data_01] mlp ep 92 val 5.5288 best 3.0005@ep50 pat 42 (787s)
  [Data_01] mlp ep 93 val 4.2179 best 3.0005@ep50 pat 43 (791s)
  [Data_01] mlp ep 94 val 4.6006 best 3.0005@ep50 pat 44 (794s)
  [Data_01] mlp ep 95 val 3.5922 best 3.0005@ep50 pat 45 (797s)
  [Data_01] mlp ep 96 val 4.8326 best 3.0005@ep50 pat 46 (800s)
  [Data_01] mlp ep 97 val 6.0353 best 3.0005@ep50 pat 47 (803s)
  [Data_01] mlp ep 98 val 4.4503 best 3.0005@ep50 pat 48 (805s)
  [Data_01] mlp ep 99 val 5.3638 best 3.0005@ep50 pat 49 (808s)
  [Data_01] mlp ep 100 val 3.3654 best 3.0005@ep50 pat 50 (811s)
*** mlp Data_01 mae_seq=3.1891 mae_shuf=3.1891
