command: python -m hingesense.baselines --method mlp --fold Data_06 --out results/raw/baselines/mlp --epochs 300 --patience 50
UserWarning: Can't initialize NVML
os: Linux-6.8.0-138-generic-x86_64-with-glibc2.35
cpu: Intel(R) Xeon(R) Platinum 8480C x224, ram 1007.5 GB
gpu: NVIDIA H100 (driver 580.173.02)
python 3.11.15, torch 2.12.0+cu130, cuda 13.0
=== mlp Data_06 dev=cuda:0 ===
  [Data_06] mlp cond=noload sources=52
  [Data_06] mlp ep 0 val 4.2411 best 4.2411@ep0 pat 0 (10s)
  [Data_06] mlp ep 1 val 4.0449 best 4.0449@ep1 pat 0 (19s)
  [Data_06] mlp ep 2 val 4.6821 best 4.0449@ep1 pat 1 (28s)
  [Data_06] mlp ep 3 val 3.4793 best 3.4793@ep3 pat 0 (38s)
  [Data_06] mlp ep 4 val 6.1485 best 3.4793@ep3 pat 1 (47s)
  [Data_06] mlp ep 5 val 3.3966 best 3.3966@ep5 pat 0 (56s)
  [Data_06] mlp ep 6 val 5.0577 best 3.3966@ep5 pat 1 (66s)
  [Data_06] mlp ep 7 val 3.4047 best 3.3966@ep5 pat 2 (75s)
  [Data_06] mlp ep 8 val 3.4843 best 3.3966@ep5 pat 3 (83s)
  [Data_06] mlp ep 9 val 3.3884 best 3.3884@ep9 pat 0 (92s)
  [Data_06] mlp ep 10 val 3.2162 best 3.2162@ep10 pat 0 (100s)
  [Data_06] mlp ep 11 val 2.9212 best 2.9212@ep11 pat 0 (108s)
  [Data_06] mlp ep 12 val 3.0486 best 2.9212@ep11 pat 1 (116s)
  [Data_06] mlp ep 13 val 2.4658 best 2.4658@ep13 pat 0 (124s)
  [Data_06] mlp ep 14 val 3.2958 best 2.4658@ep13 pat 1 (132s)
  [Data_06] mlp ep 15 val 2.5291 best 2.4658@ep13 pat 2 (140s)
  [Data_06] mlp ep 16 val 3.2896 best 2.4658@ep13 pat 3 (148s)
  [Data_06] mlp ep 17 val 3.6060 best 2.4658@ep13 pat 4 (156s)
  [Data_06] mlp ep 18 val 2.6425 best 2.4658@ep13 pat 5 (164s)
  [Data_06] mlp ep 19 val 3.1847 best 2.4658@ep13 pat 6 (172s)
  [Data_06] mlp ep 20 val 2.8234 best 2.4658@ep13 pat 7 (181s)
  [Data_06] mlp ep 21 val 4.1519 best 2.4658@ep13 pat 8 (187s)
  [Data_06] mlp ep 22 val 2.8190 best 2.4658@ep13 pat 9 (193s)
  [Data_06] mlp ep 23 val 3.2392 best 2.4658@ep13 pat 10 (199s)
  [Data_06] mlp ep 24 val 3.0602 best 2.4658@ep13 pat 11 (204s)
  [Data_06] mlp ep 25 val 3.5842 best 2.4658@ep13 pat 12 (210s)
  [Data_06] mlp ep 26 val 2.6912 best 2.4658@ep13 pat 13 (215s)
  [Data_06] mlp ep 27 val 2.9862 best 2.4658@ep13 pat 14 (220s)
  [Data_06] mlp ep 28 val 3.2418 best 2.4658@ep13 pat 15 (226s)
  [Data_06] mlp ep 29 val 2.8665 best 2.4658@ep13 pat 16 (231s)
  [Data_06] mlp ep 30 val 2.7644 best 2.4658@ep13 pat 17 (235s)
  [Data_06] mlp ep 31 val 3.3174 best 2.4658@ep13 pat 18 (240s)
  [Data_06] mlp ep 32 val 2.7916 best 2.4658@ep13 pat 19 (244s)
  [Data_06] mlp ep 33 val 3.2476 best 2.4658@ep13 pat 20 (249s)
  [Data_06] mlp ep 34 val 2.6706 best 2.4658@ep13 pat 21 (253s)
  [Data_06] mlp ep 35 val 3.0012 best 2.4658@ep13 pat 22 (258s)
  [Data_06] mlp ep 36 val 2.7468 best 2.4658@ep13 pat 23 (262s)
  [Data_06] mlp ep 37 val 2.5003 best 2.4658@ep13 pat 24 (266s)
  [Data_06] mlp ep 38 val 3.7267 best 2.4658@ep13 pat 25 (271s)
  [Data_06] mlp ep 39 val 3.5211 best 2.4658@ep13 pat 26 (275s)
  [Data_06] mlp ep 40 val 2.7077 best 2.4658@ep13 pat 27 (279s)
  [Data_06] mlp ep 41 val 2.7416 best 2.4658@ep13 pat 28 (283s)
  [Data_06] mlp ep 42 val 2.7971 best 2.4658@ep13 pat 29 (286s)
  [Data_06] mlp ep 43 val 4.3064 best 2.4658@ep13 pat 30 (289s)
  [Data_06] mlp ep 44 val 3.2404 best 2.4658@ep13 pat 31 (292s)
  [Data_06] mlp ep 45 val 3.1162 best 2.4658@ep13 pat 32 (294s)
  [Data_06] mlp ep 46 val 3.6536 best 2.4658@ep13 pat 33 (297s)
  [Data_06] mlp ep 47 val 2.2624 best 2.2624@ep47 pat 0 (300s)
  [Data_06] mlp ep 48 val 2.8923 best 2.2624@ep47 pat 1 (302s)
  [Data_06] mlp ep 49 val 3.5800 best 2.2624@ep47 pat 2 (304s)
  [Data_06] mlp ep 50 val 3.1040 best 2.2624@ep47 pat 3 (307s)
  [Data_06] mlp ep 51 val 2.5909 best 2.2624@ep47 pat 4 (309s)
  [Data_06] mlp ep 52 val 3.3360 best 2.2624@ep47 pat 5 (311s)
  [Data_06] mlp ep 53 val 2.9339 best 2.2624@ep47 pat 6 (313s)
  [Data_06] mlp ep 54 val 5.9625 best 2.2624@ep47 pat 7 (315s)
  [Data_06] mlp ep 55 val 3.3724 best 2.2624@ep47 pat 8 (317s)
  [Data_06] mlp ep 56 val 2.6768 best 2.2624@ep47 pat 9 (319s)
  [Data_06] mlp ep 57 val 4.6656 best 2.2624@ep47 pat 10 (321s)
  [Data_06] mlp ep 58 val 2.7537 best 2.2624@ep47 pat 11 (323s)
  [Data_06] mlp ep 59 val 4.5837 best 2.2624@ep47 pat 12 (325s)
  [Data_06] mlp ep 60 val 3.4034 best 2.2624@ep47 pat 13 (327s)
  [Data_06] mlp ep 61 val 3.1231 best 2.2624@ep47 pat 14 (329s)
  [Data_06] mlp ep 62 val 3.6013 best 2.2624@ep47 pat 15 (332s)
  [Data_06] mlp ep 63 val 3.0957 best 2.2624@ep47 pat 16 (334s)
  [Data_06] mlp ep 64 val 2.4963 best 2.2624@ep47 pat 17 (336s)
  [Data_06] mlp ep 65 val 3.6036 best 2.2624@ep47 pat 18 (338s)
  [Data_06] mlp ep 66 val 3.5834 best 2.2624@ep47 pat 19 (340s)
  [Data_06] mlp ep 67 val 3.2076 best 2.2624@ep47 pat 20 (342s)
  [Data_06] mlp ep 68 val 3.6141 best 2.2624@ep47 pat 21 (344s)
  [Data_06] mlp ep 69 val 2.2668 best 2.2624@ep47 pat 22 (346s)
  [Data_06] mlp ep 70 val 3.3047 best 2.2624@ep47 pat 23 (348s)
  [Data_06] mlp ep 71 val 3.3078 best 2.2624@ep47 pat 24 (350s)
  [Data_06] mlp ep 72 val 2.4347 best 2.2624@ep47 pat 25 (351s)
  [Data_06] mlp ep 73 val 2.9111 best 2.2624@ep47 pat 26 (353s)
  [Data_06] mlp ep 74 val 2.9792 best 2.2624@ep47 pat 27 (355s)
  [Data_06] mlp ep 75 val 3.8827 best 2.2624@ep47 pat 28 (356s)
  [Data_06] mlp ep 76 val 3.4315 best 2.2624@ep47 pat 29 (358s)
  [Data_06] mlp ep 77 val 3.4132 best 2.2624@ep47 pat 30 (360s)
  [Data_06] mlp ep 78 val 3.0095 best 2.2624@ep47 pat 31 (361s)
  [Data_06] mlp ep 79 val 4.2100 best 2.2624@ep47 pat 32 (363s)
  [Data_06] mlp ep 80 val 2.5515 best 2.2624@ep47 pat 33 (365s)
  [Data_06] mlp ep 81 val 3.5893 best 2.2624@ep47 pat 34 (366s)
  [Data_06] mlp ep 82 val 3.1294 best 2.2624@ep47 pat 35 (368s)
  [Data_06] mlp ep 83 val 3.3662 best 2.2624@ep47 pat 36 (370s)
  [Data_06] mlp ep 84 val 2.4761 best 2.2624@ep47 pat 37 (372s)
  [Data_06] mlp ep 85 val 3.4316 best 2.2624@ep47 pat 38 (373s)
  [Data_06] mlp ep 86 val 3.8262 best 2.2624@ep47 pat 39 (375s)
  [Data_06] mlp ep 87 val 3.0420 best 2.2624@ep47 pat 40 (377s)
  [Data_06] mlp ep 88 val 2.9737 best 2.2624@ep47 pat 41 (378s)
  [Data_06] mlp ep 89 val 3.9958 best 2.2624@ep47 pat 42 (379s)
  [Data_06] mlp ep 90 val 3.5793 best 2.2624@ep47 pat 43 (381s)
  [Data_06] mlp ep 91 val 3.9892 best 2.2624@ep47 pat 44 (382s)
  [Data_06] mlp ep 92 val 2.7220 best 2.2624@ep47 pat 45 (384s)
  [Data_06] mlp ep 93 val 3.7135 best 2.2624@ep47 pat 46 (385s)
  [Data_06] mlp ep 94 val 3.0950 best 2.2624@ep47 pat 47 (386s)
  [Data_06] mlp ep 95 val 3.1953 best 2.2624@ep47 pat 48 (388s)
  [Data_06] mlp ep 96 val 3.2422 best 2.2624@ep47 pat 49 (389s)
  [Data_06] mlp ep 97 val 3.9469 best 2.2624@ep47 pat 50 (390s)
*** mlp Data_06 mae_seq=2.5028 mae_shuf=2.5028
