command: python -m hingesense.baselines --method mlp --fold Data_11 --out results/raw/baselines/mlp --epochs 300 --patience 50
UserWarning: Can't initialize NVML
os: Linux-6.8.0-138-generic-x86_64-with-glibc2.35
cpu: Intel(R) Xeon(R) Platinum 8480C x224, ram 1007.5 GB
gpu: NVIDIA H100 (driver 580.173.02)
python 3.11.15, torch 2.12.0+cu130, cuda 13.0
=== mlp Data_11 dev=cuda:0 ===
  [Data_11] mlp cond=assembly sources=32
  [Data_11] mlp ep 0 val 5.9049 best 5.9049@ep0 pat 0 (10s)
  [Data_11] mlp ep 1 val 5.2741 best 5.2741@ep1 pat 0 (20s)
  [Data_11] mlp ep 2 val 5.1906 best 5.1906@ep2 pat 0 (30s)
  [Data_11] mlp ep 3 val 4.6822 best 4.6822@ep3 pat 0 (40s)
  [Data_11] mlp ep 4 val 5.5492 best 4.6822@ep3 pat 1 (50s)
  [Data_11] mlp ep 5 val 4.8272 best 4.6822@ep3 pat 2 (60s)
  [Data_11] mlp ep 6 val 4.1768 best 4.1768@ep6 pat 0 (69s)
  [Data_11] mlp ep 7 val 4.3313 best 4.1768@ep6 pat 1 (79s)
  [Data_11] mlp ep 8 val 4.4650 best 4.1768@ep6 pat 2 (89s)
  [Data_11] mlp ep 9 val 4.5439 best 4.1768@ep6 pat 3 (99s)
  [Data_11] mlp ep 10 val 4.0747 best 4.0747@ep10 pat 0 (109s)
  [Data_11] mlp ep 11 val 3.6571 best 3.6571@ep11 pat 0 (117s)
  [Data_11] mlp ep 12 val 4.2466 best 3.6571@ep11 pat 1 (124s)
  [Data_11] mlp ep 13 val 4.7846 best 3.6571@ep11 pat 2 (132s)
  [Data_11] mlp ep 14 val 4.3178 best 3.6571@ep11 pat 3 (139s)
  [Data_11] mlp ep 15 val 5.3365 best 3.6571@ep11 pat 4 (146s)
  [Data_11] mlp ep 16 val 5.4438 best 3.6571@ep11 pat 5 (152s)
  [Data_11] mlp ep 17 val 3.8580 best 3.6571@ep11 pat 6 (158s)
  [Data_11] mlp ep 18 val 4.2750 best 3.6571@ep11 pat 7 (164s)
  [Data_11] mlp ep 19 val 3.9974 best 3.6571@ep11 pat 8 (170s)
  [Data_11] mlp ep 20 val 4.2031 best 3.6571@ep11 pat 9 (176s)
  [Data_11] mlp ep 21 val 4.1108 best 3.6571@ep11 pat 10 (181s)
  [Data_11] mlp ep 22 val 4.7135 best 3.6571@ep11 pat 11 (186s)
  [Data_11] mlp ep 23 val 3.5429 best 3.5429@ep23 pat 0 (191s)
  [Data_11] mlp ep 24 val 5.0160 best 3.5429@ep23 pat 1 (197s)
  [Data_11] mlp ep 25 val 4.8964 best 3.5429@ep23 pat 2 (202s)
  [Data_11] mlp ep 26 val 4.8477 best 3.5429@ep23 pat 3 (207s)
  [Data_11] mlp ep 27 val 4.2823 best 3.5429@ep23 pat 4 (212s)
  [Data_11] mlp ep 28 val 4.5148 best 3.5429@ep23 pat 5 (217s)
  [Data_11] mlp ep 29 val 4.3523 best 3.5429@ep23 pat 6 (221s)
  [Data_11] mlp ep 30 val 4.2013 best 3.5429@ep23 pat 7 (226s)
  [Data_11] mlp ep 31 val 4.6325 best 3.5429@ep23 pat 8 (231s)
  [Data_11] mlp ep 32 val 4.6150 best 3.5429@ep23 pat 9 (236s)
  [Data_11] mlp ep 33 val 3.6080 best 3.5429@ep23 pat 10 (241s)
  [Data_11] mlp ep 34 val 5.4544 best 3.5429@ep23 pat 11 (245s)
  [Data_11] mlp ep 35 val 5.4993 best 3.5429@ep23 pat 12 (248s)
  [Data_11] mlp ep 36 val 4.4535 best 3.5429@ep23 pat 13 (251s)
  [Data_11] mlp ep 37 val 4.0049 best 3.5429@ep23 pat 14 (254s)
  [Data_11] mlp ep 38 val 4.1226 best 3.5429@ep23 pat 15 (258s)
  [Data_11] mlp ep 39 val 3.9852 best 3.5429@ep23 pat 16 (261s)
  [Data_11] mlp ep 40 val 5.0589 best 3.5429@ep23 pat 17 (265s)
  [Data_11] mlp ep 41 val 4.4984 best 3.5429@ep23 pat 18 (268s)
  [Data_11] mlp ep 42 val 4.4874 best 3.5429@ep23 pat 19 (271s)
  [Data_11] mlp ep 43 val 4.3585 best 3.5429@ep23 pat 20 (274s)
  [Data_11] mlp ep 44 val 4.5077 best 3.5429@ep23 pat 21 (277s)
  [Data_11] mlp ep 45 val 4.9720 best 3.5429@ep23 pat 22 (280s)
  [Data_11] mlp ep 46 val 4.1782 best 3.5429@ep23 pat 23 (283s)
  [Data_11] mlp ep 47 val 4.5081 best 3.5429@ep23 pat 24 (285s)
  [Data_11] mlp ep 48 val 3.6536 best 3.5429@ep23 pat 25 (287s)
  [Data_11] mlp ep 49 val 5.1083 best 3.5429@ep23 pat 26 (289s)
  [Data_11] mlp ep 50 val 4.8198 best 3.5429@ep23 pat 27 (291s)
  [Data_11] mlp ep 51 val 4.6411 best 3.5429@ep23 pat 28 (294s)
  [Data_11] mlp ep 52 val 4.6455 best 3.5429@ep23 pat 29 (296s)
  [Data_11] mlp ep 53 val 3.9054 best 3.5429@ep23 pat 30 (298s)
  [Data_11] mlp ep 54 val 4.8268 best 3.5429@ep23 pat 31 (301s)
  [Data_11] mlp ep 55 val 3.8814 best 3.5429@ep23 pat 32 (304s)
  [Data_11] mlp ep 56 val 4.7106 best 3.5429@ep23 pat 33 (307s)
  [Data_11] mlp ep 57 val 5.0663 best 3.5429@ep23 pat 34 (309s)
  [Data_11] mlp ep 58 val 5.0064 best 3.5429@ep23 pat 35 (312s)
  [Data_11] mlp ep 59 val 4.6133 best 3.5429@ep23 pat 36 (315s)
  [Data_11] mlp ep 60 val 4.7427 best 3.5429@ep23 pat 37 (317s)
  [Data_11] mlp ep 61 val 4.3418 best 3.5429@ep23 pat 38 (319s)
  [Data_11] mlp ep 62 val 4.3937 best 3.5429@ep23 pat 39 (322s)
  [Data_11] mlp ep 63 val 4.1939 best 3.5429@ep23 pat 40 (325s)
  [Data_11] mlp ep 64 val 4.5666 best 3.5429@ep23 pat 41 (327s)
  [Data_11] mlp ep 65 val 4.3007 best 3.5429@ep23 pat 42 (330s)
  [Data_11] mlp ep 66 val 5.4807 best 3.5429@ep23 pat 43 (333s)
  [Data_11] mlp ep 67 val 5.0179 best 3.5429@ep23 pat 44 (335s)
  [Data_11] mlp ep 68 val 4.5766 best 3.5429@ep23 pat 45 (338s)
  [Data_11] mlp ep 69 val 4.5337 best 3.5429@ep23 pat 46 (340s)
  [Data_11] mlp ep 70 val 4.7192 best 3.5429@ep23 pat 47 (343s)
  [Data_11] mlp ep 71 val 4.0561 best 3.5429@ep23 pat 48 (346s)
  [Data_11] mlp ep 72 val 4.0634 best 3.5429@ep23 pat 49 (349s)
  [Data_11] mlp ep 73 val 5.2193 best 3.5429@ep23 pat 50 (351s)
*** mlp Data_11 mae_seq=4.0723 mae_shuf=4.0723
