command: python -m hingesense.baselines --method mlp --fold Data_10 --out results/raw/baselines/mlp --epochs 300 --patience 50
UserWarning: Can't initialize NVML
os: Linux-6.8.0-138-generic-x86_64-with-glibc2.35
cpu: Intel(R) Xeon(R) Platinum 8480C x224, ram 1007.5 GB
gpu: NVIDIA H100 (driver 580.173.02)
python 3.11.15, torch 2.12.0+cu130, cuda 13.0
=== mlp Data_10 dev=cuda:0 ===
  [Data_10] mlp cond=assembly sources=32
  [Data_10] mlp ep 0 val 5.8953 best 5.8953@ep0 pat 0 (5s)
  [Data_10] mlp ep 1 val 5.0424 best 5.0424@ep1 pat 0 (10s)
  [Data_10] mlp ep 2 val 3.8184 best 3.8184@ep2 pat 0 (14s)
  [Data_10] mlp ep 3 val 7.5926 best 3.8184@ep2 pat 1 (18s)
  [Data_10] mlp ep 4 val 2.0134 best 2.0134@ep4 pat 0 (23s)
  [Data_10] mlp ep 5 val 1.8620 best 1.8620@ep5 pat 0 (27s)
  [Data_10] mlp ep 6 val 1.9986 best 1.8620@ep5 pat 1 (31s)
  [Data_10] mlp ep 7 val 4.5717 best 1.8620@ep5 pat 2 (36s)
  [Data_10] mlp ep 8 val 2.7191 best 1.8620@ep5 pat 3 (40s)
  [Data_10] mlp ep 9 val 5.8479 best 1.8620@ep5 pat 4 (44s)
  [Data_10] mlp ep 10 val 1.8097 best 1.8097@ep10 pat 0 (47s)
  [Data_10] mlp ep 11 val 3.2329 best 1.8097@ep10 pat 1 (50s)
  [Data_10] mlp ep 12 val 3.7020 best 1.8097@ep10 pat 2 (52s)
  [Data_10] mlp ep 13 val 2.8295 best 1.8097@ep10 pat 3 (55s)
  [Data_10] mlp ep 14 val 2.4867 best 1.8097@ep10 pat 4 (58s)
  [Data_10] mlp ep 15 val 2.0233 best 1.8097@ep10 pat 5 (61s)
  [Data_10] mlp ep 16 val 2.4119 best 1.8097@ep10 pat 6 (63s)
  [Data_10] mlp ep 17 val 1.5463 best 1.5463@ep17 pat 0 (65s)
  [Data_10] mlp ep 18 val 4.0457 best 1.5463@ep17 pat 1 (67s)
  [Data_10] mlp ep 19 val 2.8577 best 1.5463@ep17 pat 2 (70s)
  [Data_10] mlp ep 20 val 1.4992 best 1.4992@ep20 pat 0 (72s)
  [Data_10] mlp ep 21 val 3.4629 best 1.4992@ep20 pat 1 (74s)
  [Data_10] mlp ep 22 val 2.5735 best 1.4992@ep20 pat 2 (76s)
  [Data_10] mlp ep 23 val 2.3146 best 1.4992@ep20 pat 3 (78s)
  [Data_10] mlp ep 24 val 1.9816 best 1.4992@ep20 pat 4 (80s)
  [Data_10] mlp ep 25 val 2.1804 best 1.4992@ep20 pat 5 (82s)
  [Data_10] mlp ep 26 val 2.0284 best 1.4992@ep20 pat 6 (84s)
  [Data_10] mlp ep 27 val 1.8287 best 1.4992@ep20 pat 7 (87s)
  [Data_10] mlp ep 28 val 1.9180 best 1.4992@ep20 pat 8 (89s)
  [Data_10] mlp ep 29 val 2.0287 best 1.4992@ep20 pat 9 (91s)
  [Data_10] mlp ep 30 val 2.6878 best 1.4992@ep20 pat 10 (93s)
  [Data_10] mlp ep 31 val 1.9552 best 1.4992@ep20 pat 11 (95s)
  [Data_10] mlp ep 32 val 2.5617 best 1.4992@ep20 pat 12 (97s)
  [Data_10] mlp ep 33 val 2.2783 best 1.4992@ep20 pat 13 (100s)
  [Data_10] mlp ep 34 val 1.7786 best 1.4992@ep20 pat 14 (102s)
  [Data_10] mlp ep 35 val 3.4121 best 1.4992@ep20 pat 15 (104s)
  [Data_10] mlp ep 36 val 2.4070 best 1.4992@ep20 pat 16 (106s)
  [Data_10] mlp ep 37 val 4.2271 best 1.4992@ep20 pat 17 (108s)
  [Data_10] mlp ep 38 val 1.8350 best 1.4992@ep20 pat 18 (110s)
  [Data_10] mlp ep 39 val 1.6538 best 1.4992@ep20 pat 19 (111s)
  [Data_10] mlp ep 40 val 2.9726 best 1.4992@ep20 pat 20 (113s)
  [Data_10] mlp ep 41 val 2.3747 best 1.4992@ep20 pat 21 (115s)
  [Data_10] mlp ep 42 val 1.7460 best 1.4992@ep20 pat 22 (117s)
  [Data_10] mlp ep 43 val 2.2882 best 1.4992@ep20 pat 23 (119s)
  [Data_10] mlp ep 44 val 2.7642 best 1.4992@ep20 pat 24 (121s)
  [Data_10] mlp ep 45 val 2.7512 best 1.4992@ep20 pat 25 (123s)
  [Data_10] mlp ep 46 val 2.3564 best 1.4992@ep20 pat 26 (125s)
  [Data_10] mlp ep 47 val 2.8875 best 1.4992@ep20 pat 27 (127s)
  [Data_10] mlp ep 48 val 1.5732 best 1.4992@ep20 pat 28 (128s)
  [Data_10] mlp ep 49 val 2.6354 best 1.4992@ep20 pat 29 (130s)
  [Data_10] mlp ep 50 val 1.6494 best 1.4992@ep20 pat 30 (132s)
  [Data_10] mlp ep 51 val 2.2265 best 1.4992@ep20 pat 31 (133s)
  [Data_10] mlp ep 52 val 3.9234 best 1.4992@ep20 pat 32 (135s)
  [Data_10] mlp ep 53 val 2.0080 best 1.4992@ep20 pat 33 (137s)
  [Data_10] mlp ep 54 val 1.9092 best 1.4992@ep20 pat 34 (138s)
  [Data_10] mlp ep 55 val 2.0035 best 1.4992@ep20 pat 35 (139s)
  [Data_10] mlp ep 56 val 2.4336 best 1.4992@ep20 pat 36 (141s)
  [Data_10] mlp ep 57 val 1.6473 best 1.4992@ep20 pat 37 (142s)
  [Data_10] mlp ep 58 val 2.1924 best 1.4992@ep20 pat 38 (143s)
  [Data_10] mlp ep 59 val 2.6707 best 1.4992@ep20 pat 39 (144s)
  [Data_10] mlp ep 60 val 1.7864 best 1.4992@ep20 pat 40 (146s)
  [Data_10] mlp ep 61 val 1.8816 best 1.4992@ep20 pat 41 (147s)
  [Data_10] mlp ep 62 val 1.3050 best 1.3050@ep62 pat 0 (149s)
  [Data_10] mlp ep 63 val 2.1825 best 1.3050@ep62 pat 1 (150s)
  [Data_10] mlp ep 64 val 2.3333 best 1.3050@ep62 pat 2 (152s)
  [Data_10] mlp ep 65 val 2.4951 best 1.3050@ep62 pat 3 (153s)
  [Data_10] mlp ep 66 val 2.3442 best 1.3050@ep62 pat 4 (154s)
  [Data_10] mlp ep 67 val 1.9820 best 1.3050@ep62 pat 5 (155s)
  [Data_10] mlp ep 68 val 1.5542 best 1.3050@ep62 pat 6 (156s)
  [Data_10] mlp ep 69 val 2.5676 best 1.3050@ep62 pat 7 (158s)
  [Data_10] mlp ep 70 val 1.7531 best 1.3050@ep62 pat 8 (159s)
  [Data_10] mlp ep 71 val 1.9099 best 1.3050@ep62 pat 9 (160s)
  [Data_10] mlp ep 72 val 2.2905 best 1.3050@ep62 pat 10 (161s)
  [Data_10] mlp ep 73 val 1.7775 best 1.3050@ep62 pat 11 (162s)
  [Data_10] mlp ep 74 val 2.1989 best 1.3050@ep62 pat 12 (163s)
  [Data_10] mlp ep 75 val 1.8608 best 1.3050@ep62 pat 13 (164s)
  [Data_10] mlp ep 76 val 1.9920 best 1.3050@ep62 pat 14 (165s)
  [Data_10] mlp ep 77 val 1.9507 best 1.3050@ep62 pat 15 (166s)
  [Data_10] mlp ep 78 val 1.8600 best 1.3050@ep62 pat 16 (167s)
  [Data_10] mlp ep 79 val 2.0170 best 1.3050@ep62 pat 17 (168s)
  [Data_10] mlp ep 80 val 1.6515 best 1.3050@ep62 pat 18 (169s)
  [Data_10] mlp ep 81 val 2.1668 best 1.3050@ep62 pat 19 (170s)
  [Data_10] mlp ep 82 val 2.0868 best 1.3050@ep62 pat 20 (172s)
  [Data_10] mlp ep 83 val 1.9519 best 1.3050@ep62 pat 21 (173s)
  [Data_10] mlp ep 84 val 2.0474 best 1.3050@ep62 pat 22 (174s)
  [Data_10] mlp ep 85 val 1.9272 best 1.3050@ep62 pat 23 (175s)
  [Data_10] mlp ep 86 val 1.9795 best 1.3050@ep62 pat 24 (176s)
  [Data_10] mlp ep 87 val 2.6953 best 1.3050@ep62 pat 25 (177s)
  [Data_10] mlp ep 88 val 2.1831 best 1.3050@ep62 pat 26 (178s)
  [Data_10] mlp ep 89 val 2.0869 best 1.3050@ep62 pat 27 (179s)
  [Data_10] mlp ep 90 val 2.1930 best 1.3050@ep62 pat 28 (181s)
  [Data_10] mlp ep 91 val 1.9401 best 1.3050@ep62 pat 29 (182s)
  [Data_10] mlp ep 92 val 2.4859 best 1.3050@ep62 pat 30 (183s)
  [Data_10] mlp ep 93 val 2.4369 best 1.3050@ep62 pat 31 (184s)
  [Data_10] mlp ep 94 val 2.0851 best 1.3050@ep62 pat 32 (185s)
  [Data_10] mlp ep 95 val 1.9862 best 1.3050@ep62 pat 33 (186s)
  [Data_10] mlp ep 96 val 2.1789 best 1.3050@ep62 pat 34 (187s)
  [Data_10] mlp ep 97 val 2.3013 best 1.3050@ep62 pat 35 (188s)
  [Data_10] mlp ep 98 val 2.1077 best 1.3050@ep62 pat 36 (188s)
  [Data_10] mlp ep 99 val 2.1767 best 1.3050@ep62 pat 37 (189s)
  [Data_10] mlp ep 100 val 1.9756 best 1.3050@ep62 pat 38 (190s)
  [Data_10] mlp ep 101 val 1.6983 best 1.3050@ep62 pat 39 (191s)
  [Data_10] mlp ep 102 val 1.9847 best 1.3050@ep62 pat 40 (192s)
  [Data_10] mlp ep 103 val 1.9497 best 1.3050@ep62 pat 41 (193s)
  [Data_10] mlp ep 104 val 2.6210 best 1.3050@ep62 pat 42 (194s)
  [Data_10] mlp ep 105 val 2.0140 best 1.3050@ep62 pat 43 (195s)
  [Data_10] mlp ep 106 val 2.4609 best 1.3050@ep62 pat 44 (196s)
  [Data_10] mlp ep 107 val 1.8698 best 1.3050@ep62 pat 45 (197s)
  [Data_10] mlp ep 108 val 2.2932 best 1.3050@ep62 pat 46 (198s)
  [Data_10] mlp ep 109 val 1.8060 best 1.3050@ep62 pat 47 (199s)
  [Data_10] mlp ep 110 val 2.1682 best 1.3050@ep62 pat 48 (200s)
  [Data_10] mlp ep 111 val 1.6764 best 1.3050@ep62 pat 49 (201s)
  [Data_10] mlp ep 112 val 1.9300 best 1.3050@ep62 pat 50 (202s)
*** mlp Data_10 mae_seq=1.3164 mae_shuf=1.3164
