command: python -m hingesense.baselines --method mlp --fold Data_04 --out results/raw/baselines/mlp --epochs 300 --patience 50
UserWarning: Can't initialize NVML
os: Linux-6.8.0-138-generic-x86_64-with-glibc2.35
cpu: Intel(R) Xeon(R) Platinum 8480C x224, ram 1007.5 GB
gpu: NVIDIA H100 (driver 580.173.02)
python 3.11.15, torch 2.12.0+cu130, cuda 13.0
=== mlp Data_04 dev=cuda:0 ===
  [Data_04] mlp cond=noload sources=52
  [Data_04] mlp ep 0 val 20.0189 best 20.0189@ep0 pat 0 (10s)
  [Data_04] mlp ep 1 val 20.8634 best 20.0189@ep0 pat 1 (20s)
  [Data_04] mlp ep 2 val 13.6265 best 13.6265@ep2 pat 0 (29s)
  [Data_04] mlp ep 3 val 17.0791 best 13.6265@ep2 pat 1 (39s)
  [Data_04] mlp ep 4 val 15.1660 best 13.6265@ep2 pat 2 (49s)
  [Data_04] mlp ep 5 val 14.4654 best 13.6265@ep2 pat 3 (59s)
  [Data_04] mlp ep 6 val 16.2821 best 13.6265@ep2 pat 4 (68s)
  [Data_04] mlp ep 7 val 17.3939 best 13.6265@ep2 pat 5 (78s)
  [Data_04] mlp ep 8 val 13.6894 best 13.6265@ep2 pat 6 (88s)
  [Data_04] mlp ep 9 val 16.3469 best 13.6265@ep2 pat 7 (97s)
  [Data_04] mlp ep 10 val 18.9104 best 13.6265@ep2 pat 8 (106s)
  [Data_04] mlp ep 11 val 13.5761 best 13.5761@ep11 pat 0 (115s)
  [Data_04] mlp ep 12 val 15.6895 best 13.5761@ep11 pat 1 (123s)
  [Data_04] mlp ep 13 val 16.9009 best 13.5761@ep11 pat 2 (131s)
  [Data_04] mlp ep 14 val 15.0270 best 13.5761@ep11 pat 3 (140s)
  [Data_04] mlp ep 15 val 18.9879 best 13.5761@ep11 pat 4 (148s)
  [Data_04] mlp ep 16 val 13.7226 best 13.5761@ep11 pat 5 (157s)
  [Data_04] mlp ep 17 val 15.8263 best 13.5761@ep11 pat 6 (165s)
  [Data_04] mlp ep 18 val 19.6331 best 13.5761@ep11 pat 7 (174s)
  [Data_04] mlp ep 19 val 18.2714 best 13.5761@ep11 pat 8 (182s)
  [Data_04] mlp ep 20 val 13.4933 best 13.4933@ep20 pat 0 (191s)
  [Data_04] mlp ep 21 val 17.3128 best 13.4933@ep20 pat 1 (199s)
  [Data_04] mlp ep 22 val 18.0057 best 13.4933@ep20 pat 2 (207s)
  [Data_04] mlp ep 23 val 14.6313 best 13.4933@ep20 pat 3 (214s)
  [Data_04] mlp ep 24 val 16.0540 best 13.4933@ep20 pat 4 (219s)
  [Data_04] mlp ep 25 val 17.9464 best 13.4933@ep20 pat 5 (225s)
  [Data_04] mlp ep 26 val 20.7132 best 13.4933@ep20 pat 6 (231s)
  [Data_04] mlp ep 27 val 18.8993 best 13.4933@ep20 pat 7 (236s)
  [Data_04] mlp ep 28 val 18.8581 best 13.4933@ep20 pat 8 (242s)
  [Data_04] mlp ep 29 val 16.6338 best 13.4933@ep20 pat 9 (248s)
  [Data_04] mlp ep 30 val 18.9535 best 13.4933@ep20 pat 10 (253s)
  [Data_04] mlp ep 31 val 18.2259 best 13.4933@ep20 pat 11 (258s)
  [Data_04] mlp ep 32 val 20.5307 best 13.4933@ep20 pat 12 (262s)
  [Data_04] mlp ep 33 val 18.8029 best 13.4933@ep20 pat 13 (267s)
  [Data_04] mlp ep 34 val 19.4338 best 13.4933@ep20 pat 14 (272s)
  [Data_04] mlp ep 35 val 20.7461 best 13.4933@ep20 pat 15 (277s)
  [Data_04] mlp ep 36 val 18.3972 best 13.4933@ep20 pat 16 (281s)
  [Data_04] mlp ep 37 val 17.7297 best 13.4933@ep20 pat 17 (286s)
  [Data_04] mlp ep 38 val 20.4940 best 13.4933@ep20 pat 18 (290s)
  [Data_04] mlp ep 39 val 18.3211 best 13.4933@ep20 pat 19 (295s)
  [Data_04] mlp ep 40 val 19.1093 best 13.4933@ep20 pat 20 (299s)
  [Data_04] mlp ep 41 val 19.7084 best 13.4933@ep20 pat 21 (304s)
  [Data_04] mlp ep 42 val 17.6082 best 13.4933@ep20 pat 22 (307s)
  [Data_04] mlp ep 43 val 20.0696 best 13.4933@ep20 pat 23 (310s)
  [Data_04] mlp ep 44 val 18.7855 best 13.4933@ep20 pat 24 (313s)
  [Data_04] mlp ep 45 val 19.9316 best 13.4933@ep20 pat 25 (316s)
  [Data_04] mlp ep 46 val 17.6984 best 13.4933@ep20 pat 26 (319s)
  [Data_04] mlp ep 47 val 18.8944 best 13.4933@ep20 pat 27 (322s)
  [Data_04] mlp ep 48 val 17.1211 best 13.4933@ep20 pat 28 (324s)
  [Data_04] mlp ep 49 val 18.5864 best 13.4933@ep20 pat 29 (327s)
  [Data_04] mlp ep 50 val 19.7370 best 13.4933@ep20 pat 30 (329s)
  [Data_04] mlp ep 51 val 20.1415 best 13.4933@ep20 pat 31 (331s)
  [Data_04] mlp ep 52 val 18.2146 best 13.4933@ep20 pat 32 (333s)
  [Data_04] mlp ep 53 val 19.1368 best 13.4933@ep20 pat 33 (335s)
  [Data_04] mlp ep 54 val 18.2607 best 13.4933@ep20 pat 34 (338s)
  [Data_04] mlp ep 55 val 19.5205 best 13.4933@ep20 pat 35 (340s)
  [Data_04] mlp ep 56 val 18.6924 best 13.4933@ep20 pat 36 (342s)
  [Data_04] mlp ep 57 val 18.4586 best 13.4933@ep20 pat 37 (344s)
  [Data_04] mlp ep 58 val 18.2412 best 13.4933@ep20 pat 38 (346s)
  [Data_04] mlp ep 59 val 18.6714 best 13.4933@ep20 pat 39 (349s)
  [Data_04] mlp ep 60 val 20.0493 best 13.4933@ep20 pat 40 (351s)
  [Data_04] mlp ep 61 val 19.0678 best 13.4933@ep20 pat 41 (353s)
  [Data_04] mlp ep 62 val 18.6074 best 13.4933@ep20 pat 42 (356s)
  [Data_04] mlp ep 63 val 19.8490 best 13.4933@ep20 pat 43 (358s)
  [Data_04] mlp ep 64 val 16.6095 best 13.4933@ep20 pat 44 (360s)
  [Data_04] mlp ep 65 val 19.5619 best 13.4933@ep20 pat 45 (362s)
  [Data_04] mlp ep 66 val 20.4911 best 13.4933@ep20 pat 46 (364s)
  [Data_04] mlp ep 67 val 18.9966 best 13.4933@ep20 pat 47 (367s)
  [Data_04] mlp ep 68 val 19.2838 best 13.4933@ep20 pat 48 (369s)
  [Data_04] mlp ep 69 val 19.7591 best 13.4933@ep20 pat 49 (371s)
  [Data_04] mlp ep 70 val 19.2731 best 13.4933@ep20 pat 50 (373s)
*** mlp Data_04 mae_seq=13.1713 mae_shuf=13.1713
