command: python -m hingesense.baselines --method mlp --fold Data_07 --out results/raw/baselines/mlp --epochs 300 --patience 50
UserWarning: Can't initialize NVML
os: Linux-6.8.0-138-generic-x86_64-with-glibc2.35
cpu: Intel(R) Xeon(R) Platinum 8480C x224, ram 1007.5 GB
gpu: NVIDIA H100 (driver 580.173.02)
python 3.11.15, torch 2.12.0+cu130, cuda 13.0
=== mlp Data_07 dev=cuda:0 ===
  [Data_07] mlp cond=assembly sources=32
  [Data_07] mlp ep 0 val 6.5234 best 6.5234@ep0 pat 0 (11s)
  [Data_07] mlp ep 1 val 6.3629 best 6.3629@ep1 pat 0 (21s)
  [Data_07] mlp ep 2 val 5.3138 best 5.3138@ep2 pat 0 (31s)
  [Data_07] mlp ep 3 val 3.9346 best 3.9346@ep3 pat 0 (42s)
  [Data_07] mlp ep 4 val 2.9925 best 2.9925@ep4 pat 0 (52s)
  [Data_07] mlp ep 5 val 3.0988 best 2.9925@ep4 pat 1 (62s)
  [Data_07] mlp ep 6 val 4.5696 best 2.9925@ep4 pat 2 (72s)
  [Data_07] mlp ep 7 val 3.7903 best 2.9925@ep4 pat 3 (82s)
  [Data_07] mlp ep 8 val 2.7522 best 2.7522@ep8 pat 0 (93s)
  [Data_07] mlp ep 9 val 4.8741 best 2.7522@ep8 pat 1 (103s)
  [Data_07] mlp ep 10 val 3.8598 best 2.7522@ep8 pat 2 (113s)
  [Data_07] mlp ep 11 val 2.6254 best 2.6254@ep11 pat 0 (124s)
  [Data_07] mlp ep 12 val 3.1805 best 2.6254@ep11 pat 1 (134s)
  [Data_07] mlp ep 13 val 3.1810 best 2.6254@ep11 pat 2 (144s)
  [Data_07] mlp ep 14 val 3.9908 best 2.6254@ep11 pat 3 (155s)
  [Data_07] mlp ep 15 val 3.8973 best 2.6254@ep11 pat 4 (165s)
  [Data_07] mlp ep 16 val 4.4280 best 2.6254@ep11 pat 5 (174s)
  [Data_07] mlp ep 17 val 3.6697 best 2.6254@ep11 pat 6 (184s)
  [Data_07] mlp ep 18 val 3.5774 best 2.6254@ep11 pat 7 (194s)
  [Data_07] mlp ep 19 val 4.2934 best 2.6254@ep11 pat 8 (204s)
  [Data_07] mlp ep 20 val 3.2013 best 2.6254@ep11 pat 9 (214s)
  [Data_07] mlp ep 21 val 3.8002 best 2.6254@ep11 pat 10 (224s)
  [Data_07] mlp ep 22 val 4.3813 best 2.6254@ep11 pat 11 (234s)
  [Data_07] mlp ep 23 val 2.9334 best 2.6254@ep11 pat 12 (244s)
  [Data_07] mlp ep 24 val 3.4190 best 2.6254@ep11 pat 13 (254s)
  [Data_07] mlp ep 25 val 3.8379 best 2.6254@ep11 pat 14 (264s)
  [Data_07] mlp ep 26 val 4.0965 best 2.6254@ep11 pat 15 (271s)
  [Data_07] mlp ep 27 val 3.4506 best 2.6254@ep11 pat 16 (279s)
  [Data_07] mlp ep 28 val 4.3621 best 2.6254@ep11 pat 17 (287s)
  [Data_07] mlp ep 29 val 4.0269 best 2.6254@ep11 pat 18 (294s)
  [Data_07] mlp ep 30 val 3.9290 best 2.6254@ep11 pat 19 (301s)
  [Data_07] mlp ep 31 val 4.4765 best 2.6254@ep11 pat 20 (307s)
  [Data_07] mlp ep 32 val 4.6368 best 2.6254@ep11 pat 21 (313s)
  [Data_07] mlp ep 33 val 4.1470 best 2.6254@ep11 pat 22 (319s)
  [Data_07] mlp ep 34 val 4.7518 best 2.6254@ep11 pat 23 (326s)
  [Data_07] mlp ep 35 val 3.6777 best 2.6254@ep11 pat 24 (332s)
  [Data_07] mlp ep 36 val 4.0794 best 2.6254@ep11 pat 25 (336s)
  [Data_07] mlp ep 37 val 3.7399 best 2.6254@ep11 pat 26 (341s)
  [Data_07] mlp ep 38 val 4.3379 best 2.6254@ep11 pat 27 (346s)
  [Data_07] mlp ep 39 val 3.7117 best 2.6254@ep11 pat 28 (350s)
  [Data_07] mlp ep 40 val 3.2795 best 2.6254@ep11 pat 29 (355s)
  [Data_07] mlp ep 41 val 3.9810 best 2.6254@ep11 pat 30 (360s)
  [Data_07] mlp ep 42 val 3.9564 best 2.6254@ep11 pat 31 (365s)
  [Data_07] mlp ep 43 val 3.1874 best 2.6254@ep11 pat 32 (370s)
  [Data_07] mlp ep 44 val 3.3162 best 2.6254@ep11 pat 33 (376s)
  [Data_07] mlp ep 45 val 3.7172 best 2.6254@ep11 pat 34 (380s)
  [Data_07] mlp ep 46 val 3.9420 best 2.6254@ep11 pat 35 (386s)
  [Data_07] mlp ep 47 val 4.1291 best 2.6254@ep11 pat 36 (391s)
  [Data_07] mlp ep 48 val 3.6699 best 2.6254@ep11 pat 37 (396s)
  [Data_07] mlp ep 49 val 3.5411 best 2.6254@ep11 pat 38 (399s)
  [Data_07] mlp ep 50 val 3.4264 best 2.6254@ep11 pat 39 (402s)
  [Data_07] mlp ep 51 val 3.7097 best 2.6254@ep11 pat 40 (405s)
  [Data_07] mlp ep 52 val 3.3394 best 2.6254@ep11 pat 41 (408s)
  [Data_07] mlp ep 53 val 4.7484 best 2.6254@ep11 pat 42 (411s)
  [Data_07] mlp ep 54 val 4.0082 best 2.6254@ep11 pat 43 (415s)
  [Data_07] mlp ep 55 val 4.0384 best 2.6254@ep11 pat 44 (417s)
  [Data_07] mlp ep 56 val 3.3500 best 2.6254@ep11 pat 45 (420s)
  [Data_07] mlp ep 57 val 3.2998 best 2.6254@ep11 pat 46 (423s)
  [Data_07] mlp ep 58 val 4.0121 best 2.6254@ep11 pat 47 (427s)
  [Data_07] mlp ep 59 val 3.6954 best 2.6254@ep11 pat 48 (429s)
  [Data_07] mlp ep 60 val 4.0704 best 2.6254@ep11 pat 49 (432s)
  [Data_07] mlp ep 61 val 3.8224 best 2.6254@ep11 pat 50 (434s)
*** mlp Data_07 mae_seq=4.2683 mae_shuf=4.2683
