command: python -m hingesense.baselines --method mlp --fold Data_09 --out results/raw/baselines/mlp --epochs 300 --patience 50
UserWarning: Can't initialize NVML
os: Linux-6.8.0-138-generic-x86_64-with-glibc2.35
cpu: Intel(R) Xeon(R) Platinum 8480C x224, ram 1007.5 GB
gpu: NVIDIA H100 (driver 580.173.02)
python 3.11.15, torch 2.12.0+cu130, cuda 13.0
=== mlp Data_09 dev=cuda:0 ===
  [Data_09] mlp cond=assembly sources=32
  [Data_09] mlp ep 0 val 3.8158 best 3.8158@ep0 pat 0 (11s)
  [Data_09] mlp ep 1 val 4.6898 best 3.8158@ep0 pat 1 (21s)
  [Data_09] mlp ep 2 val 3.8583 best 3.8158@ep0 pat 2 (32s)
  [Data_09] mlp ep 3 val 2.7414 best 2.7414@ep3 pat 0 (42s)
  [Data_09] mlp ep 4 val 1.6965 best 1.6965@ep4 pat 0 (52s)
  [Data_09] mlp ep 5 val 2.0453 best 1.6965@ep4 pat 1 (61s)
  [Data_09] mlp ep 6 val 1.4205 best 1.4205@ep6 pat 0 (71s)
  [Data_09] mlp ep 7 val 1.6126 best 1.4205@ep6 pat 1 (81s)
  [Data_09] mlp ep 8 val 3.2353 best 1.4205@ep6 pat 2 (91s)
  [Data_09] mlp ep 9 val 1.6882 best 1.4205@ep6 pat 3 (101s)
  [Data_09] mlp ep 10 val 2.3209 best 1.4205@ep6 pat 4 (111s)
  [Data_09] mlp ep 11 val 1.3818 best 1.3818@ep11 pat 0 (120s)
  [Data_09] mlp ep 12 val 1.7145 best 1.3818@ep11 pat 1 (130s)
  [Data_09] mlp ep 13 val 1.4537 best 1.3818@ep11 pat 2 (140s)
  [Data_09] mlp ep 14 val 2.6833 best 1.3818@ep11 pat 3 (149s)
  [Data_09] mlp ep 15 val 1.4941 best 1.3818@ep11 pat 4 (157s)
  [Data_09] mlp ep 16 val 2.8405 best 1.3818@ep11 pat 5 (165s)
  [Data_09] mlp ep 17 val 2.2810 best 1.3818@ep11 pat 6 (172s)
  [Data_09] mlp ep 18 val 1.9201 best 1.3818@ep11 pat 7 (179s)
  [Data_09] mlp ep 19 val 1.5519 best 1.3818@ep11 pat 8 (186s)
  [Data_09] mlp ep 20 val 1.4693 best 1.3818@ep11 pat 9 (191s)
  [Data_09] mlp ep 21 val 2.0216 best 1.3818@ep11 pat 10 (198s)
  [Data_09] mlp ep 22 val 2.7998 best 1.3818@ep11 pat 11 (204s)
  [Data_09] mlp ep 23 val 1.5715 best 1.3818@ep11 pat 12 (210s)
  [Data_09] mlp ep 24 val 1.4564 best 1.3818@ep11 pat 13 (216s)
  [Data_09] mlp ep 25 val 1.0339 best 1.0339@ep25 pat 0 (220s)
  [Data_09] mlp ep 26 val 1.5862 best 1.0339@ep25 pat 1 (225s)
  [Data_09] mlp ep 27 val 1.7900 best 1.0339@ep25 pat 2 (230s)
  [Data_09] mlp ep 28 val 2.2185 best 1.0339@ep25 pat 3 (234s)
  [Data_09] mlp ep 29 val 1.2432 best 1.0339@ep25 pat 4 (239s)
  [Data_09] mlp ep 30 val 1.6355 best 1.0339@ep25 pat 5 (245s)
  [Data_09] mlp ep 31 val 2.0588 best 1.0339@ep25 pat 6 (250s)
  [Data_09] mlp ep 32 val 0.9648 best 0.9648@ep32 pat 0 (255s)
  [Data_09] mlp ep 33 val 1.0152 best 0.9648@ep32 pat 1 (260s)
  [Data_09] mlp ep 34 val 1.0774 best 0.9648@ep32 pat 2 (265s)
  [Data_09] mlp ep 35 val 1.1549 best 0.9648@ep32 pat 3 (270s)
  [Data_09] mlp ep 36 val 1.5498 best 0.9648@ep32 pat 4 (276s)
  [Data_09] mlp ep 37 val 1.3998 best 0.9648@ep32 pat 5 (279s)
  [Data_09] mlp ep 38 val 1.4980 best 0.9648@ep32 pat 6 (283s)
  [Data_09] mlp ep 39 val 0.9890 best 0.9648@ep32 pat 7 (286s)
  [Data_09] mlp ep 40 val 1.0539 best 0.9648@ep32 pat 8 (289s)
  [Data_09] mlp ep 41 val 1.2955 best 0.9648@ep32 pat 9 (293s)
  [Data_09] mlp ep 42 val 1.6492 best 0.9648@ep32 pat 10 (296s)
  [Data_09] mlp ep 43 val 1.2286 best 0.9648@ep32 pat 11 (299s)
  [Data_09] mlp ep 44 val 1.7533 best 0.9648@ep32 pat 12 (302s)
  [Data_09] mlp ep 45 val 2.0745 best 0.9648@ep32 pat 13 (305s)
  [Data_09] mlp ep 46 val 1.1897 best 0.9648@ep32 pat 14 (309s)
  [Data_09] mlp ep 47 val 1.8226 best 0.9648@ep32 pat 15 (312s)
  [Data_09] mlp ep 48 val 1.7738 best 0.9648@ep32 pat 16 (314s)
  [Data_09] mlp ep 49 val 1.4783 best 0.9648@ep32 pat 17 (317s)
  [Data_09] mlp ep 50 val 1.1048 best 0.9648@ep32 pat 18 (320s)
  [Data_09] mlp ep 51 val 1.1641 best 0.9648@ep32 pat 19 (322s)
  [Data_09] mlp ep 52 val 1.4371 best 0.9648@ep32 pat 20 (324s)
  [Data_09] mlp ep 53 val 1.2193 best 0.9648@ep32 pat 21 (325s)
  [Data_09] mlp ep 54 val 1.4322 best 0.9648@ep32 pat 22 (327s)
  [Data_09] mlp ep 55 val 1.6338 best 0.9648@ep32 pat 23 (329s)
  [Data_09] mlp ep 56 val 1.1614 best 0.9648@ep32 pat 24 (330s)
  [Data_09] mlp ep 57 val 1.4236 best 0.9648@ep32 pat 25 (332s)
  [Data_09] mlp ep 58 val 1.1244 best 0.9648@ep32 pat 26 (333s)
  [Data_09] mlp ep 59 val 1.3762 best 0.9648@ep32 pat 27 (334s)
  [Data_09] mlp ep 60 val 1.7266 best 0.9648@ep32 pat 28 (336s)
  [Data_09] mlp ep 61 val 2.6541 best 0.9648@ep32 pat 29 (337s)
  [Data_09] mlp ep 62 val 1.1590 best 0.9648@ep32 pat 30 (338s)
  [Data_09] mlp ep 63 val 0.9381 best 0.9381@ep63 pat 0 (339s)
  [Data_09] mlp ep 64 val 1.8714 best 0.9381@ep63 pat 1 (341s)
  [Data_09] mlp ep 65 val 0.9881 best 0.9381@ep63 pat 2 (342s)
  [Data_09] mlp ep 66 val 1.8675 best 0.9381@ep63 pat 3 (344s)
  [Data_09] mlp ep 67 val 1.5793 best 0.9381@ep63 pat 4 (345s)
  [Data_09] mlp ep 68 val 1.9895 best 0.9381@ep63 pat 5 (347s)
  [Data_09] mlp ep 69 val 1.2145 best 0.9381@ep63 pat 6 (349s)
  [Data_09] mlp ep 70 val 1.5372 best 0.9381@ep63 pat 7 (351s)
  [Data_09] mlp ep 71 val 1.4584 best 0.9381@ep63 pat 8 (354s)
  [Data_09] mlp ep 72 val 1.2883 best 0.9381@ep63 pat 9 (356s)
  [Data_09] mlp ep 73 val 1.0798 best 0.9381@ep63 pat 10 (358s)
  [Data_09] mlp ep 74 val 1.7741 best 0.9381@ep63 pat 11 (360s)
  [Data_09] mlp ep 75 val 1.9913 best 0.9381@ep63 pat 12 (361s)
  [Data_09] mlp ep 76 val 1.3795 best 0.9381@ep63 pat 13 (364s)
  [Data_09] mlp ep 77 val 1.5709 best 0.9381@ep63 pat 14 (366s)
  [Data_09] mlp ep 78 val 0.9229 best 0.9229@ep78 pat 0 (367s)
  [Data_09] mlp ep 79 val 1.3776 best 0.9229@ep78 pat 1 (369s)
  [Data_09] mlp ep 80 val 1.1827 best 0.9229@ep78 pat 2 (371s)
  [Data_09] mlp ep 81 val 0.8853 best 0.8853@ep81 pat 0 (373s)
  [Data_09] mlp ep 82 val 1.8833 best 0.8853@ep81 pat 1 (375s)
  [Data_09] mlp ep 83 val 1.2547 best 0.8853@ep81 pat 2 (376s)
  [Data_09] mlp ep 84 val 1.4915 best 0.8853@ep81 pat 3 (377s)
  [Data_09] mlp ep 85 val 1.0364 best 0.8853@ep81 pat 4 (378s)
  [Data_09] mlp ep 86 val 1.2224 best 0.8853@ep81 pat 5 (380s)
  [Data_09] mlp ep 87 val 1.5797 best 0.8853@ep81 pat 6 (382s)
  [Data_09] mlp ep 88 val 1.6311 best 0.8853@ep81 pat 7 (384s)
  [Data_09] mlp ep 89 val 1.2714 best 0.8853@ep81 pat 8 (385s)
  [Data_09] mlp ep 90 val 1.1848 best 0.8853@ep81 pat 9 (387s)
  [Data_09] mlp ep 91 val 1.2394 best 0.8853@ep81 pat 10 (389s)
  [Data_09] mlp ep 92 val 1.3410 best 0.8853@ep81 pat 11 (392s)
  [Data_09] mlp ep 93 val 1.5245 best 0.8853@ep81 pat 12 (395s)
  [Data_09] mlp ep 94 val 1.2100 best 0.8853@ep81 pat 13 (398s)
  [Data_09] mlp ep 95 val 1.6292 best 0.8853@ep81 pat 14 (400s)
  [Data_09] mlp ep 96 val 1.8433 best 0.8853@ep81 pat 15 (402s)
  [Data_09] mlp ep 97 val 1.1771 best 0.8853@ep81 pat 16 (404s)
  [Data_09] mlp ep 98 val 1.2965 best 0.8853@ep81 pat 17 (406s)
  [Data_09] mlp ep 99 val 1.0636 best 0.8853@ep81 pat 18 (408s)
  [Data_09] mlp ep 100 val 1.1121 best 0.8853@ep81 pat 19 (410s)
  [Data_09] mlp ep 101 val 1.1055 best 0.8853@ep81 pat 20 (411s)
  [Data_09] mlp ep 102 val 0.8770 best 0.8770@ep102 pat 0 (413s)
  [Data_09] mlp ep 103 val 1.0682 best 0.8770@ep102 pat 1 (415s)
  [Data_09] mlp ep 104 val 1.1942 best 0.8770@ep102 pat 2 (416s)
  [Data_09] mlp ep 105 val 1.4169 best 0.8770@ep102 pat 3 (419s)
  [Data_09] mlp ep 106 val 1.3161 best 0.8770@ep102 pat 4 (421s)
  [Data_09] mlp ep 107 val 0.9551 best 0.8770@ep102 pat 5 (422s)
  [Data_09] mlp ep 108 val 1.2405 best 0.8770@ep102 pat 6 (424s)
  [Data_09] mlp ep 109 val 1.5161 best 0.8770@ep102 pat 7 (426s)
  [Data_09] mlp ep 110 val 0.9911 best 0.8770@ep102 pat 8 (427s)
  [Data_09] mlp ep 111 val 0.8670 best 0.8670@ep111 pat 0 (429s)
  [Data_09] mlp ep 112 val 1.0699 best 0.8670@ep111 pat 1 (431s)
  [Data_09] mlp ep 113 val 1.0807 best 0.8670@ep111 pat 2 (433s)
  [Data_09] mlp ep 114 val 1.0496 best 0.8670@ep111 pat 3 (434s)
  [Data_09] mlp ep 115 val 2.0132 best 0.8670@ep111 pat 4 (435s)
  [Data_09] mlp ep 116 val 1.2139 best 0.8670@ep111 pat 5 (437s)
  [Data_09] mlp ep 117 val 1.2913 best 0.8670@ep111 pat 6 (439s)
  [Data_09] mlp ep 118 val 1.4805 best 0.8670@ep111 pat 7 (441s)
  [Data_09] mlp ep 119 val 0.9843 best 0.8670@ep111 pat 8 (442s)
  [Data_09] mlp ep 120 val 1.2958 best 0.8670@ep111 pat 9 (443s)
  [Data_09] mlp ep 121 val 1.1016 best 0.8670@ep111 pat 10 (445s)
  [Data_09] mlp ep 122 val 1.0661 best 0.8670@ep111 pat 11 (446s)
  [Data_09] mlp ep 123 val 1.1884 best 0.8670@ep111 pat 12 (447s)
  [Data_09] mlp ep 124 val 1.4740 best 0.8670@ep111 pat 13 (449s)
  [Data_09] mlp ep 125 val 0.9304 best 0.8670@ep111 pat 14 (451s)
  [Data_09] mlp ep 126 val 1.0613 best 0.8670@ep111 pat 15 (452s)
  [Data_09] mlp ep 127 val 1.0126 best 0.8670@ep111 pat 16 (454s)
  [Data_09] mlp ep 128 val 1.4300 best 0.8670@ep111 pat 17 (455s)
  [Data_09] mlp ep 129 val 0.9338 best 0.8670@ep111 pat 18 (456s)
  [Data_09] mlp ep 130 val 1.6535 best 0.8670@ep111 pat 19 (457s)
  [Data_09] mlp ep 131 val 1.6179 best 0.8670@ep111 pat 20 (459s)
  [Data_09] mlp ep 132 val 1.4194 best 0.8670@ep111 pat 21 (460s)
  [Data_09] mlp ep 133 val 1.1246 best 0.8670@ep111 pat 22 (461s)
  [Data_09] mlp ep 134 val 1.5262 best 0.8670@ep111 pat 23 (463s)
  [Data_09] mlp ep 135 val 1.7970 best 0.8670@ep111 pat 24 (465s)
  [Data_09] mlp ep 136 val 0.9762 best 0.8670@ep111 pat 25 (467s)
  [Data_09] mlp ep 137 val 1.1539 best 0.8670@ep111 pat 26 (469s)
  [Data_09] mlp ep 138 val 1.2090 best 0.8670@ep111 pat 27 (470s)
  [Data_09] mlp ep 139 val 1.0292 best 0.8670@ep111 pat 28 (471s)
  [Data_09] mlp ep 140 val 0.9580 best 0.8670@ep111 pat 29 (472s)
  [Data_09] mlp ep 141 val 1.5721 best 0.8670@ep111 pat 30 (474s)
  [Data_09] mlp ep 142 val 1.4865 best 0.8670@ep111 pat 31 (475s)
  [Data_09] mlp ep 143 val 1.4354 best 0.8670@ep111 pat 32 (476s)
  [Data_09] mlp ep 144 val 1.4195 best 0.8670@ep111 pat 33 (477s)
  [Data_09] mlp ep 145 val 1.0998 best 0.8670@ep111 pat 34 (478s)
  [Data_09] mlp ep 146 val 1.2087 best 0.8670@ep111 pat 35 (479s)
  [Data_09] mlp ep 147 val 1.5641 best 0.8670@ep111 pat 36 (481s)
  [Data_09] mlp ep 148 val 1.7475 best 0.8670@ep111 pat 37 (483s)
  [Data_09] mlp ep 149 val 0.9647 best 0.8670@ep111 pat 38 (484s)
  [Data_09] mlp ep 150 val 1.1325 best 0.8670@ep111 pat 39 (485s)
  [Data_09] mlp ep 151 val 1.3741 best 0.8670@ep111 pat 40 (487s)
  [Data_09] mlp ep 152 val 1.5756 best 0.8670@ep111 pat 41 (489s)
  [Data_09] mlp ep 153 val 1.4610 best 0.8670@ep111 pat 42 (491s)
  [Data_09] mlp ep 154 val 1.5368 best 0.8670@ep111 pat 43 (493s)
  [Data_09] mlp ep 155 val 1.1317 best 0.8670@ep111 pat 44 (494s)
  [Data_09] mlp ep 156 val 1.2490 best 0.8670@ep111 pat 45 (496s)
  [Data_09] mlp ep 157 val 1.0835 best 0.8670@ep111 pat 46 (497s)
  [Data_09] mlp ep 158 val 1.0463 best 0.8670@ep111 pat 47 (498s)
  [Data_09] mlp ep 159 val 1.2688 best 0.8670@ep111 pat 48 (500s)
  [Data_09] mlp ep 160 val 1.3483 best 0.8670@ep111 pat 49 (502s)
  [Data_09] mlp ep 161 val 1.2883 best 0.8670@ep111 pat 50 (503s)
*** mlp Data_09 mae_seq=1.2561 mae_shuf=1.2561
