command: python -m hingesense.baselines --method tcn --fold Data_09 --out results/raw/baselines/tcn --epochs 300 --patience 50
UserWarning: Can't initialize NVML
os: Linux-6.8.0-138-generic-x86_64-with-glibc2.35
cpu: Intel(R) Xeon(R) Platinum 8480C x224, ram 1007.5 GB
gpu: NVIDIA H100 (driver 580.173.02)
python 3.11.15, torch 2.12.0+cu130, cuda 13.0
=== tcn Data_09 dev=cuda:0 ===
  [Data_09] tcn cond=assembly sources=32
  [Data_09] tcn ep 0 val 3.6598 best 3.6598@ep0 pat 0 (12s)
  [Data_09] tcn ep 1 val 2.5483 best 2.5483@ep1 pat 0 (24s)
  [Data_09] tcn ep 2 val 2.2518 best 2.2518@ep2 pat 0 (36s)
  [Data_09] tcn ep 3 val 2.4513 best 2.2518@ep2 pat 1 (47s)
  [Data_09] tcn ep 4 val 1.6926 best 1.6926@ep4 pat 0 (59s)
  [Data_09] tcn ep 5 val 2.6036 best 1.6926@ep4 pat 1 (70s)
  [Data_09] tcn ep 6 val 2.5213 best 1.6926@ep4 pat 2 (81s)
  [Data_09] tcn ep 7 val 1.7604 best 1.6926@ep4 pat 3 (93s)
  [Data_09] tcn ep 8 val 2.0198 best 1.6926@ep4 pat 4 (104s)
  [Data_09] tcn ep 9 val 0.7064 best 0.7064@ep9 pat 0 (116s)
  [Data_09] tcn ep 10 val 2.6540 best 0.7064@ep9 pat 1 (127s)
  [Data_09] tcn ep 11 val 1.2085 best 0.7064@ep9 pat 2 (139s)
  [Data_09] tcn ep 12 val 1.3916 best 0.7064@ep9 pat 3 (150s)
  [Data_09] tcn ep 13 val 2.4813 best 0.7064@ep9 pat 4 (162s)
  [Data_09] tcn ep 14 val 2.5355 best 0.7064@ep9 pat 5 (173s)
  [Data_09] tcn ep 15 val 3.2361 best 0.7064@ep9 pat 6 (185s)
  [Data_09] tcn ep 16 val 2.7274 best 0.7064@ep9 pat 7 (196s)
  [Data_09] tcn ep 17 val 1.7015 best 0.7064@ep9 pat 8 (207s)
  [Data_09] tcn ep 18 val 2.5945 best 0.7064@ep9 pat 9 (219s)
  [Data_09] tcn ep 19 val 1.7383 best 0.7064@ep9 pat 10 (230s)
  [Data_09] tcn ep 20 val 1.5171 best 0.7064@ep9 pat 11 (242s)
  [Data_09] tcn ep 21 val 2.1267 best 0.7064@ep9 pat 12 (253s)
  [Data_09] tcn ep 22 val 2.4348 best 0.7064@ep9 pat 13 (265s)
  [Data_09] tcn ep 23 val 1.5489 best 0.7064@ep9 pat 14 (276s)
  [Data_09] tcn ep 24 val 2.0631 best 0.7064@ep9 pat 15 (288s)
  [Data_09] tcn ep 25 val 1.4643 best 0.7064@ep9 pat 16 (299s)
  [Data_09] tcn ep 26 val 2.0047 best 0.7064@ep9 pat 17 (310s)
  [Data_09] tcn ep 27 val 1.6105 best 0.7064@ep9 pat 18 (321s)
  [Data_09] tcn ep 28 val 1.3788 best 0.7064@ep9 pat 19 (332s)
  [Data_09] tcn ep 29 val 1.3897 best 0.7064@ep9 pat 20 (343s)
  [Data_09] tcn ep 30 val 1.7703 best 0.7064@ep9 pat 21 (354s)
  [Data_09] tcn ep 31 val 1.9451 best 0.7064@ep9 pat 22 (365s)
  [Data_09] tcn ep 32 val 1.0526 best 0.7064@ep9 pat 23 (376s)
  [Data_09] tcn ep 33 val 2.1801 best 0.7064@ep9 pat 24 (388s)
  [Data_09] tcn ep 34 val 1.5718 best 0.7064@ep9 pat 25 (398s)
  [Data_09] tcn ep 35 val 2.9866 best 0.7064@ep9 pat 26 (409s)
  [Data_09] tcn ep 36 val 1.5842 best 0.7064@ep9 pat 27 (420s)
  [Data_09] tcn ep 37 val 1.4563 best 0.7064@ep9 pat 28 (431s)
  [Data_09] tcn ep 38 val 1.4044 best 0.7064@ep9 pat 29 (441s)
  [Data_09] tcn ep 39 val 1.1427 best 0.7064@ep9 pat 30 (452s)
  [Data_09] tcn ep 40 val 1.8460 best 0.7064@ep9 pat 31 (462s)
  [Data_09] tcn ep 41 val 1.1982 best 0.7064@ep9 pat 32 (473s)
  [Data_09] tcn ep 42 val 1.7749 best 0.7064@ep9 pat 33 (483s)
  [Data_09] tcn ep 43 val 1.2677 best 0.7064@ep9 pat 34 (494s)
  [Data_09] tcn ep 44 val 2.0640 best 0.7064@ep9 pat 35 (504s)
  [Data_09] tcn ep 45 val 2.1252 best 0.7064@ep9 pat 36 (514s)
  [Data_09] tcn ep 46 val 2.0158 best 0.7064@ep9 pat 37 (525s)
  [Data_09] tcn ep 47 val 1.8965 best 0.7064@ep9 pat 38 (535s)
  [Data_09] tcn ep 48 val 1.8645 best 0.7064@ep9 pat 39 (546s)
  [Data_09] tcn ep 49 val 0.9942 best 0.7064@ep9 pat 40 (557s)
  [Data_09] tcn ep 50 val 1.7667 best 0.7064@ep9 pat 41 (568s)
  [Data_09] tcn ep 51 val 1.2021 best 0.7064@ep9 pat 42 (579s)
  [Data_09] tcn ep 52 val 1.5400 best 0.7064@ep9 pat 43 (590s)
  [Data_09] tcn ep 53 val 1.3864 best 0.7064@ep9 pat 44 (601s)
  [Data_09] tcn ep 54 val 1.8991 best 0.7064@ep9 pat 45 (612s)
  [Data_09] tcn ep 55 val 1.8958 best 0.7064@ep9 pat 46 (623s)
  [Data_09] tcn ep 56 val 1.3199 best 0.7064@ep9 pat 47 (634s)
  [Data_09] tcn ep 57 val 2.0511 best 0.7064@ep9 pat 48 (645s)
  [Data_09] tcn ep 58 val 1.8231 best 0.7064@ep9 pat 49 (656s)
  [Data_09] tcn ep 59 val 1.5899 best 0.7064@ep9 pat 50 (667s)
*** tcn Data_09 mae_seq=0.8744 mae_shuf=21.4982
