command: python -m hingesense.baselines --method tcn --fold Data_12 --out results/raw/baselines/tcn --epochs 300 --patience 50
UserWarning: Can't initialize NVML
os: Linux-6.8.0-138-generic-x86_64-with-glibc2.35
cpu: Intel(R) Xeon(R) Platinum 8480C x224, ram 1007.5 GB
gpu: NVIDIA H100 (driver 580.173.02)
python 3.11.15, torch 2.12.0+cu130, cuda 13.0
=== tcn Data_12 dev=cuda:0 ===
  [Data_12] tcn cond=assembly sources=32
  [Data_12] tcn ep 0 val 17.6813 best 17.6813@ep0 pat 0 (12s)
  [Data_12] tcn ep 1 val 20.0731 best 17.6813@ep0 pat 1 (24s)
  [Data_12] tcn ep 2 val 18.5489 best 17.6813@ep0 pat 2 (35s)
  [Data_12] tcn ep 3 val 17.2036 best 17.2036@ep3 pat 0 (46s)
  [Data_12] tcn ep 4 val 17.2738 best 17.2036@ep3 pat 1 (57s)
  [Data_12] tcn ep 5 val 17.6777 best 17.2036@ep3 pat 2 (68s)
  [Data_12] tcn ep 6 val 17.8139 best 17.2036@ep3 pat 3 (80s)
  [Data_12] tcn ep 7 val 17.2733 best 17.2036@ep3 pat 4 (91s)
  [Data_12] tcn ep 8 val 18.7167 best 17.2036@ep3 pat 5 (102s)
  [Data_12] tcn ep 9 val 17.6312 best 17.2036@ep3 pat 6 (113s)
  [Data_12] tcn ep 10 val 16.3753 best 16.3753@ep10 pat 0 (124s)
  [Data_12] tcn ep 11 val 16.8673 best 16.3753@ep10 pat 1 (135s)
  [Data_12] tcn ep 12 val 17.1941 best 16.3753@ep10 pat 2 (147s)
  [Data_12] tcn ep 13 val 17.2391 best 16.3753@ep10 pat 3 (158s)
  [Data_12] tcn ep 14 val 17.0955 best 16.3753@ep10 pat 4 (169s)
  [Data_12] tcn ep 15 val 17.2546 best 16.3753@ep10 pat 5 (180s)
  [Data_12] tcn ep 16 val 17.3575 best 16.3753@ep10 pat 6 (191s)
  [Data_12] tcn ep 17 val 17.7601 best 16.3753@ep10 pat 7 (203s)
  [Data_12] tcn ep 18 val 17.1686 best 16.3753@ep10 pat 8 (214s)
  [Data_12] tcn ep 19 val 16.8269 best 16.3753@ep10 pat 9 (225s)
  [Data_12] tcn ep 20 val 17.0231 best 16.3753@ep10 pat 10 (237s)
  [Data_12] tcn ep 21 val 17.1038 best 16.3753@ep10 pat 11 (249s)
  [Data_12] tcn ep 22 val 17.5389 best 16.3753@ep10 pat 12 (260s)
  [Data_12] tcn ep 23 val 18.0900 best 16.3753@ep10 pat 13 (272s)
  [Data_12] tcn ep 24 val 17.2711 best 16.3753@ep10 pat 14 (284s)
  [Data_12] tcn ep 25 val 17.6917 best 16.3753@ep10 pat 15 (296s)
  [Data_12] tcn ep 26 val 18.2166 best 16.3753@ep10 pat 16 (308s)
  [Data_12] tcn ep 27 val 18.3320 best 16.3753@ep10 pat 17 (319s)
  [Data_12] tcn ep 28 val 18.7034 best 16.3753@ep10 pat 18 (331s)
  [Data_12] tcn ep 29 val 18.6118 best 16.3753@ep10 pat 19 (343s)
  [Data_12] tcn ep 30 val 18.1552 best 16.3753@ep10 pat 20 (355s)
  [Data_12] tcn ep 31 val 18.6581 best 16.3753@ep10 pat 21 (367s)
  [Data_12] tcn ep 32 val 17.8779 best 16.3753@ep10 pat 22 (378s)
  [Data_12] tcn ep 33 val 18.4871 best 16.3753@ep10 pat 23 (390s)
  [Data_12] tcn ep 34 val 17.8955 best 16.3753@ep10 pat 24 (402s)
  [Data_12] tcn ep 35 val 17.9389 best 16.3753@ep10 pat 25 (414s)
  [Data_12] tcn ep 36 val 18.0479 best 16.3753@ep10 pat 26 (426s)
  [Data_12] tcn ep 37 val 17.5496 best 16.3753@ep10 pat 27 (438s)
  [Data_12] tcn ep 38 val 17.5892 best 16.3753@ep10 pat 28 (449s)
  [Data_12] tcn ep 39 val 17.5920 best 16.3753@ep10 pat 29 (461s)
  [Data_12] tcn ep 40 val 18.0229 best 16.3753@ep10 pat 30 (473s)
  [Data_12] tcn ep 41 val 18.1236 best 16.3753@ep10 pat 31 (485s)
  [Data_12] tcn ep 42 val 18.8836 best 16.3753@ep10 pat 32 (497s)
  [Data_12] tcn ep 43 val 18.2115 best 16.3753@ep10 pat 33 (508s)
  [Data_12] tcn ep 44 val 17.8240 best 16.3753@ep10 pat 34 (520s)
  [Data_12] tcn ep 45 val 17.7238 best 16.3753@ep10 pat 35 (532s)
  [Data_12] tcn ep 46 val 18.3061 best 16.3753@ep10 pat 36 (544s)
  [Data_12] tcn ep 47 val 18.5000 best 16.3753@ep10 pat 37 (555s)
  [Data_12] tcn ep 48 val 18.2637 best 16.3753@ep10 pat 38 (567s)
  [Data_12] tcn ep 49 val 17.6998 best 16.3753@ep10 pat 39 (579s)
  [Data_12] tcn ep 50 val 18.5069 best 16.3753@ep10 pat 40 (591s)
  [Data_12] tcn ep 51 val 19.0176 best 16.3753@ep10 pat 41 (604s)
  [Data_12] tcn ep 52 val 18.9403 best 16.3753@ep10 pat 42 (616s)
  [Data_12] tcn ep 53 val 18.3097 best 16.3753@ep10 pat 43 (628s)
  [Data_12] tcn ep 54 val 18.2767 best 16.3753@ep10 pat 44 (640s)
  [Data_12] tcn ep 55 val 17.4292 best 16.3753@ep10 pat 45 (652s)
  [Data_12] tcn ep 56 val 19.0063 best 16.3753@ep10 pat 46 (664s)
  [Data_12] tcn ep 57 val 18.6803 best 16.3753@ep10 pat 47 (676s)
  [Data_12] tcn ep 58 val 18.3302 best 16.3753@ep10 pat 48 (688s)
  [Data_12] tcn ep 59 val 18.7055 best 16.3753@ep10 pat 49 (700s)
  [Data_12] tcn ep 60 val 18.6947 best 16.3753@ep10 pat 50 (712s)
*** tcn Data_12 mae_seq=17.0335 mae_shuf=17.3029
