command: python -m hingesense.baselines --method tcn --fold Data_07 --out results/raw/baselines/tcn --epochs 300 --patience 50
UserWarning: Can't initialize NVML
os: Linux-6.8.0-138-generic-x86_64-with-glibc2.35
cpu: Intel(R) Xeon(R) Platinum 8480C x224, ram 1007.5 GB
gpu: NVIDIA H100 (driver 580.173.02)
python 3.11.15, torch 2.12.0+cu130, cuda 13.0
=== tcn Data_07 dev=cuda:0 ===
  [Data_07] tcn cond=assembly sources=32
  [Data_07] tcn ep 0 val 4.9008 best 4.9008@ep0 pat 0 (12s)
  [Data_07] tcn ep 1 val 4.0408 best 4.0408@ep1 pat 0 (23s)
  [Data_07] tcn ep 2 val 3.3686 best 3.3686@ep2 pat 0 (35s)
  [Data_07] tcn ep 3 val 2.8906 best 2.8906@ep3 pat 0 (46s)
  [Data_07] tcn ep 4 val 3.8613 best 2.8906@ep3 pat 1 (57s)
  [Data_07] tcn ep 5 val 3.4666 best 2.8906@ep3 pat 2 (68s)
  [Data_07] tcn ep 6 val 5.1188 best 2.8906@ep3 pat 3 (80s)
  [Data_07] tcn ep 7 val 4.1248 best 2.8906@ep3 pat 4 (91s)
  [Data_07] tcn ep 8 val 4.2627 best 2.8906@ep3 pat 5 (102s)
  [Data_07] tcn ep 9 val 5.9303 best 2.8906@ep3 pat 6 (113s)
  [Data_07] tcn ep 10 val 1.1931 best 1.1931@ep10 pat 0 (124s)
  [Data_07] tcn ep 11 val 3.2007 best 1.1931@ep10 pat 1 (136s)
  [Data_07] tcn ep 12 val 3.1204 best 1.1931@ep10 pat 2 (147s)
  [Data_07] tcn ep 13 val 5.2557 best 1.1931@ep10 pat 3 (158s)
  [Data_07] tcn ep 14 val 4.1933 best 1.1931@ep10 pat 4 (169s)
  [Data_07] tcn ep 15 val 6.4029 best 1.1931@ep10 pat 5 (181s)
  [Data_07] tcn ep 16 val 2.7886 best 1.1931@ep10 pat 6 (192s)
  [Data_07] tcn ep 17 val 4.1692 best 1.1931@ep10 pat 7 (204s)
  [Data_07] tcn ep 18 val 1.6020 best 1.1931@ep10 pat 8 (215s)
  [Data_07] tcn ep 19 val 4.4565 best 1.1931@ep10 pat 9 (227s)
  [Data_07] tcn ep 20 val 4.2135 best 1.1931@ep10 pat 10 (239s)
  [Data_07] tcn ep 21 val 5.1306 best 1.1931@ep10 pat 11 (250s)
  [Data_07] tcn ep 22 val 3.1356 best 1.1931@ep10 pat 12 (262s)
  [Data_07] tcn ep 23 val 3.5685 best 1.1931@ep10 pat 13 (273s)
  [Data_07] tcn ep 24 val 4.5858 best 1.1931@ep10 pat 14 (285s)
  [Data_07] tcn ep 25 val 4.8830 best 1.1931@ep10 pat 15 (296s)
  [Data_07] tcn ep 26 val 4.3837 best 1.1931@ep10 pat 16 (308s)
  [Data_07] tcn ep 27 val 3.8798 best 1.1931@ep10 pat 17 (320s)
  [Data_07] tcn ep 28 val 3.5569 best 1.1931@ep10 pat 18 (331s)
  [Data_07] tcn ep 29 val 4.6513 best 1.1931@ep10 pat 19 (343s)
  [Data_07] tcn ep 30 val 3.3717 best 1.1931@ep10 pat 20 (354s)
  [Data_07] tcn ep 31 val 4.2736 best 1.1931@ep10 pat 21 (366s)
  [Data_07] tcn ep 32 val 3.9882 best 1.1931@ep10 pat 22 (377s)
  [Data_07] tcn ep 33 val 4.0005 best 1.1931@ep10 pat 23 (389s)
  [Data_07] tcn ep 34 val 3.6391 best 1.1931@ep10 pat 24 (401s)
  [Data_07] tcn ep 35 val 3.9460 best 1.1931@ep10 pat 25 (412s)
  [Data_07] tcn ep 36 val 4.8762 best 1.1931@ep10 pat 26 (424s)
  [Data_07] tcn ep 37 val 3.0896 best 1.1931@ep10 pat 27 (435s)
  [Data_07] tcn ep 38 val 3.0771 best 1.1931@ep10 pat 28 (447s)
  [Data_07] tcn ep 39 val 3.8807 best 1.1931@ep10 pat 29 (459s)
  [Data_07] tcn ep 40 val 3.1640 best 1.1931@ep10 pat 30 (470s)
  [Data_07] tcn ep 41 val 3.7165 best 1.1931@ep10 pat 31 (481s)
  [Data_07] tcn ep 42 val 4.1154 best 1.1931@ep10 pat 32 (492s)
  [Data_07] tcn ep 43 val 4.0521 best 1.1931@ep10 pat 33 (504s)
  [Data_07] tcn ep 44 val 4.3858 best 1.1931@ep10 pat 34 (515s)
  [Data_07] tcn ep 45 val 3.5487 best 1.1931@ep10 pat 35 (526s)
  [Data_07] tcn ep 46 val 4.7475 best 1.1931@ep10 pat 36 (537s)
  [Data_07] tcn ep 47 val 4.3994 best 1.1931@ep10 pat 37 (548s)
  [Data_07] tcn ep 48 val 3.8140 best 1.1931@ep10 pat 38 (560s)
  [Data_07] tcn ep 49 val 3.9285 best 1.1931@ep10 pat 39 (571s)
  [Data_07] tcn ep 50 val 4.5301 best 1.1931@ep10 pat 40 (582s)
  [Data_07] tcn ep 51 val 4.2275 best 1.1931@ep10 pat 41 (593s)
  [Data_07] tcn ep 52 val 3.7403 best 1.1931@ep10 pat 42 (603s)
  [Data_07] tcn ep 53 val 3.3040 best 1.1931@ep10 pat 43 (614s)
  [Data_07] tcn ep 54 val 3.5068 best 1.1931@ep10 pat 44 (625s)
  [Data_07] tcn ep 55 val 4.1057 best 1.1931@ep10 pat 45 (636s)
  [Data_07] tcn ep 56 val 3.7034 best 1.1931@ep10 pat 46 (647s)
  [Data_07] tcn ep 57 val 4.4725 best 1.1931@ep10 pat 47 (657s)
  [Data_07] tcn ep 58 val 3.3078 best 1.1931@ep10 pat 48 (668s)
  [Data_07] tcn ep 59 val 3.3392 best 1.1931@ep10 pat 49 (679s)
  [Data_07] tcn ep 60 val 3.4070 best 1.1931@ep10 pat 50 (689s)
*** tcn Data_07 mae_seq=2.0066 mae_shuf=22.7943
