command: python -m hingesense.baselines --method tcn --fold Data_05 --out results/raw/baselines/tcn --epochs 300 --patience 50
UserWarning: Can't initialize NVML
os: Linux-6.8.0-138-generic-x86_64-with-glibc2.35
cpu: Intel(R) Xeon(R) Platinum 8480C x224, ram 1007.5 GB
gpu: NVIDIA H100 (driver 580.173.02)
python 3.11.15, torch 2.12.0+cu130, cuda 13.0
=== tcn Data_05 dev=cuda:0 ===
  [Data_05] tcn cond=noload sources=52
  [Data_05] tcn ep 0 val 11.8368 best 11.8368@ep0 pat 0 (12s)
  [Data_05] tcn ep 1 val 12.2336 best 11.8368@ep0 pat 1 (24s)
  [Data_05] tcn ep 2 val 7.6556 best 7.6556@ep2 pat 0 (35s)
  [Data_05] tcn ep 3 val 8.1272 best 7.6556@ep2 pat 1 (47s)
  [Data_05] tcn ep 4 val 12.3258 best 7.6556@ep2 pat 2 (59s)
  [Data_05] tcn ep 5 val 13.9634 best 7.6556@ep2 pat 3 (70s)
  [Data_05] tcn ep 6 val 11.8229 best 7.6556@ep2 pat 4 (82s)
  [Data_05] tcn ep 7 val 12.0844 best 7.6556@ep2 pat 5 (94s)
  [Data_05] tcn ep 8 val 8.6879 best 7.6556@ep2 pat 6 (105s)
  [Data_05] tcn ep 9 val 7.7102 best 7.6556@ep2 pat 7 (117s)
  [Data_05] tcn ep 10 val 9.4676 best 7.6556@ep2 pat 8 (129s)
  [Data_05] tcn ep 11 val 7.7983 best 7.6556@ep2 pat 9 (140s)
  [Data_05] tcn ep 12 val 15.4140 best 7.6556@ep2 pat 10 (152s)
  [Data_05] tcn ep 13 val 7.4338 best 7.4338@ep13 pat 0 (164s)
  [Data_05] tcn ep 14 val 4.3092 best 4.3092@ep14 pat 0 (175s)
  [Data_05] tcn ep 15 val 5.4259 best 4.3092@ep14 pat 1 (187s)
  [Data_05] tcn ep 16 val 6.5600 best 4.3092@ep14 pat 2 (199s)
  [Data_05] tcn ep 17 val 5.1267 best 4.3092@ep14 pat 3 (210s)
  [Data_05] tcn ep 18 val 4.3697 best 4.3092@ep14 pat 4 (222s)
  [Data_05] tcn ep 19 val 4.7521 best 4.3092@ep14 pat 5 (234s)
  [Data_05] tcn ep 20 val 5.2527 best 4.3092@ep14 pat 6 (247s)
  [Data_05] tcn ep 21 val 4.0757 best 4.0757@ep21 pat 0 (259s)
  [Data_05] tcn ep 22 val 6.8164 best 4.0757@ep21 pat 1 (271s)
  [Data_05] tcn ep 23 val 5.0991 best 4.0757@ep21 pat 2 (283s)
  [Data_05] tcn ep 24 val 8.3131 best 4.0757@ep21 pat 3 (295s)
  [Data_05] tcn ep 25 val 4.8900 best 4.0757@ep21 pat 4 (307s)
  [Data_05] tcn ep 26 val 4.9287 best 4.0757@ep21 pat 5 (319s)
  [Data_05] tcn ep 27 val 8.2923 best 4.0757@ep21 pat 6 (331s)
  [Data_05] tcn ep 28 val 6.6699 best 4.0757@ep21 pat 7 (343s)
  [Data_05] tcn ep 29 val 3.7821 best 3.7821@ep29 pat 0 (355s)
  [Data_05] tcn ep 30 val 5.6866 best 3.7821@ep29 pat 1 (367s)
  [Data_05] tcn ep 31 val 6.1059 best 3.7821@ep29 pat 2 (379s)
  [Data_05] tcn ep 32 val 4.6980 best 3.7821@ep29 pat 3 (391s)
  [Data_05] tcn ep 33 val 6.0228 best 3.7821@ep29 pat 4 (403s)
  [Data_05] tcn ep 34 val 4.2398 best 3.7821@ep29 pat 5 (415s)
  [Data_05] tcn ep 35 val 6.1572 best 3.7821@ep29 pat 6 (427s)
  [Data_05] tcn ep 36 val 6.4191 best 3.7821@ep29 pat 7 (439s)
  [Data_05] tcn ep 37 val 5.4840 best 3.7821@ep29 pat 8 (451s)
  [Data_05] tcn ep 38 val 5.6032 best 3.7821@ep29 pat 9 (463s)
  [Data_05] tcn ep 39 val 3.4105 best 3.4105@ep39 pat 0 (475s)
  [Data_05] tcn ep 40 val 5.4893 best 3.4105@ep39 pat 1 (487s)
  [Data_05] tcn ep 41 val 6.3023 best 3.4105@ep39 pat 2 (498s)
  [Data_05] tcn ep 42 val 6.8175 best 3.4105@ep39 pat 3 (510s)
  [Data_05] tcn ep 43 val 5.4793 best 3.4105@ep39 pat 4 (522s)
  [Data_05] tcn ep 44 val 5.2400 best 3.4105@ep39 pat 5 (533s)
  [Data_05] tcn ep 45 val 5.0382 best 3.4105@ep39 pat 6 (545s)
  [Data_05] tcn ep 46 val 5.7333 best 3.4105@ep39 pat 7 (557s)
  [Data_05] tcn ep 47 val 5.2818 best 3.4105@ep39 pat 8 (568s)
  [Data_05] tcn ep 48 val 7.3981 best 3.4105@ep39 pat 9 (580s)
  [Data_05] tcn ep 49 val 6.3564 best 3.4105@ep39 pat 10 (592s)
  [Data_05] tcn ep 50 val 6.7513 best 3.4105@ep39 pat 11 (603s)
  [Data_05] tcn ep 51 val 9.1254 best 3.4105@ep39 pat 12 (614s)
  [Data_05] tcn ep 52 val 5.7039 best 3.4105@ep39 pat 13 (625s)
  [Data_05] tcn ep 53 val 6.2484 best 3.4105@ep39 pat 14 (637s)
  [Data_05] tcn ep 54 val 6.3433 best 3.4105@ep39 pat 15 (648s)
  [Data_05] tcn ep 55 val 7.5939 best 3.4105@ep39 pat 16 (659s)
  [Data_05] tcn ep 56 val 4.1503 best 3.4105@ep39 pat 17 (670s)
  [Data_05] tcn ep 57 val 5.5407 best 3.4105@ep39 pat 18 (681s)
  [Data_05] tcn ep 58 val 7.1602 best 3.4105@ep39 pat 19 (692s)
  [Data_05] tcn ep 59 val 6.6426 best 3.4105@ep39 pat 20 (703s)
  [Data_05] tcn ep 60 val 5.7242 best 3.4105@ep39 pat 21 (714s)
  [Data_05] tcn ep 61 val 5.5102 best 3.4105@ep39 pat 22 (725s)
  [Data_05] tcn ep 62 val 6.4658 best 3.4105@ep39 pat 23 (736s)
  [Data_05] tcn ep 63 val 5.4395 best 3.4105@ep39 pat 24 (746s)
  [Data_05] tcn ep 64 val 5.9882 best 3.4105@ep39 pat 25 (758s)
  [Data_05] tcn ep 65 val 4.9195 best 3.4105@ep39 pat 26 (769s)
  [Data_05] tcn ep 66 val 6.0677 best 3.4105@ep39 pat 27 (781s)
  [Data_05] tcn ep 67 val 6.1682 best 3.4105@ep39 pat 28 (792s)
  [Data_05] tcn ep 68 val 5.1957 best 3.4105@ep39 pat 29 (804s)
  [Data_05] tcn ep 69 val 7.4870 best 3.4105@ep39 pat 30 (815s)
  [Data_05] tcn ep 70 val 5.2444 best 3.4105@ep39 pat 31 (827s)
  [Data_05] tcn ep 71 val 4.9157 best 3.4105@ep39 pat 32 (839s)
  [Data_05] tcn ep 72 val 5.9131 best 3.4105@ep39 pat 33 (850s)
  [Data_05] tcn ep 73 val 7.2189 best 3.4105@ep39 pat 34 (862s)
  [Data_05] tcn ep 74 val 6.0503 best 3.4105@ep39 pat 35 (873s)
  [Data_05] tcn ep 75 val 6.3147 best 3.4105@ep39 pat 36 (885s)
  [Data_05] tcn ep 76 val 6.0252 best 3.4105@ep39 pat 37 (895s)
  [Data_05] tcn ep 77 val 6.8155 best 3.4105@ep39 pat 38 (907s)
  [Data_05] tcn ep 78 val 9.0751 best 3.4105@ep39 pat 39 (918s)
  [Data_05] tcn ep 79 val 6.0803 best 3.4105@ep39 pat 40 (929s)
  [Data_05] tcn ep 80 val 5.7557 best 3.4105@ep39 pat 41 (941s)
  [Data_05] tcn ep 81 val 5.5586 best 3.4105@ep39 pat 42 (952s)
  [Data_05] tcn ep 82 val 6.3394 best 3.4105@ep39 pat 43 (964s)
  [Data_05] tcn ep 83 val 5.8329 best 3.4105@ep39 pat 44 (975s)
  [Data_05] tcn ep 84 val 5.5167 best 3.4105@ep39 pat 45 (986s)
  [Data_05] tcn ep 85 val 6.0535 best 3.4105@ep39 pat 46 (998s)
  [Data_05] tcn ep 86 val 5.7912 best 3.4105@ep39 pat 47 (1009s)
  [Data_05] tcn ep 87 val 5.5854 best 3.4105@ep39 pat 48 (1021s)
  [Data_05] tcn ep 88 val 6.4746 best 3.4105@ep39 pat 49 (1032s)
  [Data_05] tcn ep 89 val 6.1480 best 3.4105@ep39 pat 50 (1043s)
*** tcn Data_05 mae_seq=3.3602 mae_shuf=4.3758
