command: python -m hingesense.baselines --method tcn --fold Data_04 --out results/raw/baselines/tcn --epochs 300 --patience 50
UserWarning: Can't initialize NVML
os: Linux-6.8.0-138-generic-x86_64-with-glibc2.35
cpu: Intel(R) Xeon(R) Platinum 8480C x224, ram 1007.5 GB
gpu: NVIDIA H100 (driver 580.173.02)
python 3.11.15, torch 2.12.0+cu130, cuda 13.0
=== tcn Data_04 dev=cuda:0 ===
  [Data_04] tcn cond=noload sources=52
  [Data_04] tcn ep 0 val 20.6036 best 20.6036@ep0 pat 0 (15s)
  [Data_04] tcn ep 1 val 18.5235 best 18.5235@ep1 pat 0 (28s)
  [Data_04] tcn ep 2 val 15.4908 best 15.4908@ep2 pat 0 (41s)
  [Data_04] tcn ep 3 val 21.9969 best 15.4908@ep2 pat 1 (54s)
  [Data_04] tcn ep 4 val 9.8955 best 9.8955@ep4 pat 0 (67s)
  [Data_04] tcn ep 5 val 21.9698 best 9.8955@ep4 pat 1 (81s)
  [Data_04] tcn ep 6 val 19.0538 best 9.8955@ep4 pat 2 (94s)
  [Data_04] tcn ep 7 val 16.7951 best 9.8955@ep4 pat 3 (107s)
  [Data_04] tcn ep 8 val 19.6151 best 9.8955@ep4 pat 4 (120s)
  [Data_04] tcn ep 9 val 14.9265 best 9.8955@ep4 pat 5 (133s)
  [Data_04] tcn ep 10 val 20.8705 best 9.8955@ep4 pat 6 (146s)
  [Data_04] tcn ep 11 val 16.3340 best 9.8955@ep4 pat 7 (159s)
  [Data_04] tcn ep 12 val 21.8547 best 9.8955@ep4 pat 8 (172s)
  [Data_04] tcn ep 13 val 21.1635 best 9.8955@ep4 pat 9 (185s)
  [Data_04] tcn ep 14 val 21.2309 best 9.8955@ep4 pat 10 (198s)
  [Data_04] tcn ep 15 val 15.8952 best 9.8955@ep4 pat 11 (211s)
  [Data_04] tcn ep 16 val 21.4291 best 9.8955@ep4 pat 12 (224s)
  [Data_04] tcn ep 17 val 21.2963 best 9.8955@ep4 pat 13 (236s)
  [Data_04] tcn ep 18 val 17.9622 best 9.8955@ep4 pat 14 (248s)
  [Data_04] tcn ep 19 val 17.4496 best 9.8955@ep4 pat 15 (261s)
  [Data_04] tcn ep 20 val 19.7283 best 9.8955@ep4 pat 16 (273s)
  [Data_04] tcn ep 21 val 20.4006 best 9.8955@ep4 pat 17 (286s)
  [Data_04] tcn ep 22 val 21.3228 best 9.8955@ep4 pat 18 (298s)
  [Data_04] tcn ep 23 val 19.8242 best 9.8955@ep4 pat 19 (310s)
  [Data_04] tcn ep 24 val 17.4364 best 9.8955@ep4 pat 20 (323s)
  [Data_04] tcn ep 25 val 16.3300 best 9.8955@ep4 pat 21 (335s)
  [Data_04] tcn ep 26 val 19.9078 best 9.8955@ep4 pat 22 (348s)
  [Data_04] tcn ep 27 val 22.2527 best 9.8955@ep4 pat 23 (360s)
  [Data_04] tcn ep 28 val 20.1626 best 9.8955@ep4 pat 24 (372s)
  [Data_04] tcn ep 29 val 16.0178 best 9.8955@ep4 pat 25 (385s)
  [Data_04] tcn ep 30 val 16.1125 best 9.8955@ep4 pat 26 (397s)
  [Data_04] tcn ep 31 val 17.2903 best 9.8955@ep4 pat 27 (410s)
  [Data_04] tcn ep 32 val 23.3663 best 9.8955@ep4 pat 28 (422s)
  [Data_04] tcn ep 33 val 21.4597 best 9.8955@ep4 pat 29 (434s)
  [Data_04] tcn ep 34 val 21.7020 best 9.8955@ep4 pat 30 (446s)
  [Data_04] tcn ep 35 val 20.1918 best 9.8955@ep4 pat 31 (458s)
  [Data_04] tcn ep 36 val 19.7766 best 9.8955@ep4 pat 32 (470s)
  [Data_04] tcn ep 37 val 16.2149 best 9.8955@ep4 pat 33 (482s)
  [Data_04] tcn ep 38 val 17.9798 best 9.8955@ep4 pat 34 (495s)
  [Data_04] tcn ep 39 val 19.7140 best 9.8955@ep4 pat 35 (507s)
  [Data_04] tcn ep 40 val 16.9088 best 9.8955@ep4 pat 36 (519s)
  [Data_04] tcn ep 41 val 21.0982 best 9.8955@ep4 pat 37 (531s)
  [Data_04] tcn ep 42 val 14.8927 best 9.8955@ep4 pat 38 (543s)
  [Data_04] tcn ep 43 val 18.6917 best 9.8955@ep4 pat 39 (556s)
  [Data_04] tcn ep 44 val 15.7961 best 9.8955@ep4 pat 40 (568s)
  [Data_04] tcn ep 45 val 19.1720 best 9.8955@ep4 pat 41 (580s)
  [Data_04] tcn ep 46 val 18.8762 best 9.8955@ep4 pat 42 (592s)
  [Data_04] tcn ep 47 val 18.5092 best 9.8955@ep4 pat 43 (605s)
  [Data_04] tcn ep 48 val 21.4753 best 9.8955@ep4 pat 44 (617s)
  [Data_04] tcn ep 49 val 18.5945 best 9.8955@ep4 pat 45 (629s)
  [Data_04] tcn ep 50 val 18.1300 best 9.8955@ep4 pat 46 (641s)
  [Data_04] tcn ep 51 val 18.7367 best 9.8955@ep4 pat 47 (653s)
  [Data_04] tcn ep 52 val 19.7897 best 9.8955@ep4 pat 48 (666s)
  [Data_04] tcn ep 53 val 19.4023 best 9.8955@ep4 pat 49 (678s)
  [Data_04] tcn ep 54 val 19.5911 best 9.8955@ep4 pat 50 (690s)
*** tcn Data_04 mae_seq=9.8807 mae_shuf=10.2973
