command: python -m hingesense.baselines --method tcn --fold Data_03 --out results/raw/baselines/tcn --epochs 300 --patience 50
UserWarning: Can't initialize NVML
os: Linux-6.8.0-138-generic-x86_64-with-glibc2.35
cpu: Intel(R) Xeon(R) Platinum 8480C x224, ram 1007.5 GB
gpu: NVIDIA H100 (driver 580.173.02)
python 3.11.15, torch 2.12.0+cu130, cuda 13.0
=== tcn Data_03 dev=cuda:0 ===
  [Data_03] tcn cond=noload sources=52
  [Data_03] tcn ep 0 val 7.4306 best 7.4306@ep0 pat 0 (12s)
  [Data_03] tcn ep 1 val 7.7342 best 7.4306@ep0 pat 1 (23s)
  [Data_03] tcn ep 2 val 10.5348 best 7.4306@ep0 pat 2 (33s)
  [Data_03] tcn ep 3 val 7.4637 best 7.4306@ep0 pat 3 (44s)
  [Data_03] tcn ep 4 val 5.7124 best 5.7124@ep4 pat 0 (55s)
  [Data_03] tcn ep 5 val 7.2283 best 5.7124@ep4 pat 1 (66s)
  [Data_03] tcn ep 6 val 5.5499 best 5.5499@ep6 pat 0 (77s)
  [Data_03] tcn ep 7 val 6.8369 best 5.5499@ep6 pat 1 (88s)
  [Data_03] tcn ep 8 val 9.3437 best 5.5499@ep6 pat 2 (99s)
  [Data_03] tcn ep 9 val 10.3701 best 5.5499@ep6 pat 3 (110s)
  [Data_03] tcn ep 10 val 3.6761 best 3.6761@ep10 pat 0 (121s)
  [Data_03] tcn ep 11 val 15.7523 best 3.6761@ep10 pat 1 (132s)
  [Data_03] tcn ep 12 val 7.6261 best 3.6761@ep10 pat 2 (143s)
  [Data_03] tcn ep 13 val 4.6843 best 3.6761@ep10 pat 3 (154s)
  [Data_03] tcn ep 14 val 5.3958 best 3.6761@ep10 pat 4 (165s)
  [Data_03] tcn ep 15 val 7.1003 best 3.6761@ep10 pat 5 (176s)
  [Data_03] tcn ep 16 val 4.8420 best 3.6761@ep10 pat 6 (187s)
  [Data_03] tcn ep 17 val 10.5739 best 3.6761@ep10 pat 7 (198s)
  [Data_03] tcn ep 18 val 7.4243 best 3.6761@ep10 pat 8 (209s)
  [Data_03] tcn ep 19 val 5.3165 best 3.6761@ep10 pat 9 (220s)
  [Data_03] tcn ep 20 val 3.9331 best 3.6761@ep10 pat 10 (231s)
  [Data_03] tcn ep 21 val 10.2256 best 3.6761@ep10 pat 11 (242s)
  [Data_03] tcn ep 22 val 4.9047 best 3.6761@ep10 pat 12 (254s)
  [Data_03] tcn ep 23 val 3.6959 best 3.6761@ep10 pat 13 (265s)
  [Data_03] tcn ep 24 val 6.8795 best 3.6761@ep10 pat 14 (276s)
  [Data_03] tcn ep 25 val 10.2613 best 3.6761@ep10 pat 15 (288s)
  [Data_03] tcn ep 26 val 3.6369 best 3.6369@ep26 pat 0 (299s)
  [Data_03] tcn ep 27 val 8.1693 best 3.6369@ep26 pat 1 (310s)
  [Data_03] tcn ep 28 val 3.3291 best 3.3291@ep28 pat 0 (322s)
  [Data_03] tcn ep 29 val 10.3343 best 3.3291@ep28 pat 1 (333s)
  [Data_03] tcn ep 30 val 5.3857 best 3.3291@ep28 pat 2 (345s)
  [Data_03] tcn ep 31 val 8.3597 best 3.3291@ep28 pat 3 (356s)
  [Data_03] tcn ep 32 val 2.3055 best 2.3055@ep32 pat 0 (367s)
  [Data_03] tcn ep 33 val 6.3042 best 2.3055@ep32 pat 1 (378s)
  [Data_03] tcn ep 34 val 4.8535 best 2.3055@ep32 pat 2 (390s)
  [Data_03] tcn ep 35 val 4.2271 best 2.3055@ep32 pat 3 (401s)
  [Data_03] tcn ep 36 val 9.0400 best 2.3055@ep32 pat 4 (413s)
  [Data_03] tcn ep 37 val 5.4217 best 2.3055@ep32 pat 5 (424s)
  [Data_03] tcn ep 38 val 6.7065 best 2.3055@ep32 pat 6 (435s)
  [Data_03] tcn ep 39 val 7.9082 best 2.3055@ep32 pat 7 (447s)
  [Data_03] tcn ep 40 val 5.0846 best 2.3055@ep32 pat 8 (458s)
  [Data_03] tcn ep 41 val 4.6998 best 2.3055@ep32 pat 9 (469s)
  [Data_03] tcn ep 42 val 5.1209 best 2.3055@ep32 pat 10 (481s)
  [Data_03] tcn ep 43 val 5.3406 best 2.3055@ep32 pat 11 (492s)
  [Data_03] tcn ep 44 val 5.3607 best 2.3055@ep32 pat 12 (503s)
  [Data_03] tcn ep 45 val 2.7723 best 2.3055@ep32 pat 13 (515s)
  [Data_03] tcn ep 46 val 8.5125 best 2.3055@ep32 pat 14 (526s)
  [Data_03] tcn ep 47 val 4.8100 best 2.3055@ep32 pat 15 (537s)
  [Data_03] tcn ep 48 val 6.2450 best 2.3055@ep32 pat 16 (548s)
  [Data_03] tcn ep 49 val 5.8466 best 2.3055@ep32 pat 17 (559s)
  [Data_03] tcn ep 50 val 7.4989 best 2.3055@ep32 pat 18 (570s)
  [Data_03] tcn ep 51 val 4.3941 best 2.3055@ep32 pat 19 (581s)
  [Data_03] tcn ep 52 val 4.6712 best 2.3055@ep32 pat 20 (592s)
  [Data_03] tcn ep 53 val 5.5047 best 2.3055@ep32 pat 21 (603s)
  [Data_03] tcn ep 54 val 8.2381 best 2.3055@ep32 pat 22 (614s)
  [Data_03] tcn ep 55 val 7.0586 best 2.3055@ep32 pat 23 (625s)
  [Data_03] tcn ep 56 val 3.7655 best 2.3055@ep32 pat 24 (635s)
  [Data_03] tcn ep 57 val 6.5441 best 2.3055@ep32 pat 25 (645s)
  [Data_03] tcn ep 58 val 6.5239 best 2.3055@ep32 pat 26 (656s)
  [Data_03] tcn ep 59 val 5.5652 best 2.3055@ep32 pat 27 (667s)
  [Data_03] tcn ep 60 val 4.1889 best 2.3055@ep32 pat 28 (677s)
  [Data_03] tcn ep 61 val 6.8050 best 2.3055@ep32 pat 29 (688s)
  [Data_03] tcn ep 62 val 6.3824 best 2.3055@ep32 pat 30 (698s)
  [Data_03] tcn ep 63 val 6.4856 best 2.3055@ep32 pat 31 (709s)
  [Data_03] tcn ep 64 val 5.6188 best 2.3055@ep32 pat 32 (719s)
  [Data_03] tcn ep 65 val 6.7384 best 2.3055@ep32 pat 33 (729s)
  [Data_03] tcn ep 66 val 4.9795 best 2.3055@ep32 pat 34 (740s)
  [Data_03] tcn ep 67 val 7.4045 best 2.3055@ep32 pat 35 (750s)
  [Data_03] tcn ep 68 val 3.5055 best 2.3055@ep32 pat 36 (760s)
  [Data_03] tcn ep 69 val 7.6048 best 2.3055@ep32 pat 37 (770s)
  [Data_03] tcn ep 70 val 9.2295 best 2.3055@ep32 pat 38 (781s)
  [Data_03] tcn ep 71 val 6.3251 best 2.3055@ep32 pat 39 (792s)
  [Data_03] tcn ep 72 val 5.7793 best 2.3055@ep32 pat 40 (803s)
  [Data_03] tcn ep 73 val 4.0988 best 2.3055@ep32 pat 41 (814s)
  [Data_03] tcn ep 74 val 7.6218 best 2.3055@ep32 pat 42 (825s)
  [Data_03] tcn ep 75 val 8.4606 best 2.3055@ep32 pat 43 (835s)
  [Data_03] tcn ep 76 val 3.6201 best 2.3055@ep32 pat 44 (846s)
  [Data_03] tcn ep 77 val 3.2998 best 2.3055@ep32 pat 45 (857s)
  [Data_03] tcn ep 78 val 6.5271 best 2.3055@ep32 pat 46 (868s)
  [Data_03] tcn ep 79 val 5.0259 best 2.3055@ep32 pat 47 (879s)
  [Data_03] tcn ep 80 val 6.6802 best 2.3055@ep32 pat 48 (890s)
  [Data_03] tcn ep 81 val 5.1641 best 2.3055@ep32 pat 49 (901s)
  [Data_03] tcn ep 82 val 5.4815 best 2.3055@ep32 pat 50 (911s)
*** tcn Data_03 mae_seq=2.3036 mae_shuf=23.8464
