command: python -m hingesense.baselines --method tcn --fold Data_06 --out results/raw/baselines/tcn --epochs 300 --patience 50
UserWarning: Can't initialize NVML
os: Linux-6.8.0-138-generic-x86_64-with-glibc2.35
cpu: Intel(R) Xeon(R) Platinum 8480C x224, ram 1007.5 GB
gpu: NVIDIA H100 (driver 580.173.02)
python 3.11.15, torch 2.12.0+cu130, cuda 13.0
=== tcn Data_06 dev=cuda:0 ===
  [Data_06] tcn cond=noload sources=52
  [Data_06] tcn ep 0 val 5.0295 best 5.0295@ep0 pat 0 (14s)
  [Data_06] tcn ep 1 val 4.4961 best 4.4961@ep1 pat 0 (26s)
  [Data_06] tcn ep 2 val 9.3814 best 4.4961@ep1 pat 1 (39s)
  [Data_06] tcn ep 3 val 3.3576 best 3.3576@ep3 pat 0 (52s)
  [Data_06] tcn ep 4 val 4.6926 best 3.3576@ep3 pat 1 (64s)
  [Data_06] tcn ep 5 val 5.7700 best 3.3576@ep3 pat 2 (77s)
  [Data_06] tcn ep 6 val 3.3835 best 3.3576@ep3 pat 3 (89s)
  [Data_06] tcn ep 7 val 3.2380 best 3.2380@ep7 pat 0 (101s)
  [Data_06] tcn ep 8 val 6.3682 best 3.2380@ep7 pat 1 (114s)
  [Data_06] tcn ep 9 val 4.8215 best 3.2380@ep7 pat 2 (126s)
  [Data_06] tcn ep 10 val 3.2534 best 3.2380@ep7 pat 3 (139s)
  [Data_06] tcn ep 11 val 4.4400 best 3.2380@ep7 pat 4 (151s)
  [Data_06] tcn ep 12 val 3.8123 best 3.2380@ep7 pat 5 (164s)
  [Data_06] tcn ep 13 val 1.9788 best 1.9788@ep13 pat 0 (176s)
  [Data_06] tcn ep 14 val 2.7760 best 1.9788@ep13 pat 1 (188s)
  [Data_06] tcn ep 15 val 3.1263 best 1.9788@ep13 pat 2 (200s)
  [Data_06] tcn ep 16 val 2.4000 best 1.9788@ep13 pat 3 (211s)
  [Data_06] tcn ep 17 val 2.2080 best 1.9788@ep13 pat 4 (223s)
  [Data_06] tcn ep 18 val 2.3111 best 1.9788@ep13 pat 5 (235s)
  [Data_06] tcn ep 19 val 2.7925 best 1.9788@ep13 pat 6 (247s)
  [Data_06] tcn ep 20 val 3.0759 best 1.9788@ep13 pat 7 (259s)
  [Data_06] tcn ep 21 val 2.4260 best 1.9788@ep13 pat 8 (271s)
  [Data_06] tcn ep 22 val 3.6637 best 1.9788@ep13 pat 9 (282s)
  [Data_06] tcn ep 23 val 3.9489 best 1.9788@ep13 pat 10 (294s)
  [Data_06] tcn ep 24 val 3.4303 best 1.9788@ep13 pat 11 (306s)
  [Data_06] tcn ep 25 val 2.9670 best 1.9788@ep13 pat 12 (318s)
  [Data_06] tcn ep 26 val 3.2120 best 1.9788@ep13 pat 13 (330s)
  [Data_06] tcn ep 27 val 2.3108 best 1.9788@ep13 pat 14 (342s)
  [Data_06] tcn ep 28 val 2.9810 best 1.9788@ep13 pat 15 (353s)
  [Data_06] tcn ep 29 val 3.1789 best 1.9788@ep13 pat 16 (365s)
  [Data_06] tcn ep 30 val 5.3840 best 1.9788@ep13 pat 17 (377s)
  [Data_06] tcn ep 31 val 3.7349 best 1.9788@ep13 pat 18 (388s)
  [Data_06] tcn ep 32 val 2.6787 best 1.9788@ep13 pat 19 (400s)
  [Data_06] tcn ep 33 val 6.3636 best 1.9788@ep13 pat 20 (411s)
  [Data_06] tcn ep 34 val 2.7782 best 1.9788@ep13 pat 21 (423s)
  [Data_06] tcn ep 35 val 2.9997 best 1.9788@ep13 pat 22 (435s)
  [Data_06] tcn ep 36 val 3.3952 best 1.9788@ep13 pat 23 (446s)
  [Data_06] tcn ep 37 val 5.3946 best 1.9788@ep13 pat 24 (458s)
  [Data_06] tcn ep 38 val 3.1897 best 1.9788@ep13 pat 25 (470s)
  [Data_06] tcn ep 39 val 4.2208 best 1.9788@ep13 pat 26 (481s)
  [Data_06] tcn ep 40 val 3.1763 best 1.9788@ep13 pat 27 (493s)
  [Data_06] tcn ep 41 val 3.5669 best 1.9788@ep13 pat 28 (505s)
  [Data_06] tcn ep 42 val 3.5121 best 1.9788@ep13 pat 29 (516s)
  [Data_06] tcn ep 43 val 4.2118 best 1.9788@ep13 pat 30 (528s)
  [Data_06] tcn ep 44 val 3.1476 best 1.9788@ep13 pat 31 (540s)
  [Data_06] tcn ep 45 val 2.8355 best 1.9788@ep13 pat 32 (551s)
  [Data_06] tcn ep 46 val 3.3778 best 1.9788@ep13 pat 33 (563s)
  [Data_06] tcn ep 47 val 2.2717 best 1.9788@ep13 pat 34 (575s)
  [Data_06] tcn ep 48 val 4.0357 best 1.9788@ep13 pat 35 (586s)
  [Data_06] tcn ep 49 val 3.5576 best 1.9788@ep13 pat 36 (598s)
  [Data_06] tcn ep 50 val 2.8745 best 1.9788@ep13 pat 37 (610s)
  [Data_06] tcn ep 51 val 2.3250 best 1.9788@ep13 pat 38 (621s)
  [Data_06] tcn ep 52 val 2.5049 best 1.9788@ep13 pat 39 (633s)
  [Data_06] tcn ep 53 val 1.9888 best 1.9788@ep13 pat 40 (644s)
  [Data_06] tcn ep 54 val 9.8496 best 1.9788@ep13 pat 41 (655s)
  [Data_06] tcn ep 55 val 2.0042 best 1.9788@ep13 pat 42 (666s)
  [Data_06] tcn ep 56 val 2.6502 best 1.9788@ep13 pat 43 (678s)
  [Data_06] tcn ep 57 val 5.5969 best 1.9788@ep13 pat 44 (689s)
  [Data_06] tcn ep 58 val 2.4976 best 1.9788@ep13 pat 45 (700s)
  [Data_06] tcn ep 59 val 3.3388 best 1.9788@ep13 pat 46 (711s)
  [Data_06] tcn ep 60 val 5.9736 best 1.9788@ep13 pat 47 (722s)
  [Data_06] tcn ep 61 val 3.8295 best 1.9788@ep13 pat 48 (734s)
  [Data_06] tcn ep 62 val 3.6589 best 1.9788@ep13 pat 49 (745s)
  [Data_06] tcn ep 63 val 2.7124 best 1.9788@ep13 pat 50 (756s)
*** tcn Data_06 mae_seq=1.8655 mae_shuf=3.4694
