command: python -m hingesense.baselines --method tcn --fold Data_01 --out results/raw/baselines/tcn --epochs 300 --patience 50
UserWarning: Can't initialize NVML
os: Linux-6.8.0-138-generic-x86_64-with-glibc2.35
cpu: Intel(R) Xeon(R) Platinum 8480C x224, ram 1007.5 GB
gpu: NVIDIA H100 (driver 580.173.02)
python 3.11.15, torch 2.12.0+cu130, cuda 13.0
=== tcn Data_01 dev=cuda:0 ===
  [Data_01] tcn cond=noload sources=52
  [Data_01] tcn ep 0 val 4.7275 best 4.7275@ep0 pat 0 (12s)
  [Data_01] tcn ep 1 val 10.6158 best 4.7275@ep0 pat 1 (23s)
  [Data_01] tcn ep 2 val 6.7109 best 4.7275@ep0 pat 2 (34s)
  [Data_01] tcn ep 3 val 4.7999 best 4.7275@ep0 pat 3 (45s)
  [Data_01] tcn ep 4 val 5.3889 best 4.7275@ep0 pat 4 (56s)
  [Data_01] tcn ep 5 val 5.9090 best 4.7275@ep0 pat 5 (67s)
  [Data_01] tcn ep 6 val 7.6837 best 4.7275@ep0 pat 6 (78s)
  [Data_01] tcn ep 7 val 6.6282 best 4.7275@ep0 pat 7 (89s)
  [Data_01] tcn ep 8 val 5.5603 best 4.7275@ep0 pat 8 (100s)
  [Data_01] tcn ep 9 val 5.0190 best 4.7275@ep0 pat 9 (111s)
  [Data_01] tcn ep 10 val 3.9167 best 3.9167@ep10 pat 0 (122s)
  [Data_01] tcn ep 11 val 8.4681 best 3.9167@ep10 pat 1 (133s)
  [Data_01] tcn ep 12 val 6.6187 best 3.9167@ep10 pat 2 (144s)
  [Data_01] tcn ep 13 val 7.7335 best 3.9167@ep10 pat 3 (156s)
  [Data_01] tcn ep 14 val 5.8241 best 3.9167@ep10 pat 4 (167s)
  [Data_01] tcn ep 15 val 3.0412 best 3.0412@ep15 pat 0 (178s)
  [Data_01] tcn ep 16 val 6.7275 best 3.0412@ep15 pat 1 (189s)
  [Data_01] tcn ep 17 val 8.8220 best 3.0412@ep15 pat 2 (200s)
  [Data_01] tcn ep 18 val 2.1758 best 2.1758@ep18 pat 0 (211s)
  [Data_01] tcn ep 19 val 7.5483 best 2.1758@ep18 pat 1 (222s)
  [Data_01] tcn ep 20 val 5.3890 best 2.1758@ep18 pat 2 (234s)
  [Data_01] tcn ep 21 val 4.5691 best 2.1758@ep18 pat 3 (245s)
  [Data_01] tcn ep 22 val 5.8187 best 2.1758@ep18 pat 4 (256s)
  [Data_01] tcn ep 23 val 4.5449 best 2.1758@ep18 pat 5 (268s)
  [Data_01] tcn ep 24 val 5.9005 best 2.1758@ep18 pat 6 (279s)
  [Data_01] tcn ep 25 val 6.4060 best 2.1758@ep18 pat 7 (291s)
  [Data_01] tcn ep 26 val 4.7145 best 2.1758@ep18 pat 8 (302s)
  [Data_01] tcn ep 27 val 5.2548 best 2.1758@ep18 pat 9 (314s)
  [Data_01] tcn ep 28 val 4.3841 best 2.1758@ep18 pat 10 (325s)
  [Data_01] tcn ep 29 val 4.2204 best 2.1758@ep18 pat 11 (336s)
  [Data_01] tcn ep 30 val 3.9777 best 2.1758@ep18 pat 12 (348s)
  [Data_01] tcn ep 31 val 5.3696 best 2.1758@ep18 pat 13 (359s)
  [Data_01] tcn ep 32 val 5.9211 best 2.1758@ep18 pat 14 (371s)
  [Data_01] tcn ep 33 val 8.2007 best 2.1758@ep18 pat 15 (382s)
  [Data_01] tcn ep 34 val 4.4524 best 2.1758@ep18 pat 16 (394s)
  [Data_01] tcn ep 35 val 5.0138 best 2.1758@ep18 pat 17 (405s)
  [Data_01] tcn ep 36 val 5.9386 best 2.1758@ep18 pat 18 (417s)
  [Data_01] tcn ep 37 val 4.3812 best 2.1758@ep18 pat 19 (428s)
  [Data_01] tcn ep 38 val 5.0633 best 2.1758@ep18 pat 20 (440s)
  [Data_01] tcn ep 39 val 6.6115 best 2.1758@ep18 pat 21 (451s)
  [Data_01] tcn ep 40 val 4.2064 best 2.1758@ep18 pat 22 (462s)
  [Data_01] tcn ep 41 val 7.0106 best 2.1758@ep18 pat 23 (474s)
  [Data_01] tcn ep 42 val 4.6672 best 2.1758@ep18 pat 24 (485s)
  [Data_01] tcn ep 43 val 5.3886 best 2.1758@ep18 pat 25 (497s)
  [Data_01] tcn ep 44 val 5.3624 best 2.1758@ep18 pat 26 (508s)
  [Data_01] tcn ep 45 val 7.4215 best 2.1758@ep18 pat 27 (520s)
  [Data_01] tcn ep 46 val 6.1212 best 2.1758@ep18 pat 28 (531s)
  [Data_01] tcn ep 47 val 5.8102 best 2.1758@ep18 pat 29 (542s)
  [Data_01] tcn ep 48 val 4.4612 best 2.1758@ep18 pat 30 (553s)
  [Data_01] tcn ep 49 val 7.2930 best 2.1758@ep18 pat 31 (564s)
  [Data_01] tcn ep 50 val 4.7840 best 2.1758@ep18 pat 32 (575s)
  [Data_01] tcn ep 51 val 3.8820 best 2.1758@ep18 pat 33 (586s)
  [Data_01] tcn ep 52 val 5.9718 best 2.1758@ep18 pat 34 (598s)
  [Data_01] tcn ep 53 val 4.6635 best 2.1758@ep18 pat 35 (609s)
  [Data_01] tcn ep 54 val 6.9349 best 2.1758@ep18 pat 36 (620s)
  [Data_01] tcn ep 55 val 4.9120 best 2.1758@ep18 pat 37 (631s)
  [Data_01] tcn ep 56 val 3.6256 best 2.1758@ep18 pat 38 (642s)
  [Data_01] tcn ep 57 val 6.4116 best 2.1758@ep18 pat 39 (652s)
  [Data_01] tcn ep 58 val 3.6284 best 2.1758@ep18 pat 40 (663s)
  [Data_01] tcn ep 59 val 4.5098 best 2.1758@ep18 pat 41 (674s)
  [Data_01] tcn ep 60 val 6.0485 best 2.1758@ep18 pat 42 (685s)
  [Data_01] tcn ep 61 val 5.7963 best 2.1758@ep18 pat 43 (695s)
  [Data_01] tcn ep 62 val 3.6191 best 2.1758@ep18 pat 44 (706s)
  [Data_01] tcn ep 63 val 5.6275 best 2.1758@ep18 pat 45 (716s)
  [Data_01] tcn ep 64 val 3.6857 best 2.1758@ep18 pat 46 (727s)
  [Data_01] tcn ep 65 val 4.8371 best 2.1758@ep18 pat 47 (737s)
  [Data_01] tcn ep 66 val 4.2225 best 2.1758@ep18 pat 48 (748s)
  [Data_01] tcn ep 67 val 6.3634 best 2.1758@ep18 pat 49 (758s)
  [Data_01] tcn ep 68 val 7.5304 best 2.1758@ep18 pat 50 (768s)
*** tcn Data_01 mae_seq=2.2331 mae_shuf=21.9732
