command: python -m hingesense.baselines --method tcn --fold Data_02 --out results/raw/baselines/tcn --epochs 300 --patience 50
UserWarning: Can't initialize NVML
os: Linux-6.8.0-138-generic-x86_64-with-glibc2.35
cpu: Intel(R) Xeon(R) Platinum 8480C x224, ram 1007.5 GB
gpu: NVIDIA H100 (driver 580.173.02)
python 3.11.15, torch 2.12.0+cu130, cuda 13.0
=== tcn Data_02 dev=cuda:0 ===
  [Data_02] tcn cond=noload sources=52
  [Data_02] tcn ep 0 val 6.2136 best 6.2136@ep0 pat 0 (14s)
  [Data_02] tcn ep 1 val 14.2571 best 6.2136@ep0 pat 1 (27s)
  [Data_02] tcn ep 2 val 6.3118 best 6.2136@ep0 pat 2 (41s)
  [Data_02] tcn ep 3 val 8.6252 best 6.2136@ep0 pat 3 (53s)
  [Data_02] tcn ep 4 val 6.7005 best 6.2136@ep0 pat 4 (66s)
  [Data_02] tcn ep 5 val 7.9793 best 6.2136@ep0 pat 5 (79s)
  [Data_02] tcn ep 6 val 7.2205 best 6.2136@ep0 pat 6 (93s)
  [Data_02] tcn ep 7 val 7.9514 best 6.2136@ep0 pat 7 (106s)
  [Data_02] tcn ep 8 val 14.7552 best 6.2136@ep0 pat 8 (119s)
  [Data_02] tcn ep 9 val 5.8179 best 5.8179@ep9 pat 0 (132s)
  [Data_02] tcn ep 10 val 6.4685 best 5.8179@ep9 pat 1 (144s)
  [Data_02] tcn ep 11 val 6.2215 best 5.8179@ep9 pat 2 (157s)
  [Data_02] tcn ep 12 val 7.0278 best 5.8179@ep9 pat 3 (170s)
  [Data_02] tcn ep 13 val 6.0033 best 5.8179@ep9 pat 4 (183s)
  [Data_02] tcn ep 14 val 5.1652 best 5.1652@ep14 pat 0 (196s)
  [Data_02] tcn ep 15 val 7.2749 best 5.1652@ep14 pat 1 (209s)
  [Data_02] tcn ep 16 val 4.5841 best 4.5841@ep16 pat 0 (222s)
  [Data_02] tcn ep 17 val 6.3218 best 4.5841@ep16 pat 1 (234s)
  [Data_02] tcn ep 18 val 7.7396 best 4.5841@ep16 pat 2 (247s)
  [Data_02] tcn ep 19 val 6.1562 best 4.5841@ep16 pat 3 (259s)
  [Data_02] tcn ep 20 val 6.5233 best 4.5841@ep16 pat 4 (271s)
  [Data_02] tcn ep 21 val 5.9261 best 4.5841@ep16 pat 5 (284s)
  [Data_02] tcn ep 22 val 7.0064 best 4.5841@ep16 pat 6 (296s)
  [Data_02] tcn ep 23 val 7.8028 best 4.5841@ep16 pat 7 (308s)
  [Data_02] tcn ep 24 val 4.9807 best 4.5841@ep16 pat 8 (321s)
  [Data_02] tcn ep 25 val 6.9765 best 4.5841@ep16 pat 9 (333s)
  [Data_02] tcn ep 26 val 8.1707 best 4.5841@ep16 pat 10 (345s)
  [Data_02] tcn ep 27 val 5.5337 best 4.5841@ep16 pat 11 (358s)
  [Data_02] tcn ep 28 val 7.2089 best 4.5841@ep16 pat 12 (370s)
  [Data_02] tcn ep 29 val 6.3788 best 4.5841@ep16 pat 13 (382s)
  [Data_02] tcn ep 30 val 6.2309 best 4.5841@ep16 pat 14 (394s)
  [Data_02] tcn ep 31 val 6.0738 best 4.5841@ep16 pat 15 (407s)
  [Data_02] tcn ep 32 val 6.6987 best 4.5841@ep16 pat 16 (419s)
  [Data_02] tcn ep 33 val 6.4874 best 4.5841@ep16 pat 17 (431s)
  [Data_02] tcn ep 34 val 7.7626 best 4.5841@ep16 pat 18 (443s)
  [Data_02] tcn ep 35 val 6.0496 best 4.5841@ep16 pat 19 (455s)
  [Data_02] tcn ep 36 val 6.4677 best 4.5841@ep16 pat 20 (467s)
  [Data_02] tcn ep 37 val 5.7045 best 4.5841@ep16 pat 21 (479s)
  [Data_02] tcn ep 38 val 6.4718 best 4.5841@ep16 pat 22 (491s)
  [Data_02] tcn ep 39 val 9.0754 best 4.5841@ep16 pat 23 (503s)
  [Data_02] tcn ep 40 val 6.4338 best 4.5841@ep16 pat 24 (515s)
  [Data_02] tcn ep 41 val 5.2367 best 4.5841@ep16 pat 25 (527s)
  [Data_02] tcn ep 42 val 8.2605 best 4.5841@ep16 pat 26 (539s)
  [Data_02] tcn ep 43 val 5.2894 best 4.5841@ep16 pat 27 (552s)
  [Data_02] tcn ep 44 val 5.7546 best 4.5841@ep16 pat 28 (564s)
  [Data_02] tcn ep 45 val 7.6343 best 4.5841@ep16 pat 29 (576s)
  [Data_02] tcn ep 46 val 6.7830 best 4.5841@ep16 pat 30 (588s)
  [Data_02] tcn ep 47 val 7.6451 best 4.5841@ep16 pat 31 (600s)
  [Data_02] tcn ep 48 val 7.0599 best 4.5841@ep16 pat 32 (612s)
  [Data_02] tcn ep 49 val 4.7445 best 4.5841@ep16 pat 33 (624s)
  [Data_02] tcn ep 50 val 6.3864 best 4.5841@ep16 pat 34 (636s)
  [Data_02] tcn ep 51 val 6.3674 best 4.5841@ep16 pat 35 (648s)
  [Data_02] tcn ep 52 val 3.8928 best 3.8928@ep52 pat 0 (660s)
  [Data_02] tcn ep 53 val 5.1429 best 3.8928@ep52 pat 1 (672s)
  [Data_02] tcn ep 54 val 5.4451 best 3.8928@ep52 pat 2 (685s)
  [Data_02] tcn ep 55 val 7.9311 best 3.8928@ep52 pat 3 (697s)
  [Data_02] tcn ep 56 val 5.3195 best 3.8928@ep52 pat 4 (708s)
  [Data_02] tcn ep 57 val 5.0950 best 3.8928@ep52 pat 5 (720s)
  [Data_02] tcn ep 58 val 7.6040 best 3.8928@ep52 pat 6 (731s)
  [Data_02] tcn ep 59 val 5.3205 best 3.8928@ep52 pat 7 (743s)
  [Data_02] tcn ep 60 val 4.9753 best 3.8928@ep52 pat 8 (755s)
  [Data_02] tcn ep 61 val 5.5179 best 3.8928@ep52 pat 9 (766s)
  [Data_02] tcn ep 62 val 5.6133 best 3.8928@ep52 pat 10 (778s)
  [Data_02] tcn ep 63 val 5.6356 best 3.8928@ep52 pat 11 (790s)
  [Data_02] tcn ep 64 val 5.4200 best 3.8928@ep52 pat 12 (801s)
  [Data_02] tcn ep 65 val 4.8161 best 3.8928@ep52 pat 13 (813s)
  [Data_02] tcn ep 66 val 5.7927 best 3.8928@ep52 pat 14 (824s)
  [Data_02] tcn ep 67 val 4.6644 best 3.8928@ep52 pat 15 (836s)
  [Data_02] tcn ep 68 val 6.2302 best 3.8928@ep52 pat 16 (848s)
  [Data_02] tcn ep 69 val 4.7902 best 3.8928@ep52 pat 17 (859s)
  [Data_02] tcn ep 70 val 5.1202 best 3.8928@ep52 pat 18 (871s)
  [Data_02] tcn ep 71 val 4.7953 best 3.8928@ep52 pat 19 (883s)
  [Data_02] tcn ep 72 val 6.0202 best 3.8928@ep52 pat 20 (894s)
  [Data_02] tcn ep 73 val 5.9386 best 3.8928@ep52 pat 21 (906s)
  [Data_02] tcn ep 74 val 7.6160 best 3.8928@ep52 pat 22 (917s)
  [Data_02] tcn ep 75 val 6.0322 best 3.8928@ep52 pat 23 (929s)
  [Data_02] tcn ep 76 val 5.9091 best 3.8928@ep52 pat 24 (940s)
  [Data_02] tcn ep 77 val 5.3146 best 3.8928@ep52 pat 25 (952s)
  [Data_02] tcn ep 78 val 5.1662 best 3.8928@ep52 pat 26 (965s)
  [Data_02] tcn ep 79 val 5.4814 best 3.8928@ep52 pat 27 (977s)
  [Data_02] tcn ep 80 val 4.5224 best 3.8928@ep52 pat 28 (989s)
  [Data_02] tcn ep 81 val 5.6503 best 3.8928@ep52 pat 29 (1001s)
  [Data_02] tcn ep 82 val 5.4434 best 3.8928@ep52 pat 30 (1014s)
  [Data_02] tcn ep 83 val 7.7441 best 3.8928@ep52 pat 31 (1026s)
  [Data_02] tcn ep 84 val 5.6600 best 3.8928@ep52 pat 32 (1038s)
  [Data_02] tcn ep 85 val 5.5278 best 3.8928@ep52 pat 33 (1050s)
  [Data_02] tcn ep 86 val 5.7330 best 3.8928@ep52 pat 34 (1063s)
  [Data_02] tcn ep 87 val 6.3424 best 3.8928@ep52 pat 35 (1075s)
  [Data_02] tcn ep 88 val 7.2510 best 3.8928@ep52 pat 36 (1087s)
  [Data_02] tcn ep 89 val 4.8069 best 3.8928@ep52 pat 37 (1099s)
  [Data_02] tcn ep 90 val 5.1021 best 3.8928@ep52 pat 38 (1111s)
  [Data_02] tcn ep 91 val 5.7170 best 3.8928@ep52 pat 39 (1124s)
  [Data_02] tcn ep 92 val 5.2231 best 3.8928@ep52 pat 40 (1136s)
  [Data_02] tcn ep 93 val 5.3754 best 3.8928@ep52 pat 41 (1148s)
  [Data_02] tcn ep 94 val 6.9012 best 3.8928@ep52 pat 42 (1160s)
  [Data_02] tcn ep 95 val 4.9392 best 3.8928@ep52 pat 43 (1173s)
  [Data_02] tcn ep 96 val 7.4552 best 3.8928@ep52 pat 44 (1185s)
  [Data_02] tcn ep 97 val 4.8486 best 3.8928@ep52 pat 45 (1197s)
  [Data_02] tcn ep 98 val 4.8243 best 3.8928@ep52 pat 46 (1210s)
  [Data_02] tcn ep 99 val 5.4286 best 3.8928@ep52 pat 47 (1222s)
  [Data_02] tcn ep 100 val 5.6635 best 3.8928@ep52 pat 48 (1234s)
  [Data_02] tcn ep 101 val 5.8332 best 3.8928@ep52 pat 49 (1246s)
  [Data_02] tcn ep 102 val 5.4619 best 3.8928@ep52 pat 50 (1258s)
*** tcn Data_02 mae_seq=3.6809 mae_shuf=22.6725
