command: python -m hingesense.baselines --method tcn --fold Data_11 --out results/raw/baselines/tcn --epochs 300 --patience 50
UserWarning: Can't initialize NVML
os: Linux-6.8.0-138-generic-x86_64-with-glibc2.35
cpu: Intel(R) Xeon(R) Platinum 8480C x224, ram 1007.5 GB
gpu: NVIDIA H100 (driver 580.173.02)
python 3.11.15, torch 2.12.0+cu130, cuda 13.0
=== tcn Data_11 dev=cuda:0 ===
  [Data_11] tcn cond=assembly sources=32
  [Data_11] tcn ep 0 val 7.1577 best 7.1577@ep0 pat 0 (12s)
  [Data_11] tcn ep 1 val 4.9904 best 4.9904@ep1 pat 0 (23s)
  [Data_11] tcn ep 2 val 4.0385 best 4.0385@ep2 pat 0 (33s)
  [Data_11] tcn ep 3 val 5.5388 best 4.0385@ep2 pat 1 (44s)
  [Data_11] tcn ep 4 val 4.9858 best 4.0385@ep2 pat 2 (54s)
  [Data_11] tcn ep 5 val 4.2857 best 4.0385@ep2 pat 3 (65s)
  [Data_11] tcn ep 6 val 7.5844 best 4.0385@ep2 pat 4 (75s)
  [Data_11] tcn ep 7 val 6.2378 best 4.0385@ep2 pat 5 (86s)
  [Data_11] tcn ep 8 val 3.2912 best 3.2912@ep8 pat 0 (96s)
  [Data_11] tcn ep 9 val 4.8575 best 3.2912@ep8 pat 1 (107s)
  [Data_11] tcn ep 10 val 3.8322 best 3.2912@ep8 pat 2 (117s)
  [Data_11] tcn ep 11 val 4.2687 best 3.2912@ep8 pat 3 (127s)
  [Data_11] tcn ep 12 val 4.8039 best 3.2912@ep8 pat 4 (138s)
  [Data_11] tcn ep 13 val 3.1070 best 3.1070@ep13 pat 0 (149s)
  [Data_11] tcn ep 14 val 3.8945 best 3.1070@ep13 pat 1 (160s)
  [Data_11] tcn ep 15 val 3.8604 best 3.1070@ep13 pat 2 (171s)
  [Data_11] tcn ep 16 val 3.9684 best 3.1070@ep13 pat 3 (182s)
  [Data_11] tcn ep 17 val 4.0164 best 3.1070@ep13 pat 4 (193s)
  [Data_11] tcn ep 18 val 4.3535 best 3.1070@ep13 pat 5 (204s)
  [Data_11] tcn ep 19 val 3.4872 best 3.1070@ep13 pat 6 (215s)
  [Data_11] tcn ep 20 val 3.1586 best 3.1070@ep13 pat 7 (226s)
  [Data_11] tcn ep 21 val 4.4027 best 3.1070@ep13 pat 8 (237s)
  [Data_11] tcn ep 22 val 4.8417 best 3.1070@ep13 pat 9 (248s)
  [Data_11] tcn ep 23 val 4.1399 best 3.1070@ep13 pat 10 (259s)
  [Data_11] tcn ep 24 val 3.8743 best 3.1070@ep13 pat 11 (269s)
  [Data_11] tcn ep 25 val 3.3660 best 3.1070@ep13 pat 12 (280s)
  [Data_11] tcn ep 26 val 4.5990 best 3.1070@ep13 pat 13 (290s)
  [Data_11] tcn ep 27 val 2.9667 best 2.9667@ep27 pat 0 (301s)
  [Data_11] tcn ep 28 val 4.1977 best 2.9667@ep27 pat 1 (312s)
  [Data_11] tcn ep 29 val 4.2802 best 2.9667@ep27 pat 2 (323s)
  [Data_11] tcn ep 30 val 2.7386 best 2.7386@ep30 pat 0 (334s)
  [Data_11] tcn ep 31 val 5.0693 best 2.7386@ep30 pat 1 (345s)
  [Data_11] tcn ep 32 val 3.7645 best 2.7386@ep30 pat 2 (355s)
  [Data_11] tcn ep 33 val 4.5178 best 2.7386@ep30 pat 3 (366s)
  [Data_11] tcn ep 34 val 3.7696 best 2.7386@ep30 pat 4 (377s)
  [Data_11] tcn ep 35 val 2.9017 best 2.7386@ep30 pat 5 (388s)
  [Data_11] tcn ep 36 val 3.6119 best 2.7386@ep30 pat 6 (399s)
  [Data_11] tcn ep 37 val 3.5868 best 2.7386@ep30 pat 7 (410s)
  [Data_11] tcn ep 38 val 2.6826 best 2.6826@ep38 pat 0 (421s)
  [Data_11] tcn ep 39 val 4.3512 best 2.6826@ep38 pat 1 (431s)
  [Data_11] tcn ep 40 val 3.6520 best 2.6826@ep38 pat 2 (442s)
  [Data_11] tcn ep 41 val 2.9925 best 2.6826@ep38 pat 3 (453s)
  [Data_11] tcn ep 42 val 3.7817 best 2.6826@ep38 pat 4 (464s)
  [Data_11] tcn ep 43 val 3.1019 best 2.6826@ep38 pat 5 (475s)
  [Data_11] tcn ep 44 val 3.8723 best 2.6826@ep38 pat 6 (486s)
  [Data_11] tcn ep 45 val 3.4626 best 2.6826@ep38 pat 7 (496s)
  [Data_11] tcn ep 46 val 3.3944 best 2.6826@ep38 pat 8 (507s)
  [Data_11] tcn ep 47 val 3.0617 best 2.6826@ep38 pat 9 (518s)
  [Data_11] tcn ep 48 val 3.3266 best 2.6826@ep38 pat 10 (529s)
  [Data_11] tcn ep 49 val 3.0125 best 2.6826@ep38 pat 11 (540s)
  [Data_11] tcn ep 50 val 3.8038 best 2.6826@ep38 pat 12 (550s)
  [Data_11] tcn ep 51 val 3.7149 best 2.6826@ep38 pat 13 (561s)
  [Data_11] tcn ep 52 val 3.7293 best 2.6826@ep38 pat 14 (572s)
  [Data_11] tcn ep 53 val 3.3892 best 2.6826@ep38 pat 15 (583s)
  [Data_11] tcn ep 54 val 4.3822 best 2.6826@ep38 pat 16 (594s)
  [Data_11] tcn ep 55 val 2.9879 best 2.6826@ep38 pat 17 (604s)
  [Data_11] tcn ep 56 val 2.9655 best 2.6826@ep38 pat 18 (615s)
  [Data_11] tcn ep 57 val 3.4274 best 2.6826@ep38 pat 19 (626s)
  [Data_11] tcn ep 58 val 3.9957 best 2.6826@ep38 pat 20 (637s)
  [Data_11] tcn ep 59 val 3.6978 best 2.6826@ep38 pat 21 (648s)
  [Data_11] tcn ep 60 val 3.8256 best 2.6826@ep38 pat 22 (658s)
  [Data_11] tcn ep 61 val 3.7967 best 2.6826@ep38 pat 23 (669s)
  [Data_11] tcn ep 62 val 3.0935 best 2.6826@ep38 pat 24 (680s)
  [Data_11] tcn ep 63 val 3.1465 best 2.6826@ep38 pat 25 (691s)
  [Data_11] tcn ep 64 val 3.9492 best 2.6826@ep38 pat 26 (701s)
  [Data_11] tcn ep 65 val 3.0656 best 2.6826@ep38 pat 27 (712s)
  [Data_11] tcn ep 66 val 3.4051 best 2.6826@ep38 pat 28 (723s)
  [Data_11] tcn ep 67 val 3.7365 best 2.6826@ep38 pat 29 (734s)
  [Data_11] tcn ep 68 val 2.8952 best 2.6826@ep38 pat 30 (745s)
  [Data_11] tcn ep 69 val 4.7129 best 2.6826@ep38 pat 31 (755s)
  [Data_11] tcn ep 70 val 3.5817 best 2.6826@ep38 pat 32 (766s)
  [Data_11] tcn ep 71 val 3.5171 best 2.6826@ep38 pat 33 (777s)
  [Data_11] tcn ep 72 val 3.5798 best 2.6826@ep38 pat 34 (788s)
  [Data_11] tcn ep 73 val 3.1780 best 2.6826@ep38 pat 35 (799s)
  [Data_11] tcn ep 74 val 3.0732 best 2.6826@ep38 pat 36 (810s)
  [Data_11] tcn ep 75 val 3.4566 best 2.6826@ep38 pat 37 (821s)
  [Data_11] tcn ep 76 val 3.3516 best 2.6826@ep38 pat 38 (833s)
  [Data_11] tcn ep 77 val 3.9112 best 2.6826@ep38 pat 39 (844s)
  [Data_11] tcn ep 78 val 4.5999 best 2.6826@ep38 pat 40 (855s)
  [Data_11] tcn ep 79 val 3.9424 best 2.6826@ep38 pat 41 (867s)
  [Data_11] tcn ep 80 val 3.5663 best 2.6826@ep38 pat 42 (878s)
  [Data_11] tcn ep 81 val 3.2604 best 2.6826@ep38 pat 43 (890s)
  [Data_11] tcn ep 82 val 3.9174 best 2.6826@ep38 pat 44 (901s)
  [Data_11] tcn ep 83 val 2.6706 best 2.6706@ep83 pat 0 (913s)
  [Data_11] tcn ep 84 val 3.8103 best 2.6706@ep83 pat 1 (924s)
  [Data_11] tcn ep 85 val 2.7949 best 2.6706@ep83 pat 2 (935s)
  [Data_11] tcn ep 86 val 3.5905 best 2.6706@ep83 pat 3 (947s)
  [Data_11] tcn ep 87 val 3.2803 best 2.6706@ep83 pat 4 (958s)
  [Data_11] tcn ep 88 val 3.8462 best 2.6706@ep83 pat 5 (970s)
  [Data_11] tcn ep 89 val 3.5740 best 2.6706@ep83 pat 6 (981s)
  [Data_11] tcn ep 90 val 3.7249 best 2.6706@ep83 pat 7 (992s)
  [Data_11] tcn ep 91 val 3.5660 best 2.6706@ep83 pat 8 (1004s)
  [Data_11] tcn ep 92 val 3.8315 best 2.6706@ep83 pat 9 (1015s)
  [Data_11] tcn ep 93 val 4.0539 best 2.6706@ep83 pat 10 (1027s)
  [Data_11] tcn ep 94 val 3.3078 best 2.6706@ep83 pat 11 (1038s)
  [Data_11] tcn ep 95 val 3.2133 best 2.6706@ep83 pat 12 (1049s)
  [Data_11] tcn ep 96 val 3.8134 best 2.6706@ep83 pat 13 (1061s)
  [Data_11] tcn ep 97 val 3.9363 best 2.6706@ep83 pat 14 (1072s)
  [Data_11] tcn ep 98 val 3.6839 best 2.6706@ep83 pat 15 (1083s)
  [Data_11] tcn ep 99 val 3.6519 best 2.6706@ep83 pat 16 (1095s)
  [Data_11] tcn ep 100 val 3.5400 best 2.6706@ep83 pat 17 (1106s)
  [Data_11] tcn ep 101 val 3.8309 best 2.6706@ep83 pat 18 (1118s)
  [Data_11] tcn ep 102 val 3.7103 best 2.6706@ep83 pat 19 (1129s)
  [Data_11] tcn ep 103 val 3.4117 best 2.6706@ep83 pat 20 (1141s)
  [Data_11] tcn ep 104 val 2.9884 best 2.6706@ep83 pat 21 (1152s)
  [Data_11] tcn ep 105 val 3.5441 best 2.6706@ep83 pat 22 (1163s)
  [Data_11] tcn ep 106 val 3.1761 best 2.6706@ep83 pat 23 (1174s)
  [Data_11] tcn ep 107 val 3.0295 best 2.6706@ep83 pat 24 (1185s)
  [Data_11] tcn ep 108 val 3.5744 best 2.6706@ep83 pat 25 (1197s)
  [Data_11] tcn ep 109 val 3.8932 best 2.6706@ep83 pat 26 (1208s)
  [Data_11] tcn ep 110 val 3.8026 best 2.6706@ep83 pat 27 (1219s)
  [Data_11] tcn ep 111 val 4.2204 best 2.6706@ep83 pat 28 (1231s)
  [Data_11] tcn ep 112 val 3.5235 best 2.6706@ep83 pat 29 (1242s)
  [Data_11] tcn ep 113 val 3.1415 best 2.6706@ep83 pat 30 (1254s)
  [Data_11] tcn ep 114 val 3.8870 best 2.6706@ep83 pat 31 (1265s)
  [Data_11] tcn ep 115 val 3.9788 best 2.6706@ep83 pat 32 (1277s)
  [Data_11] tcn ep 116 val 3.4119 best 2.6706@ep83 pat 33 (1288s)
  [Data_11] tcn ep 117 val 2.8577 best 2.6706@ep83 pat 34 (1299s)
  [Data_11] tcn ep 118 val 3.5697 best 2.6706@ep83 pat 35 (1311s)
  [Data_11] tcn ep 119 val 2.9067 best 2.6706@ep83 pat 36 (1322s)
  [Data_11] tcn ep 120 val 3.6109 best 2.6706@ep83 pat 37 (1333s)
  [Data_11] tcn ep 121 val 3.0079 best 2.6706@ep83 pat 38 (1345s)
  [Data_11] tcn ep 122 val 3.8116 best 2.6706@ep83 pat 39 (1356s)
  [Data_11] tcn ep 123 val 3.4341 best 2.6706@ep83 pat 40 (1368s)
  [Data_11] tcn ep 124 val 3.6111 best 2.6706@ep83 pat 41 (1379s)
  [Data_11] tcn ep 125 val 3.6495 best 2.6706@ep83 pat 42 (1391s)
  [Data_11] tcn ep 126 val 3.9345 best 2.6706@ep83 pat 43 (1402s)
  [Data_11] tcn ep 127 val 3.5092 best 2.6706@ep83 pat 44 (1412s)
  [Data_11] tcn ep 128 val 3.3100 best 2.6706@ep83 pat 45 (1423s)
  [Data_11] tcn ep 129 val 3.2749 best 2.6706@ep83 pat 46 (1434s)
  [Data_11] tcn ep 130 val 3.0627 best 2.6706@ep83 pat 47 (1445s)
  [Data_11] tcn ep 131 val 3.0089 best 2.6706@ep83 pat 48 (1456s)
  [Data_11] tcn ep 132 val 2.9082 best 2.6706@ep83 pat 49 (1467s)
  [Data_11] tcn ep 133 val 3.1037 best 2.6706@ep83 pat 50 (1478s)
*** tcn Data_11 mae_seq=2.2943 mae_shuf=26.4427
