command: python -m hingesense.baselines --method tcn --fold Data_10 --out results/raw/baselines/tcn --epochs 300 --patience 50
UserWarning: Can't initialize NVML
os: Linux-6.8.0-138-generic-x86_64-with-glibc2.35
cpu: Intel(R) Xeon(R) Platinum 8480C x224, ram 1007.5 GB
gpu: NVIDIA H100 (driver 580.173.02)
python 3.11.15, torch 2.12.0+cu130, cuda 13.0
=== tcn Data_10 dev=cuda:0 ===
  [Data_10] tcn cond=assembly sources=32
  [Data_10] tcn ep 0 val 8.2791 best 8.2791@ep0 pat 0 (13s)
  [Data_10] tcn ep 1 val 4.8321 best 4.8321@ep1 pat 0 (24s)
  [Data_10] tcn ep 2 val 2.9479 best 2.9479@ep2 pat 0 (36s)
  [Data_10] tcn ep 3 val 2.4874 best 2.4874@ep3 pat 0 (47s)
  [Data_10] tcn ep 4 val 4.0202 best 2.4874@ep3 pat 1 (59s)
  [Data_10] tcn ep 5 val 2.5715 best 2.4874@ep3 pat 2 (70s)
  [Data_10] tcn ep 6 val 3.7495 best 2.4874@ep3 pat 3 (82s)
  [Data_10] tcn ep 7 val 3.1449 best 2.4874@ep3 pat 4 (93s)
  [Data_10] tcn ep 8 val 4.5820 best 2.4874@ep3 pat 5 (105s)
  [Data_10] tcn ep 9 val 3.9251 best 2.4874@ep3 pat 6 (116s)
  [Data_10] tcn ep 10 val 2.6640 best 2.4874@ep3 pat 7 (128s)
  [Data_10] tcn ep 11 val 3.1274 best 2.4874@ep3 pat 8 (139s)
  [Data_10] tcn ep 12 val 2.9886 best 2.4874@ep3 pat 9 (151s)
  [Data_10] tcn ep 13 val 3.7272 best 2.4874@ep3 pat 10 (162s)
  [Data_10] tcn ep 14 val 3.7974 best 2.4874@ep3 pat 11 (174s)
  [Data_10] tcn ep 15 val 3.9297 best 2.4874@ep3 pat 12 (185s)
  [Data_10] tcn ep 16 val 2.0073 best 2.0073@ep16 pat 0 (197s)
  [Data_10] tcn ep 17 val 1.3598 best 1.3598@ep17 pat 0 (208s)
  [Data_10] tcn ep 18 val 3.6610 best 1.3598@ep17 pat 1 (219s)
  [Data_10] tcn ep 19 val 2.2537 best 1.3598@ep17 pat 2 (231s)
  [Data_10] tcn ep 20 val 1.8765 best 1.3598@ep17 pat 3 (242s)
  [Data_10] tcn ep 21 val 2.3122 best 1.3598@ep17 pat 4 (254s)
  [Data_10] tcn ep 22 val 2.6003 best 1.3598@ep17 pat 5 (264s)
  [Data_10] tcn ep 23 val 3.9761 best 1.3598@ep17 pat 6 (275s)
  [Data_10] tcn ep 24 val 2.9149 best 1.3598@ep17 pat 7 (287s)
  [Data_10] tcn ep 25 val 2.0755 best 1.3598@ep17 pat 8 (298s)
  [Data_10] tcn ep 26 val 2.5782 best 1.3598@ep17 pat 9 (308s)
  [Data_10] tcn ep 27 val 2.0569 best 1.3598@ep17 pat 10 (319s)
  [Data_10] tcn ep 28 val 2.8774 best 1.3598@ep17 pat 11 (331s)
  [Data_10] tcn ep 29 val 2.0405 best 1.3598@ep17 pat 12 (342s)
  [Data_10] tcn ep 30 val 3.6550 best 1.3598@ep17 pat 13 (353s)
  [Data_10] tcn ep 31 val 1.7376 best 1.3598@ep17 pat 14 (364s)
  [Data_10] tcn ep 32 val 2.1290 best 1.3598@ep17 pat 15 (374s)
  [Data_10] tcn ep 33 val 2.8803 best 1.3598@ep17 pat 16 (385s)
  [Data_10] tcn ep 34 val 1.6707 best 1.3598@ep17 pat 17 (397s)
  [Data_10] tcn ep 35 val 1.1364 best 1.1364@ep35 pat 0 (408s)
  [Data_10] tcn ep 36 val 1.6522 best 1.1364@ep35 pat 1 (419s)
  [Data_10] tcn ep 37 val 2.1394 best 1.1364@ep35 pat 2 (430s)
  [Data_10] tcn ep 38 val 2.1175 best 1.1364@ep35 pat 3 (441s)
  [Data_10] tcn ep 39 val 2.4739 best 1.1364@ep35 pat 4 (452s)
  [Data_10] tcn ep 40 val 2.3348 best 1.1364@ep35 pat 5 (463s)
  [Data_10] tcn ep 41 val 2.8669 best 1.1364@ep35 pat 6 (474s)
  [Data_10] tcn ep 42 val 1.8188 best 1.1364@ep35 pat 7 (485s)
  [Data_10] tcn ep 43 val 1.5587 best 1.1364@ep35 pat 8 (496s)
  [Data_10] tcn ep 44 val 1.7769 best 1.1364@ep35 pat 9 (508s)
  [Data_10] tcn ep 45 val 2.3133 best 1.1364@ep35 pat 10 (520s)
  [Data_10] tcn ep 46 val 1.5357 best 1.1364@ep35 pat 11 (531s)
  [Data_10] tcn ep 47 val 1.5319 best 1.1364@ep35 pat 12 (543s)
  [Data_10] tcn ep 48 val 1.3922 best 1.1364@ep35 pat 13 (555s)
  [Data_10] tcn ep 49 val 2.1263 best 1.1364@ep35 pat 14 (566s)
  [Data_10] tcn ep 50 val 1.9107 best 1.1364@ep35 pat 15 (578s)
  [Data_10] tcn ep 51 val 1.4574 best 1.1364@ep35 pat 16 (589s)
  [Data_10] tcn ep 52 val 2.9640 best 1.1364@ep35 pat 17 (601s)
  [Data_10] tcn ep 53 val 1.7653 best 1.1364@ep35 pat 18 (613s)
  [Data_10] tcn ep 54 val 1.6238 best 1.1364@ep35 pat 19 (625s)
  [Data_10] tcn ep 55 val 1.9509 best 1.1364@ep35 pat 20 (636s)
  [Data_10] tcn ep 56 val 1.6997 best 1.1364@ep35 pat 21 (648s)
  [Data_10] tcn ep 57 val 1.3623 best 1.1364@ep35 pat 22 (659s)
  [Data_10] tcn ep 58 val 2.0695 best 1.1364@ep35 pat 23 (671s)
  [Data_10] tcn ep 59 val 2.1084 best 1.1364@ep35 pat 24 (683s)
  [Data_10] tcn ep 60 val 1.3488 best 1.1364@ep35 pat 25 (694s)
  [Data_10] tcn ep 61 val 1.6470 best 1.1364@ep35 pat 26 (706s)
  [Data_10] tcn ep 62 val 1.3728 best 1.1364@ep35 pat 27 (718s)
  [Data_10] tcn ep 63 val 2.0025 best 1.1364@ep35 pat 28 (729s)
  [Data_10] tcn ep 64 val 1.3197 best 1.1364@ep35 pat 29 (741s)
  [Data_10] tcn ep 65 val 1.0929 best 1.0929@ep65 pat 0 (753s)
  [Data_10] tcn ep 66 val 1.2472 best 1.0929@ep65 pat 1 (764s)
  [Data_10] tcn ep 67 val 1.6050 best 1.0929@ep65 pat 2 (776s)
  [Data_10] tcn ep 68 val 2.3793 best 1.0929@ep65 pat 3 (788s)
  [Data_10] tcn ep 69 val 2.0533 best 1.0929@ep65 pat 4 (799s)
  [Data_10] tcn ep 70 val 2.0412 best 1.0929@ep65 pat 5 (811s)
  [Data_10] tcn ep 71 val 1.3659 best 1.0929@ep65 pat 6 (822s)
  [Data_10] tcn ep 72 val 1.5198 best 1.0929@ep65 pat 7 (834s)
  [Data_10] tcn ep 73 val 1.3275 best 1.0929@ep65 pat 8 (846s)
  [Data_10] tcn ep 74 val 1.7393 best 1.0929@ep65 pat 9 (858s)
  [Data_10] tcn ep 75 val 1.5266 best 1.0929@ep65 pat 10 (870s)
  [Data_10] tcn ep 76 val 1.6501 best 1.0929@ep65 pat 11 (882s)
  [Data_10] tcn ep 77 val 1.9344 best 1.0929@ep65 pat 12 (894s)
  [Data_10] tcn ep 78 val 2.0330 best 1.0929@ep65 pat 13 (906s)
  [Data_10] tcn ep 79 val 1.7340 best 1.0929@ep65 pat 14 (918s)
  [Data_10] tcn ep 80 val 1.7012 best 1.0929@ep65 pat 15 (930s)
  [Data_10] tcn ep 81 val 1.3234 best 1.0929@ep65 pat 16 (942s)
  [Data_10] tcn ep 82 val 1.1767 best 1.0929@ep65 pat 17 (953s)
  [Data_10] tcn ep 83 val 1.6520 best 1.0929@ep65 pat 18 (965s)
  [Data_10] tcn ep 84 val 2.1633 best 1.0929@ep65 pat 19 (977s)
  [Data_10] tcn ep 85 val 1.9735 best 1.0929@ep65 pat 20 (988s)
  [Data_10] tcn ep 86 val 2.0063 best 1.0929@ep65 pat 21 (999s)
  [Data_10] tcn ep 87 val 2.1760 best 1.0929@ep65 pat 22 (1010s)
  [Data_10] tcn ep 88 val 1.6433 best 1.0929@ep65 pat 23 (1022s)
  [Data_10] tcn ep 89 val 1.6101 best 1.0929@ep65 pat 24 (1033s)
  [Data_10] tcn ep 90 val 1.9625 best 1.0929@ep65 pat 25 (1044s)
  [Data_10] tcn ep 91 val 1.2854 best 1.0929@ep65 pat 26 (1055s)
  [Data_10] tcn ep 92 val 1.4072 best 1.0929@ep65 pat 27 (1067s)
  [Data_10] tcn ep 93 val 1.9361 best 1.0929@ep65 pat 28 (1078s)
  [Data_10] tcn ep 94 val 1.9146 best 1.0929@ep65 pat 29 (1089s)
  [Data_10] tcn ep 95 val 2.1360 best 1.0929@ep65 pat 30 (1100s)
  [Data_10] tcn ep 96 val 1.4550 best 1.0929@ep65 pat 31 (1111s)
  [Data_10] tcn ep 97 val 1.7175 best 1.0929@ep65 pat 32 (1122s)
  [Data_10] tcn ep 98 val 1.7205 best 1.0929@ep65 pat 33 (1134s)
  [Data_10] tcn ep 99 val 1.5890 best 1.0929@ep65 pat 34 (1145s)
  [Data_10] tcn ep 100 val 1.7660 best 1.0929@ep65 pat 35 (1156s)
  [Data_10] tcn ep 101 val 1.2508 best 1.0929@ep65 pat 36 (1167s)
  [Data_10] tcn ep 102 val 2.0332 best 1.0929@ep65 pat 37 (1178s)
  [Data_10] tcn ep 103 val 1.5019 best 1.0929@ep65 pat 38 (1190s)
  [Data_10] tcn ep 104 val 1.7801 best 1.0929@ep65 pat 39 (1201s)
  [Data_10] tcn ep 105 val 1.8130 best 1.0929@ep65 pat 40 (1212s)
  [Data_10] tcn ep 106 val 1.8863 best 1.0929@ep65 pat 41 (1223s)
  [Data_10] tcn ep 107 val 1.6345 best 1.0929@ep65 pat 42 (1234s)
  [Data_10] tcn ep 108 val 1.7104 best 1.0929@ep65 pat 43 (1245s)
  [Data_10] tcn ep 109 val 1.5076 best 1.0929@ep65 pat 44 (1256s)
  [Data_10] tcn ep 110 val 1.4632 best 1.0929@ep65 pat 45 (1267s)
  [Data_10] tcn ep 111 val 1.3558 best 1.0929@ep65 pat 46 (1279s)
  [Data_10] tcn ep 112 val 2.0242 best 1.0929@ep65 pat 47 (1290s)
  [Data_10] tcn ep 113 val 1.0536 best 1.0536@ep113 pat 0 (1301s)
  [Data_10] tcn ep 114 val 1.8106 best 1.0536@ep113 pat 1 (1312s)
  [Data_10] tcn ep 115 val 1.4200 best 1.0536@ep113 pat 2 (1323s)
  [Data_10] tcn ep 116 val 1.5159 best 1.0536@ep113 pat 3 (1335s)
  [Data_10] tcn ep 117 val 1.3697 best 1.0536@ep113 pat 4 (1346s)
  [Data_10] tcn ep 118 val 1.4674 best 1.0536@ep113 pat 5 (1357s)
  [Data_10] tcn ep 119 val 1.4103 best 1.0536@ep113 pat 6 (1368s)
  [Data_10] tcn ep 120 val 1.3131 best 1.0536@ep113 pat 7 (1379s)
  [Data_10] tcn ep 121 val 1.3049 best 1.0536@ep113 pat 8 (1391s)
  [Data_10] tcn ep 122 val 1.1812 best 1.0536@ep113 pat 9 (1402s)
  [Data_10] tcn ep 123 val 1.5483 best 1.0536@ep113 pat 10 (1413s)
  [Data_10] tcn ep 124 val 1.4235 best 1.0536@ep113 pat 11 (1424s)
  [Data_10] tcn ep 125 val 2.2326 best 1.0536@ep113 pat 12 (1436s)
  [Data_10] tcn ep 126 val 1.5942 best 1.0536@ep113 pat 13 (1447s)
  [Data_10] tcn ep 127 val 1.3593 best 1.0536@ep113 pat 14 (1458s)
  [Data_10] tcn ep 128 val 1.9090 best 1.0536@ep113 pat 15 (1469s)
  [Data_10] tcn ep 129 val 1.6298 best 1.0536@ep113 pat 16 (1481s)
  [Data_10] tcn ep 130 val 1.9756 best 1.0536@ep113 pat 17 (1492s)
  [Data_10] tcn ep 131 val 1.5308 best 1.0536@ep113 pat 18 (1503s)
  [Data_10] tcn ep 132 val 1.7501 best 1.0536@ep113 pat 19 (1514s)
  [Data_10] tcn ep 133 val 1.3176 best 1.0536@ep113 pat 20 (1525s)
  [Data_10] tcn ep 134 val 1.7106 best 1.0536@ep113 pat 21 (1537s)
  [Data_10] tcn ep 135 val 1.3207 best 1.0536@ep113 pat 22 (1548s)
  [Data_10] tcn ep 136 val 1.5742 best 1.0536@ep113 pat 23 (1559s)
  [Data_10] tcn ep 137 val 1.6258 best 1.0536@ep113 pat 24 (1570s)
  [Data_10] tcn ep 138 val 1.3971 best 1.0536@ep113 pat 25 (1581s)
  [Data_10] tcn ep 139 val 2.1839 best 1.0536@ep113 pat 26 (1593s)
  [Data_10] tcn ep 140 val 1.0758 best 1.0536@ep113 pat 27 (1603s)
  [Data_10] tcn ep 141 val 2.2780 best 1.0536@ep113 pat 28 (1613s)
  [Data_10] tcn ep 142 val 1.5756 best 1.0536@ep113 pat 29 (1624s)
  [Data_10] tcn ep 143 val 1.4437 best 1.0536@ep113 pat 30 (1634s)
  [Data_10] tcn ep 144 val 1.0932 best 1.0536@ep113 pat 31 (1645s)
  [Data_10] tcn ep 145 val 1.4689 best 1.0536@ep113 pat 32 (1656s)
  [Data_10] tcn ep 146 val 1.6069 best 1.0536@ep113 pat 33 (1667s)
  [Data_10] tcn ep 147 val 1.4478 best 1.0536@ep113 pat 34 (1677s)
  [Data_10] tcn ep 148 val 1.3022 best 1.0536@ep113 pat 35 (1688s)
  [Data_10] tcn ep 149 val 1.2540 best 1.0536@ep113 pat 36 (1699s)
  [Data_10] tcn ep 150 val 1.7650 best 1.0536@ep113 pat 37 (1709s)
  [Data_10] tcn ep 151 val 0.8298 best 0.8298@ep151 pat 0 (1720s)
  [Data_10] tcn ep 152 val 1.1954 best 0.8298@ep151 pat 1 (1731s)
  [Data_10] tcn ep 153 val 1.4224 best 0.8298@ep151 pat 2 (1741s)
  [Data_10] tcn ep 154 val 1.4001 best 0.8298@ep151 pat 3 (1752s)
  [Data_10] tcn ep 155 val 1.2401 best 0.8298@ep151 pat 4 (1763s)
  [Data_10] tcn ep 156 val 1.1548 best 0.8298@ep151 pat 5 (1774s)
  [Data_10] tcn ep 157 val 1.2842 best 0.8298@ep151 pat 6 (1784s)
  [Data_10] tcn ep 158 val 1.4376 best 0.8298@ep151 pat 7 (1795s)
  [Data_10] tcn ep 159 val 1.5213 best 0.8298@ep151 pat 8 (1806s)
  [Data_10] tcn ep 160 val 1.4169 best 0.8298@ep151 pat 9 (1816s)
  [Data_10] tcn ep 161 val 1.6004 best 0.8298@ep151 pat 10 (1827s)
  [Data_10] tcn ep 162 val 2.0075 best 0.8298@ep151 pat 11 (1838s)
  [Data_10] tcn ep 163 val 1.9882 best 0.8298@ep151 pat 12 (1849s)
  [Data_10] tcn ep 164 val 1.3944 best 0.8298@ep151 pat 13 (1859s)
  [Data_10] tcn ep 165 val 1.9292 best 0.8298@ep151 pat 14 (1868s)
  [Data_10] tcn ep 166 val 1.2590 best 0.8298@ep151 pat 15 (1877s)
  [Data_10] tcn ep 167 val 1.7583 best 0.8298@ep151 pat 16 (1886s)
  [Data_10] tcn ep 168 val 2.0095 best 0.8298@ep151 pat 17 (1896s)
  [Data_10] tcn ep 169 val 1.4334 best 0.8298@ep151 pat 18 (1905s)
  [Data_10] tcn ep 170 val 1.4561 best 0.8298@ep151 pat 19 (1914s)
  [Data_10] tcn ep 171 val 1.3994 best 0.8298@ep151 pat 20 (1923s)
  [Data_10] tcn ep 172 val 1.1960 best 0.8298@ep151 pat 21 (1933s)
  [Data_10] tcn ep 173 val 1.3737 best 0.8298@ep151 pat 22 (1942s)
  [Data_10] tcn ep 174 val 1.5256 best 0.8298@ep151 pat 23 (1951s)
  [Data_10] tcn ep 175 val 1.8623 best 0.8298@ep151 pat 24 (1960s)
  [Data_10] tcn ep 176 val 2.3995 best 0.8298@ep151 pat 25 (1969s)
  [Data_10] tcn ep 177 val 2.0604 best 0.8298@ep151 pat 26 (1977s)
  [Data_10] tcn ep 178 val 1.9948 best 0.8298@ep151 pat 27 (1985s)
  [Data_10] tcn ep 179 val 1.4608 best 0.8298@ep151 pat 28 (1993s)
  [Data_10] tcn ep 180 val 1.5969 best 0.8298@ep151 pat 29 (2001s)
  [Data_10] tcn ep 181 val 1.8440 best 0.8298@ep151 pat 30 (2009s)
  [Data_10] tcn ep 182 val 1.8914 best 0.8298@ep151 pat 31 (2017s)
  [Data_10] tcn ep 183 val 1.7214 best 0.8298@ep151 pat 32 (2025s)
  [Data_10] tcn ep 184 val 1.7843 best 0.8298@ep151 pat 33 (2033s)
  [Data_10] tcn ep 185 val 2.2727 best 0.8298@ep151 pat 34 (2041s)
  [Data_10] tcn ep 186 val 1.7715 best 0.8298@ep151 pat 35 (2049s)
  [Data_10] tcn ep 187 val 1.8595 best 0.8298@ep151 pat 36 (2057s)
  [Data_10] tcn ep 188 val 1.7303 best 0.8298@ep151 pat 37 (2065s)
  [Data_10] tcn ep 189 val 1.2371 best 0.8298@ep151 pat 38 (2073s)
  [Data_10] tcn ep 190 val 1.3074 best 0.8298@ep151 pat 39 (2079s)
  [Data_10] tcn ep 191 val 1.4139 best 0.8298@ep151 pat 40 (2085s)
  [Data_10] tcn ep 192 val 1.6357 best 0.8298@ep151 pat 41 (2091s)
  [Data_10] tcn ep 193 val 1.9634 best 0.8298@ep151 pat 42 (2097s)
  [Data_10] tcn ep 194 val 1.6014 best 0.8298@ep151 pat 43 (2102s)
  [Data_10] tcn ep 195 val 1.6141 best 0.8298@ep151 pat 44 (2108s)
  [Data_10] tcn ep 196 val 2.1387 best 0.8298@ep151 pat 45 (2114s)
  [Data_10] tcn ep 197 val 1.2850 best 0.8298@ep151 pat 46 (2119s)
  [Data_10] tcn ep 198 val 2.1804 best 0.8298@ep151 pat 47 (2124s)
  [Data_10] tcn ep 199 val 1.4173 best 0.8298@ep151 pat 48 (2130s)
  [Data_10] tcn ep 200 val 1.2847 best 0.8298@ep151 pat 49 (2135s)
  [Data_10] tcn ep 201 val 1.8323 best 0.8298@ep151 pat 50 (2140s)
*** tcn Data_10 mae_seq=0.9116 mae_shuf=22.8655
