command: python -m hingesense.baselines --method tcn --fold Data_08 --out results/raw/baselines/tcn --epochs 300 --patience 50
UserWarning: Can't initialize NVML
os: Linux-6.8.0-138-generic-x86_64-with-glibc2.35
cpu: Intel(R) Xeon(R) Platinum 8480C x224, ram 1007.5 GB
gpu: NVIDIA H100 (driver 580.173.02)
python 3.11.15, torch 2.12.0+cu130, cuda 13.0
=== tcn Data_08 dev=cuda:0 ===
  [Data_08] tcn cond=assembly sources=32
  [Data_08] tcn ep 0 val 4.9985 best 4.9985@ep0 pat 0 (13s)
  [Data_08] tcn ep 1 val 2.0414 best 2.0414@ep1 pat 0 (25s)
  [Data_08] tcn ep 2 val 1.9315 best 1.9315@ep2 pat 0 (38s)
  [Data_08] tcn ep 3 val 4.2441 best 1.9315@ep2 pat 1 (50s)
  [Data_08] tcn ep 4 val 2.0888 best 1.9315@ep2 pat 2 (62s)
  [Data_08] tcn ep 5 val 6.1527 best 1.9315@ep2 pat 3 (74s)
  [Data_08] tcn ep 6 val 4.9186 best 1.9315@ep2 pat 4 (86s)
  [Data_08] tcn ep 7 val 7.6899 best 1.9315@ep2 pat 5 (98s)
  [Data_08] tcn ep 8 val 3.4520 best 1.9315@ep2 pat 6 (109s)
  [Data_08] tcn ep 9 val 3.8154 best 1.9315@ep2 pat 7 (121s)
  [Data_08] tcn ep 10 val 3.2657 best 1.9315@ep2 pat 8 (132s)
  [Data_08] tcn ep 11 val 2.2181 best 1.9315@ep2 pat 9 (144s)
  [Data_08] tcn ep 12 val 4.3387 best 1.9315@ep2 pat 10 (155s)
  [Data_08] tcn ep 13 val 5.8570 best 1.9315@ep2 pat 11 (167s)
  [Data_08] tcn ep 14 val 4.4705 best 1.9315@ep2 pat 12 (178s)
  [Data_08] tcn ep 15 val 2.8293 best 1.9315@ep2 pat 13 (190s)
  [Data_08] tcn ep 16 val 3.3596 best 1.9315@ep2 pat 14 (201s)
  [Data_08] tcn ep 17 val 2.7435 best 1.9315@ep2 pat 15 (213s)
  [Data_08] tcn ep 18 val 2.8943 best 1.9315@ep2 pat 16 (225s)
  [Data_08] tcn ep 19 val 3.5293 best 1.9315@ep2 pat 17 (236s)
  [Data_08] tcn ep 20 val 4.6541 best 1.9315@ep2 pat 18 (248s)
  [Data_08] tcn ep 21 val 2.2664 best 1.9315@ep2 pat 19 (259s)
  [Data_08] tcn ep 22 val 2.4494 best 1.9315@ep2 pat 20 (271s)
  [Data_08] tcn ep 23 val 3.2525 best 1.9315@ep2 pat 21 (282s)
  [Data_08] tcn ep 24 val 3.6709 best 1.9315@ep2 pat 22 (294s)
  [Data_08] tcn ep 25 val 3.9049 best 1.9315@ep2 pat 23 (305s)
  [Data_08] tcn ep 26 val 3.1313 best 1.9315@ep2 pat 24 (316s)
  [Data_08] tcn ep 27 val 3.2605 best 1.9315@ep2 pat 25 (327s)
  [Data_08] tcn ep 28 val 3.5055 best 1.9315@ep2 pat 26 (338s)
  [Data_08] tcn ep 29 val 2.6659 best 1.9315@ep2 pat 27 (350s)
  [Data_08] tcn ep 30 val 3.8557 best 1.9315@ep2 pat 28 (361s)
  [Data_08] tcn ep 31 val 4.1439 best 1.9315@ep2 pat 29 (372s)
  [Data_08] tcn ep 32 val 3.3568 best 1.9315@ep2 pat 30 (384s)
  [Data_08] tcn ep 33 val 2.8219 best 1.9315@ep2 pat 31 (395s)
  [Data_08] tcn ep 34 val 2.9675 best 1.9315@ep2 pat 32 (406s)
  [Data_08] tcn ep 35 val 2.5507 best 1.9315@ep2 pat 33 (418s)
  [Data_08] tcn ep 36 val 4.9022 best 1.9315@ep2 pat 34 (429s)
  [Data_08] tcn ep 37 val 2.3198 best 1.9315@ep2 pat 35 (440s)
  [Data_08] tcn ep 38 val 3.3213 best 1.9315@ep2 pat 36 (452s)
  [Data_08] tcn ep 39 val 2.3414 best 1.9315@ep2 pat 37 (463s)
  [Data_08] tcn ep 40 val 3.3093 best 1.9315@ep2 pat 38 (474s)
  [Data_08] tcn ep 41 val 2.6759 best 1.9315@ep2 pat 39 (486s)
  [Data_08] tcn ep 42 val 3.4486 best 1.9315@ep2 pat 40 (497s)
  [Data_08] tcn ep 43 val 3.4787 best 1.9315@ep2 pat 41 (508s)
  [Data_08] tcn ep 44 val 3.5370 best 1.9315@ep2 pat 42 (520s)
  [Data_08] tcn ep 45 val 3.1795 best 1.9315@ep2 pat 43 (531s)
  [Data_08] tcn ep 46 val 3.5966 best 1.9315@ep2 pat 44 (542s)
  [Data_08] tcn ep 47 val 3.1032 best 1.9315@ep2 pat 45 (554s)
  [Data_08] tcn ep 48 val 3.8188 best 1.9315@ep2 pat 46 (565s)
  [Data_08] tcn ep 49 val 2.9124 best 1.9315@ep2 pat 47 (576s)
  [Data_08] tcn ep 50 val 3.9432 best 1.9315@ep2 pat 48 (586s)
  [Data_08] tcn ep 51 val 2.6558 best 1.9315@ep2 pat 49 (597s)
  [Data_08] tcn ep 52 val 2.9472 best 1.9315@ep2 pat 50 (608s)
*** tcn Data_08 mae_seq=2.1421 mae_shuf=19.6031
