command: python -m hingesense.baselines --method kalmannet --fold Data_04 --out results/raw/baselines/kalmannet --epochs 300 --patience 50
UserWarning: Can't initialize NVML
os: Linux-6.8.0-138-generic-x86_64-with-glibc2.35
cpu: Intel(R) Xeon(R) Platinum 8480C x224, ram 1007.5 GB
gpu: NVIDIA H100 (driver 580.173.02)
python 3.11.15, torch 2.12.0+cu130, cuda 13.0
=== kalmannet Data_04 dev=cuda:0 ===
  [Data_04] kalmannet cond=noload sources=52
  [Data_04] kalmannet ep 0 val 12.8107 best 12.8107@ep0 pat 0 (71s)
  [Data_04] kalmannet ep 1 val 14.7289 best 12.8107@ep0 pat 1 (141s)
  [Data_04] kalmannet ep 2 val 14.3122 best 12.8107@ep0 pat 2 (211s)
  [Data_04] kalmannet ep 3 val 15.9440 best 12.8107@ep0 pat 3 (281s)
  [Data_04] kalmannet ep 4 val 16.0174 best 12.8107@ep0 pat 4 (352s)
  [Data_04] kalmannet ep 5 val 17.3170 best 12.8107@ep0 pat 5 (422s)
  [Data_04] kalmannet ep 6 val 17.3549 best 12.8107@ep0 pat 6 (492s)
  [Data_04] kalmannet ep 7 val 17.8119 best 12.8107@ep0 pat 7 (562s)
  [Data_04] kalmannet ep 8 val 17.1651 best 12.8107@ep0 pat 8 (632s)
  [Data_04] kalmannet ep 9 val 17.1726 best 12.8107@ep0 pat 9 (702s)
  [Data_04] kalmannet ep 10 val 18.0596 best 12.8107@ep0 pat 10 (772s)
  [Data_04] kalmannet ep 11 val 19.1574 best 12.8107@ep0 pat 11 (841s)
  [Data_04] kalmannet ep 12 val 17.3811 best 12.8107@ep0 pat 12 (910s)
  [Data_04] kalmannet ep 13 val 18.2868 best 12.8107@ep0 pat 13 (978s)
  [Data_04] kalmannet ep 14 val 19.0684 best 12.8107@ep0 pat 14 (1043s)
  [Data_04] kalmannet ep 15 val 19.1623 best 12.8107@ep0 pat 15 (1108s)
  [Data_04] kalmannet ep 16 val 18.6867 best 12.8107@ep0 pat 16 (1173s)
  [Data_04] kalmannet ep 17 val 18.6337 best 12.8107@ep0 pat 17 (1237s)
  [Data_04] kalmannet ep 18 val 19.4232 best 12.8107@ep0 pat 18 (1301s)
  [Data_04] kalmannet ep 19 val 18.8304 best 12.8107@ep0 pat 19 (1365s)
  [Data_04] kalmannet ep 20 val 18.6908 best 12.8107@ep0 pat 20 (1430s)
  [Data_04] kalmannet ep 21 val 18.6570 best 12.8107@ep0 pat 21 (1491s)
  [Data_04] kalmannet ep 22 val 19.9809 best 12.8107@ep0 pat 22 (1553s)
  [Data_04] kalmannet ep 23 val 18.0498 best 12.8107@ep0 pat 23 (1615s)
  [Data_04] kalmannet ep 24 val 18.0089 best 12.8107@ep0 pat 24 (1676s)
  [Data_04] kalmannet ep 25 val 17.0531 best 12.8107@ep0 pat 25 (1741s)
  [Data_04] kalmannet ep 26 val 16.9802 best 12.8107@ep0 pat 26 (1806s)
  [Data_04] kalmannet ep 27 val 17.2683 best 12.8107@ep0 pat 27 (1871s)
  [Data_04] kalmannet ep 28 val 17.0270 best 12.8107@ep0 pat 28 (1936s)
  [Data_04] kalmannet ep 29 val 17.4253 best 12.8107@ep0 pat 29 (2001s)
  [Data_04] kalmannet ep 30 val 18.4010 best 12.8107@ep0 pat 30 (2067s)
  [Data_04] kalmannet ep 31 val 19.3845 best 12.8107@ep0 pat 31 (2134s)
  [Data_04] kalmannet ep 32 val 22.8348 best 12.8107@ep0 pat 32 (2198s)
  [Data_04] kalmannet ep 33 val 21.4121 best 12.8107@ep0 pat 33 (2261s)
  [Data_04] kalmannet ep 34 val 22.7843 best 12.8107@ep0 pat 34 (2323s)
  [Data_04] kalmannet ep 35 val 23.4289 best 12.8107@ep0 pat 35 (2386s)
  [Data_04] kalmannet ep 36 val 107.9396 best 12.8107@ep0 pat 36 (2448s)
  [Data_04] kalmannet ep 37 val 22.3937 best 12.8107@ep0 pat 37 (2510s)
  [Data_04] kalmannet ep 38 val 25.6107 best 12.8107@ep0 pat 38 (2573s)
  [Data_04] kalmannet ep 39 val 22.4027 best 12.8107@ep0 pat 39 (2636s)
  [Data_04] kalmannet ep 40 val 22.6161 best 12.8107@ep0 pat 40 (2698s)
  [Data_04] kalmannet ep 41 val 22.1432 best 12.8107@ep0 pat 41 (2761s)
  [Data_04] kalmannet ep 42 val 21.6238 best 12.8107@ep0 pat 42 (2821s)
  [Data_04] kalmannet ep 43 val 21.0938 best 12.8107@ep0 pat 43 (2881s)
  [Data_04] kalmannet ep 44 val 21.9546 best 12.8107@ep0 pat 44 (2940s)
  [Data_04] kalmannet ep 45 val 27.3055 best 12.8107@ep0 pat 45 (3000s)
  [Data_04] kalmannet ep 46 val 21.8501 best 12.8107@ep0 pat 46 (3058s)
  [Data_04] kalmannet ep 47 val 25.8479 best 12.8107@ep0 pat 47 (3109s)
  [Data_04] kalmannet ep 48 val 22.3585 best 12.8107@ep0 pat 48 (3159s)
  [Data_04] kalmannet ep 49 val 31.6540 best 12.8107@ep0 pat 49 (3204s)
  [Data_04] kalmannet ep 50 val 21.0381 best 12.8107@ep0 pat 50 (3249s)
*** kalmannet Data_04 mae_seq=12.9152 mae_shuf=12.9521
