command: python -m hingesense.baselines --method kalmannet --fold Data_01 --out results/raw/baselines/kalmannet --epochs 300 --patience 50
UserWarning: Can't initialize NVML
os: Linux-6.8.0-138-generic-x86_64-with-glibc2.35
cpu: Intel(R) Xeon(R) Platinum 8480C x224, ram 1007.5 GB
gpu: NVIDIA H100 (driver 580.173.02)
python 3.11.15, torch 2.12.0+cu130, cuda 13.0
=== kalmannet Data_01 dev=cuda:0 ===
  [Data_01] kalmannet cond=noload sources=52
  [Data_01] kalmannet ep 0 val 4.8943 best 4.8943@ep0 pat 0 (67s)
  [Data_01] kalmannet ep 1 val 4.6809 best 4.6809@ep1 pat 0 (134s)
  [Data_01] kalmannet ep 2 val 5.4705 best 4.6809@ep1 pat 1 (201s)
  [Data_01] kalmannet ep 3 val 5.6334 best 4.6809@ep1 pat 2 (268s)
  [Data_01] kalmannet ep 4 val 5.1161 best 4.6809@ep1 pat 3 (334s)
  [Data_01] kalmannet ep 5 val 5.6644 best 4.6809@ep1 pat 4 (401s)
  [Data_01] kalmannet ep 6 val 5.5566 best 4.6809@ep1 pat 5 (468s)
  [Data_01] kalmannet ep 7 val 5.6476 best 4.6809@ep1 pat 6 (535s)
  [Data_01] kalmannet ep 8 val 5.0766 best 4.6809@ep1 pat 7 (602s)
  [Data_01] kalmannet ep 9 val 5.1641 best 4.6809@ep1 pat 8 (668s)
  [Data_01] kalmannet ep 10 val 5.6479 best 4.6809@ep1 pat 9 (733s)
  [Data_01] kalmannet ep 11 val 4.7107 best 4.6809@ep1 pat 10 (791s)
  [Data_01] kalmannet ep 12 val 5.6982 best 4.6809@ep1 pat 11 (850s)
  [Data_01] kalmannet ep 13 val 5.2996 best 4.6809@ep1 pat 12 (909s)
  [Data_01] kalmannet ep 14 val 5.8568 best 4.6809@ep1 pat 13 (968s)
  [Data_01] kalmannet ep 15 val 6.0954 best 4.6809@ep1 pat 14 (1029s)
  [Data_01] kalmannet ep 16 val 5.2245 best 4.6809@ep1 pat 15 (1090s)
  [Data_01] kalmannet ep 17 val 5.1987 best 4.6809@ep1 pat 16 (1151s)
  [Data_01] kalmannet ep 18 val 13.1039 best 4.6809@ep1 pat 17 (1212s)
  [Data_01] kalmannet ep 19 val 4.8290 best 4.6809@ep1 pat 18 (1272s)
  [Data_01] kalmannet ep 20 val 4.7078 best 4.6809@ep1 pat 19 (1331s)
  [Data_01] kalmannet ep 21 val 4.6604 best 4.6604@ep21 pat 0 (1390s)
  [Data_01] kalmannet ep 22 val 4.8176 best 4.6604@ep21 pat 1 (1446s)
  [Data_01] kalmannet ep 23 val 4.7102 best 4.6604@ep21 pat 2 (1501s)
  [Data_01] kalmannet ep 24 val 4.5328 best 4.5328@ep24 pat 0 (1559s)
  [Data_01] kalmannet ep 25 val 4.5381 best 4.5328@ep24 pat 1 (1618s)
  [Data_01] kalmannet ep 26 val 4.5945 best 4.5328@ep24 pat 2 (1675s)
  [Data_01] kalmannet ep 27 val 4.6642 best 4.5328@ep24 pat 3 (1733s)
  [Data_01] kalmannet ep 28 val 4.3399 best 4.3399@ep28 pat 0 (1791s)
  [Data_01] kalmannet ep 29 val 4.3495 best 4.3399@ep28 pat 1 (1848s)
  [Data_01] kalmannet ep 30 val 4.8125 best 4.3399@ep28 pat 2 (1906s)
  [Data_01] kalmannet ep 31 val 4.7455 best 4.3399@ep28 pat 3 (1964s)
  [Data_01] kalmannet ep 32 val 4.2906 best 4.2906@ep32 pat 0 (2021s)
  [Data_01] kalmannet ep 33 val 3.9299 best 3.9299@ep33 pat 0 (2079s)
  [Data_01] kalmannet ep 34 val 4.6240 best 3.9299@ep33 pat 1 (2136s)
  [Data_01] kalmannet ep 35 val 4.8974 best 3.9299@ep33 pat 2 (2194s)
  [Data_01] kalmannet ep 36 val 3.9154 best 3.9154@ep36 pat 0 (2255s)
  [Data_01] kalmannet ep 37 val 3.9084 best 3.9084@ep37 pat 0 (2316s)
  [Data_01] kalmannet ep 38 val 3.8560 best 3.8560@ep38 pat 0 (2377s)
  [Data_01] kalmannet ep 39 val 3.9624 best 3.8560@ep38 pat 1 (2438s)
  [Data_01] kalmannet ep 40 val 4.2432 best 3.8560@ep38 pat 2 (2499s)
  [Data_01] kalmannet ep 41 val 4.2969 best 3.8560@ep38 pat 3 (2559s)
  [Data_01] kalmannet ep 42 val 4.5952 best 3.8560@ep38 pat 4 (2620s)
  [Data_01] kalmannet ep 43 val 4.0725 best 3.8560@ep38 pat 5 (2680s)
  [Data_01] kalmannet ep 44 val 4.5034 best 3.8560@ep38 pat 6 (2741s)
  [Data_01] kalmannet ep 45 val 3.8877 best 3.8560@ep38 pat 7 (2801s)
  [Data_01] kalmannet ep 46 val 4.4174 best 3.8560@ep38 pat 8 (2859s)
  [Data_01] kalmannet ep 47 val 4.8050 best 3.8560@ep38 pat 9 (2916s)
  [Data_01] kalmannet ep 48 val 4.5289 best 3.8560@ep38 pat 10 (2973s)
  [Data_01] kalmannet ep 49 val 4.1322 best 3.8560@ep38 pat 11 (3028s)
  [Data_01] kalmannet ep 50 val 4.0213 best 3.8560@ep38 pat 12 (3082s)
  [Data_01] kalmannet ep 51 val 4.4936 best 3.8560@ep38 pat 13 (3134s)
  [Data_01] kalmannet ep 52 val 4.1437 best 3.8560@ep38 pat 14 (3188s)
  [Data_01] kalmannet ep 53 val 4.5031 best 3.8560@ep38 pat 15 (3242s)
  [Data_01] kalmannet ep 54 val 5.0971 best 3.8560@ep38 pat 16 (3296s)
  [Data_01] kalmannet ep 55 val 4.2521 best 3.8560@ep38 pat 17 (3349s)
  [Data_01] kalmannet ep 56 val 4.2236 best 3.8560@ep38 pat 18 (3402s)
  [Data_01] kalmannet ep 57 val 4.4570 best 3.8560@ep38 pat 19 (3452s)
  [Data_01] kalmannet ep 58 val 4.2516 best 3.8560@ep38 pat 20 (3515s)
  [Data_01] kalmannet ep 59 val 4.6462 best 3.8560@ep38 pat 21 (3589s)
  [Data_01] kalmannet ep 60 val 5.3226 best 3.8560@ep38 pat 22 (3709s)
  [Data_01] kalmannet ep 61 val 4.4660 best 3.8560@ep38 pat 23 (3841s)
  [Data_01] kalmannet ep 62 val 3.9008 best 3.8560@ep38 pat 24 (3966s)
  [Data_01] kalmannet ep 63 val 5.3488 best 3.8560@ep38 pat 25 (4086s)
  [Data_01] kalmannet ep 64 val 4.4308 best 3.8560@ep38 pat 26 (4166s)
  [Data_01] kalmannet ep 65 val 4.6615 best 3.8560@ep38 pat 27 (4216s)
  [Data_01] kalmannet ep 66 val 4.3527 best 3.8560@ep38 pat 28 (4251s)
  [Data_01] kalmannet ep 67 val 5.0031 best 3.8560@ep38 pat 29 (4285s)
  [Data_01] kalmannet ep 68 val 5.0883 best 3.8560@ep38 pat 30 (4319s)
  [Data_01] kalmannet ep 69 val 4.6020 best 3.8560@ep38 pat 31 (4353s)
  [Data_01] kalmannet ep 70 val 4.0200 best 3.8560@ep38 pat 32 (4387s)
  [Data_01] kalmannet ep 71 val 4.5647 best 3.8560@ep38 pat 33 (4421s)
  [Data_01] kalmannet ep 72 val 4.0158 best 3.8560@ep38 pat 34 (4455s)
  [Data_01] kalmannet ep 73 val 4.1115 best 3.8560@ep38 pat 35 (4489s)
  [Data_01] kalmannet ep 74 val 5.0504 best 3.8560@ep38 pat 36 (4523s)
  [Data_01] kalmannet ep 75 val 4.3966 best 3.8560@ep38 pat 37 (4557s)
  [Data_01] kalmannet ep 76 val 4.6337 best 3.8560@ep38 pat 38 (4591s)
  [Data_01] kalmannet ep 77 val 5.7092 best 3.8560@ep38 pat 39 (4625s)
  [Data_01] kalmannet ep 78 val 7.1555 best 3.8560@ep38 pat 40 (4659s)
  [Data_01] kalmannet ep 79 val 3.8274 best 3.8274@ep79 pat 0 (4693s)
  [Data_01] kalmannet ep 80 val 4.5293 best 3.8274@ep79 pat 1 (4727s)
  [Data_01] kalmannet ep 81 val 4.3732 best 3.8274@ep79 pat 2 (4761s)
  [Data_01] kalmannet ep 82 val 4.8543 best 3.8274@ep79 pat 3 (4795s)
  [Data_01] kalmannet ep 83 val 3.6564 best 3.6564@ep83 pat 0 (4829s)
  [Data_01] kalmannet ep 84 val 4.6730 best 3.6564@ep83 pat 1 (4862s)
  [Data_01] kalmannet ep 85 val 4.0860 best 3.6564@ep83 pat 2 (4896s)
  [Data_01] kalmannet ep 86 val 3.9552 best 3.6564@ep83 pat 3 (4930s)
  [Data_01] kalmannet ep 87 val 4.0123 best 3.6564@ep83 pat 4 (4964s)
  [Data_01] kalmannet ep 88 val 4.2388 best 3.6564@ep83 pat 5 (4998s)
  [Data_01] kalmannet ep 89 val 5.4878 best 3.6564@ep83 pat 6 (5032s)
  [Data_01] kalmannet ep 90 val 3.8779 best 3.6564@ep83 pat 7 (5065s)
  [Data_01] kalmannet ep 91 val 5.1008 best 3.6564@ep83 pat 8 (5098s)
  [Data_01] kalmannet ep 92 val 3.9002 best 3.6564@ep83 pat 9 (5129s)
  [Data_01] kalmannet ep 93 val 5.4197 best 3.6564@ep83 pat 10 (5160s)
  [Data_01] kalmannet ep 94 val 5.3628 best 3.6564@ep83 pat 11 (5191s)
  [Data_01] kalmannet ep 95 val 4.7982 best 3.6564@ep83 pat 12 (5222s)
  [Data_01] kalmannet ep 96 val 4.9758 best 3.6564@ep83 pat 13 (5252s)
  [Data_01] kalmannet ep 97 val 4.1842 best 3.6564@ep83 pat 14 (5283s)
  [Data_01] kalmannet ep 98 val 4.1369 best 3.6564@ep83 pat 15 (5314s)
  [Data_01] kalmannet ep 99 val 4.0024 best 3.6564@ep83 pat 16 (5344s)
  [Data_01] kalmannet ep 100 val 3.6835 best 3.6564@ep83 pat 17 (5375s)
  [Data_01] kalmannet ep 101 val 4.7171 best 3.6564@ep83 pat 18 (5405s)
  [Data_01] kalmannet ep 102 val 4.9244 best 3.6564@ep83 pat 19 (5435s)
  [Data_01] kalmannet ep 103 val 4.4543 best 3.6564@ep83 pat 20 (5464s)
  [Data_01] kalmannet ep 104 val 3.7749 best 3.6564@ep83 pat 21 (5493s)
  [Data_01] kalmannet ep 105 val 3.7924 best 3.6564@ep83 pat 22 (5522s)
  [Data_01] kalmannet ep 106 val 4.7900 best 3.6564@ep83 pat 23 (5551s)
  [Data_01] kalmannet ep 107 val 3.9355 best 3.6564@ep83 pat 24 (5581s)
  [Data_01] kalmannet ep 108 val 3.5506 best 3.5506@ep108 pat 0 (5610s)
  [Data_01] kalmannet ep 109 val 4.6239 best 3.5506@ep108 pat 1 (5639s)
  [Data_01] kalmannet ep 110 val 4.0413 best 3.5506@ep108 pat 2 (5668s)
  [Data_01] kalmannet ep 111 val 4.1613 best 3.5506@ep108 pat 3 (5698s)
  [Data_01] kalmannet ep 112 val 3.9556 best 3.5506@ep108 pat 4 (5727s)
  [Data_01] kalmannet ep 113 val 4.1558 best 3.5506@ep108 pat 5 (5756s)
  [Data_01] kalmannet ep 114 val 3.9428 best 3.5506@ep108 pat 6 (5785s)
  [Data_01] kalmannet ep 115 val 3.4882 best 3.4882@ep115 pat 0 (5814s)
  [Data_01] kalmannet ep 116 val 3.3631 best 3.3631@ep116 pat 0 (5843s)
  [Data_01] kalmannet ep 117 val 3.9456 best 3.3631@ep116 pat 1 (5872s)
  [Data_01] kalmannet ep 118 val 3.8477 best 3.3631@ep116 pat 2 (5901s)
  [Data_01] kalmannet ep 119 val 4.6608 best 3.3631@ep116 pat 3 (5931s)
  [Data_01] kalmannet ep 120 val 4.3956 best 3.3631@ep116 pat 4 (5960s)
  [Data_01] kalmannet ep 121 val 4.1607 best 3.3631@ep116 pat 5 (5989s)
  [Data_01] kalmannet ep 122 val 3.5748 best 3.3631@ep116 pat 6 (6018s)
  [Data_01] kalmannet ep 123 val 3.8399 best 3.3631@ep116 pat 7 (6047s)
  [Data_01] kalmannet ep 124 val 3.0855 best 3.0855@ep124 pat 0 (6076s)
  [Data_01] kalmannet ep 125 val 4.2528 best 3.0855@ep124 pat 1 (6105s)
  [Data_01] kalmannet ep 126 val 4.1103 best 3.0855@ep124 pat 2 (6134s)
  [Data_01] kalmannet ep 127 val 3.9698 best 3.0855@ep124 pat 3 (6163s)
  [Data_01] kalmannet ep 128 val 4.0083 best 3.0855@ep124 pat 4 (6192s)
  [Data_01] kalmannet ep 129 val 3.9018 best 3.0855@ep124 pat 5 (6221s)
  [Data_01] kalmannet ep 130 val 3.2891 best 3.0855@ep124 pat 6 (6251s)
  [Data_01] kalmannet ep 131 val 4.6451 best 3.0855@ep124 pat 7 (6280s)
  [Data_01] kalmannet ep 132 val 3.4916 best 3.0855@ep124 pat 8 (6309s)
  [Data_01] kalmannet ep 133 val 5.1281 best 3.0855@ep124 pat 9 (6338s)
  [Data_01] kalmannet ep 134 val 3.4895 best 3.0855@ep124 pat 10 (6367s)
  [Data_01] kalmannet ep 135 val 5.2244 best 3.0855@ep124 pat 11 (6395s)
  [Data_01] kalmannet ep 136 val 5.9008 best 3.0855@ep124 pat 12 (6423s)
  [Data_01] kalmannet ep 137 val 5.3769 best 3.0855@ep124 pat 13 (6450s)
  [Data_01] kalmannet ep 138 val 4.4615 best 3.0855@ep124 pat 14 (6477s)
  [Data_01] kalmannet ep 139 val 4.0725 best 3.0855@ep124 pat 15 (6505s)
  [Data_01] kalmannet ep 140 val 4.8728 best 3.0855@ep124 pat 16 (6532s)
  [Data_01] kalmannet ep 141 val 4.7307 best 3.0855@ep124 pat 17 (6560s)
  [Data_01] kalmannet ep 142 val 4.7125 best 3.0855@ep124 pat 18 (6587s)
  [Data_01] kalmannet ep 143 val 7.5605 best 3.0855@ep124 pat 19 (6614s)
  [Data_01] kalmannet ep 144 val 3.7353 best 3.0855@ep124 pat 20 (6641s)
  [Data_01] kalmannet ep 145 val 6.0918 best 3.0855@ep124 pat 21 (6667s)
  [Data_01] kalmannet ep 146 val 5.4730 best 3.0855@ep124 pat 22 (6692s)
  [Data_01] kalmannet ep 147 val 3.1763 best 3.0855@ep124 pat 23 (6718s)
  [Data_01] kalmannet ep 148 val 4.2967 best 3.0855@ep124 pat 24 (6744s)
  [Data_01] kalmannet ep 149 val 5.0557 best 3.0855@ep124 pat 25 (6770s)
  [Data_01] kalmannet ep 150 val 3.9892 best 3.0855@ep124 pat 26 (6795s)
  [Data_01] kalmannet ep 151 val 3.1851 best 3.0855@ep124 pat 27 (6821s)
  [Data_01] kalmannet ep 152 val 4.5673 best 3.0855@ep124 pat 28 (6851s)
  [Data_01] kalmannet ep 153 val 4.8131 best 3.0855@ep124 pat 29 (6885s)
  [Data_01] kalmannet ep 154 val 4.0726 best 3.0855@ep124 pat 30 (6919s)
  [Data_01] kalmannet ep 155 val 4.0757 best 3.0855@ep124 pat 31 (6953s)
  [Data_01] kalmannet ep 156 val 4.1827 best 3.0855@ep124 pat 32 (6987s)
  [Data_01] kalmannet ep 157 val 4.9418 best 3.0855@ep124 pat 33 (7021s)
  [Data_01] kalmannet ep 158 val 4.7341 best 3.0855@ep124 pat 34 (7054s)
  [Data_01] kalmannet ep 159 val 4.4142 best 3.0855@ep124 pat 35 (7088s)
  [Data_01] kalmannet ep 160 val 3.8644 best 3.0855@ep124 pat 36 (7122s)
  [Data_01] kalmannet ep 161 val 5.0174 best 3.0855@ep124 pat 37 (7155s)
  [Data_01] kalmannet ep 162 val 4.0584 best 3.0855@ep124 pat 38 (7189s)
  [Data_01] kalmannet ep 163 val 3.9318 best 3.0855@ep124 pat 39 (7223s)
  [Data_01] kalmannet ep 164 val 5.5455 best 3.0855@ep124 pat 40 (7257s)
  [Data_01] kalmannet ep 165 val 4.6111 best 3.0855@ep124 pat 41 (7291s)
  [Data_01] kalmannet ep 166 val 5.7791 best 3.0855@ep124 pat 42 (7325s)
  [Data_01] kalmannet ep 167 val 5.3363 best 3.0855@ep124 pat 43 (7358s)
  [Data_01] kalmannet ep 168 val 4.5956 best 3.0855@ep124 pat 44 (7392s)
  [Data_01] kalmannet ep 169 val 4.5640 best 3.0855@ep124 pat 45 (7426s)
  [Data_01] kalmannet ep 170 val 5.5089 best 3.0855@ep124 pat 46 (7460s)
  [Data_01] kalmannet ep 171 val 4.9620 best 3.0855@ep124 pat 47 (7494s)
  [Data_01] kalmannet ep 172 val 6.1454 best 3.0855@ep124 pat 48 (7528s)
  [Data_01] kalmannet ep 173 val 4.9816 best 3.0855@ep124 pat 49 (7562s)
  [Data_01] kalmannet ep 174 val 6.8374 best 3.0855@ep124 pat 50 (7595s)
*** kalmannet Data_01 mae_seq=3.22 mae_shuf=22.7942
