command: python -m hingesense.baselines --method kalmannet --fold Data_08 --out results/raw/baselines/kalmannet --epochs 300 --patience 50
UserWarning: Can't initialize NVML
os: Linux-6.8.0-138-generic-x86_64-with-glibc2.35
cpu: Intel(R) Xeon(R) Platinum 8480C x224, ram 1007.5 GB
gpu: NVIDIA H100 (driver 580.173.02)
python 3.11.15, torch 2.12.0+cu130, cuda 13.0
=== kalmannet Data_08 dev=cuda:0 ===
  [Data_08] kalmannet cond=assembly sources=32
  [Data_08] kalmannet ep 0 val 6.7369 best 6.7369@ep0 pat 0 (60s)
  [Data_08] kalmannet ep 1 val 3.4456 best 3.4456@ep1 pat 0 (126s)
  [Data_08] kalmannet ep 2 val 2.6444 best 2.6444@ep2 pat 0 (192s)
  [Data_08] kalmannet ep 3 val 3.5954 best 2.6444@ep2 pat 1 (258s)
  [Data_08] kalmannet ep 4 val 2.4666 best 2.4666@ep4 pat 0 (324s)
  [Data_08] kalmannet ep 5 val 3.1045 best 2.4666@ep4 pat 1 (390s)
  [Data_08] kalmannet ep 6 val 2.7422 best 2.4666@ep4 pat 2 (456s)
  [Data_08] kalmannet ep 7 val 3.0334 best 2.4666@ep4 pat 3 (522s)
  [Data_08] kalmannet ep 8 val 3.2116 best 2.4666@ep4 pat 4 (588s)
  [Data_08] kalmannet ep 9 val 2.8979 best 2.4666@ep4 pat 5 (654s)
  [Data_08] kalmannet ep 10 val 3.2185 best 2.4666@ep4 pat 6 (720s)
  [Data_08] kalmannet ep 11 val 3.1361 best 2.4666@ep4 pat 7 (785s)
  [Data_08] kalmannet ep 12 val 3.1983 best 2.4666@ep4 pat 8 (850s)
  [Data_08] kalmannet ep 13 val 3.4893 best 2.4666@ep4 pat 9 (914s)
  [Data_08] kalmannet ep 14 val 3.3833 best 2.4666@ep4 pat 10 (978s)
  [Data_08] kalmannet ep 15 val 3.5020 best 2.4666@ep4 pat 11 (1040s)
  [Data_08] kalmannet ep 16 val 4.0125 best 2.4666@ep4 pat 12 (1101s)
  [Data_08] kalmannet ep 17 val 3.2375 best 2.4666@ep4 pat 13 (1162s)
  [Data_08] kalmannet ep 18 val 3.4412 best 2.4666@ep4 pat 14 (1222s)
  [Data_08] kalmannet ep 19 val 3.3472 best 2.4666@ep4 pat 15 (1282s)
  [Data_08] kalmannet ep 20 val 3.6233 best 2.4666@ep4 pat 16 (1343s)
  [Data_08] kalmannet ep 21 val 3.8825 best 2.4666@ep4 pat 17 (1403s)
  [Data_08] kalmannet ep 22 val 3.2277 best 2.4666@ep4 pat 18 (1462s)
  [Data_08] kalmannet ep 23 val 3.4312 best 2.4666@ep4 pat 19 (1520s)
  [Data_08] kalmannet ep 24 val 3.6213 best 2.4666@ep4 pat 20 (1577s)
  [Data_08] kalmannet ep 25 val 3.7370 best 2.4666@ep4 pat 21 (1636s)
  [Data_08] kalmannet ep 26 val 4.3669 best 2.4666@ep4 pat 22 (1694s)
  [Data_08] kalmannet ep 27 val 3.8741 best 2.4666@ep4 pat 23 (1755s)
  [Data_08] kalmannet ep 28 val 3.9526 best 2.4666@ep4 pat 24 (1816s)
  [Data_08] kalmannet ep 29 val 4.0201 best 2.4666@ep4 pat 25 (1877s)
  [Data_08] kalmannet ep 30 val 3.9742 best 2.4666@ep4 pat 26 (1939s)
  [Data_08] kalmannet ep 31 val 3.9252 best 2.4666@ep4 pat 27 (2000s)
  [Data_08] kalmannet ep 32 val 3.5266 best 2.4666@ep4 pat 28 (2061s)
  [Data_08] kalmannet ep 33 val 3.5813 best 2.4666@ep4 pat 29 (2124s)
  [Data_08] kalmannet ep 34 val 4.1468 best 2.4666@ep4 pat 30 (2185s)
  [Data_08] kalmannet ep 35 val 3.4466 best 2.4666@ep4 pat 31 (2244s)
  [Data_08] kalmannet ep 36 val 3.8893 best 2.4666@ep4 pat 32 (2303s)
  [Data_08] kalmannet ep 37 val 4.0135 best 2.4666@ep4 pat 33 (2362s)
  [Data_08] kalmannet ep 38 val 3.3668 best 2.4666@ep4 pat 34 (2421s)
  [Data_08] kalmannet ep 39 val 3.6405 best 2.4666@ep4 pat 35 (2479s)
  [Data_08] kalmannet ep 40 val 4.1581 best 2.4666@ep4 pat 36 (2538s)
  [Data_08] kalmannet ep 41 val 2.8278 best 2.4666@ep4 pat 37 (2597s)
  [Data_08] kalmannet ep 42 val 3.8960 best 2.4666@ep4 pat 38 (2656s)
  [Data_08] kalmannet ep 43 val 4.3028 best 2.4666@ep4 pat 39 (2714s)
  [Data_08] kalmannet ep 44 val 4.2960 best 2.4666@ep4 pat 40 (2773s)
  [Data_08] kalmannet ep 45 val 3.9169 best 2.4666@ep4 pat 41 (2829s)
  [Data_08] kalmannet ep 46 val 3.5726 best 2.4666@ep4 pat 42 (2885s)
  [Data_08] kalmannet ep 47 val 4.5833 best 2.4666@ep4 pat 43 (2941s)
  [Data_08] kalmannet ep 48 val 3.6289 best 2.4666@ep4 pat 44 (2997s)
  [Data_08] kalmannet ep 49 val 3.2611 best 2.4666@ep4 pat 45 (3053s)
  [Data_08] kalmannet ep 50 val 3.6105 best 2.4666@ep4 pat 46 (3102s)
  [Data_08] kalmannet ep 51 val 3.8250 best 2.4666@ep4 pat 47 (3150s)
  [Data_08] kalmannet ep 52 val 3.7711 best 2.4666@ep4 pat 48 (3193s)
  [Data_08] kalmannet ep 53 val 3.0299 best 2.4666@ep4 pat 49 (3235s)
  [Data_08] kalmannet ep 54 val 2.9365 best 2.4666@ep4 pat 50 (3275s)
*** kalmannet Data_08 mae_seq=2.3668 mae_shuf=3.4367
