command: python -m hingesense.baselines --method kalmannet --fold Data_02 --out results/raw/baselines/kalmannet --epochs 300 --patience 50
UserWarning: Can't initialize NVML
os: Linux-6.8.0-138-generic-x86_64-with-glibc2.35
cpu: Intel(R) Xeon(R) Platinum 8480C x224, ram 1007.5 GB
gpu: NVIDIA H100 (driver 580.173.02)
python 3.11.15, torch 2.12.0+cu130, cuda 13.0
=== kalmannet Data_02 dev=cuda:0 ===
  [Data_02] kalmannet cond=noload sources=52
  [Data_02] kalmannet ep 0 val 6.6461 best 6.6461@ep0 pat 0 (69s)
  [Data_02] kalmannet ep 1 val 4.9643 best 4.9643@ep1 pat 0 (138s)
  [Data_02] kalmannet ep 2 val 4.9490 best 4.9490@ep2 pat 0 (207s)
  [Data_02] kalmannet ep 3 val 5.6599 best 4.9490@ep2 pat 1 (277s)
  [Data_02] kalmannet ep 4 val 4.7704 best 4.7704@ep4 pat 0 (347s)
  [Data_02] kalmannet ep 5 val 7.3845 best 4.7704@ep4 pat 1 (416s)
  [Data_02] kalmannet ep 6 val 7.0636 best 4.7704@ep4 pat 2 (486s)
  [Data_02] kalmannet ep 7 val 6.3828 best 4.7704@ep4 pat 3 (555s)
  [Data_02] kalmannet ep 8 val 8.2004 best 4.7704@ep4 pat 4 (625s)
  [Data_02] kalmannet ep 9 val 6.4764 best 4.7704@ep4 pat 5 (694s)
  [Data_02] kalmannet ep 10 val 8.3471 best 4.7704@ep4 pat 6 (763s)
  [Data_02] kalmannet ep 11 val 6.2666 best 4.7704@ep4 pat 7 (832s)
  [Data_02] kalmannet ep 12 val 6.3888 best 4.7704@ep4 pat 8 (900s)
  [Data_02] kalmannet ep 13 val 7.1344 best 4.7704@ep4 pat 9 (968s)
  [Data_02] kalmannet ep 14 val 6.2473 best 4.7704@ep4 pat 10 (1033s)
  [Data_02] kalmannet ep 15 val 7.0366 best 4.7704@ep4 pat 11 (1098s)
  [Data_02] kalmannet ep 16 val 5.8556 best 4.7704@ep4 pat 12 (1162s)
  [Data_02] kalmannet ep 17 val 6.0730 best 4.7704@ep4 pat 13 (1225s)
  [Data_02] kalmannet ep 18 val 7.6854 best 4.7704@ep4 pat 14 (1289s)
  [Data_02] kalmannet ep 19 val 7.7087 best 4.7704@ep4 pat 15 (1353s)
  [Data_02] kalmannet ep 20 val 7.1780 best 4.7704@ep4 pat 16 (1416s)
  [Data_02] kalmannet ep 21 val 5.6895 best 4.7704@ep4 pat 17 (1478s)
  [Data_02] kalmannet ep 22 val 6.9195 best 4.7704@ep4 pat 18 (1539s)
  [Data_02] kalmannet ep 23 val 7.7130 best 4.7704@ep4 pat 19 (1600s)
  [Data_02] kalmannet ep 24 val 10.7692 best 4.7704@ep4 pat 20 (1661s)
  [Data_02] kalmannet ep 25 val 9.0190 best 4.7704@ep4 pat 21 (1724s)
  [Data_02] kalmannet ep 26 val 11.5728 best 4.7704@ep4 pat 22 (1789s)
  [Data_02] kalmannet ep 27 val 9.9594 best 4.7704@ep4 pat 23 (1854s)
  [Data_02] kalmannet ep 28 val 10.5870 best 4.7704@ep4 pat 24 (1918s)
  [Data_02] kalmannet ep 29 val 9.9519 best 4.7704@ep4 pat 25 (1983s)
  [Data_02] kalmannet ep 30 val 9.0546 best 4.7704@ep4 pat 26 (2048s)
  [Data_02] kalmannet ep 31 val 7.4805 best 4.7704@ep4 pat 27 (2114s)
  [Data_02] kalmannet ep 32 val 7.1014 best 4.7704@ep4 pat 28 (2179s)
  [Data_02] kalmannet ep 33 val 9.7676 best 4.7704@ep4 pat 29 (2241s)
  [Data_02] kalmannet ep 34 val 8.2696 best 4.7704@ep4 pat 30 (2303s)
  [Data_02] kalmannet ep 35 val 8.2510 best 4.7704@ep4 pat 31 (2365s)
  [Data_02] kalmannet ep 36 val 13.0587 best 4.7704@ep4 pat 32 (2427s)
  [Data_02] kalmannet ep 37 val 8.4387 best 4.7704@ep4 pat 33 (2488s)
  [Data_02] kalmannet ep 38 val 8.5417 best 4.7704@ep4 pat 34 (2550s)
  [Data_02] kalmannet ep 39 val 6.6720 best 4.7704@ep4 pat 35 (2613s)
  [Data_02] kalmannet ep 40 val 9.2169 best 4.7704@ep4 pat 36 (2675s)
  [Data_02] kalmannet ep 41 val 12.0703 best 4.7704@ep4 pat 37 (2737s)
  [Data_02] kalmannet ep 42 val 8.8778 best 4.7704@ep4 pat 38 (2798s)
  [Data_02] kalmannet ep 43 val 11.0186 best 4.7704@ep4 pat 39 (2857s)
  [Data_02] kalmannet ep 44 val 9.8300 best 4.7704@ep4 pat 40 (2916s)
  [Data_02] kalmannet ep 45 val 13.4167 best 4.7704@ep4 pat 41 (2975s)
  [Data_02] kalmannet ep 46 val 17.3539 best 4.7704@ep4 pat 42 (3034s)
  [Data_02] kalmannet ep 47 val 9.5329 best 4.7704@ep4 pat 43 (3087s)
  [Data_02] kalmannet ep 48 val 8.4964 best 4.7704@ep4 pat 44 (3138s)
  [Data_02] kalmannet ep 49 val 8.7165 best 4.7704@ep4 pat 45 (3185s)
  [Data_02] kalmannet ep 50 val 9.4047 best 4.7704@ep4 pat 46 (3229s)
  [Data_02] kalmannet ep 51 val 12.1011 best 4.7704@ep4 pat 47 (3271s)
  [Data_02] kalmannet ep 52 val 10.5138 best 4.7704@ep4 pat 48 (3302s)
  [Data_02] kalmannet ep 53 val 10.4926 best 4.7704@ep4 pat 49 (3330s)
  [Data_02] kalmannet ep 54 val 12.8185 best 4.7704@ep4 pat 50 (3357s)
*** kalmannet Data_02 mae_seq=4.9606 mae_shuf=15.6443
