command: python -m hingesense.baselines --method kalmannet --fold Data_10 --out results/raw/baselines/kalmannet --epochs 300 --patience 50
UserWarning: Can't initialize NVML
os: Linux-6.8.0-138-generic-x86_64-with-glibc2.35
cpu: Intel(R) Xeon(R) Platinum 8480C x224, ram 1007.5 GB
gpu: NVIDIA H100 (driver 580.173.02)
python 3.11.15, torch 2.12.0+cu130, cuda 13.0
=== kalmannet Data_10 dev=cuda:0 ===
  [Data_10] kalmannet cond=assembly sources=32
  [Data_10] kalmannet ep 0 val 5.0161 best 5.0161@ep0 pat 0 (60s)
  [Data_10] kalmannet ep 1 val 3.1263 best 3.1263@ep1 pat 0 (126s)
  [Data_10] kalmannet ep 2 val 2.7662 best 2.7662@ep2 pat 0 (193s)
  [Data_10] kalmannet ep 3 val 2.9880 best 2.7662@ep2 pat 1 (260s)
  [Data_10] kalmannet ep 4 val 2.7011 best 2.7011@ep4 pat 0 (326s)
  [Data_10] kalmannet ep 5 val 2.7270 best 2.7011@ep4 pat 1 (393s)
  [Data_10] kalmannet ep 6 val 2.4352 best 2.4352@ep6 pat 0 (460s)
  [Data_10] kalmannet ep 7 val 2.4690 best 2.4352@ep6 pat 1 (527s)
  [Data_10] kalmannet ep 8 val 2.7371 best 2.4352@ep6 pat 2 (593s)
  [Data_10] kalmannet ep 9 val 2.6588 best 2.4352@ep6 pat 3 (660s)
  [Data_10] kalmannet ep 10 val 2.5711 best 2.4352@ep6 pat 4 (727s)
  [Data_10] kalmannet ep 11 val 2.1725 best 2.1725@ep11 pat 0 (793s)
  [Data_10] kalmannet ep 12 val 2.5297 best 2.1725@ep11 pat 1 (859s)
  [Data_10] kalmannet ep 13 val 2.7413 best 2.1725@ep11 pat 2 (924s)
  [Data_10] kalmannet ep 14 val 2.9269 best 2.1725@ep11 pat 3 (988s)
  [Data_10] kalmannet ep 15 val 2.9951 best 2.1725@ep11 pat 4 (1050s)
  [Data_10] kalmannet ep 16 val 2.2161 best 2.1725@ep11 pat 5 (1112s)
  [Data_10] kalmannet ep 17 val 2.7602 best 2.1725@ep11 pat 6 (1174s)
  [Data_10] kalmannet ep 18 val 2.6952 best 2.1725@ep11 pat 7 (1234s)
  [Data_10] kalmannet ep 19 val 3.0374 best 2.1725@ep11 pat 8 (1295s)
  [Data_10] kalmannet ep 20 val 2.9495 best 2.1725@ep11 pat 9 (1357s)
  [Data_10] kalmannet ep 21 val 3.0661 best 2.1725@ep11 pat 10 (1417s)
  [Data_10] kalmannet ep 22 val 2.8092 best 2.1725@ep11 pat 11 (1477s)
  [Data_10] kalmannet ep 23 val 2.7864 best 2.1725@ep11 pat 12 (1535s)
  [Data_10] kalmannet ep 24 val 3.0193 best 2.1725@ep11 pat 13 (1594s)
  [Data_10] kalmannet ep 25 val 2.9556 best 2.1725@ep11 pat 14 (1652s)
  [Data_10] kalmannet ep 26 val 2.6178 best 2.1725@ep11 pat 15 (1712s)
  [Data_10] kalmannet ep 27 val 2.8790 best 2.1725@ep11 pat 16 (1774s)
  [Data_10] kalmannet ep 28 val 3.2344 best 2.1725@ep11 pat 17 (1836s)
  [Data_10] kalmannet ep 29 val 3.4070 best 2.1725@ep11 pat 18 (1898s)
  [Data_10] kalmannet ep 30 val 2.8644 best 2.1725@ep11 pat 19 (1960s)
  [Data_10] kalmannet ep 31 val 2.6950 best 2.1725@ep11 pat 20 (2021s)
  [Data_10] kalmannet ep 32 val 3.0322 best 2.1725@ep11 pat 21 (2085s)
  [Data_10] kalmannet ep 33 val 2.8702 best 2.1725@ep11 pat 22 (2148s)
  [Data_10] kalmannet ep 34 val 2.7003 best 2.1725@ep11 pat 23 (2209s)
  [Data_10] kalmannet ep 35 val 2.6688 best 2.1725@ep11 pat 24 (2268s)
  [Data_10] kalmannet ep 36 val 2.2811 best 2.1725@ep11 pat 25 (2328s)
  [Data_10] kalmannet ep 37 val 2.7863 best 2.1725@ep11 pat 26 (2387s)
  [Data_10] kalmannet ep 38 val 3.3470 best 2.1725@ep11 pat 27 (2446s)
  [Data_10] kalmannet ep 39 val 2.5681 best 2.1725@ep11 pat 28 (2506s)
  [Data_10] kalmannet ep 40 val 2.8172 best 2.1725@ep11 pat 29 (2565s)
  [Data_10] kalmannet ep 41 val 2.9768 best 2.1725@ep11 pat 30 (2625s)
  [Data_10] kalmannet ep 42 val 2.5226 best 2.1725@ep11 pat 31 (2685s)
  [Data_10] kalmannet ep 43 val 2.4839 best 2.1725@ep11 pat 32 (2744s)
  [Data_10] kalmannet ep 44 val 2.4135 best 2.1725@ep11 pat 33 (2802s)
  [Data_10] kalmannet ep 45 val 2.7861 best 2.1725@ep11 pat 34 (2859s)
  [Data_10] kalmannet ep 46 val 2.8446 best 2.1725@ep11 pat 35 (2916s)
  [Data_10] kalmannet ep 47 val 2.3802 best 2.1725@ep11 pat 36 (2973s)
  [Data_10] kalmannet ep 48 val 2.3507 best 2.1725@ep11 pat 37 (3029s)
  [Data_10] kalmannet ep 49 val 2.6400 best 2.1725@ep11 pat 38 (3081s)
  [Data_10] kalmannet ep 50 val 2.4997 best 2.1725@ep11 pat 39 (3130s)
  [Data_10] kalmannet ep 51 val 2.4187 best 2.1725@ep11 pat 40 (3177s)
  [Data_10] kalmannet ep 52 val 2.3908 best 2.1725@ep11 pat 41 (3219s)
  [Data_10] kalmannet ep 53 val 2.1952 best 2.1725@ep11 pat 42 (3262s)
  [Data_10] kalmannet ep 54 val 2.8837 best 2.1725@ep11 pat 43 (3294s)
  [Data_10] kalmannet ep 55 val 2.4720 best 2.1725@ep11 pat 44 (3321s)
  [Data_10] kalmannet ep 56 val 2.2802 best 2.1725@ep11 pat 45 (3347s)
  [Data_10] kalmannet ep 57 val 2.4289 best 2.1725@ep11 pat 46 (3372s)
  [Data_10] kalmannet ep 58 val 2.2270 best 2.1725@ep11 pat 47 (3395s)
  [Data_10] kalmannet ep 59 val 2.4229 best 2.1725@ep11 pat 48 (3419s)
  [Data_10] kalmannet ep 60 val 2.5367 best 2.1725@ep11 pat 49 (3443s)
  [Data_10] kalmannet ep 61 val 2.2989 best 2.1725@ep11 pat 50 (3475s)
*** kalmannet Data_10 mae_seq=1.9773 mae_shuf=2.549
