command: python -m hingesense.baselines --method kalmannet --fold Data_05 --out results/raw/baselines/kalmannet --epochs 300 --patience 50
UserWarning: Can't initialize NVML
os: Linux-6.8.0-138-generic-x86_64-with-glibc2.35
cpu: Intel(R) Xeon(R) Platinum 8480C x224, ram 1007.5 GB
gpu: NVIDIA H100 (driver 580.173.02)
python 3.11.15, torch 2.12.0+cu130, cuda 13.0
=== kalmannet Data_05 dev=cuda:0 ===
  [Data_05] kalmannet cond=noload sources=52
  [Data_05] kalmannet ep 0 val 8.1597 best 8.1597@ep0 pat 0 (70s)
  [Data_05] kalmannet ep 1 val 9.0472 best 8.1597@ep0 pat 1 (140s)
  [Data_05] kalmannet ep 2 val 10.0227 best 8.1597@ep0 pat 2 (209s)
  [Data_05] kalmannet ep 3 val 8.8177 best 8.1597@ep0 pat 3 (279s)
  [Data_05] kalmannet ep 4 val 9.0161 best 8.1597@ep0 pat 4 (348s)
  [Data_05] kalmannet ep 5 val 11.6835 best 8.1597@ep0 pat 5 (418s)
  [Data_05] kalmannet ep 6 val 8.4182 best 8.1597@ep0 pat 6 (487s)
  [Data_05] kalmannet ep 7 val 8.0918 best 8.0918@ep7 pat 0 (557s)
  [Data_05] kalmannet ep 8 val 7.8005 best 7.8005@ep8 pat 0 (626s)
  [Data_05] kalmannet ep 9 val 7.9459 best 7.8005@ep8 pat 1 (696s)
  [Data_05] kalmannet ep 10 val 6.2743 best 6.2743@ep10 pat 0 (760s)
  [Data_05] kalmannet ep 11 val 6.5300 best 6.2743@ep10 pat 1 (820s)
  [Data_05] kalmannet ep 12 val 5.7417 best 5.7417@ep12 pat 0 (882s)
  [Data_05] kalmannet ep 13 val 5.9461 best 5.7417@ep12 pat 1 (943s)
  [Data_05] kalmannet ep 14 val 5.5900 best 5.5900@ep14 pat 0 (1005s)
  [Data_05] kalmannet ep 15 val 4.9149 best 4.9149@ep15 pat 0 (1069s)
  [Data_05] kalmannet ep 16 val 4.8465 best 4.8465@ep16 pat 0 (1132s)
  [Data_05] kalmannet ep 17 val 5.0198 best 4.8465@ep16 pat 1 (1196s)
  [Data_05] kalmannet ep 18 val 4.9975 best 4.8465@ep16 pat 2 (1259s)
  [Data_05] kalmannet ep 19 val 4.4080 best 4.4080@ep19 pat 0 (1321s)
  [Data_05] kalmannet ep 20 val 4.5689 best 4.4080@ep19 pat 1 (1382s)
  [Data_05] kalmannet ep 21 val 5.2537 best 4.4080@ep19 pat 2 (1441s)
  [Data_05] kalmannet ep 22 val 4.5436 best 4.4080@ep19 pat 3 (1498s)
  [Data_05] kalmannet ep 23 val 5.3846 best 4.4080@ep19 pat 4 (1558s)
  [Data_05] kalmannet ep 24 val 6.0486 best 4.4080@ep19 pat 5 (1619s)
  [Data_05] kalmannet ep 25 val 4.6816 best 4.4080@ep19 pat 6 (1679s)
  [Data_05] kalmannet ep 26 val 4.4663 best 4.4080@ep19 pat 7 (1739s)
  [Data_05] kalmannet ep 27 val 4.8707 best 4.4080@ep19 pat 8 (1799s)
  [Data_05] kalmannet ep 28 val 4.8490 best 4.4080@ep19 pat 9 (1859s)
  [Data_05] kalmannet ep 29 val 7.0739 best 4.4080@ep19 pat 10 (1919s)
  [Data_05] kalmannet ep 30 val 5.1170 best 4.4080@ep19 pat 11 (1979s)
  [Data_05] kalmannet ep 31 val 4.9926 best 4.4080@ep19 pat 12 (2039s)
  [Data_05] kalmannet ep 32 val 8.4706 best 4.4080@ep19 pat 13 (2099s)
  [Data_05] kalmannet ep 33 val 4.9704 best 4.4080@ep19 pat 14 (2159s)
  [Data_05] kalmannet ep 34 val 4.8923 best 4.4080@ep19 pat 15 (2221s)
  [Data_05] kalmannet ep 35 val 4.5546 best 4.4080@ep19 pat 16 (2284s)
  [Data_05] kalmannet ep 36 val 5.2404 best 4.4080@ep19 pat 17 (2348s)
  [Data_05] kalmannet ep 37 val 5.9138 best 4.4080@ep19 pat 18 (2411s)
  [Data_05] kalmannet ep 38 val 6.6382 best 4.4080@ep19 pat 19 (2474s)
  [Data_05] kalmannet ep 39 val 5.6506 best 4.4080@ep19 pat 20 (2537s)
  [Data_05] kalmannet ep 40 val 5.0765 best 4.4080@ep19 pat 21 (2600s)
  [Data_05] kalmannet ep 41 val 5.6012 best 4.4080@ep19 pat 22 (2663s)
  [Data_05] kalmannet ep 42 val 12.4817 best 4.4080@ep19 pat 23 (2727s)
  [Data_05] kalmannet ep 43 val 5.1134 best 4.4080@ep19 pat 24 (2789s)
  [Data_05] kalmannet ep 44 val 5.9436 best 4.4080@ep19 pat 25 (2850s)
  [Data_05] kalmannet ep 45 val 4.8992 best 4.4080@ep19 pat 26 (2909s)
  [Data_05] kalmannet ep 46 val 5.3026 best 4.4080@ep19 pat 27 (2969s)
  [Data_05] kalmannet ep 47 val 6.7486 best 4.4080@ep19 pat 28 (3026s)
  [Data_05] kalmannet ep 48 val 5.0021 best 4.4080@ep19 pat 29 (3082s)
  [Data_05] kalmannet ep 49 val 10.6995 best 4.4080@ep19 pat 30 (3137s)
  [Data_05] kalmannet ep 50 val 7.1321 best 4.4080@ep19 pat 31 (3192s)
  [Data_05] kalmannet ep 51 val 4.6653 best 4.4080@ep19 pat 32 (3249s)
  [Data_05] kalmannet ep 52 val 6.2893 best 4.4080@ep19 pat 33 (3305s)
  [Data_05] kalmannet ep 53 val 5.8696 best 4.4080@ep19 pat 34 (3360s)
  [Data_05] kalmannet ep 54 val 11.9148 best 4.4080@ep19 pat 35 (3415s)
  [Data_05] kalmannet ep 55 val 5.0623 best 4.4080@ep19 pat 36 (3470s)
  [Data_05] kalmannet ep 56 val 4.0978 best 4.0978@ep56 pat 0 (3531s)
  [Data_05] kalmannet ep 57 val 15.1818 best 4.0978@ep56 pat 1 (3609s)
  [Data_05] kalmannet ep 58 val 11.0638 best 4.0978@ep56 pat 2 (3757s)
  [Data_05] kalmannet ep 59 val 12.1112 best 4.0978@ep56 pat 3 (3896s)
  [Data_05] kalmannet ep 60 val 13.2395 best 4.0978@ep56 pat 4 (4023s)
  [Data_05] kalmannet ep 61 val 6.8317 best 4.0978@ep56 pat 5 (4144s)
  [Data_05] kalmannet ep 62 val 8.1197 best 4.0978@ep56 pat 6 (4207s)
  [Data_05] kalmannet ep 63 val 3.7574 best 3.7574@ep63 pat 0 (4242s)
  [Data_05] kalmannet ep 64 val 3.3622 best 3.3622@ep64 pat 0 (4277s)
  [Data_05] kalmannet ep 65 val 4.0543 best 3.3622@ep64 pat 1 (4312s)
  [Data_05] kalmannet ep 66 val 15.4848 best 3.3622@ep64 pat 2 (4347s)
  [Data_05] kalmannet ep 67 val 13.7599 best 3.3622@ep64 pat 3 (4382s)
  [Data_05] kalmannet ep 68 val 14.4656 best 3.3622@ep64 pat 4 (4418s)
  [Data_05] kalmannet ep 69 val 3.9931 best 3.3622@ep64 pat 5 (4453s)
  [Data_05] kalmannet ep 70 val 3.4223 best 3.3622@ep64 pat 6 (4488s)
  [Data_05] kalmannet ep 71 val 15.0868 best 3.3622@ep64 pat 7 (4524s)
  [Data_05] kalmannet ep 72 val 13.6530 best 3.3622@ep64 pat 8 (4559s)
  [Data_05] kalmannet ep 73 val 14.2207 best 3.3622@ep64 pat 9 (4594s)
  [Data_05] kalmannet ep 74 val 4.2871 best 3.3622@ep64 pat 10 (4630s)
  [Data_05] kalmannet ep 75 val 13.7192 best 3.3622@ep64 pat 11 (4665s)
  [Data_05] kalmannet ep 76 val 3.5817 best 3.3622@ep64 pat 12 (4701s)
  [Data_05] kalmannet ep 77 val 12.1877 best 3.3622@ep64 pat 13 (4736s)
  [Data_05] kalmannet ep 78 val 12.6934 best 3.3622@ep64 pat 14 (4771s)
  [Data_05] kalmannet ep 79 val 4.2437 best 3.3622@ep64 pat 15 (4807s)
  [Data_05] kalmannet ep 80 val 3.8956 best 3.3622@ep64 pat 16 (4842s)
  [Data_05] kalmannet ep 81 val 13.0190 best 3.3622@ep64 pat 17 (4877s)
  [Data_05] kalmannet ep 82 val 7.0809 best 3.3622@ep64 pat 18 (4913s)
  [Data_05] kalmannet ep 83 val 4.6559 best 3.3622@ep64 pat 19 (4948s)
  [Data_05] kalmannet ep 84 val 3.2015 best 3.2015@ep84 pat 0 (4983s)
  [Data_05] kalmannet ep 85 val 2.9480 best 2.9480@ep85 pat 0 (5018s)
  [Data_05] kalmannet ep 86 val 6.3824 best 2.9480@ep85 pat 1 (5054s)
  [Data_05] kalmannet ep 87 val 4.9109 best 2.9480@ep85 pat 2 (5087s)
  [Data_05] kalmannet ep 88 val 5.6347 best 2.9480@ep85 pat 3 (5121s)
  [Data_05] kalmannet ep 89 val 3.9962 best 2.9480@ep85 pat 4 (5153s)
  [Data_05] kalmannet ep 90 val 2.9453 best 2.9453@ep90 pat 0 (5185s)
  [Data_05] kalmannet ep 91 val 2.8785 best 2.8785@ep91 pat 0 (5217s)
  [Data_05] kalmannet ep 92 val 5.9677 best 2.8785@ep91 pat 1 (5249s)
  [Data_05] kalmannet ep 93 val 2.7315 best 2.7315@ep93 pat 0 (5281s)
  [Data_05] kalmannet ep 94 val 4.9193 best 2.7315@ep93 pat 1 (5313s)
  [Data_05] kalmannet ep 95 val 9.6906 best 2.7315@ep93 pat 2 (5345s)
  [Data_05] kalmannet ep 96 val 6.6522 best 2.7315@ep93 pat 3 (5377s)
  [Data_05] kalmannet ep 97 val 8.7344 best 2.7315@ep93 pat 4 (5408s)
  [Data_05] kalmannet ep 98 val 3.8919 best 2.7315@ep93 pat 5 (5439s)
  [Data_05] kalmannet ep 99 val 3.0149 best 2.7315@ep93 pat 6 (5469s)
  [Data_05] kalmannet ep 100 val 14.2548 best 2.7315@ep93 pat 7 (5499s)
  [Data_05] kalmannet ep 101 val 10.5485 best 2.7315@ep93 pat 8 (5530s)
  [Data_05] kalmannet ep 102 val 9.9899 best 2.7315@ep93 pat 9 (5560s)
  [Data_05] kalmannet ep 103 val 5.6799 best 2.7315@ep93 pat 10 (5591s)
  [Data_05] kalmannet ep 104 val 6.5345 best 2.7315@ep93 pat 11 (5621s)
  [Data_05] kalmannet ep 105 val 11.1535 best 2.7315@ep93 pat 12 (5651s)
  [Data_05] kalmannet ep 106 val 5.6992 best 2.7315@ep93 pat 13 (5682s)
  [Data_05] kalmannet ep 107 val 4.3571 best 2.7315@ep93 pat 14 (5712s)
  [Data_05] kalmannet ep 108 val 2.8488 best 2.7315@ep93 pat 15 (5743s)
  [Data_05] kalmannet ep 109 val 2.6871 best 2.6871@ep109 pat 0 (5773s)
  [Data_05] kalmannet ep 110 val 9.9694 best 2.6871@ep109 pat 1 (5803s)
  [Data_05] kalmannet ep 111 val 10.9114 best 2.6871@ep109 pat 2 (5834s)
  [Data_05] kalmannet ep 112 val 3.2332 best 2.6871@ep109 pat 3 (5864s)
  [Data_05] kalmannet ep 113 val 3.7485 best 2.6871@ep109 pat 4 (5894s)
  [Data_05] kalmannet ep 114 val 9.0482 best 2.6871@ep109 pat 5 (5925s)
  [Data_05] kalmannet ep 115 val 2.4498 best 2.4498@ep115 pat 0 (5955s)
  [Data_05] kalmannet ep 116 val 3.0758 best 2.4498@ep115 pat 1 (5985s)
  [Data_05] kalmannet ep 117 val 4.3413 best 2.4498@ep115 pat 2 (6015s)
  [Data_05] kalmannet ep 118 val 3.3988 best 2.4498@ep115 pat 3 (6046s)
  [Data_05] kalmannet ep 119 val 4.6552 best 2.4498@ep115 pat 4 (6076s)
  [Data_05] kalmannet ep 120 val 7.0647 best 2.4498@ep115 pat 5 (6106s)
  [Data_05] kalmannet ep 121 val 2.9921 best 2.4498@ep115 pat 6 (6137s)
  [Data_05] kalmannet ep 122 val 7.7723 best 2.4498@ep115 pat 7 (6167s)
  [Data_05] kalmannet ep 123 val 5.8774 best 2.4498@ep115 pat 8 (6197s)
  [Data_05] kalmannet ep 124 val 8.5104 best 2.4498@ep115 pat 9 (6228s)
  [Data_05] kalmannet ep 125 val 8.9424 best 2.4498@ep115 pat 10 (6258s)
  [Data_05] kalmannet ep 126 val 8.2891 best 2.4498@ep115 pat 11 (6288s)
  [Data_05] kalmannet ep 127 val 6.8040 best 2.4498@ep115 pat 12 (6318s)
  [Data_05] kalmannet ep 128 val 2.6150 best 2.4498@ep115 pat 13 (6349s)
  [Data_05] kalmannet ep 129 val 2.2141 best 2.2141@ep129 pat 0 (6379s)
  [Data_05] kalmannet ep 130 val 2.1110 best 2.1110@ep130 pat 0 (6408s)
  [Data_05] kalmannet ep 131 val 4.2499 best 2.1110@ep130 pat 1 (6436s)
  [Data_05] kalmannet ep 132 val 6.9305 best 2.1110@ep130 pat 2 (6465s)
  [Data_05] kalmannet ep 133 val 2.9577 best 2.1110@ep130 pat 3 (6493s)
  [Data_05] kalmannet ep 134 val 3.6021 best 2.1110@ep130 pat 4 (6522s)
  [Data_05] kalmannet ep 135 val 3.3818 best 2.1110@ep130 pat 5 (6550s)
  [Data_05] kalmannet ep 136 val 2.1806 best 2.1110@ep130 pat 6 (6579s)
  [Data_05] kalmannet ep 137 val 6.9691 best 2.1110@ep130 pat 7 (6607s)
  [Data_05] kalmannet ep 138 val 3.3998 best 2.1110@ep130 pat 8 (6636s)
  [Data_05] kalmannet ep 139 val 4.8765 best 2.1110@ep130 pat 9 (6662s)
  [Data_05] kalmannet ep 140 val 6.4558 best 2.1110@ep130 pat 10 (6689s)
  [Data_05] kalmannet ep 141 val 6.6690 best 2.1110@ep130 pat 11 (6716s)
  [Data_05] kalmannet ep 142 val 2.9021 best 2.1110@ep130 pat 12 (6743s)
  [Data_05] kalmannet ep 143 val 2.8003 best 2.1110@ep130 pat 13 (6770s)
  [Data_05] kalmannet ep 144 val 3.2405 best 2.1110@ep130 pat 14 (6797s)
  [Data_05] kalmannet ep 145 val 3.9058 best 2.1110@ep130 pat 15 (6824s)
  [Data_05] kalmannet ep 146 val 3.1597 best 2.1110@ep130 pat 16 (6857s)
  [Data_05] kalmannet ep 147 val 3.4755 best 2.1110@ep130 pat 17 (6892s)
  [Data_05] kalmannet ep 148 val 3.5789 best 2.1110@ep130 pat 18 (6927s)
  [Data_05] kalmannet ep 149 val 5.6896 best 2.1110@ep130 pat 19 (6963s)
  [Data_05] kalmannet ep 150 val 14.9657 best 2.1110@ep130 pat 20 (6998s)
  [Data_05] kalmannet ep 151 val 3.1806 best 2.1110@ep130 pat 21 (7033s)
  [Data_05] kalmannet ep 152 val 7.3007 best 2.1110@ep130 pat 22 (7068s)
  [Data_05] kalmannet ep 153 val 6.2187 best 2.1110@ep130 pat 23 (7104s)
  [Data_05] kalmannet ep 154 val 3.3907 best 2.1110@ep130 pat 24 (7139s)
  [Data_05] kalmannet ep 155 val 7.5084 best 2.1110@ep130 pat 25 (7174s)
  [Data_05] kalmannet ep 156 val 3.6123 best 2.1110@ep130 pat 26 (7209s)
  [Data_05] kalmannet ep 157 val 6.9912 best 2.1110@ep130 pat 27 (7244s)
  [Data_05] kalmannet ep 158 val 7.2974 best 2.1110@ep130 pat 28 (7279s)
  [Data_05] kalmannet ep 159 val 2.5514 best 2.1110@ep130 pat 29 (7315s)
  [Data_05] kalmannet ep 160 val 3.3317 best 2.1110@ep130 pat 30 (7350s)
  [Data_05] kalmannet ep 161 val 8.8550 best 2.1110@ep130 pat 31 (7385s)
  [Data_05] kalmannet ep 162 val 2.8833 best 2.1110@ep130 pat 32 (7421s)
  [Data_05] kalmannet ep 163 val 8.3290 best 2.1110@ep130 pat 33 (7456s)
  [Data_05] kalmannet ep 164 val 5.7501 best 2.1110@ep130 pat 34 (7491s)
  [Data_05] kalmannet ep 165 val 6.1238 best 2.1110@ep130 pat 35 (7527s)
  [Data_05] kalmannet ep 166 val 5.9736 best 2.1110@ep130 pat 36 (7562s)
  [Data_05] kalmannet ep 167 val 8.0929 best 2.1110@ep130 pat 37 (7597s)
  [Data_05] kalmannet ep 168 val 3.9332 best 2.1110@ep130 pat 38 (7622s)
  [Data_05] kalmannet ep 169 val 6.8511 best 2.1110@ep130 pat 39 (7648s)
  [Data_05] kalmannet ep 170 val 3.1261 best 2.1110@ep130 pat 40 (7672s)
  [Data_05] kalmannet ep 171 val 6.6160 best 2.1110@ep130 pat 41 (7696s)
  [Data_05] kalmannet ep 172 val 4.2336 best 2.1110@ep130 pat 42 (7719s)
  [Data_05] kalmannet ep 173 val 5.6251 best 2.1110@ep130 pat 43 (7742s)
  [Data_05] kalmannet ep 174 val 3.0486 best 2.1110@ep130 pat 44 (7765s)
  [Data_05] kalmannet ep 175 val 5.4669 best 2.1110@ep130 pat 45 (7788s)
  [Data_05] kalmannet ep 176 val 3.9861 best 2.1110@ep130 pat 46 (7811s)
  [Data_05] kalmannet ep 177 val 5.1713 best 2.1110@ep130 pat 47 (7835s)
  [Data_05] kalmannet ep 178 val 7.5500 best 2.1110@ep130 pat 48 (7858s)
  [Data_05] kalmannet ep 179 val 10.9691 best 2.1110@ep130 pat 49 (7881s)
  [Data_05] kalmannet ep 180 val 5.2924 best 2.1110@ep130 pat 50 (7904s)
*** kalmannet Data_05 mae_seq=14.9742 mae_shuf=11.424
