command: python -m hingesense.baselines --method kalmannet --fold Data_06 --out results/raw/baselines/kalmannet --epochs 300 --patience 50
UserWarning: Can't initialize NVML
os: Linux-6.8.0-138-generic-x86_64-with-glibc2.35
cpu: Intel(R) Xeon(R) Platinum 8480C x224, ram 1007.5 GB
gpu: NVIDIA H100 (driver 580.173.02)
python 3.11.15, torch 2.12.0+cu130, cuda 13.0
=== kalmannet Data_06 dev=cuda:0 ===
  [Data_06] kalmannet cond=noload sources=52
  [Data_06] kalmannet ep 0 val 5.4447 best 5.4447@ep0 pat 0 (64s)
  [Data_06] kalmannet ep 1 val 3.1393 best 3.1393@ep1 pat 0 (127s)
  [Data_06] kalmannet ep 2 val 3.2818 best 3.1393@ep1 pat 1 (190s)
  [Data_06] kalmannet ep 3 val 3.2111 best 3.1393@ep1 pat 2 (253s)
  [Data_06] kalmannet ep 4 val 3.5505 best 3.1393@ep1 pat 3 (317s)
  [Data_06] kalmannet ep 5 val 3.8353 best 3.1393@ep1 pat 4 (380s)
  [Data_06] kalmannet ep 6 val 4.1088 best 3.1393@ep1 pat 5 (443s)
  [Data_06] kalmannet ep 7 val 3.1494 best 3.1393@ep1 pat 6 (506s)
  [Data_06] kalmannet ep 8 val 4.5511 best 3.1393@ep1 pat 7 (569s)
  [Data_06] kalmannet ep 9 val 4.1584 best 3.1393@ep1 pat 8 (633s)
  [Data_06] kalmannet ep 10 val 5.7108 best 3.1393@ep1 pat 9 (696s)
  [Data_06] kalmannet ep 11 val 4.3640 best 3.1393@ep1 pat 10 (758s)
  [Data_06] kalmannet ep 12 val 4.6634 best 3.1393@ep1 pat 11 (821s)
  [Data_06] kalmannet ep 13 val 3.8422 best 3.1393@ep1 pat 12 (883s)
  [Data_06] kalmannet ep 14 val 3.7845 best 3.1393@ep1 pat 13 (945s)
  [Data_06] kalmannet ep 15 val 4.5714 best 3.1393@ep1 pat 14 (1004s)
  [Data_06] kalmannet ep 16 val 4.2226 best 3.1393@ep1 pat 15 (1063s)
  [Data_06] kalmannet ep 17 val 4.2567 best 3.1393@ep1 pat 16 (1122s)
  [Data_06] kalmannet ep 18 val 3.8149 best 3.1393@ep1 pat 17 (1180s)
  [Data_06] kalmannet ep 19 val 3.9274 best 3.1393@ep1 pat 18 (1238s)
  [Data_06] kalmannet ep 20 val 4.3823 best 3.1393@ep1 pat 19 (1295s)
  [Data_06] kalmannet ep 21 val 3.6312 best 3.1393@ep1 pat 20 (1353s)
  [Data_06] kalmannet ep 22 val 4.1614 best 3.1393@ep1 pat 21 (1411s)
  [Data_06] kalmannet ep 23 val 3.7691 best 3.1393@ep1 pat 22 (1467s)
  [Data_06] kalmannet ep 24 val 4.6082 best 3.1393@ep1 pat 23 (1523s)
  [Data_06] kalmannet ep 25 val 4.2516 best 3.1393@ep1 pat 24 (1578s)
  [Data_06] kalmannet ep 26 val 6.1786 best 3.1393@ep1 pat 25 (1634s)
  [Data_06] kalmannet ep 27 val 3.6310 best 3.1393@ep1 pat 26 (1690s)
  [Data_06] kalmannet ep 28 val 4.1927 best 3.1393@ep1 pat 27 (1748s)
  [Data_06] kalmannet ep 29 val 4.3072 best 3.1393@ep1 pat 28 (1807s)
  [Data_06] kalmannet ep 30 val 3.8849 best 3.1393@ep1 pat 29 (1866s)
  [Data_06] kalmannet ep 31 val 3.6856 best 3.1393@ep1 pat 30 (1924s)
  [Data_06] kalmannet ep 32 val 3.6264 best 3.1393@ep1 pat 31 (1983s)
  [Data_06] kalmannet ep 33 val 3.6395 best 3.1393@ep1 pat 32 (2042s)
  [Data_06] kalmannet ep 34 val 3.8652 best 3.1393@ep1 pat 33 (2102s)
  [Data_06] kalmannet ep 35 val 3.8602 best 3.1393@ep1 pat 34 (2162s)
  [Data_06] kalmannet ep 36 val 3.8861 best 3.1393@ep1 pat 35 (2218s)
  [Data_06] kalmannet ep 37 val 3.7112 best 3.1393@ep1 pat 36 (2275s)
  [Data_06] kalmannet ep 38 val 9.0558 best 3.1393@ep1 pat 37 (2331s)
  [Data_06] kalmannet ep 39 val 8.2067 best 3.1393@ep1 pat 38 (2387s)
  [Data_06] kalmannet ep 40 val 4.9910 best 3.1393@ep1 pat 39 (2443s)
  [Data_06] kalmannet ep 41 val 3.8195 best 3.1393@ep1 pat 40 (2500s)
  [Data_06] kalmannet ep 42 val 4.3706 best 3.1393@ep1 pat 41 (2556s)
  [Data_06] kalmannet ep 43 val 5.7948 best 3.1393@ep1 pat 42 (2612s)
  [Data_06] kalmannet ep 44 val 3.9415 best 3.1393@ep1 pat 43 (2669s)
  [Data_06] kalmannet ep 45 val 7.6249 best 3.1393@ep1 pat 44 (2725s)
  [Data_06] kalmannet ep 46 val 10.7106 best 3.1393@ep1 pat 45 (2782s)
  [Data_06] kalmannet ep 47 val 4.6987 best 3.1393@ep1 pat 46 (2835s)
  [Data_06] kalmannet ep 48 val 11.1859 best 3.1393@ep1 pat 47 (2889s)
  [Data_06] kalmannet ep 49 val 10.7603 best 3.1393@ep1 pat 48 (2942s)
  [Data_06] kalmannet ep 50 val 3.8525 best 3.1393@ep1 pat 49 (2996s)
  [Data_06] kalmannet ep 51 val 5.1777 best 3.1393@ep1 pat 50 (3049s)
*** kalmannet Data_06 mae_seq=3.0247 mae_shuf=3.7316
