command: python -m hingesense.baselines --method kalmannet --fold Data_11 --out results/raw/baselines/kalmannet --epochs 300 --patience 50
UserWarning: Can't initialize NVML
os: Linux-6.8.0-138-generic-x86_64-with-glibc2.35
cpu: Intel(R) Xeon(R) Platinum 8480C x224, ram 1007.5 GB
gpu: NVIDIA H100 (driver 580.173.02)
python 3.11.15, torch 2.12.0+cu130, cuda 13.0
=== kalmannet Data_11 dev=cuda:0 ===
  [Data_11] kalmannet cond=assembly sources=32
  [Data_11] kalmannet ep 0 val 22.0765 best 22.0765@ep0 pat 0 (59s)
  [Data_11] kalmannet ep 1 val 32.1202 best 22.0765@ep0 pat 1 (122s)
  [Data_11] kalmannet ep 2 val 20.0023 best 20.0023@ep2 pat 0 (184s)
  [Data_11] kalmannet ep 3 val 20.5360 best 20.0023@ep2 pat 1 (246s)
  [Data_11] kalmannet ep 4 val 21.2746 best 20.0023@ep2 pat 2 (309s)
  [Data_11] kalmannet ep 5 val 147.2646 best 20.0023@ep2 pat 3 (371s)
  [Data_11] kalmannet ep 6 val 148.3546 best 20.0023@ep2 pat 4 (434s)
  [Data_11] kalmannet ep 7 val 33.5125 best 20.0023@ep2 pat 5 (496s)
  [Data_11] kalmannet ep 8 val 52.4317 best 20.0023@ep2 pat 6 (558s)
  [Data_11] kalmannet ep 9 val 147.8148 best 20.0023@ep2 pat 7 (620s)
  [Data_11] kalmannet ep 10 val 148.3546 best 20.0023@ep2 pat 8 (683s)
  [Data_11] kalmannet ep 11 val 22.1074 best 20.0023@ep2 pat 9 (742s)
  [Data_11] kalmannet ep 12 val 20.6141 best 20.0023@ep2 pat 10 (797s)
  [Data_11] kalmannet ep 13 val 146.7991 best 20.0023@ep2 pat 11 (851s)
  [Data_11] kalmannet ep 14 val 147.3305 best 20.0023@ep2 pat 12 (907s)
  [Data_11] kalmannet ep 15 val 148.3546 best 20.0023@ep2 pat 13 (962s)
  [Data_11] kalmannet ep 16 val 31.0923 best 20.0023@ep2 pat 14 (1018s)
  [Data_11] kalmannet ep 17 val 18.7557 best 18.7557@ep17 pat 0 (1075s)
  [Data_11] kalmannet ep 18 val 20.9612 best 18.7557@ep17 pat 1 (1132s)
  [Data_11] kalmannet ep 19 val 18.2304 best 18.2304@ep19 pat 0 (1189s)
  [Data_11] kalmannet ep 20 val 18.8096 best 18.2304@ep19 pat 1 (1246s)
  [Data_11] kalmannet ep 21 val 21.1587 best 18.2304@ep19 pat 2 (1301s)
  [Data_11] kalmannet ep 22 val 17.5511 best 17.5511@ep22 pat 0 (1356s)
  [Data_11] kalmannet ep 23 val 25.3490 best 17.5511@ep22 pat 1 (1410s)
  [Data_11] kalmannet ep 24 val 20.8709 best 17.5511@ep22 pat 2 (1463s)
  [Data_11] kalmannet ep 25 val 22.8868 best 17.5511@ep22 pat 3 (1514s)
  [Data_11] kalmannet ep 26 val 18.1611 best 17.5511@ep22 pat 4 (1568s)
  [Data_11] kalmannet ep 27 val 23.0775 best 17.5511@ep22 pat 5 (1623s)
  [Data_11] kalmannet ep 28 val 20.9710 best 17.5511@ep22 pat 6 (1676s)
  [Data_11] kalmannet ep 29 val 30.5150 best 17.5511@ep22 pat 7 (1730s)
  [Data_11] kalmannet ep 30 val 27.3511 best 17.5511@ep22 pat 8 (1784s)
  [Data_11] kalmannet ep 31 val 24.5903 best 17.5511@ep22 pat 9 (1838s)
  [Data_11] kalmannet ep 32 val 19.9690 best 17.5511@ep22 pat 10 (1892s)
  [Data_11] kalmannet ep 33 val 18.8267 best 17.5511@ep22 pat 11 (1946s)
  [Data_11] kalmannet ep 34 val 16.7723 best 16.7723@ep34 pat 0 (2000s)
  [Data_11] kalmannet ep 35 val 17.3083 best 16.7723@ep34 pat 1 (2053s)
  [Data_11] kalmannet ep 36 val 12.9100 best 12.9100@ep36 pat 0 (2107s)
  [Data_11] kalmannet ep 37 val 8.7715 best 8.7715@ep37 pat 0 (2161s)
  [Data_11] kalmannet ep 38 val 7.8536 best 7.8536@ep38 pat 0 (2216s)
  [Data_11] kalmannet ep 39 val 7.6464 best 7.6464@ep39 pat 0 (2273s)
  [Data_11] kalmannet ep 40 val 27.3715 best 7.6464@ep39 pat 1 (2329s)
  [Data_11] kalmannet ep 41 val 6.5950 best 6.5950@ep41 pat 0 (2386s)
  [Data_11] kalmannet ep 42 val 8.1471 best 6.5950@ep41 pat 1 (2443s)
  [Data_11] kalmannet ep 43 val 8.3320 best 6.5950@ep41 pat 2 (2500s)
  [Data_11] kalmannet ep 44 val 9.3881 best 6.5950@ep41 pat 3 (2556s)
  [Data_11] kalmannet ep 45 val 11.7506 best 6.5950@ep41 pat 4 (2612s)
  [Data_11] kalmannet ep 46 val 12.7140 best 6.5950@ep41 pat 5 (2669s)
  [Data_11] kalmannet ep 47 val 8.2722 best 6.5950@ep41 pat 6 (2726s)
  [Data_11] kalmannet ep 48 val 13.4216 best 6.5950@ep41 pat 7 (2783s)
  [Data_11] kalmannet ep 49 val 10.6478 best 6.5950@ep41 pat 8 (2837s)
  [Data_11] kalmannet ep 50 val 10.3564 best 6.5950@ep41 pat 9 (2890s)
  [Data_11] kalmannet ep 51 val 13.1287 best 6.5950@ep41 pat 10 (2944s)
  [Data_11] kalmannet ep 52 val 7.0481 best 6.5950@ep41 pat 11 (2996s)
  [Data_11] kalmannet ep 53 val 5.5251 best 5.5251@ep53 pat 0 (3048s)
  [Data_11] kalmannet ep 54 val 14.0805 best 5.5251@ep53 pat 1 (3097s)
  [Data_11] kalmannet ep 55 val 5.8740 best 5.5251@ep53 pat 2 (3146s)
  [Data_11] kalmannet ep 56 val 5.4551 best 5.4551@ep56 pat 0 (3196s)
  [Data_11] kalmannet ep 57 val 5.4963 best 5.4551@ep56 pat 1 (3246s)
  [Data_11] kalmannet ep 58 val 5.2440 best 5.2440@ep58 pat 0 (3297s)
  [Data_11] kalmannet ep 59 val 6.2052 best 5.2440@ep58 pat 1 (3347s)
  [Data_11] kalmannet ep 60 val 5.5178 best 5.2440@ep58 pat 2 (3396s)
  [Data_11] kalmannet ep 61 val 6.5071 best 5.2440@ep58 pat 3 (3443s)
  [Data_11] kalmannet ep 62 val 8.4847 best 5.2440@ep58 pat 4 (3491s)
  [Data_11] kalmannet ep 63 val 9.9209 best 5.2440@ep58 pat 5 (3558s)
  [Data_11] kalmannet ep 64 val 12.3442 best 5.2440@ep58 pat 6 (3632s)
  [Data_11] kalmannet ep 65 val 6.9854 best 5.2440@ep58 pat 7 (3711s)
  [Data_11] kalmannet ep 66 val 6.1713 best 5.2440@ep58 pat 8 (3810s)
  [Data_11] kalmannet ep 67 val 7.9231 best 5.2440@ep58 pat 9 (3906s)
  [Data_11] kalmannet ep 68 val 9.2226 best 5.2440@ep58 pat 10 (3986s)
  [Data_11] kalmannet ep 69 val 6.2230 best 5.2440@ep58 pat 11 (4053s)
  [Data_11] kalmannet ep 70 val 5.4047 best 5.2440@ep58 pat 12 (4120s)
  [Data_11] kalmannet ep 71 val 5.8605 best 5.2440@ep58 pat 13 (4177s)
  [Data_11] kalmannet ep 72 val 5.9972 best 5.2440@ep58 pat 14 (4218s)
  [Data_11] kalmannet ep 73 val 6.1620 best 5.2440@ep58 pat 15 (4250s)
  [Data_11] kalmannet ep 74 val 4.7889 best 4.7889@ep74 pat 0 (4281s)
  [Data_11] kalmannet ep 75 val 5.0283 best 4.7889@ep74 pat 1 (4312s)
  [Data_11] kalmannet ep 76 val 4.7918 best 4.7889@ep74 pat 2 (4344s)
  [Data_11] kalmannet ep 77 val 4.8288 best 4.7889@ep74 pat 3 (4376s)
  [Data_11] kalmannet ep 78 val 4.6801 best 4.6801@ep78 pat 0 (4407s)
  [Data_11] kalmannet ep 79 val 5.7882 best 4.6801@ep78 pat 1 (4439s)
  [Data_11] kalmannet ep 80 val 5.7390 best 4.6801@ep78 pat 2 (4471s)
  [Data_11] kalmannet ep 81 val 4.6863 best 4.6801@ep78 pat 3 (4503s)
  [Data_11] kalmannet ep 82 val 5.8006 best 4.6801@ep78 pat 4 (4534s)
  [Data_11] kalmannet ep 83 val 6.8370 best 4.6801@ep78 pat 5 (4566s)
  [Data_11] kalmannet ep 84 val 5.7210 best 4.6801@ep78 pat 6 (4598s)
  [Data_11] kalmannet ep 85 val 5.4083 best 4.6801@ep78 pat 7 (4630s)
  [Data_11] kalmannet ep 86 val 4.8319 best 4.6801@ep78 pat 8 (4662s)
  [Data_11] kalmannet ep 87 val 6.0450 best 4.6801@ep78 pat 9 (4694s)
  [Data_11] kalmannet ep 88 val 5.1075 best 4.6801@ep78 pat 10 (4725s)
  [Data_11] kalmannet ep 89 val 5.2019 best 4.6801@ep78 pat 11 (4757s)
  [Data_11] kalmannet ep 90 val 4.6319 best 4.6319@ep90 pat 0 (4789s)
  [Data_11] kalmannet ep 91 val 5.6051 best 4.6319@ep90 pat 1 (4821s)
  [Data_11] kalmannet ep 92 val 5.9431 best 4.6319@ep90 pat 2 (4853s)
  [Data_11] kalmannet ep 93 val 5.1892 best 4.6319@ep90 pat 3 (4884s)
  [Data_11] kalmannet ep 94 val 6.0853 best 4.6319@ep90 pat 4 (4916s)
  [Data_11] kalmannet ep 95 val 5.6040 best 4.6319@ep90 pat 5 (4948s)
  [Data_11] kalmannet ep 96 val 4.8806 best 4.6319@ep90 pat 6 (4979s)
  [Data_11] kalmannet ep 97 val 4.6871 best 4.6319@ep90 pat 7 (5011s)
  [Data_11] kalmannet ep 98 val 5.1020 best 4.6319@ep90 pat 8 (5043s)
  [Data_11] kalmannet ep 99 val 5.0666 best 4.6319@ep90 pat 9 (5074s)
  [Data_11] kalmannet ep 100 val 4.4642 best 4.4642@ep100 pat 0 (5104s)
  [Data_11] kalmannet ep 101 val 4.5600 best 4.4642@ep100 pat 1 (5133s)
  [Data_11] kalmannet ep 102 val 4.6613 best 4.4642@ep100 pat 2 (5162s)
  [Data_11] kalmannet ep 103 val 4.2628 best 4.2628@ep103 pat 0 (5191s)
  [Data_11] kalmannet ep 104 val 4.5906 best 4.2628@ep103 pat 1 (5220s)
  [Data_11] kalmannet ep 105 val 4.3133 best 4.2628@ep103 pat 2 (5249s)
  [Data_11] kalmannet ep 106 val 4.5779 best 4.2628@ep103 pat 3 (5278s)
  [Data_11] kalmannet ep 107 val 4.7812 best 4.2628@ep103 pat 4 (5306s)
  [Data_11] kalmannet ep 108 val 4.1655 best 4.1655@ep108 pat 0 (5335s)
  [Data_11] kalmannet ep 109 val 4.1659 best 4.1655@ep108 pat 1 (5364s)
  [Data_11] kalmannet ep 110 val 4.8525 best 4.1655@ep108 pat 2 (5393s)
  [Data_11] kalmannet ep 111 val 4.2624 best 4.1655@ep108 pat 3 (5421s)
  [Data_11] kalmannet ep 112 val 4.2587 best 4.1655@ep108 pat 4 (5448s)
  [Data_11] kalmannet ep 113 val 4.5137 best 4.1655@ep108 pat 5 (5476s)
  [Data_11] kalmannet ep 114 val 4.5250 best 4.1655@ep108 pat 6 (5503s)
  [Data_11] kalmannet ep 115 val 4.7155 best 4.1655@ep108 pat 7 (5531s)
  [Data_11] kalmannet ep 116 val 4.4378 best 4.1655@ep108 pat 8 (5558s)
  [Data_11] kalmannet ep 117 val 4.7048 best 4.1655@ep108 pat 9 (5585s)
  [Data_11] kalmannet ep 118 val 4.6185 best 4.1655@ep108 pat 10 (5613s)
  [Data_11] kalmannet ep 119 val 5.6424 best 4.1655@ep108 pat 11 (5640s)
  [Data_11] kalmannet ep 120 val 4.5107 best 4.1655@ep108 pat 12 (5668s)
  [Data_11] kalmannet ep 121 val 4.3343 best 4.1655@ep108 pat 13 (5695s)
  [Data_11] kalmannet ep 122 val 4.9797 best 4.1655@ep108 pat 14 (5722s)
  [Data_11] kalmannet ep 123 val 5.0514 best 4.1655@ep108 pat 15 (5750s)
  [Data_11] kalmannet ep 124 val 4.6124 best 4.1655@ep108 pat 16 (5777s)
  [Data_11] kalmannet ep 125 val 5.3815 best 4.1655@ep108 pat 17 (5804s)
  [Data_11] kalmannet ep 126 val 3.8037 best 3.8037@ep126 pat 0 (5832s)
  [Data_11] kalmannet ep 127 val 4.8706 best 3.8037@ep126 pat 1 (5860s)
  [Data_11] kalmannet ep 128 val 4.1770 best 3.8037@ep126 pat 2 (5887s)
  [Data_11] kalmannet ep 129 val 5.0604 best 3.8037@ep126 pat 3 (5915s)
  [Data_11] kalmannet ep 130 val 5.6596 best 3.8037@ep126 pat 4 (5942s)
  [Data_11] kalmannet ep 131 val 6.2006 best 3.8037@ep126 pat 5 (5969s)
  [Data_11] kalmannet ep 132 val 6.0271 best 3.8037@ep126 pat 6 (5997s)
  [Data_11] kalmannet ep 133 val 5.3596 best 3.8037@ep126 pat 7 (6025s)
  [Data_11] kalmannet ep 134 val 4.9880 best 3.8037@ep126 pat 8 (6052s)
  [Data_11] kalmannet ep 135 val 5.6274 best 3.8037@ep126 pat 9 (6080s)
  [Data_11] kalmannet ep 136 val 5.1674 best 3.8037@ep126 pat 10 (6108s)
  [Data_11] kalmannet ep 137 val 5.3602 best 3.8037@ep126 pat 11 (6135s)
  [Data_11] kalmannet ep 138 val 6.5281 best 3.8037@ep126 pat 12 (6163s)
  [Data_11] kalmannet ep 139 val 4.7120 best 3.8037@ep126 pat 13 (6190s)
  [Data_11] kalmannet ep 140 val 4.7188 best 3.8037@ep126 pat 14 (6218s)
  [Data_11] kalmannet ep 141 val 4.6138 best 3.8037@ep126 pat 15 (6245s)
  [Data_11] kalmannet ep 142 val 4.7054 best 3.8037@ep126 pat 16 (6272s)
  [Data_11] kalmannet ep 143 val 5.6199 best 3.8037@ep126 pat 17 (6300s)
  [Data_11] kalmannet ep 144 val 5.0105 best 3.8037@ep126 pat 18 (6327s)
  [Data_11] kalmannet ep 145 val 4.8490 best 3.8037@ep126 pat 19 (6355s)
  [Data_11] kalmannet ep 146 val 4.7607 best 3.8037@ep126 pat 20 (6382s)
  [Data_11] kalmannet ep 147 val 5.1652 best 3.8037@ep126 pat 21 (6409s)
  [Data_11] kalmannet ep 148 val 4.9585 best 3.8037@ep126 pat 22 (6435s)
  [Data_11] kalmannet ep 149 val 4.7916 best 3.8037@ep126 pat 23 (6462s)
  [Data_11] kalmannet ep 150 val 4.8597 best 3.8037@ep126 pat 24 (6488s)
  [Data_11] kalmannet ep 151 val 4.7969 best 3.8037@ep126 pat 25 (6515s)
  [Data_11] kalmannet ep 152 val 5.4658 best 3.8037@ep126 pat 26 (6541s)
  [Data_11] kalmannet ep 153 val 5.1918 best 3.8037@ep126 pat 27 (6567s)
  [Data_11] kalmannet ep 154 val 4.6904 best 3.8037@ep126 pat 28 (6594s)
  [Data_11] kalmannet ep 155 val 4.3303 best 3.8037@ep126 pat 29 (6620s)
  [Data_11] kalmannet ep 156 val 4.5997 best 3.8037@ep126 pat 30 (6647s)
  [Data_11] kalmannet ep 157 val 4.3275 best 3.8037@ep126 pat 31 (6672s)
  [Data_11] kalmannet ep 158 val 4.1490 best 3.8037@ep126 pat 32 (6698s)
  [Data_11] kalmannet ep 159 val 4.1586 best 3.8037@ep126 pat 33 (6723s)
  [Data_11] kalmannet ep 160 val 4.4025 best 3.8037@ep126 pat 34 (6748s)
  [Data_11] kalmannet ep 161 val 4.7547 best 3.8037@ep126 pat 35 (6774s)
  [Data_11] kalmannet ep 162 val 4.1387 best 3.8037@ep126 pat 36 (6799s)
  [Data_11] kalmannet ep 163 val 4.0654 best 3.8037@ep126 pat 37 (6825s)
  [Data_11] kalmannet ep 164 val 3.9907 best 3.8037@ep126 pat 38 (6855s)
  [Data_11] kalmannet ep 165 val 4.6135 best 3.8037@ep126 pat 39 (6886s)
  [Data_11] kalmannet ep 166 val 4.1363 best 3.8037@ep126 pat 40 (6918s)
  [Data_11] kalmannet ep 167 val 4.4773 best 3.8037@ep126 pat 41 (6950s)
  [Data_11] kalmannet ep 168 val 4.1452 best 3.8037@ep126 pat 42 (6982s)
  [Data_11] kalmannet ep 169 val 3.6882 best 3.6882@ep169 pat 0 (7014s)
  [Data_11] kalmannet ep 170 val 4.4499 best 3.6882@ep169 pat 1 (7047s)
  [Data_11] kalmannet ep 171 val 4.0837 best 3.6882@ep169 pat 2 (7080s)
  [Data_11] kalmannet ep 172 val 4.3813 best 3.6882@ep169 pat 3 (7112s)
  [Data_11] kalmannet ep 173 val 4.4363 best 3.6882@ep169 pat 4 (7146s)
  [Data_11] kalmannet ep 174 val 3.7701 best 3.6882@ep169 pat 5 (7180s)
  [Data_11] kalmannet ep 175 val 4.1647 best 3.6882@ep169 pat 6 (7213s)
  [Data_11] kalmannet ep 176 val 3.8260 best 3.6882@ep169 pat 7 (7244s)
  [Data_11] kalmannet ep 177 val 3.5252 best 3.5252@ep177 pat 0 (7276s)
  [Data_11] kalmannet ep 178 val 3.6935 best 3.5252@ep177 pat 1 (7308s)
  [Data_11] kalmannet ep 179 val 4.1430 best 3.5252@ep177 pat 2 (7341s)
  [Data_11] kalmannet ep 180 val 3.8487 best 3.5252@ep177 pat 3 (7372s)
  [Data_11] kalmannet ep 181 val 3.5575 best 3.5252@ep177 pat 4 (7404s)
  [Data_11] kalmannet ep 182 val 3.7439 best 3.5252@ep177 pat 5 (7436s)
  [Data_11] kalmannet ep 183 val 4.9373 best 3.5252@ep177 pat 6 (7468s)
  [Data_11] kalmannet ep 184 val 4.5530 best 3.5252@ep177 pat 7 (7499s)
  [Data_11] kalmannet ep 185 val 4.0131 best 3.5252@ep177 pat 8 (7531s)
  [Data_11] kalmannet ep 186 val 4.6207 best 3.5252@ep177 pat 9 (7563s)
  [Data_11] kalmannet ep 187 val 4.1634 best 3.5252@ep177 pat 10 (7594s)
  [Data_11] kalmannet ep 188 val 4.3861 best 3.5252@ep177 pat 11 (7620s)
  [Data_11] kalmannet ep 189 val 4.1515 best 3.5252@ep177 pat 12 (7644s)
  [Data_11] kalmannet ep 190 val 4.1990 best 3.5252@ep177 pat 13 (7667s)
  [Data_11] kalmannet ep 191 val 4.2565 best 3.5252@ep177 pat 14 (7689s)
  [Data_11] kalmannet ep 192 val 4.5916 best 3.5252@ep177 pat 15 (7712s)
  [Data_11] kalmannet ep 193 val 5.1051 best 3.5252@ep177 pat 16 (7734s)
  [Data_11] kalmannet ep 194 val 3.6844 best 3.5252@ep177 pat 17 (7756s)
  [Data_11] kalmannet ep 195 val 5.3131 best 3.5252@ep177 pat 18 (7778s)
  [Data_11] kalmannet ep 196 val 4.9875 best 3.5252@ep177 pat 19 (7800s)
  [Data_11] kalmannet ep 197 val 4.1092 best 3.5252@ep177 pat 20 (7822s)
  [Data_11] kalmannet ep 198 val 4.7680 best 3.5252@ep177 pat 21 (7844s)
  [Data_11] kalmannet ep 199 val 5.7198 best 3.5252@ep177 pat 22 (7866s)
  [Data_11] kalmannet ep 200 val 4.7787 best 3.5252@ep177 pat 23 (7888s)
  [Data_11] kalmannet ep 201 val 5.2393 best 3.5252@ep177 pat 24 (7910s)
  [Data_11] kalmannet ep 202 val 4.7438 best 3.5252@ep177 pat 25 (7931s)
  [Data_11] kalmannet ep 203 val 3.9036 best 3.5252@ep177 pat 26 (7953s)
  [Data_11] kalmannet ep 204 val 4.9983 best 3.5252@ep177 pat 27 (7974s)
  [Data_11] kalmannet ep 205 val 5.5136 best 3.5252@ep177 pat 28 (7996s)
  [Data_11] kalmannet ep 206 val 5.5608 best 3.5252@ep177 pat 29 (8017s)
  [Data_11] kalmannet ep 207 val 6.3172 best 3.5252@ep177 pat 30 (8039s)
  [Data_11] kalmannet ep 208 val 4.4264 best 3.5252@ep177 pat 31 (8060s)
  [Data_11] kalmannet ep 209 val 5.3510 best 3.5252@ep177 pat 32 (8082s)
  [Data_11] kalmannet ep 210 val 5.5837 best 3.5252@ep177 pat 33 (8108s)
  [Data_11] kalmannet ep 211 val 5.5348 best 3.5252@ep177 pat 34 (8131s)
  [Data_11] kalmannet ep 212 val 6.8086 best 3.5252@ep177 pat 35 (8154s)
  [Data_11] kalmannet ep 213 val 6.8299 best 3.5252@ep177 pat 36 (8176s)
  [Data_11] kalmannet ep 214 val 6.2063 best 3.5252@ep177 pat 37 (8199s)
  [Data_11] kalmannet ep 215 val 6.0373 best 3.5252@ep177 pat 38 (8222s)
  [Data_11] kalmannet ep 216 val 5.8569 best 3.5252@ep177 pat 39 (8244s)
  [Data_11] kalmannet ep 217 val 5.4226 best 3.5252@ep177 pat 40 (8267s)
  [Data_11] kalmannet ep 218 val 6.2729 best 3.5252@ep177 pat 41 (8290s)
  [Data_11] kalmannet ep 219 val 5.4582 best 3.5252@ep177 pat 42 (8313s)
  [Data_11] kalmannet ep 220 val 4.9361 best 3.5252@ep177 pat 43 (8335s)
  [Data_11] kalmannet ep 221 val 4.5872 best 3.5252@ep177 pat 44 (8358s)
  [Data_11] kalmannet ep 222 val 4.5374 best 3.5252@ep177 pat 45 (8381s)
  [Data_11] kalmannet ep 223 val 4.5235 best 3.5252@ep177 pat 46 (8403s)
  [Data_11] kalmannet ep 224 val 4.4243 best 3.5252@ep177 pat 47 (8426s)
  [Data_11] kalmannet ep 225 val 4.4583 best 3.5252@ep177 pat 48 (8449s)
  [Data_11] kalmannet ep 226 val 4.0909 best 3.5252@ep177 pat 49 (8472s)
  [Data_11] kalmannet ep 227 val 4.3357 best 3.5252@ep177 pat 50 (8495s)
*** kalmannet Data_11 mae_seq=3.8719 mae_shuf=39.5012
