command: python -m hingesense.baselines --method kalmannet --fold Data_03 --out results/raw/baselines/kalmannet --epochs 300 --patience 50
UserWarning: Can't initialize NVML
os: Linux-6.8.0-138-generic-x86_64-with-glibc2.35
cpu: Intel(R) Xeon(R) Platinum 8480C x224, ram 1007.5 GB
gpu: NVIDIA H100 (driver 580.173.02)
python 3.11.15, torch 2.12.0+cu130, cuda 13.0
=== kalmannet Data_03 dev=cuda:0 ===
  [Data_03] kalmannet cond=noload sources=52
  [Data_03] kalmannet ep 0 val 5.5113 best 5.5113@ep0 pat 0 (67s)
  [Data_03] kalmannet ep 1 val 5.8271 best 5.5113@ep0 pat 1 (133s)
  [Data_03] kalmannet ep 2 val 6.1964 best 5.5113@ep0 pat 2 (199s)
  [Data_03] kalmannet ep 3 val 5.6858 best 5.5113@ep0 pat 3 (266s)
  [Data_03] kalmannet ep 4 val 5.6731 best 5.5113@ep0 pat 4 (332s)
  [Data_03] kalmannet ep 5 val 5.4694 best 5.4694@ep5 pat 0 (398s)
  [Data_03] kalmannet ep 6 val 7.0904 best 5.4694@ep5 pat 1 (464s)
  [Data_03] kalmannet ep 7 val 3.4012 best 3.4012@ep7 pat 0 (530s)
  [Data_03] kalmannet ep 8 val 4.0747 best 3.4012@ep7 pat 1 (597s)
  [Data_03] kalmannet ep 9 val 3.9483 best 3.4012@ep7 pat 2 (663s)
  [Data_03] kalmannet ep 10 val 6.7980 best 3.4012@ep7 pat 3 (728s)
  [Data_03] kalmannet ep 11 val 4.4737 best 3.4012@ep7 pat 4 (786s)
  [Data_03] kalmannet ep 12 val 5.4910 best 3.4012@ep7 pat 5 (844s)
  [Data_03] kalmannet ep 13 val 7.8030 best 3.4012@ep7 pat 6 (902s)
  [Data_03] kalmannet ep 14 val 7.2780 best 3.4012@ep7 pat 7 (961s)
  [Data_03] kalmannet ep 15 val 8.2008 best 3.4012@ep7 pat 8 (1021s)
  [Data_03] kalmannet ep 16 val 8.6442 best 3.4012@ep7 pat 9 (1082s)
  [Data_03] kalmannet ep 17 val 7.2479 best 3.4012@ep7 pat 10 (1142s)
  [Data_03] kalmannet ep 18 val 7.4454 best 3.4012@ep7 pat 11 (1202s)
  [Data_03] kalmannet ep 19 val 6.8500 best 3.4012@ep7 pat 12 (1263s)
  [Data_03] kalmannet ep 20 val 6.5356 best 3.4012@ep7 pat 13 (1321s)
  [Data_03] kalmannet ep 21 val 7.5922 best 3.4012@ep7 pat 14 (1379s)
  [Data_03] kalmannet ep 22 val 8.3829 best 3.4012@ep7 pat 15 (1436s)
  [Data_03] kalmannet ep 23 val 6.8791 best 3.4012@ep7 pat 16 (1491s)
  [Data_03] kalmannet ep 24 val 5.6890 best 3.4012@ep7 pat 17 (1547s)
  [Data_03] kalmannet ep 25 val 7.6720 best 3.4012@ep7 pat 18 (1605s)
  [Data_03] kalmannet ep 26 val 6.2501 best 3.4012@ep7 pat 19 (1662s)
  [Data_03] kalmannet ep 27 val 7.0223 best 3.4012@ep7 pat 20 (1719s)
  [Data_03] kalmannet ep 28 val 7.4537 best 3.4012@ep7 pat 21 (1777s)
  [Data_03] kalmannet ep 29 val 6.2907 best 3.4012@ep7 pat 22 (1834s)
  [Data_03] kalmannet ep 30 val 6.1379 best 3.4012@ep7 pat 23 (1891s)
  [Data_03] kalmannet ep 31 val 8.3566 best 3.4012@ep7 pat 24 (1949s)
  [Data_03] kalmannet ep 32 val 6.8182 best 3.4012@ep7 pat 25 (2006s)
  [Data_03] kalmannet ep 33 val 6.6542 best 3.4012@ep7 pat 26 (2063s)
  [Data_03] kalmannet ep 34 val 8.2341 best 3.4012@ep7 pat 27 (2120s)
  [Data_03] kalmannet ep 35 val 7.3246 best 3.4012@ep7 pat 28 (2177s)
  [Data_03] kalmannet ep 36 val 6.6672 best 3.4012@ep7 pat 29 (2237s)
  [Data_03] kalmannet ep 37 val 6.1919 best 3.4012@ep7 pat 30 (2297s)
  [Data_03] kalmannet ep 38 val 8.5082 best 3.4012@ep7 pat 31 (2357s)
  [Data_03] kalmannet ep 39 val 6.1467 best 3.4012@ep7 pat 32 (2418s)
  [Data_03] kalmannet ep 40 val 5.7601 best 3.4012@ep7 pat 33 (2478s)
  [Data_03] kalmannet ep 41 val 17.3104 best 3.4012@ep7 pat 34 (2538s)
  [Data_03] kalmannet ep 42 val 19.4864 best 3.4012@ep7 pat 35 (2598s)
  [Data_03] kalmannet ep 43 val 9.8721 best 3.4012@ep7 pat 36 (2658s)
  [Data_03] kalmannet ep 44 val 37.5650 best 3.4012@ep7 pat 37 (2718s)
  [Data_03] kalmannet ep 45 val 8.3217 best 3.4012@ep7 pat 38 (2779s)
  [Data_03] kalmannet ep 46 val 6.6473 best 3.4012@ep7 pat 39 (2836s)
  [Data_03] kalmannet ep 47 val 9.7086 best 3.4012@ep7 pat 40 (2893s)
  [Data_03] kalmannet ep 48 val 9.2355 best 3.4012@ep7 pat 41 (2950s)
  [Data_03] kalmannet ep 49 val 6.4965 best 3.4012@ep7 pat 42 (3005s)
  [Data_03] kalmannet ep 50 val 7.9482 best 3.4012@ep7 pat 43 (3059s)
  [Data_03] kalmannet ep 51 val 7.5695 best 3.4012@ep7 pat 44 (3112s)
  [Data_03] kalmannet ep 52 val 26.6722 best 3.4012@ep7 pat 45 (3164s)
  [Data_03] kalmannet ep 53 val 8.7777 best 3.4012@ep7 pat 46 (3217s)
  [Data_03] kalmannet ep 54 val 8.0901 best 3.4012@ep7 pat 47 (3271s)
  [Data_03] kalmannet ep 55 val 5.4543 best 3.4012@ep7 pat 48 (3325s)
  [Data_03] kalmannet ep 56 val 6.7550 best 3.4012@ep7 pat 49 (3377s)
  [Data_03] kalmannet ep 57 val 6.4878 best 3.4012@ep7 pat 50 (3429s)
*** kalmannet Data_03 mae_seq=3.2834 mae_shuf=4.8418
