command: python -m hingesense.baselines --method kalmannet --fold Data_07 --out results/raw/baselines/kalmannet --epochs 300 --patience 50
UserWarning: Can't initialize NVML
os: Linux-6.8.0-138-generic-x86_64-with-glibc2.35
cpu: Intel(R) Xeon(R) Platinum 8480C x224, ram 1007.5 GB
gpu: NVIDIA H100 (driver 580.173.02)
python 3.11.15, torch 2.12.0+cu130, cuda 13.0
=== kalmannet Data_07 dev=cuda:0 ===
  [Data_07] kalmannet cond=assembly sources=32
  [Data_07] kalmannet ep 0 val 17.3330 best 17.3330@ep0 pat 0 (55s)
  [Data_07] kalmannet ep 1 val 21.7082 best 17.3330@ep0 pat 1 (119s)
  [Data_07] kalmannet ep 2 val 24.6657 best 17.3330@ep0 pat 2 (182s)
  [Data_07] kalmannet ep 3 val 26.1107 best 17.3330@ep0 pat 3 (245s)
  [Data_07] kalmannet ep 4 val 25.2797 best 17.3330@ep0 pat 4 (308s)
  [Data_07] kalmannet ep 5 val 25.0008 best 17.3330@ep0 pat 5 (371s)
  [Data_07] kalmannet ep 6 val 149.8125 best 17.3330@ep0 pat 6 (435s)
  [Data_07] kalmannet ep 7 val 120.9925 best 17.3330@ep0 pat 7 (498s)
  [Data_07] kalmannet ep 8 val 149.8125 best 17.3330@ep0 pat 8 (561s)
  [Data_07] kalmannet ep 9 val 148.3593 best 17.3330@ep0 pat 9 (624s)
  [Data_07] kalmannet ep 10 val 149.8125 best 17.3330@ep0 pat 10 (687s)
  [Data_07] kalmannet ep 11 val 148.5858 best 17.3330@ep0 pat 11 (747s)
  [Data_07] kalmannet ep 12 val 27.6750 best 17.3330@ep0 pat 12 (802s)
  [Data_07] kalmannet ep 13 val 149.8125 best 17.3330@ep0 pat 13 (858s)
  [Data_07] kalmannet ep 14 val 149.8125 best 17.3330@ep0 pat 14 (914s)
  [Data_07] kalmannet ep 15 val 149.8125 best 17.3330@ep0 pat 15 (970s)
  [Data_07] kalmannet ep 16 val 149.8125 best 17.3330@ep0 pat 16 (1027s)
  [Data_07] kalmannet ep 17 val 149.8125 best 17.3330@ep0 pat 17 (1085s)
  [Data_07] kalmannet ep 18 val 149.8125 best 17.3330@ep0 pat 18 (1142s)
  [Data_07] kalmannet ep 19 val 128.5536 best 17.3330@ep0 pat 19 (1200s)
  [Data_07] kalmannet ep 20 val 149.8125 best 17.3330@ep0 pat 20 (1258s)
  [Data_07] kalmannet ep 21 val 149.8125 best 17.3330@ep0 pat 21 (1314s)
  [Data_07] kalmannet ep 22 val 149.8125 best 17.3330@ep0 pat 22 (1370s)
  [Data_07] kalmannet ep 23 val 143.0661 best 17.3330@ep0 pat 23 (1424s)
  [Data_07] kalmannet ep 24 val 149.8125 best 17.3330@ep0 pat 24 (1476s)
  [Data_07] kalmannet ep 25 val 29.3180 best 17.3330@ep0 pat 25 (1528s)
  [Data_07] kalmannet ep 26 val 16.6534 best 16.6534@ep26 pat 0 (1584s)
  [Data_07] kalmannet ep 27 val 17.3212 best 16.6534@ep26 pat 1 (1639s)
  [Data_07] kalmannet ep 28 val 16.6204 best 16.6204@ep28 pat 0 (1693s)
  [Data_07] kalmannet ep 29 val 16.6467 best 16.6204@ep28 pat 1 (1748s)
  [Data_07] kalmannet ep 30 val 16.4360 best 16.4360@ep30 pat 0 (1803s)
  [Data_07] kalmannet ep 31 val 15.7595 best 15.7595@ep31 pat 0 (1857s)
  [Data_07] kalmannet ep 32 val 15.6124 best 15.6124@ep32 pat 0 (1912s)
  [Data_07] kalmannet ep 33 val 15.4339 best 15.4339@ep33 pat 0 (1967s)
  [Data_07] kalmannet ep 34 val 16.1183 best 15.4339@ep33 pat 1 (2021s)
  [Data_07] kalmannet ep 35 val 15.5791 best 15.4339@ep33 pat 2 (2075s)
  [Data_07] kalmannet ep 36 val 15.2332 best 15.2332@ep36 pat 0 (2130s)
  [Data_07] kalmannet ep 37 val 15.2542 best 15.2332@ep36 pat 1 (2184s)
  [Data_07] kalmannet ep 38 val 14.4452 best 14.4452@ep38 pat 0 (2241s)
  [Data_07] kalmannet ep 39 val 17.6782 best 14.4452@ep38 pat 1 (2299s)
  [Data_07] kalmannet ep 40 val 25.7249 best 14.4452@ep38 pat 2 (2357s)
  [Data_07] kalmannet ep 41 val 27.2653 best 14.4452@ep38 pat 3 (2414s)
  [Data_07] kalmannet ep 42 val 32.8827 best 14.4452@ep38 pat 4 (2471s)
  [Data_07] kalmannet ep 43 val 15.9446 best 14.4452@ep38 pat 5 (2529s)
  [Data_07] kalmannet ep 44 val 25.3982 best 14.4452@ep38 pat 6 (2586s)
  [Data_07] kalmannet ep 45 val 26.8550 best 14.4452@ep38 pat 7 (2643s)
  [Data_07] kalmannet ep 46 val 16.9156 best 14.4452@ep38 pat 8 (2701s)
  [Data_07] kalmannet ep 47 val 28.7351 best 14.4452@ep38 pat 9 (2758s)
  [Data_07] kalmannet ep 48 val 18.6487 best 14.4452@ep38 pat 10 (2814s)
  [Data_07] kalmannet ep 49 val 26.2128 best 14.4452@ep38 pat 11 (2870s)
  [Data_07] kalmannet ep 50 val 15.6259 best 14.4452@ep38 pat 12 (2923s)
  [Data_07] kalmannet ep 51 val 25.8789 best 14.4452@ep38 pat 13 (2977s)
  [Data_07] kalmannet ep 52 val 26.0139 best 14.4452@ep38 pat 14 (3030s)
  [Data_07] kalmannet ep 53 val 18.5657 best 14.4452@ep38 pat 15 (3080s)
  [Data_07] kalmannet ep 54 val 18.9968 best 14.4452@ep38 pat 16 (3130s)
  [Data_07] kalmannet ep 55 val 13.9544 best 13.9544@ep55 pat 0 (3180s)
  [Data_07] kalmannet ep 56 val 33.1390 best 13.9544@ep55 pat 1 (3231s)
  [Data_07] kalmannet ep 57 val 32.5831 best 13.9544@ep55 pat 2 (3282s)
  [Data_07] kalmannet ep 58 val 38.0761 best 13.9544@ep55 pat 3 (3334s)
  [Data_07] kalmannet ep 59 val 23.8830 best 13.9544@ep55 pat 4 (3383s)
  [Data_07] kalmannet ep 60 val 26.7139 best 13.9544@ep55 pat 5 (3433s)
  [Data_07] kalmannet ep 61 val 28.3023 best 13.9544@ep55 pat 6 (3487s)
  [Data_07] kalmannet ep 62 val 21.8379 best 13.9544@ep55 pat 7 (3552s)
  [Data_07] kalmannet ep 63 val 150.1875 best 13.9544@ep55 pat 8 (3646s)
  [Data_07] kalmannet ep 64 val 144.5653 best 13.9544@ep55 pat 9 (3764s)
  [Data_07] kalmannet ep 65 val 150.1875 best 13.9544@ep55 pat 10 (3896s)
  [Data_07] kalmannet ep 66 val 150.1875 best 13.9544@ep55 pat 11 (4022s)
  [Data_07] kalmannet ep 67 val 150.1875 best 13.9544@ep55 pat 12 (4131s)
  [Data_07] kalmannet ep 68 val 24.4490 best 13.9544@ep55 pat 13 (4200s)
  [Data_07] kalmannet ep 69 val 8.0379 best 8.0379@ep69 pat 0 (4240s)
  [Data_07] kalmannet ep 70 val 3.9255 best 3.9255@ep70 pat 0 (4275s)
  [Data_07] kalmannet ep 71 val 4.5705 best 3.9255@ep70 pat 1 (4309s)
  [Data_07] kalmannet ep 72 val 4.1463 best 3.9255@ep70 pat 2 (4342s)
  [Data_07] kalmannet ep 73 val 3.3217 best 3.3217@ep73 pat 0 (4374s)
  [Data_07] kalmannet ep 74 val 3.0343 best 3.0343@ep74 pat 0 (4406s)
  [Data_07] kalmannet ep 75 val 3.2912 best 3.0343@ep74 pat 1 (4438s)
  [Data_07] kalmannet ep 76 val 3.2478 best 3.0343@ep74 pat 2 (4470s)
  [Data_07] kalmannet ep 77 val 2.5556 best 2.5556@ep77 pat 0 (4502s)
  [Data_07] kalmannet ep 78 val 2.9118 best 2.5556@ep77 pat 1 (4535s)
  [Data_07] kalmannet ep 79 val 3.4109 best 2.5556@ep77 pat 2 (4567s)
  [Data_07] kalmannet ep 80 val 3.3875 best 2.5556@ep77 pat 3 (4599s)
  [Data_07] kalmannet ep 81 val 3.7403 best 2.5556@ep77 pat 4 (4631s)
  [Data_07] kalmannet ep 82 val 3.1148 best 2.5556@ep77 pat 5 (4664s)
  [Data_07] kalmannet ep 83 val 3.6483 best 2.5556@ep77 pat 6 (4696s)
  [Data_07] kalmannet ep 84 val 3.6382 best 2.5556@ep77 pat 7 (4728s)
  [Data_07] kalmannet ep 85 val 3.6340 best 2.5556@ep77 pat 8 (4761s)
  [Data_07] kalmannet ep 86 val 2.9215 best 2.5556@ep77 pat 9 (4793s)
  [Data_07] kalmannet ep 87 val 2.9593 best 2.5556@ep77 pat 10 (4825s)
  [Data_07] kalmannet ep 88 val 2.9214 best 2.5556@ep77 pat 11 (4857s)
  [Data_07] kalmannet ep 89 val 2.8563 best 2.5556@ep77 pat 12 (4889s)
  [Data_07] kalmannet ep 90 val 2.7965 best 2.5556@ep77 pat 13 (4921s)
  [Data_07] kalmannet ep 91 val 2.6160 best 2.5556@ep77 pat 14 (4954s)
  [Data_07] kalmannet ep 92 val 2.5985 best 2.5556@ep77 pat 15 (4986s)
  [Data_07] kalmannet ep 93 val 2.5382 best 2.5382@ep93 pat 0 (5018s)
  [Data_07] kalmannet ep 94 val 2.7393 best 2.5382@ep93 pat 1 (5050s)
  [Data_07] kalmannet ep 95 val 2.4645 best 2.4645@ep95 pat 0 (5081s)
  [Data_07] kalmannet ep 96 val 2.4893 best 2.4645@ep95 pat 1 (5112s)
  [Data_07] kalmannet ep 97 val 2.6974 best 2.4645@ep95 pat 2 (5141s)
  [Data_07] kalmannet ep 98 val 2.0429 best 2.0429@ep98 pat 0 (5171s)
  [Data_07] kalmannet ep 99 val 2.3586 best 2.0429@ep98 pat 1 (5200s)
  [Data_07] kalmannet ep 100 val 2.6420 best 2.0429@ep98 pat 2 (5229s)
  [Data_07] kalmannet ep 101 val 2.6430 best 2.0429@ep98 pat 3 (5258s)
  [Data_07] kalmannet ep 102 val 2.5734 best 2.0429@ep98 pat 4 (5287s)
  [Data_07] kalmannet ep 103 val 2.0919 best 2.0429@ep98 pat 5 (5316s)
  [Data_07] kalmannet ep 104 val 2.2109 best 2.0429@ep98 pat 6 (5346s)
  [Data_07] kalmannet ep 105 val 1.9494 best 1.9494@ep105 pat 0 (5375s)
  [Data_07] kalmannet ep 106 val 2.3799 best 1.9494@ep105 pat 1 (5404s)
  [Data_07] kalmannet ep 107 val 2.3122 best 1.9494@ep105 pat 2 (5432s)
  [Data_07] kalmannet ep 108 val 2.3099 best 1.9494@ep105 pat 3 (5460s)
  [Data_07] kalmannet ep 109 val 2.6427 best 1.9494@ep105 pat 4 (5488s)
  [Data_07] kalmannet ep 110 val 2.2096 best 1.9494@ep105 pat 5 (5515s)
  [Data_07] kalmannet ep 111 val 1.9357 best 1.9357@ep111 pat 0 (5543s)
  [Data_07] kalmannet ep 112 val 2.1857 best 1.9357@ep111 pat 1 (5571s)
  [Data_07] kalmannet ep 113 val 2.2266 best 1.9357@ep111 pat 2 (5599s)
  [Data_07] kalmannet ep 114 val 2.3325 best 1.9357@ep111 pat 3 (5626s)
  [Data_07] kalmannet ep 115 val 2.5672 best 1.9357@ep111 pat 4 (5654s)
  [Data_07] kalmannet ep 116 val 2.3015 best 1.9357@ep111 pat 5 (5682s)
  [Data_07] kalmannet ep 117 val 2.2750 best 1.9357@ep111 pat 6 (5710s)
  [Data_07] kalmannet ep 118 val 2.4937 best 1.9357@ep111 pat 7 (5737s)
  [Data_07] kalmannet ep 119 val 2.2934 best 1.9357@ep111 pat 8 (5765s)
  [Data_07] kalmannet ep 120 val 2.1691 best 1.9357@ep111 pat 9 (5792s)
  [Data_07] kalmannet ep 121 val 2.0039 best 1.9357@ep111 pat 10 (5820s)
  [Data_07] kalmannet ep 122 val 1.9775 best 1.9357@ep111 pat 11 (5848s)
  [Data_07] kalmannet ep 123 val 2.4421 best 1.9357@ep111 pat 12 (5876s)
  [Data_07] kalmannet ep 124 val 1.9743 best 1.9357@ep111 pat 13 (5904s)
  [Data_07] kalmannet ep 125 val 2.2218 best 1.9357@ep111 pat 14 (5932s)
  [Data_07] kalmannet ep 126 val 3.0641 best 1.9357@ep111 pat 15 (5960s)
  [Data_07] kalmannet ep 127 val 2.2492 best 1.9357@ep111 pat 16 (5988s)
  [Data_07] kalmannet ep 128 val 2.2195 best 1.9357@ep111 pat 17 (6015s)
  [Data_07] kalmannet ep 129 val 2.4958 best 1.9357@ep111 pat 18 (6043s)
  [Data_07] kalmannet ep 130 val 2.3752 best 1.9357@ep111 pat 19 (6071s)
  [Data_07] kalmannet ep 131 val 2.2525 best 1.9357@ep111 pat 20 (6099s)
  [Data_07] kalmannet ep 132 val 2.8422 best 1.9357@ep111 pat 21 (6127s)
  [Data_07] kalmannet ep 133 val 2.0700 best 1.9357@ep111 pat 22 (6155s)
  [Data_07] kalmannet ep 134 val 2.1670 best 1.9357@ep111 pat 23 (6183s)
  [Data_07] kalmannet ep 135 val 2.4301 best 1.9357@ep111 pat 24 (6211s)
  [Data_07] kalmannet ep 136 val 2.2564 best 1.9357@ep111 pat 25 (6238s)
  [Data_07] kalmannet ep 137 val 2.2800 best 1.9357@ep111 pat 26 (6266s)
  [Data_07] kalmannet ep 138 val 2.6029 best 1.9357@ep111 pat 27 (6294s)
  [Data_07] kalmannet ep 139 val 2.3249 best 1.9357@ep111 pat 28 (6322s)
  [Data_07] kalmannet ep 140 val 2.3113 best 1.9357@ep111 pat 29 (6350s)
  [Data_07] kalmannet ep 141 val 2.0144 best 1.9357@ep111 pat 30 (6377s)
  [Data_07] kalmannet ep 142 val 2.3336 best 1.9357@ep111 pat 31 (6405s)
  [Data_07] kalmannet ep 143 val 2.1101 best 1.9357@ep111 pat 32 (6432s)
  [Data_07] kalmannet ep 144 val 2.1481 best 1.9357@ep111 pat 33 (6458s)
  [Data_07] kalmannet ep 145 val 2.7737 best 1.9357@ep111 pat 34 (6485s)
  [Data_07] kalmannet ep 146 val 2.0203 best 1.9357@ep111 pat 35 (6512s)
  [Data_07] kalmannet ep 147 val 2.0918 best 1.9357@ep111 pat 36 (6539s)
  [Data_07] kalmannet ep 148 val 2.6046 best 1.9357@ep111 pat 37 (6565s)
  [Data_07] kalmannet ep 149 val 2.3203 best 1.9357@ep111 pat 38 (6592s)
  [Data_07] kalmannet ep 150 val 1.8628 best 1.8628@ep150 pat 0 (6619s)
  [Data_07] kalmannet ep 151 val 2.0826 best 1.8628@ep150 pat 1 (6646s)
  [Data_07] kalmannet ep 152 val 2.2994 best 1.8628@ep150 pat 2 (6672s)
  [Data_07] kalmannet ep 153 val 2.3627 best 1.8628@ep150 pat 3 (6698s)
  [Data_07] kalmannet ep 154 val 2.2801 best 1.8628@ep150 pat 4 (6723s)
  [Data_07] kalmannet ep 155 val 2.2654 best 1.8628@ep150 pat 5 (6749s)
  [Data_07] kalmannet ep 156 val 2.3418 best 1.8628@ep150 pat 6 (6775s)
  [Data_07] kalmannet ep 157 val 2.0732 best 1.8628@ep150 pat 7 (6801s)
  [Data_07] kalmannet ep 158 val 2.2627 best 1.8628@ep150 pat 8 (6826s)
  [Data_07] kalmannet ep 159 val 2.4592 best 1.8628@ep150 pat 9 (6857s)
  [Data_07] kalmannet ep 160 val 2.4188 best 1.8628@ep150 pat 10 (6890s)
  [Data_07] kalmannet ep 161 val 2.5765 best 1.8628@ep150 pat 11 (6922s)
  [Data_07] kalmannet ep 162 val 2.8605 best 1.8628@ep150 pat 12 (6954s)
  [Data_07] kalmannet ep 163 val 2.6367 best 1.8628@ep150 pat 13 (6987s)
  [Data_07] kalmannet ep 164 val 2.3353 best 1.8628@ep150 pat 14 (7019s)
  [Data_07] kalmannet ep 165 val 2.9850 best 1.8628@ep150 pat 15 (7051s)
  [Data_07] kalmannet ep 166 val 2.7580 best 1.8628@ep150 pat 16 (7083s)
  [Data_07] kalmannet ep 167 val 2.2914 best 1.8628@ep150 pat 17 (7115s)
  [Data_07] kalmannet ep 168 val 2.4947 best 1.8628@ep150 pat 18 (7147s)
  [Data_07] kalmannet ep 169 val 2.1524 best 1.8628@ep150 pat 19 (7178s)
  [Data_07] kalmannet ep 170 val 2.3616 best 1.8628@ep150 pat 20 (7210s)
  [Data_07] kalmannet ep 171 val 3.0052 best 1.8628@ep150 pat 21 (7243s)
  [Data_07] kalmannet ep 172 val 1.9347 best 1.8628@ep150 pat 22 (7275s)
  [Data_07] kalmannet ep 173 val 2.0004 best 1.8628@ep150 pat 23 (7307s)
  [Data_07] kalmannet ep 174 val 2.0455 best 1.8628@ep150 pat 24 (7339s)
  [Data_07] kalmannet ep 175 val 2.0537 best 1.8628@ep150 pat 25 (7371s)
  [Data_07] kalmannet ep 176 val 2.3768 best 1.8628@ep150 pat 26 (7403s)
  [Data_07] kalmannet ep 177 val 1.8966 best 1.8628@ep150 pat 27 (7436s)
  [Data_07] kalmannet ep 178 val 1.9833 best 1.8628@ep150 pat 28 (7468s)
  [Data_07] kalmannet ep 179 val 2.6931 best 1.8628@ep150 pat 29 (7500s)
  [Data_07] kalmannet ep 180 val 2.0383 best 1.8628@ep150 pat 30 (7532s)
  [Data_07] kalmannet ep 181 val 2.2058 best 1.8628@ep150 pat 31 (7564s)
  [Data_07] kalmannet ep 182 val 2.3985 best 1.8628@ep150 pat 32 (7596s)
  [Data_07] kalmannet ep 183 val 2.1477 best 1.8628@ep150 pat 33 (7622s)
  [Data_07] kalmannet ep 184 val 2.3412 best 1.8628@ep150 pat 34 (7646s)
  [Data_07] kalmannet ep 185 val 1.8638 best 1.8628@ep150 pat 35 (7670s)
  [Data_07] kalmannet ep 186 val 2.2408 best 1.8628@ep150 pat 36 (7693s)
  [Data_07] kalmannet ep 187 val 2.3424 best 1.8628@ep150 pat 37 (7715s)
  [Data_07] kalmannet ep 188 val 2.0052 best 1.8628@ep150 pat 38 (7737s)
  [Data_07] kalmannet ep 189 val 1.8742 best 1.8628@ep150 pat 39 (7759s)
  [Data_07] kalmannet ep 190 val 2.3324 best 1.8628@ep150 pat 40 (7782s)
  [Data_07] kalmannet ep 191 val 2.0006 best 1.8628@ep150 pat 41 (7804s)
  [Data_07] kalmannet ep 192 val 2.5293 best 1.8628@ep150 pat 42 (7826s)
  [Data_07] kalmannet ep 193 val 1.9587 best 1.8628@ep150 pat 43 (7848s)
  [Data_07] kalmannet ep 194 val 1.8626 best 1.8626@ep194 pat 0 (7870s)
  [Data_07] kalmannet ep 195 val 2.2206 best 1.8626@ep194 pat 1 (7893s)
  [Data_07] kalmannet ep 196 val 1.8074 best 1.8074@ep196 pat 0 (7915s)
  [Data_07] kalmannet ep 197 val 2.0588 best 1.8074@ep196 pat 1 (7936s)
  [Data_07] kalmannet ep 198 val 1.8227 best 1.8074@ep196 pat 2 (7958s)
  [Data_07] kalmannet ep 199 val 2.1940 best 1.8074@ep196 pat 3 (7979s)
  [Data_07] kalmannet ep 200 val 2.1769 best 1.8074@ep196 pat 4 (8001s)
  [Data_07] kalmannet ep 201 val 2.1799 best 1.8074@ep196 pat 5 (8022s)
  [Data_07] kalmannet ep 202 val 2.1101 best 1.8074@ep196 pat 6 (8044s)
  [Data_07] kalmannet ep 203 val 1.9959 best 1.8074@ep196 pat 7 (8065s)
  [Data_07] kalmannet ep 204 val 1.9018 best 1.8074@ep196 pat 8 (8089s)
  [Data_07] kalmannet ep 205 val 1.9765 best 1.8074@ep196 pat 9 (8112s)
  [Data_07] kalmannet ep 206 val 2.0367 best 1.8074@ep196 pat 10 (8139s)
  [Data_07] kalmannet ep 207 val 2.2901 best 1.8074@ep196 pat 11 (8162s)
  [Data_07] kalmannet ep 208 val 2.1972 best 1.8074@ep196 pat 12 (8185s)
  [Data_07] kalmannet ep 209 val 1.5963 best 1.5963@ep209 pat 0 (8208s)
  [Data_07] kalmannet ep 210 val 2.0106 best 1.5963@ep209 pat 1 (8231s)
  [Data_07] kalmannet ep 211 val 1.8876 best 1.5963@ep209 pat 2 (8257s)
  [Data_07] kalmannet ep 212 val 1.7205 best 1.5963@ep209 pat 3 (8280s)
  [Data_07] kalmannet ep 213 val 2.0019 best 1.5963@ep209 pat 4 (8302s)
  [Data_07] kalmannet ep 214 val 1.9440 best 1.5963@ep209 pat 5 (8325s)
  [Data_07] kalmannet ep 215 val 2.4172 best 1.5963@ep209 pat 6 (8348s)
  [Data_07] kalmannet ep 216 val 2.0338 best 1.5963@ep209 pat 7 (8371s)
  [Data_07] kalmannet ep 217 val 2.3082 best 1.5963@ep209 pat 8 (8394s)
  [Data_07] kalmannet ep 218 val 2.0883 best 1.5963@ep209 pat 9 (8417s)
  [Data_07] kalmannet ep 219 val 2.4985 best 1.5963@ep209 pat 10 (8440s)
  [Data_07] kalmannet ep 220 val 1.8648 best 1.5963@ep209 pat 11 (8462s)
  [Data_07] kalmannet ep 221 val 2.1483 best 1.5963@ep209 pat 12 (8485s)
  [Data_07] kalmannet ep 222 val 1.6122 best 1.5963@ep209 pat 13 (8507s)
  [Data_07] kalmannet ep 223 val 2.1370 best 1.5963@ep209 pat 14 (8529s)
  [Data_07] kalmannet ep 224 val 1.9915 best 1.5963@ep209 pat 15 (8551s)
  [Data_07] kalmannet ep 225 val 2.3960 best 1.5963@ep209 pat 16 (8573s)
  [Data_07] kalmannet ep 226 val 2.0035 best 1.5963@ep209 pat 17 (8595s)
  [Data_07] kalmannet ep 227 val 1.6912 best 1.5963@ep209 pat 18 (8617s)
  [Data_07] kalmannet ep 228 val 2.2444 best 1.5963@ep209 pat 19 (8638s)
  [Data_07] kalmannet ep 229 val 2.3868 best 1.5963@ep209 pat 20 (8660s)
  [Data_07] kalmannet ep 230 val 2.3917 best 1.5963@ep209 pat 21 (8682s)
  [Data_07] kalmannet ep 231 val 2.2440 best 1.5963@ep209 pat 22 (8703s)
  [Data_07] kalmannet ep 232 val 1.4884 best 1.4884@ep232 pat 0 (8725s)
  [Data_07] kalmannet ep 233 val 2.0998 best 1.4884@ep232 pat 1 (8747s)
  [Data_07] kalmannet ep 234 val 2.1721 best 1.4884@ep232 pat 2 (8768s)
  [Data_07] kalmannet ep 235 val 2.4850 best 1.4884@ep232 pat 3 (8790s)
  [Data_07] kalmannet ep 236 val 2.0929 best 1.4884@ep232 pat 4 (8811s)
  [Data_07] kalmannet ep 237 val 2.0875 best 1.4884@ep232 pat 5 (8833s)
  [Data_07] kalmannet ep 238 val 2.4977 best 1.4884@ep232 pat 6 (8855s)
  [Data_07] kalmannet ep 239 val 2.5064 best 1.4884@ep232 pat 7 (8876s)
  [Data_07] kalmannet ep 240 val 1.9636 best 1.4884@ep232 pat 8 (8898s)
  [Data_07] kalmannet ep 241 val 2.0738 best 1.4884@ep232 pat 9 (8919s)
  [Data_07] kalmannet ep 242 val 1.9076 best 1.4884@ep232 pat 10 (8941s)
  [Data_07] kalmannet ep 243 val 2.4377 best 1.4884@ep232 pat 11 (8963s)
  [Data_07] kalmannet ep 244 val 2.4803 best 1.4884@ep232 pat 12 (8984s)
  [Data_07] kalmannet ep 245 val 2.0377 best 1.4884@ep232 pat 13 (9006s)
  [Data_07] kalmannet ep 246 val 2.4698 best 1.4884@ep232 pat 14 (9027s)
  [Data_07] kalmannet ep 247 val 2.2691 best 1.4884@ep232 pat 15 (9049s)
  [Data_07] kalmannet ep 248 val 2.1861 best 1.4884@ep232 pat 16 (9071s)
  [Data_07] kalmannet ep 249 val 1.9370 best 1.4884@ep232 pat 17 (9092s)
  [Data_07] kalmannet ep 250 val 1.7677 best 1.4884@ep232 pat 18 (9114s)
  [Data_07] kalmannet ep 251 val 2.4081 best 1.4884@ep232 pat 19 (9135s)
  [Data_07] kalmannet ep 252 val 2.2872 best 1.4884@ep232 pat 20 (9157s)
  [Data_07] kalmannet ep 253 val 2.1743 best 1.4884@ep232 pat 21 (9179s)
  [Data_07] kalmannet ep 254 val 2.0723 best 1.4884@ep232 pat 22 (9200s)
  [Data_07] kalmannet ep 255 val 2.2013 best 1.4884@ep232 pat 23 (9222s)
  [Data_07] kalmannet ep 256 val 2.0080 best 1.4884@ep232 pat 24 (9243s)
  [Data_07] kalmannet ep 257 val 2.1694 best 1.4884@ep232 pat 25 (9265s)
  [Data_07] kalmannet ep 258 val 2.2130 best 1.4884@ep232 pat 26 (9287s)
  [Data_07] kalmannet ep 259 val 2.0684 best 1.4884@ep232 pat 27 (9308s)
  [Data_07] kalmannet ep 260 val 2.2345 best 1.4884@ep232 pat 28 (9330s)
  [Data_07] kalmannet ep 261 val 2.6697 best 1.4884@ep232 pat 29 (9351s)
  [Data_07] kalmannet ep 262 val 1.9110 best 1.4884@ep232 pat 30 (9373s)
  [Data_07] kalmannet ep 263 val 2.3400 best 1.4884@ep232 pat 31 (9395s)
  [Data_07] kalmannet ep 264 val 2.0912 best 1.4884@ep232 pat 32 (9416s)
  [Data_07] kalmannet ep 265 val 2.1040 best 1.4884@ep232 pat 33 (9438s)
  [Data_07] kalmannet ep 266 val 1.9244 best 1.4884@ep232 pat 34 (9459s)
  [Data_07] kalmannet ep 267 val 2.0147 best 1.4884@ep232 pat 35 (9481s)
  [Data_07] kalmannet ep 268 val 2.1411 best 1.4884@ep232 pat 36 (9502s)
  [Data_07] kalmannet ep 269 val 2.0507 best 1.4884@ep232 pat 37 (9525s)
  [Data_07] kalmannet ep 270 val 2.4905 best 1.4884@ep232 pat 38 (9549s)
  [Data_07] kalmannet ep 271 val 2.0173 best 1.4884@ep232 pat 39 (9572s)
  [Data_07] kalmannet ep 272 val 2.4370 best 1.4884@ep232 pat 40 (9599s)
  [Data_07] kalmannet ep 273 val 2.2539 best 1.4884@ep232 pat 41 (9621s)
  [Data_07] kalmannet ep 274 val 1.6760 best 1.4884@ep232 pat 42 (9643s)
  [Data_07] kalmannet ep 275 val 1.7531 best 1.4884@ep232 pat 43 (9665s)
  [Data_07] kalmannet ep 276 val 2.2354 best 1.4884@ep232 pat 44 (9687s)
  [Data_07] kalmannet ep 277 val 2.1804 best 1.4884@ep232 pat 45 (9709s)
  [Data_07] kalmannet ep 278 val 2.1113 best 1.4884@ep232 pat 46 (9731s)
  [Data_07] kalmannet ep 279 val 2.3901 best 1.4884@ep232 pat 47 (9753s)
  [Data_07] kalmannet ep 280 val 2.5435 best 1.4884@ep232 pat 48 (9775s)
  [Data_07] kalmannet ep 281 val 2.0041 best 1.4884@ep232 pat 49 (9798s)
  [Data_07] kalmannet ep 282 val 2.4066 best 1.4884@ep232 pat 50 (9822s)
*** kalmannet Data_07 mae_seq=2.7756 mae_shuf=124.3159
