command: python -m hingesense.baselines --method kalmannet --fold Data_09 --out results/raw/baselines/kalmannet --epochs 300 --patience 50
UserWarning: Can't initialize NVML
os: Linux-6.8.0-138-generic-x86_64-with-glibc2.35
cpu: Intel(R) Xeon(R) Platinum 8480C x224, ram 1007.5 GB
gpu: NVIDIA H100 (driver 580.173.02)
python 3.11.15, torch 2.12.0+cu130, cuda 13.0
=== kalmannet Data_09 dev=cuda:0 ===
  [Data_09] kalmannet cond=assembly sources=32
  [Data_09] kalmannet ep 0 val 15.1030 best 15.1030@ep0 pat 0 (61s)
  [Data_09] kalmannet ep 1 val 15.1938 best 15.1030@ep0 pat 1 (124s)
  [Data_09] kalmannet ep 2 val 15.1766 best 15.1030@ep0 pat 2 (186s)
  [Data_09] kalmannet ep 3 val 24.7779 best 15.1030@ep0 pat 3 (249s)
  [Data_09] kalmannet ep 4 val 141.8091 best 15.1030@ep0 pat 4 (311s)
  [Data_09] kalmannet ep 5 val 148.6261 best 15.1030@ep0 pat 5 (374s)
  [Data_09] kalmannet ep 6 val 16.5202 best 15.1030@ep0 pat 6 (436s)
  [Data_09] kalmannet ep 7 val 149.3840 best 15.1030@ep0 pat 7 (499s)
  [Data_09] kalmannet ep 8 val 23.0466 best 15.1030@ep0 pat 8 (561s)
  [Data_09] kalmannet ep 9 val 26.8712 best 15.1030@ep0 pat 9 (624s)
  [Data_09] kalmannet ep 10 val 20.8091 best 15.1030@ep0 pat 10 (686s)
  [Data_09] kalmannet ep 11 val 24.3929 best 15.1030@ep0 pat 11 (745s)
  [Data_09] kalmannet ep 12 val 11.5261 best 11.5261@ep12 pat 0 (800s)
  [Data_09] kalmannet ep 13 val 18.8830 best 11.5261@ep12 pat 1 (855s)
  [Data_09] kalmannet ep 14 val 18.3914 best 11.5261@ep12 pat 2 (910s)
  [Data_09] kalmannet ep 15 val 9.6079 best 9.6079@ep15 pat 0 (965s)
  [Data_09] kalmannet ep 16 val 21.0747 best 9.6079@ep15 pat 1 (1022s)
  [Data_09] kalmannet ep 17 val 15.2144 best 9.6079@ep15 pat 2 (1079s)
  [Data_09] kalmannet ep 18 val 12.8371 best 9.6079@ep15 pat 3 (1136s)
  [Data_09] kalmannet ep 19 val 18.8637 best 9.6079@ep15 pat 4 (1193s)
  [Data_09] kalmannet ep 20 val 19.5507 best 9.6079@ep15 pat 5 (1250s)
  [Data_09] kalmannet ep 21 val 17.8934 best 9.6079@ep15 pat 6 (1305s)
  [Data_09] kalmannet ep 22 val 24.7954 best 9.6079@ep15 pat 7 (1361s)
  [Data_09] kalmannet ep 23 val 36.0597 best 9.6079@ep15 pat 8 (1415s)
  [Data_09] kalmannet ep 24 val 23.0448 best 9.6079@ep15 pat 9 (1467s)
  [Data_09] kalmannet ep 25 val 20.7513 best 9.6079@ep15 pat 10 (1518s)
  [Data_09] kalmannet ep 26 val 19.2820 best 9.6079@ep15 pat 11 (1573s)
  [Data_09] kalmannet ep 27 val 15.6780 best 9.6079@ep15 pat 12 (1628s)
  [Data_09] kalmannet ep 28 val 26.1804 best 9.6079@ep15 pat 13 (1681s)
  [Data_09] kalmannet ep 29 val 26.7093 best 9.6079@ep15 pat 14 (1735s)
  [Data_09] kalmannet ep 30 val 26.2211 best 9.6079@ep15 pat 15 (1790s)
  [Data_09] kalmannet ep 31 val 28.1576 best 9.6079@ep15 pat 16 (1843s)
  [Data_09] kalmannet ep 32 val 27.1696 best 9.6079@ep15 pat 17 (1898s)
  [Data_09] kalmannet ep 33 val 27.1255 best 9.6079@ep15 pat 18 (1951s)
  [Data_09] kalmannet ep 34 val 27.9697 best 9.6079@ep15 pat 19 (2005s)
  [Data_09] kalmannet ep 35 val 26.2586 best 9.6079@ep15 pat 20 (2059s)
  [Data_09] kalmannet ep 36 val 27.4841 best 9.6079@ep15 pat 21 (2113s)
  [Data_09] kalmannet ep 37 val 28.3454 best 9.6079@ep15 pat 22 (2167s)
  [Data_09] kalmannet ep 38 val 30.3169 best 9.6079@ep15 pat 23 (2222s)
  [Data_09] kalmannet ep 39 val 27.2309 best 9.6079@ep15 pat 24 (2279s)
  [Data_09] kalmannet ep 40 val 29.0703 best 9.6079@ep15 pat 25 (2336s)
  [Data_09] kalmannet ep 41 val 28.2409 best 9.6079@ep15 pat 26 (2393s)
  [Data_09] kalmannet ep 42 val 27.7470 best 9.6079@ep15 pat 27 (2450s)
  [Data_09] kalmannet ep 43 val 149.9450 best 9.6079@ep15 pat 28 (2507s)
  [Data_09] kalmannet ep 44 val 25.9738 best 9.6079@ep15 pat 29 (2563s)
  [Data_09] kalmannet ep 45 val 149.9450 best 9.6079@ep15 pat 30 (2620s)
  [Data_09] kalmannet ep 46 val 23.3448 best 9.6079@ep15 pat 31 (2677s)
  [Data_09] kalmannet ep 47 val 23.9974 best 9.6079@ep15 pat 32 (2734s)
  [Data_09] kalmannet ep 48 val 23.3821 best 9.6079@ep15 pat 33 (2790s)
  [Data_09] kalmannet ep 49 val 24.7709 best 9.6079@ep15 pat 34 (2845s)
  [Data_09] kalmannet ep 50 val 24.3548 best 9.6079@ep15 pat 35 (2898s)
  [Data_09] kalmannet ep 51 val 24.5388 best 9.6079@ep15 pat 36 (2951s)
  [Data_09] kalmannet ep 52 val 149.9450 best 9.6079@ep15 pat 37 (3004s)
  [Data_09] kalmannet ep 53 val 23.1356 best 9.6079@ep15 pat 38 (3055s)
  [Data_09] kalmannet ep 54 val 22.4987 best 9.6079@ep15 pat 39 (3105s)
  [Data_09] kalmannet ep 55 val 20.3492 best 9.6079@ep15 pat 40 (3154s)
  [Data_09] kalmannet ep 56 val 149.9450 best 9.6079@ep15 pat 41 (3204s)
  [Data_09] kalmannet ep 57 val 20.1387 best 9.6079@ep15 pat 42 (3254s)
  [Data_09] kalmannet ep 58 val 19.4021 best 9.6079@ep15 pat 43 (3305s)
  [Data_09] kalmannet ep 59 val 19.6448 best 9.6079@ep15 pat 44 (3355s)
  [Data_09] kalmannet ep 60 val 149.9450 best 9.6079@ep15 pat 45 (3404s)
  [Data_09] kalmannet ep 61 val 149.9450 best 9.6079@ep15 pat 46 (3450s)
  [Data_09] kalmannet ep 62 val 19.4336 best 9.6079@ep15 pat 47 (3502s)
  [Data_09] kalmannet ep 63 val 20.4759 best 9.6079@ep15 pat 48 (3566s)
  [Data_09] kalmannet ep 64 val 21.7776 best 9.6079@ep15 pat 49 (3628s)
  [Data_09] kalmannet ep 65 val 18.8847 best 9.6079@ep15 pat 50 (3705s)
*** kalmannet Data_09 mae_seq=9.9883 mae_shuf=26.4127
