command: python -m hingesense.baselines --method kalmannet --fold Data_12 --out results/raw/baselines/kalmannet --epochs 300 --patience 50
UserWarning: Can't initialize NVML
os: Linux-6.8.0-138-generic-x86_64-with-glibc2.35
cpu: Intel(R) Xeon(R) Platinum 8480C x224, ram 1007.5 GB
gpu: NVIDIA H100 (driver 580.173.02)
python 3.11.15, torch 2.12.0+cu130, cuda 13.0
=== kalmannet Data_12 dev=cuda:0 ===
  [Data_12] kalmannet cond=assembly sources=32
  [Data_12] kalmannet ep 0 val 5.8310 best 5.8310@ep0 pat 0 (61s)
  [Data_12] kalmannet ep 1 val 13.7804 best 5.8310@ep0 pat 1 (128s)
  [Data_12] kalmannet ep 2 val 21.0174 best 5.8310@ep0 pat 2 (195s)
  [Data_12] kalmannet ep 3 val 23.4104 best 5.8310@ep0 pat 3 (263s)
  [Data_12] kalmannet ep 4 val 19.9095 best 5.8310@ep0 pat 4 (330s)
  [Data_12] kalmannet ep 5 val 27.6920 best 5.8310@ep0 pat 5 (398s)
  [Data_12] kalmannet ep 6 val 27.6730 best 5.8310@ep0 pat 6 (465s)
  [Data_12] kalmannet ep 7 val 20.3133 best 5.8310@ep0 pat 7 (533s)
  [Data_12] kalmannet ep 8 val 20.3844 best 5.8310@ep0 pat 8 (600s)
  [Data_12] kalmannet ep 9 val 17.7737 best 5.8310@ep0 pat 9 (667s)
  [Data_12] kalmannet ep 10 val 18.2953 best 5.8310@ep0 pat 10 (735s)
  [Data_12] kalmannet ep 11 val 16.0592 best 5.8310@ep0 pat 11 (801s)
  [Data_12] kalmannet ep 12 val 9.2411 best 5.8310@ep0 pat 12 (868s)
  [Data_12] kalmannet ep 13 val 7.9448 best 5.8310@ep0 pat 13 (934s)
  [Data_12] kalmannet ep 14 val 7.9289 best 5.8310@ep0 pat 14 (998s)
  [Data_12] kalmannet ep 15 val 7.6981 best 5.8310@ep0 pat 15 (1061s)
  [Data_12] kalmannet ep 16 val 7.7496 best 5.8310@ep0 pat 16 (1123s)
  [Data_12] kalmannet ep 17 val 8.3783 best 5.8310@ep0 pat 17 (1186s)
  [Data_12] kalmannet ep 18 val 7.9542 best 5.8310@ep0 pat 18 (1247s)
  [Data_12] kalmannet ep 19 val 7.7142 best 5.8310@ep0 pat 19 (1309s)
  [Data_12] kalmannet ep 20 val 8.5184 best 5.8310@ep0 pat 20 (1370s)
  [Data_12] kalmannet ep 21 val 7.9048 best 5.8310@ep0 pat 21 (1432s)
  [Data_12] kalmannet ep 22 val 7.9169 best 5.8310@ep0 pat 22 (1491s)
  [Data_12] kalmannet ep 23 val 8.3360 best 5.8310@ep0 pat 23 (1551s)
  [Data_12] kalmannet ep 24 val 8.2224 best 5.8310@ep0 pat 24 (1610s)
  [Data_12] kalmannet ep 25 val 35.2011 best 5.8310@ep0 pat 25 (1669s)
  [Data_12] kalmannet ep 26 val 7.7261 best 5.8310@ep0 pat 26 (1730s)
  [Data_12] kalmannet ep 27 val 39.3333 best 5.8310@ep0 pat 27 (1793s)
  [Data_12] kalmannet ep 28 val 7.4287 best 5.8310@ep0 pat 28 (1855s)
  [Data_12] kalmannet ep 29 val 7.0864 best 5.8310@ep0 pat 29 (1918s)
  [Data_12] kalmannet ep 30 val 7.1989 best 5.8310@ep0 pat 30 (1981s)
  [Data_12] kalmannet ep 31 val 34.5717 best 5.8310@ep0 pat 31 (2043s)
  [Data_12] kalmannet ep 32 val 7.4388 best 5.8310@ep0 pat 32 (2107s)
  [Data_12] kalmannet ep 33 val 33.6511 best 5.8310@ep0 pat 33 (2171s)
  [Data_12] kalmannet ep 34 val 7.5618 best 5.8310@ep0 pat 34 (2231s)
  [Data_12] kalmannet ep 35 val 8.0986 best 5.8310@ep0 pat 35 (2292s)
  [Data_12] kalmannet ep 36 val 8.0381 best 5.8310@ep0 pat 36 (2352s)
  [Data_12] kalmannet ep 37 val 7.5049 best 5.8310@ep0 pat 37 (2412s)
  [Data_12] kalmannet ep 38 val 7.4667 best 5.8310@ep0 pat 38 (2471s)
  [Data_12] kalmannet ep 39 val 8.0885 best 5.8310@ep0 pat 39 (2531s)
  [Data_12] kalmannet ep 40 val 8.1662 best 5.8310@ep0 pat 40 (2592s)
  [Data_12] kalmannet ep 41 val 8.1783 best 5.8310@ep0 pat 41 (2652s)
  [Data_12] kalmannet ep 42 val 7.9925 best 5.8310@ep0 pat 42 (2712s)
  [Data_12] kalmannet ep 43 val 7.5814 best 5.8310@ep0 pat 43 (2772s)
  [Data_12] kalmannet ep 44 val 7.9877 best 5.8310@ep0 pat 44 (2829s)
  [Data_12] kalmannet ep 45 val 8.2289 best 5.8310@ep0 pat 45 (2887s)
  [Data_12] kalmannet ep 46 val 8.1239 best 5.8310@ep0 pat 46 (2944s)
  [Data_12] kalmannet ep 47 val 7.8916 best 5.8310@ep0 pat 47 (3002s)
  [Data_12] kalmannet ep 48 val 7.9769 best 5.8310@ep0 pat 48 (3058s)
  [Data_12] kalmannet ep 49 val 8.0508 best 5.8310@ep0 pat 49 (3107s)
  [Data_12] kalmannet ep 50 val 7.8618 best 5.8310@ep0 pat 50 (3157s)
*** kalmannet Data_12 mae_seq=6.7657 mae_shuf=7.1731
