command: python -m hingesense.trainer --out results/raw/decoder --target Data_06 --seed 2027 --epochs 300 --patience 50
UserWarning: Can't initialize NVML
os: Linux-6.8.0-138-generic-x86_64-with-glibc2.35
cpu: Intel(R) Xeon(R) Platinum 8480C x224, ram 1007.5 GB
gpu: NVIDIA H100 (driver 580.173.02)
python 3.11.15, torch 2.12.0+cu130, cuda 13.0
channel mask top40 = [6, 7, 8, 9, 10, 11, 12, 13, 14, 21, 22, 25, 26, 27, 28, 34, 38, 41, 46, 48, 53, 57, 59, 61, 62, 64, 67, 69, 71, 72, 74, 76, 77, 78, 80, 81, 83, 84, 85, 98]
=== Data_06 seed=2027 epochs=300 patience=50 ablation=none channels=120 dev=cuda:0 ===
pool=56 folds (flips=True)
  [Data_06] cond=noload sources=52
  [Data_06] NEWBEST ep0 val=0.5267 test=0.6016
  [Data_06] ep 0 val 0.5267 best 0.5267@ep0 pat 0 (7s)
  [Data_06] NEWBEST ep1 val=0.4084 test=0.4582
  [Data_06] ep 1 val 0.4084 best 0.4084@ep1 pat 0 (12s)
  [Data_06] ep 2 val 0.4993 best 0.4084@ep1 pat 1 (18s)
  [Data_06] ep 3 val 0.4426 best 0.4084@ep1 pat 2 (24s)
  [Data_06] ep 4 val 0.4409 best 0.4084@ep1 pat 3 (30s)
  [Data_06] ep 5 val 0.4383 best 0.4084@ep1 pat 4 (37s)
  [Data_06] ep 6 val 0.4862 best 0.4084@ep1 pat 5 (43s)
  [Data_06] ep 7 val 0.4192 best 0.4084@ep1 pat 6 (49s)
  [Data_06] ep 8 val 0.5007 best 0.4084@ep1 pat 7 (56s)
  [Data_06] ep 9 val 0.5327 best 0.4084@ep1 pat 8 (62s)
  [Data_06] ep 10 val 0.4346 best 0.4084@ep1 pat 9 (68s)
  [Data_06] ep 11 val 0.4502 best 0.4084@ep1 pat 10 (75s)
  [Data_06] ep 12 val 0.4359 best 0.4084@ep1 pat 11 (81s)
  [Data_06] ep 13 val 0.4518 best 0.4084@ep1 pat 12 (87s)
  [Data_06] ep 14 val 0.4912 best 0.4084@ep1 pat 13 (93s)
  [Data_06] ep 15 val 0.4232 best 0.4084@ep1 pat 14 (100s)
  [Data_06] ep 16 val 0.4247 best 0.4084@ep1 pat 15 (106s)
  [Data_06] ep 17 val 0.4324 best 0.4084@ep1 pat 16 (113s)
  [Data_06] ep 18 val 0.4260 best 0.4084@ep1 pat 17 (119s)
  [Data_06] ep 19 val 0.4262 best 0.4084@ep1 pat 18 (125s)
  [Data_06] NEWBEST ep20 val=0.3954 test=0.3881
  [Data_06] ep 20 val 0.3954 best 0.3954@ep20 pat 0 (132s)
  [Data_06] ep 21 val 0.4297 best 0.3954@ep20 pat 1 (139s)
  [Data_06] ep 22 val 0.4680 best 0.3954@ep20 pat 2 (145s)
  [Data_06] NEWBEST ep23 val=0.3617 test=0.3554
  [Data_06] ep 23 val 0.3617 best 0.3617@ep23 pat 0 (151s)
  [Data_06] ep 24 val 0.4446 best 0.3617@ep23 pat 1 (158s)
  [Data_06] ep 25 val 0.4098 best 0.3617@ep23 pat 2 (164s)
  [Data_06] ep 26 val 0.4382 best 0.3617@ep23 pat 3 (171s)
  [Data_06] ep 27 val 0.3873 best 0.3617@ep23 pat 4 (177s)
  [Data_06] ep 28 val 0.4498 best 0.3617@ep23 pat 5 (184s)
  [Data_06] ep 29 val 0.4410 best 0.3617@ep23 pat 6 (190s)
  [Data_06] ep 30 val 0.4534 best 0.3617@ep23 pat 7 (197s)
  [Data_06] ep 31 val 0.5299 best 0.3617@ep23 pat 8 (203s)
  [Data_06] ep 32 val 0.4119 best 0.3617@ep23 pat 9 (210s)
  [Data_06] ep 33 val 0.4708 best 0.3617@ep23 pat 10 (216s)
  [Data_06] ep 34 val 0.4807 best 0.3617@ep23 pat 11 (223s)
  [Data_06] ep 35 val 0.4701 best 0.3617@ep23 pat 12 (229s)
  [Data_06] ep 36 val 0.4095 best 0.3617@ep23 pat 13 (235s)
  [Data_06] ep 37 val 0.4556 best 0.3617@ep23 pat 14 (242s)
  [Data_06] ep 38 val 0.4573 best 0.3617@ep23 pat 15 (248s)
  [Data_06] ep 39 val 0.4701 best 0.3617@ep23 pat 16 (254s)
  [Data_06] ep 40 val 0.4538 best 0.3617@ep23 pat 17 (260s)
  [Data_06] ep 41 val 0.4556 best 0.3617@ep23 pat 18 (266s)
  [Data_06] ep 42 val 0.4341 best 0.3617@ep23 pat 19 (273s)
  [Data_06] ep 43 val 0.4822 best 0.3617@ep23 pat 20 (279s)
  [Data_06] ep 44 val 0.4281 best 0.3617@ep23 pat 21 (285s)
  [Data_06] ep 45 val 0.4599 best 0.3617@ep23 pat 22 (291s)
  [Data_06] ep 46 val 0.4632 best 0.3617@ep23 pat 23 (298s)
  [Data_06] ep 47 val 0.4469 best 0.3617@ep23 pat 24 (304s)
  [Data_06] ep 48 val 0.4816 best 0.3617@ep23 pat 25 (310s)
  [Data_06] ep 49 val 0.4734 best 0.3617@ep23 pat 26 (317s)
  [Data_06] ep 50 val 0.4206 best 0.3617@ep23 pat 27 (323s)
  [Data_06] ep 51 val 0.4878 best 0.3617@ep23 pat 28 (330s)
  [Data_06] ep 52 val 0.4659 best 0.3617@ep23 pat 29 (336s)
  [Data_06] ep 53 val 0.4792 best 0.3617@ep23 pat 30 (342s)
  [Data_06] ep 54 val 0.5176 best 0.3617@ep23 pat 31 (348s)
  [Data_06] ep 55 val 0.4708 best 0.3617@ep23 pat 32 (354s)
  [Data_06] ep 56 val 0.4319 best 0.3617@ep23 pat 33 (360s)
  [Data_06] ep 57 val 0.4533 best 0.3617@ep23 pat 34 (367s)
  [Data_06] ep 58 val 0.4446 best 0.3617@ep23 pat 35 (372s)
  [Data_06] ep 59 val 0.4676 best 0.3617@ep23 pat 36 (378s)
  [Data_06] ep 60 val 0.4395 best 0.3617@ep23 pat 37 (384s)
  [Data_06] ep 61 val 0.4582 best 0.3617@ep23 pat 38 (390s)
  [Data_06] ep 62 val 0.4532 best 0.3617@ep23 pat 39 (396s)
  [Data_06] ep 63 val 0.4656 best 0.3617@ep23 pat 40 (402s)
  [Data_06] ep 64 val 0.4867 best 0.3617@ep23 pat 41 (408s)
  [Data_06] ep 65 val 0.4948 best 0.3617@ep23 pat 42 (414s)
  [Data_06] ep 66 val 0.4801 best 0.3617@ep23 pat 43 (420s)
  [Data_06] ep 67 val 0.4803 best 0.3617@ep23 pat 44 (426s)
  [Data_06] ep 68 val 0.4916 best 0.3617@ep23 pat 45 (432s)
  [Data_06] ep 69 val 0.4939 best 0.3617@ep23 pat 46 (438s)
  [Data_06] ep 70 val 0.4267 best 0.3617@ep23 pat 47 (444s)
  [Data_06] ep 71 val 0.4749 best 0.3617@ep23 pat 48 (450s)
  [Data_06] ep 72 val 0.4805 best 0.3617@ep23 pat 49 (455s)
  [Data_06] ep 73 val 0.4912 best 0.3617@ep23 pat 50 (461s)
  [Data_06] EARLYSTOP ep73 best 0.3617@ep23
*** Data_06 test MAE 0.355 (461s)
==== Data_06 DONE
