command: python -m hingesense.trainer --out results/raw/decoder --target Data_04 --seed 2027 --epochs 300 --patience 50
UserWarning: Can't initialize NVML
os: Linux-6.8.0-138-generic-x86_64-with-glibc2.35
cpu: Intel(R) Xeon(R) Platinum 8480C x224, ram 1007.5 GB
gpu: NVIDIA H100 (driver 580.173.02)
python 3.11.15, torch 2.12.0+cu130, cuda 13.0
channel mask top40 = [6, 7, 8, 9, 10, 11, 12, 13, 14, 21, 22, 25, 26, 27, 28, 34, 38, 41, 46, 48, 53, 57, 59, 61, 62, 64, 67, 69, 71, 72, 74, 76, 77, 78, 80, 81, 83, 84, 85, 98]
=== Data_04 seed=2027 epochs=300 patience=50 ablation=none channels=120 dev=cuda:0 ===
pool=56 folds (flips=True)
  [Data_04] cond=noload sources=52
  [Data_04] NEWBEST ep0 val=0.3410 test=0.3616
  [Data_04] ep 0 val 0.3410 best 0.3410@ep0 pat 0 (7s)
  [Data_04] NEWBEST ep1 val=0.2933 test=0.2980
  [Data_04] ep 1 val 0.2933 best 0.2933@ep1 pat 0 (12s)
  [Data_04] NEWBEST ep2 val=0.2750 test=0.2847
  [Data_04] ep 2 val 0.2750 best 0.2750@ep2 pat 0 (18s)
  [Data_04] NEWBEST ep3 val=0.2240 test=0.2524
  [Data_04] ep 3 val 0.2240 best 0.2240@ep3 pat 0 (24s)
  [Data_04] ep 4 val 0.2874 best 0.2240@ep3 pat 1 (30s)
  [Data_04] ep 5 val 0.2665 best 0.2240@ep3 pat 2 (37s)
  [Data_04] ep 6 val 0.2650 best 0.2240@ep3 pat 3 (43s)
  [Data_04] ep 7 val 0.2538 best 0.2240@ep3 pat 4 (50s)
  [Data_04] ep 8 val 0.2352 best 0.2240@ep3 pat 5 (56s)
  [Data_04] ep 9 val 0.2575 best 0.2240@ep3 pat 6 (63s)
  [Data_04] ep 10 val 0.2543 best 0.2240@ep3 pat 7 (69s)
  [Data_04] ep 11 val 0.2543 best 0.2240@ep3 pat 8 (75s)
  [Data_04] ep 12 val 0.2304 best 0.2240@ep3 pat 9 (82s)
  [Data_04] ep 13 val 0.3045 best 0.2240@ep3 pat 10 (88s)
  [Data_04] ep 14 val 0.2727 best 0.2240@ep3 pat 11 (94s)
  [Data_04] ep 15 val 0.2606 best 0.2240@ep3 pat 12 (101s)
  [Data_04] ep 16 val 0.2268 best 0.2240@ep3 pat 13 (107s)
  [Data_04] NEWBEST ep17 val=0.2206 test=0.2504
  [Data_04] ep 17 val 0.2206 best 0.2206@ep17 pat 0 (114s)
  [Data_04] ep 18 val 0.2496 best 0.2206@ep17 pat 1 (120s)
  [Data_04] ep 19 val 0.2627 best 0.2206@ep17 pat 2 (127s)
  [Data_04] ep 20 val 0.3117 best 0.2206@ep17 pat 3 (133s)
  [Data_04] ep 21 val 0.2454 best 0.2206@ep17 pat 4 (139s)
  [Data_04] ep 22 val 0.2647 best 0.2206@ep17 pat 5 (145s)
  [Data_04] ep 23 val 0.2493 best 0.2206@ep17 pat 6 (151s)
  [Data_04] ep 24 val 0.2322 best 0.2206@ep17 pat 7 (158s)
  [Data_04] ep 25 val 0.2663 best 0.2206@ep17 pat 8 (164s)
  [Data_04] ep 26 val 0.2575 best 0.2206@ep17 pat 9 (170s)
  [Data_04] ep 27 val 0.2677 best 0.2206@ep17 pat 10 (177s)
  [Data_04] ep 28 val 0.2675 best 0.2206@ep17 pat 11 (183s)
  [Data_04] ep 29 val 0.2841 best 0.2206@ep17 pat 12 (190s)
  [Data_04] ep 30 val 0.2612 best 0.2206@ep17 pat 13 (196s)
  [Data_04] ep 31 val 0.2829 best 0.2206@ep17 pat 14 (202s)
  [Data_04] ep 32 val 0.2781 best 0.2206@ep17 pat 15 (209s)
  [Data_04] ep 33 val 0.2641 best 0.2206@ep17 pat 16 (215s)
  [Data_04] ep 34 val 0.2768 best 0.2206@ep17 pat 17 (222s)
  [Data_04] ep 35 val 0.2623 best 0.2206@ep17 pat 18 (228s)
  [Data_04] ep 36 val 0.2492 best 0.2206@ep17 pat 19 (235s)
  [Data_04] ep 37 val 0.2794 best 0.2206@ep17 pat 20 (242s)
  [Data_04] ep 38 val 0.2605 best 0.2206@ep17 pat 21 (248s)
  [Data_04] ep 39 val 0.2702 best 0.2206@ep17 pat 22 (255s)
  [Data_04] ep 40 val 0.2829 best 0.2206@ep17 pat 23 (261s)
  [Data_04] ep 41 val 0.2717 best 0.2206@ep17 pat 24 (268s)
  [Data_04] ep 42 val 0.2695 best 0.2206@ep17 pat 25 (274s)
  [Data_04] ep 43 val 0.2715 best 0.2206@ep17 pat 26 (281s)
  [Data_04] ep 44 val 0.2871 best 0.2206@ep17 pat 27 (287s)
  [Data_04] ep 45 val 0.2758 best 0.2206@ep17 pat 28 (294s)
  [Data_04] ep 46 val 0.2731 best 0.2206@ep17 pat 29 (300s)
  [Data_04] ep 47 val 0.2830 best 0.2206@ep17 pat 30 (307s)
  [Data_04] ep 48 val 0.2727 best 0.2206@ep17 pat 31 (313s)
  [Data_04] ep 49 val 0.2659 best 0.2206@ep17 pat 32 (320s)
  [Data_04] ep 50 val 0.2678 best 0.2206@ep17 pat 33 (326s)
  [Data_04] ep 51 val 0.2823 best 0.2206@ep17 pat 34 (333s)
  [Data_04] ep 52 val 0.2974 best 0.2206@ep17 pat 35 (339s)
  [Data_04] ep 53 val 0.2670 best 0.2206@ep17 pat 36 (346s)
  [Data_04] ep 54 val 0.2832 best 0.2206@ep17 pat 37 (352s)
  [Data_04] ep 55 val 0.2882 best 0.2206@ep17 pat 38 (358s)
  [Data_04] ep 56 val 0.2597 best 0.2206@ep17 pat 39 (364s)
  [Data_04] ep 57 val 0.2670 best 0.2206@ep17 pat 40 (370s)
  [Data_04] ep 58 val 0.2936 best 0.2206@ep17 pat 41 (376s)
  [Data_04] ep 59 val 0.2618 best 0.2206@ep17 pat 42 (382s)
  [Data_04] ep 60 val 0.2908 best 0.2206@ep17 pat 43 (388s)
  [Data_04] ep 61 val 0.2728 best 0.2206@ep17 pat 44 (394s)
  [Data_04] ep 62 val 0.2557 best 0.2206@ep17 pat 45 (400s)
  [Data_04] ep 63 val 0.3073 best 0.2206@ep17 pat 46 (405s)
  [Data_04] ep 64 val 0.2724 best 0.2206@ep17 pat 47 (411s)
  [Data_04] ep 65 val 0.2754 best 0.2206@ep17 pat 48 (417s)
  [Data_04] ep 66 val 0.2887 best 0.2206@ep17 pat 49 (423s)
  [Data_04] ep 67 val 0.3051 best 0.2206@ep17 pat 50 (429s)
  [Data_04] EARLYSTOP ep67 best 0.2206@ep17
*** Data_04 test MAE 0.250 (429s)
==== Data_04 DONE
