command: python -m hingesense.trainer --out results/raw/decoder --target Data_05 --seed 2027 --epochs 300 --patience 50
UserWarning: Can't initialize NVML
os: Linux-6.8.0-138-generic-x86_64-with-glibc2.35
cpu: Intel(R) Xeon(R) Platinum 8480C x224, ram 1007.5 GB
gpu: NVIDIA H100 (driver 580.173.02)
python 3.11.15, torch 2.12.0+cu130, cuda 13.0
channel mask top40 = [6, 7, 8, 9, 10, 11, 12, 13, 14, 21, 22, 25, 26, 27, 28, 34, 38, 41, 46, 48, 53, 57, 59, 61, 62, 64, 67, 69, 71, 72, 74, 76, 77, 78, 80, 81, 83, 84, 85, 98]
=== Data_05 seed=2027 epochs=300 patience=50 ablation=none channels=120 dev=cuda:0 ===
pool=56 folds (flips=True)
  [Data_05] cond=noload sources=52
  [Data_05] NEWBEST ep0 val=3.1357 test=1.4755
  [Data_05] ep 0 val 3.1357 best 3.1357@ep0 pat 0 (7s)
  [Data_05] NEWBEST ep1 val=2.6787 test=1.1652
  [Data_05] ep 1 val 2.6787 best 2.6787@ep1 pat 0 (13s)
  [Data_05] NEWBEST ep2 val=2.3319 test=1.1245
  [Data_05] ep 2 val 2.3319 best 2.3319@ep2 pat 0 (19s)
  [Data_05] NEWBEST ep3 val=1.9903 test=0.9306
  [Data_05] ep 3 val 1.9903 best 1.9903@ep3 pat 0 (25s)
  [Data_05] ep 4 val 2.0131 best 1.9903@ep3 pat 1 (32s)
  [Data_05] NEWBEST ep5 val=1.8204 test=1.0092
  [Data_05] ep 5 val 1.8204 best 1.8204@ep5 pat 0 (38s)
  [Data_05] ep 6 val 2.3754 best 1.8204@ep5 pat 1 (44s)
  [Data_05] ep 7 val 2.3924 best 1.8204@ep5 pat 2 (51s)
  [Data_05] ep 8 val 2.4053 best 1.8204@ep5 pat 3 (57s)
  [Data_05] ep 9 val 2.2261 best 1.8204@ep5 pat 4 (63s)
  [Data_05] ep 10 val 1.9288 best 1.8204@ep5 pat 5 (70s)
  [Data_05] ep 11 val 2.3406 best 1.8204@ep5 pat 6 (76s)
  [Data_05] NEWBEST ep12 val=1.7774 test=1.0615
  [Data_05] ep 12 val 1.7774 best 1.7774@ep12 pat 0 (83s)
  [Data_05] ep 13 val 2.6144 best 1.7774@ep12 pat 1 (89s)
  [Data_05] ep 14 val 2.3805 best 1.7774@ep12 pat 2 (96s)
  [Data_05] ep 15 val 2.2082 best 1.7774@ep12 pat 3 (102s)
  [Data_05] ep 16 val 2.4676 best 1.7774@ep12 pat 4 (109s)
  [Data_05] ep 17 val 2.3449 best 1.7774@ep12 pat 5 (115s)
  [Data_05] ep 18 val 2.1811 best 1.7774@ep12 pat 6 (121s)
  [Data_05] ep 19 val 2.0109 best 1.7774@ep12 pat 7 (128s)
  [Data_05] ep 20 val 2.0026 best 1.7774@ep12 pat 8 (134s)
  [Data_05] ep 21 val 2.2710 best 1.7774@ep12 pat 9 (141s)
  [Data_05] ep 22 val 2.5486 best 1.7774@ep12 pat 10 (147s)
  [Data_05] ep 23 val 2.3827 best 1.7774@ep12 pat 11 (153s)
  [Data_05] ep 24 val 2.4990 best 1.7774@ep12 pat 12 (160s)
  [Data_05] ep 25 val 2.1184 best 1.7774@ep12 pat 13 (166s)
  [Data_05] ep 26 val 2.3472 best 1.7774@ep12 pat 14 (172s)
  [Data_05] ep 27 val 2.3545 best 1.7774@ep12 pat 15 (179s)
  [Data_05] ep 28 val 2.3371 best 1.7774@ep12 pat 16 (185s)
  [Data_05] ep 29 val 2.0437 best 1.7774@ep12 pat 17 (192s)
  [Data_05] ep 30 val 1.7985 best 1.7774@ep12 pat 18 (198s)
  [Data_05] ep 31 val 2.0952 best 1.7774@ep12 pat 19 (205s)
  [Data_05] ep 32 val 1.9043 best 1.7774@ep12 pat 20 (211s)
  [Data_05] ep 33 val 2.1517 best 1.7774@ep12 pat 21 (218s)
  [Data_05] ep 34 val 1.8401 best 1.7774@ep12 pat 22 (224s)
  [Data_05] ep 35 val 1.9570 best 1.7774@ep12 pat 23 (231s)
  [Data_05] ep 36 val 1.8790 best 1.7774@ep12 pat 24 (237s)
  [Data_05] ep 37 val 1.9102 best 1.7774@ep12 pat 25 (243s)
  [Data_05] ep 38 val 2.1230 best 1.7774@ep12 pat 26 (250s)
  [Data_05] ep 39 val 1.9653 best 1.7774@ep12 pat 27 (256s)
  [Data_05] ep 40 val 2.1474 best 1.7774@ep12 pat 28 (262s)
  [Data_05] ep 41 val 2.0195 best 1.7774@ep12 pat 29 (268s)
  [Data_05] ep 42 val 2.1120 best 1.7774@ep12 pat 30 (274s)
  [Data_05] ep 43 val 2.2272 best 1.7774@ep12 pat 31 (280s)
  [Data_05] ep 44 val 2.0094 best 1.7774@ep12 pat 32 (287s)
  [Data_05] ep 45 val 1.8887 best 1.7774@ep12 pat 33 (293s)
  [Data_05] ep 46 val 1.8050 best 1.7774@ep12 pat 34 (299s)
  [Data_05] ep 47 val 2.2729 best 1.7774@ep12 pat 35 (306s)
  [Data_05] ep 48 val 1.8652 best 1.7774@ep12 pat 36 (312s)
  [Data_05] ep 49 val 2.0967 best 1.7774@ep12 pat 37 (319s)
  [Data_05] ep 50 val 2.1256 best 1.7774@ep12 pat 38 (325s)
  [Data_05] ep 51 val 1.8406 best 1.7774@ep12 pat 39 (332s)
  [Data_05] NEWBEST ep52 val=1.6950 test=0.6671
  [Data_05] ep 52 val 1.6950 best 1.6950@ep52 pat 0 (338s)
  [Data_05] ep 53 val 1.8717 best 1.6950@ep52 pat 1 (345s)
  [Data_05] ep 54 val 1.7923 best 1.6950@ep52 pat 2 (351s)
  [Data_05] ep 55 val 1.8703 best 1.6950@ep52 pat 3 (358s)
  [Data_05] ep 56 val 1.8454 best 1.6950@ep52 pat 4 (364s)
  [Data_05] ep 57 val 1.8511 best 1.6950@ep52 pat 5 (370s)
  [Data_05] ep 58 val 2.1241 best 1.6950@ep52 pat 6 (377s)
  [Data_05] ep 59 val 1.7913 best 1.6950@ep52 pat 7 (383s)
  [Data_05] ep 60 val 1.9480 best 1.6950@ep52 pat 8 (389s)
  [Data_05] ep 61 val 1.9508 best 1.6950@ep52 pat 9 (396s)
  [Data_05] ep 62 val 1.7627 best 1.6950@ep52 pat 10 (402s)
  [Data_05] ep 63 val 1.8391 best 1.6950@ep52 pat 11 (408s)
  [Data_05] ep 64 val 2.1713 best 1.6950@ep52 pat 12 (414s)
  [Data_05] ep 65 val 1.8588 best 1.6950@ep52 pat 13 (420s)
  [Data_05] ep 66 val 1.9801 best 1.6950@ep52 pat 14 (426s)
  [Data_05] ep 67 val 2.1050 best 1.6950@ep52 pat 15 (432s)
  [Data_05] ep 68 val 1.9886 best 1.6950@ep52 pat 16 (438s)
  [Data_05] ep 69 val 1.9884 best 1.6950@ep52 pat 17 (444s)
  [Data_05] ep 70 val 2.0499 best 1.6950@ep52 pat 18 (450s)
  [Data_05] ep 71 val 2.2284 best 1.6950@ep52 pat 19 (456s)
  [Data_05] ep 72 val 1.9872 best 1.6950@ep52 pat 20 (462s)
  [Data_05] ep 73 val 1.8074 best 1.6950@ep52 pat 21 (469s)
  [Data_05] ep 74 val 1.9576 best 1.6950@ep52 pat 22 (474s)
  [Data_05] ep 75 val 1.9188 best 1.6950@ep52 pat 23 (481s)
  [Data_05] ep 76 val 2.0858 best 1.6950@ep52 pat 24 (487s)
  [Data_05] ep 77 val 2.2522 best 1.6950@ep52 pat 25 (493s)
  [Data_05] ep 78 val 2.0407 best 1.6950@ep52 pat 26 (499s)
  [Data_05] ep 79 val 2.1040 best 1.6950@ep52 pat 27 (505s)
  [Data_05] ep 80 val 2.2687 best 1.6950@ep52 pat 28 (511s)
  [Data_05] ep 81 val 2.0998 best 1.6950@ep52 pat 29 (517s)
  [Data_05] ep 82 val 2.1523 best 1.6950@ep52 pat 30 (523s)
  [Data_05] ep 83 val 2.1532 best 1.6950@ep52 pat 31 (529s)
  [Data_05] ep 84 val 2.1627 best 1.6950@ep52 pat 32 (535s)
  [Data_05] ep 85 val 1.9932 best 1.6950@ep52 pat 33 (542s)
  [Data_05] NEWBEST ep86 val=1.6546 test=0.6997
  [Data_05] ep 86 val 1.6546 best 1.6546@ep86 pat 0 (548s)
  [Data_05] ep 87 val 1.8511 best 1.6546@ep86 pat 1 (554s)
  [Data_05] ep 88 val 1.9656 best 1.6546@ep86 pat 2 (560s)
  [Data_05] ep 89 val 1.9836 best 1.6546@ep86 pat 3 (566s)
  [Data_05] ep 90 val 1.7416 best 1.6546@ep86 pat 4 (572s)
  [Data_05] ep 91 val 1.9726 best 1.6546@ep86 pat 5 (578s)
  [Data_05] ep 92 val 2.3041 best 1.6546@ep86 pat 6 (584s)
  [Data_05] ep 93 val 1.9056 best 1.6546@ep86 pat 7 (591s)
  [Data_05] ep 94 val 2.1818 best 1.6546@ep86 pat 8 (597s)
  [Data_05] ep 95 val 1.9757 best 1.6546@ep86 pat 9 (603s)
  [Data_05] ep 96 val 2.0248 best 1.6546@ep86 pat 10 (609s)
  [Data_05] ep 97 val 1.8597 best 1.6546@ep86 pat 11 (615s)
  [Data_05] ep 98 val 1.8106 best 1.6546@ep86 pat 12 (621s)
  [Data_05] ep 99 val 1.9634 best 1.6546@ep86 pat 13 (627s)
  [Data_05] ep 100 val 2.1137 best 1.6546@ep86 pat 14 (633s)
  [Data_05] ep 101 val 1.9788 best 1.6546@ep86 pat 15 (639s)
  [Data_05] ep 102 val 2.0610 best 1.6546@ep86 pat 16 (645s)
  [Data_05] ep 103 val 1.6987 best 1.6546@ep86 pat 17 (651s)
  [Data_05] ep 104 val 1.7663 best 1.6546@ep86 pat 18 (657s)
  [Data_05] ep 105 val 1.7047 best 1.6546@ep86 pat 19 (663s)
  [Data_05] ep 106 val 1.9161 best 1.6546@ep86 pat 20 (669s)
  [Data_05] ep 107 val 2.0239 best 1.6546@ep86 pat 21 (676s)
  [Data_05] ep 108 val 1.8442 best 1.6546@ep86 pat 22 (682s)
  [Data_05] ep 109 val 2.0484 best 1.6546@ep86 pat 23 (688s)
  [Data_05] ep 110 val 1.8618 best 1.6546@ep86 pat 24 (694s)
  [Data_05] ep 111 val 1.9914 best 1.6546@ep86 pat 25 (700s)
  [Data_05] ep 112 val 1.7899 best 1.6546@ep86 pat 26 (706s)
  [Data_05] ep 113 val 1.7053 best 1.6546@ep86 pat 27 (712s)
  [Data_05] ep 114 val 1.8594 best 1.6546@ep86 pat 28 (718s)
  [Data_05] ep 115 val 1.9344 best 1.6546@ep86 pat 29 (724s)
  [Data_05] ep 116 val 2.0836 best 1.6546@ep86 pat 30 (730s)
  [Data_05] ep 117 val 1.7496 best 1.6546@ep86 pat 31 (736s)
  [Data_05] ep 118 val 1.8697 best 1.6546@ep86 pat 32 (743s)
  [Data_05] ep 119 val 1.8289 best 1.6546@ep86 pat 33 (749s)
  [Data_05] ep 120 val 1.7443 best 1.6546@ep86 pat 34 (755s)
  [Data_05] ep 121 val 1.9850 best 1.6546@ep86 pat 35 (761s)
  [Data_05] ep 122 val 2.0121 best 1.6546@ep86 pat 36 (767s)
  [Data_05] ep 123 val 1.9613 best 1.6546@ep86 pat 37 (773s)
  [Data_05] ep 124 val 2.1461 best 1.6546@ep86 pat 38 (779s)
  [Data_05] ep 125 val 2.0543 best 1.6546@ep86 pat 39 (785s)
  [Data_05] ep 126 val 1.9861 best 1.6546@ep86 pat 40 (791s)
  [Data_05] ep 127 val 1.7723 best 1.6546@ep86 pat 41 (797s)
  [Data_05] NEWBEST ep128 val=1.5977 test=0.6549
  [Data_05] ep 128 val 1.5977 best 1.5977@ep128 pat 0 (803s)
  [Data_05] ep 129 val 2.0240 best 1.5977@ep128 pat 1 (809s)
  [Data_05] ep 130 val 1.8483 best 1.5977@ep128 pat 2 (815s)
  [Data_05] ep 131 val 1.7285 best 1.5977@ep128 pat 3 (821s)
  [Data_05] ep 132 val 2.0691 best 1.5977@ep128 pat 4 (827s)
  [Data_05] ep 133 val 1.9358 best 1.5977@ep128 pat 5 (833s)
  [Data_05] ep 134 val 2.1148 best 1.5977@ep128 pat 6 (839s)
  [Data_05] ep 135 val 1.7211 best 1.5977@ep128 pat 7 (845s)
  [Data_05] ep 136 val 2.0829 best 1.5977@ep128 pat 8 (851s)
  [Data_05] ep 137 val 1.9707 best 1.5977@ep128 pat 9 (857s)
  [Data_05] ep 138 val 2.0372 best 1.5977@ep128 pat 10 (863s)
  [Data_05] ep 139 val 2.0304 best 1.5977@ep128 pat 11 (868s)
  [Data_05] ep 140 val 2.1804 best 1.5977@ep128 pat 12 (874s)
  [Data_05] ep 141 val 2.0973 best 1.5977@ep128 pat 13 (880s)
  [Data_05] ep 142 val 2.0789 best 1.5977@ep128 pat 14 (886s)
  [Data_05] ep 143 val 2.1012 best 1.5977@ep128 pat 15 (892s)
  [Data_05] ep 144 val 1.7543 best 1.5977@ep128 pat 16 (898s)
  [Data_05] ep 145 val 2.1103 best 1.5977@ep128 pat 17 (904s)
  [Data_05] ep 146 val 1.9454 best 1.5977@ep128 pat 18 (910s)
  [Data_05] ep 147 val 1.8890 best 1.5977@ep128 pat 19 (916s)
  [Data_05] ep 148 val 1.7879 best 1.5977@ep128 pat 20 (922s)
  [Data_05] ep 149 val 1.9179 best 1.5977@ep128 pat 21 (927s)
  [Data_05] ep 150 val 2.0763 best 1.5977@ep128 pat 22 (933s)
  [Data_05] ep 151 val 1.9321 best 1.5977@ep128 pat 23 (939s)
  [Data_05] ep 152 val 1.6879 best 1.5977@ep128 pat 24 (945s)
  [Data_05] ep 153 val 1.8834 best 1.5977@ep128 pat 25 (951s)
  [Data_05] ep 154 val 1.9868 best 1.5977@ep128 pat 26 (956s)
  [Data_05] ep 155 val 2.1420 best 1.5977@ep128 pat 27 (962s)
  [Data_05] ep 156 val 1.9193 best 1.5977@ep128 pat 28 (968s)
  [Data_05] ep 157 val 1.9872 best 1.5977@ep128 pat 29 (974s)
  [Data_05] ep 158 val 2.0817 best 1.5977@ep128 pat 30 (980s)
  [Data_05] ep 159 val 1.9949 best 1.5977@ep128 pat 31 (986s)
  [Data_05] ep 160 val 1.9824 best 1.5977@ep128 pat 32 (992s)
  [Data_05] ep 161 val 2.0309 best 1.5977@ep128 pat 33 (997s)
  [Data_05] ep 162 val 1.8657 best 1.5977@ep128 pat 34 (1003s)
  [Data_05] ep 163 val 1.7912 best 1.5977@ep128 pat 35 (1009s)
  [Data_05] ep 164 val 1.9652 best 1.5977@ep128 pat 36 (1015s)
  [Data_05] ep 165 val 1.9278 best 1.5977@ep128 pat 37 (1021s)
  [Data_05] ep 166 val 1.6970 best 1.5977@ep128 pat 38 (1027s)
  [Data_05] ep 167 val 1.7675 best 1.5977@ep128 pat 39 (1033s)
  [Data_05] ep 168 val 1.8830 best 1.5977@ep128 pat 40 (1038s)
  [Data_05] ep 169 val 1.7262 best 1.5977@ep128 pat 41 (1044s)
  [Data_05] ep 170 val 1.8658 best 1.5977@ep128 pat 42 (1050s)
  [Data_05] ep 171 val 1.9485 best 1.5977@ep128 pat 43 (1056s)
  [Data_05] ep 172 val 1.9814 best 1.5977@ep128 pat 44 (1062s)
  [Data_05] ep 173 val 1.8623 best 1.5977@ep128 pat 45 (1068s)
  [Data_05] ep 174 val 1.9449 best 1.5977@ep128 pat 46 (1074s)
  [Data_05] ep 175 val 1.7776 best 1.5977@ep128 pat 47 (1080s)
  [Data_05] ep 176 val 1.9043 best 1.5977@ep128 pat 48 (1086s)
  [Data_05] ep 177 val 2.0181 best 1.5977@ep128 pat 49 (1092s)
  [Data_05] ep 178 val 2.0475 best 1.5977@ep128 pat 50 (1098s)
  [Data_05] EARLYSTOP ep178 best 1.5977@ep128
*** Data_05 test MAE 0.655 (1098s)
==== Data_05 DONE
