command: python -m hingesense.trainer --out results/raw/decoder --target Data_07 --seed 2027 --epochs 300 --patience 50
UserWarning: Can't initialize NVML
os: Linux-6.8.0-138-generic-x86_64-with-glibc2.35
cpu: Intel(R) Xeon(R) Platinum 8480C x224, ram 1007.5 GB
gpu: NVIDIA H100 (driver 580.173.02)
python 3.11.15, torch 2.12.0+cu130, cuda 13.0
channel mask top40 = [6, 7, 8, 9, 10, 11, 12, 13, 14, 21, 22, 25, 26, 27, 28, 34, 38, 41, 46, 48, 53, 57, 59, 61, 62, 64, 67, 69, 71, 72, 74, 76, 77, 78, 80, 81, 83, 84, 85, 98]
=== Data_07 seed=2027 epochs=300 patience=50 ablation=none channels=120 dev=cuda:0 ===
pool=36 folds (flips=True)
  [Data_07] cond=assembly sources=32
  [Data_07] NEWBEST ep0 val=1.7608 test=1.6321
  [Data_07] ep 0 val 1.7608 best 1.7608@ep0 pat 0 (5s)
  [Data_07] NEWBEST ep1 val=1.0740 test=0.9828
  [Data_07] ep 1 val 1.0740 best 1.0740@ep1 pat 0 (11s)
  [Data_07] NEWBEST ep2 val=0.5963 test=0.5291
  [Data_07] ep 2 val 0.5963 best 0.5963@ep2 pat 0 (17s)
  [Data_07] NEWBEST ep3 val=0.5652 test=0.5145
  [Data_07] ep 3 val 0.5652 best 0.5652@ep3 pat 0 (23s)
  [Data_07] ep 4 val 0.6241 best 0.5652@ep3 pat 1 (29s)
  [Data_07] ep 5 val 0.7212 best 0.5652@ep3 pat 2 (35s)
  [Data_07] ep 6 val 1.0177 best 0.5652@ep3 pat 3 (42s)
  [Data_07] ep 7 val 0.7011 best 0.5652@ep3 pat 4 (48s)
  [Data_07] ep 8 val 0.6575 best 0.5652@ep3 pat 5 (55s)
  [Data_07] ep 9 val 0.7535 best 0.5652@ep3 pat 6 (61s)
  [Data_07] ep 10 val 0.6217 best 0.5652@ep3 pat 7 (68s)
  [Data_07] ep 11 val 0.7153 best 0.5652@ep3 pat 8 (74s)
  [Data_07] ep 12 val 0.7122 best 0.5652@ep3 pat 9 (81s)
  [Data_07] NEWBEST ep13 val=0.5294 test=0.3165
  [Data_07] ep 13 val 0.5294 best 0.5294@ep13 pat 0 (87s)
  [Data_07] ep 14 val 0.6625 best 0.5294@ep13 pat 1 (93s)
  [Data_07] ep 15 val 0.5944 best 0.5294@ep13 pat 2 (100s)
  [Data_07] ep 16 val 0.5791 best 0.5294@ep13 pat 3 (106s)
  [Data_07] NEWBEST ep17 val=0.4737 test=0.3229
  [Data_07] ep 17 val 0.4737 best 0.4737@ep17 pat 0 (113s)
  [Data_07] ep 18 val 0.5625 best 0.4737@ep17 pat 1 (119s)
  [Data_07] ep 19 val 0.8878 best 0.4737@ep17 pat 2 (126s)
  [Data_07] ep 20 val 0.4915 best 0.4737@ep17 pat 3 (132s)
  [Data_07] ep 21 val 0.6056 best 0.4737@ep17 pat 4 (139s)
  [Data_07] ep 22 val 0.5610 best 0.4737@ep17 pat 5 (145s)
  [Data_07] ep 23 val 0.5397 best 0.4737@ep17 pat 6 (151s)
  [Data_07] ep 24 val 0.6745 best 0.4737@ep17 pat 7 (157s)
  [Data_07] ep 25 val 0.7866 best 0.4737@ep17 pat 8 (164s)
  [Data_07] ep 26 val 0.7097 best 0.4737@ep17 pat 9 (170s)
  [Data_07] ep 27 val 0.5791 best 0.4737@ep17 pat 10 (177s)
  [Data_07] ep 28 val 0.5073 best 0.4737@ep17 pat 11 (183s)
  [Data_07] ep 29 val 0.5352 best 0.4737@ep17 pat 12 (190s)
  [Data_07] ep 30 val 0.6473 best 0.4737@ep17 pat 13 (196s)
  [Data_07] ep 31 val 0.7416 best 0.4737@ep17 pat 14 (203s)
  [Data_07] ep 32 val 0.7864 best 0.4737@ep17 pat 15 (209s)
  [Data_07] ep 33 val 0.6441 best 0.4737@ep17 pat 16 (216s)
  [Data_07] ep 34 val 0.7565 best 0.4737@ep17 pat 17 (222s)
  [Data_07] ep 35 val 0.6638 best 0.4737@ep17 pat 18 (229s)
  [Data_07] NEWBEST ep36 val=0.4665 test=0.2506
  [Data_07] ep 36 val 0.4665 best 0.4665@ep36 pat 0 (235s)
  [Data_07] ep 37 val 0.8542 best 0.4665@ep36 pat 1 (242s)
  [Data_07] ep 38 val 0.7041 best 0.4665@ep36 pat 2 (248s)
  [Data_07] ep 39 val 0.5640 best 0.4665@ep36 pat 3 (254s)
  [Data_07] ep 40 val 0.5767 best 0.4665@ep36 pat 4 (260s)
  [Data_07] ep 41 val 0.6343 best 0.4665@ep36 pat 5 (266s)
  [Data_07] ep 42 val 0.5010 best 0.4665@ep36 pat 6 (272s)
  [Data_07] ep 43 val 0.5612 best 0.4665@ep36 pat 7 (279s)
  [Data_07] ep 44 val 0.5919 best 0.4665@ep36 pat 8 (285s)
  [Data_07] ep 45 val 0.6518 best 0.4665@ep36 pat 9 (291s)
  [Data_07] ep 46 val 0.6423 best 0.4665@ep36 pat 10 (298s)
  [Data_07] ep 47 val 0.5729 best 0.4665@ep36 pat 11 (304s)
  [Data_07] ep 48 val 0.6525 best 0.4665@ep36 pat 12 (310s)
  [Data_07] ep 49 val 0.7081 best 0.4665@ep36 pat 13 (317s)
  [Data_07] ep 50 val 0.6401 best 0.4665@ep36 pat 14 (323s)
  [Data_07] ep 51 val 0.4787 best 0.4665@ep36 pat 15 (330s)
  [Data_07] ep 52 val 0.6776 best 0.4665@ep36 pat 16 (336s)
  [Data_07] ep 53 val 0.7550 best 0.4665@ep36 pat 17 (343s)
  [Data_07] ep 54 val 0.5447 best 0.4665@ep36 pat 18 (349s)
  [Data_07] ep 55 val 0.5650 best 0.4665@ep36 pat 19 (356s)
  [Data_07] ep 56 val 0.6868 best 0.4665@ep36 pat 20 (362s)
  [Data_07] ep 57 val 0.6221 best 0.4665@ep36 pat 21 (369s)
  [Data_07] ep 58 val 0.5816 best 0.4665@ep36 pat 22 (375s)
  [Data_07] ep 59 val 0.5234 best 0.4665@ep36 pat 23 (382s)
  [Data_07] ep 60 val 0.7101 best 0.4665@ep36 pat 24 (388s)
  [Data_07] ep 61 val 0.6277 best 0.4665@ep36 pat 25 (394s)
  [Data_07] ep 62 val 0.6909 best 0.4665@ep36 pat 26 (400s)
  [Data_07] ep 63 val 0.5163 best 0.4665@ep36 pat 27 (406s)
  [Data_07] ep 64 val 0.5472 best 0.4665@ep36 pat 28 (413s)
  [Data_07] ep 65 val 0.7013 best 0.4665@ep36 pat 29 (419s)
  [Data_07] ep 66 val 0.6414 best 0.4665@ep36 pat 30 (425s)
  [Data_07] ep 67 val 0.5096 best 0.4665@ep36 pat 31 (431s)
  [Data_07] ep 68 val 0.6440 best 0.4665@ep36 pat 32 (437s)
  [Data_07] ep 69 val 0.6084 best 0.4665@ep36 pat 33 (443s)
  [Data_07] ep 70 val 0.6151 best 0.4665@ep36 pat 34 (449s)
  [Data_07] ep 71 val 0.5735 best 0.4665@ep36 pat 35 (455s)
  [Data_07] ep 72 val 0.5868 best 0.4665@ep36 pat 36 (461s)
  [Data_07] ep 73 val 0.6726 best 0.4665@ep36 pat 37 (467s)
  [Data_07] ep 74 val 0.6509 best 0.4665@ep36 pat 38 (473s)
  [Data_07] ep 75 val 0.6704 best 0.4665@ep36 pat 39 (479s)
  [Data_07] ep 76 val 0.6431 best 0.4665@ep36 pat 40 (485s)
  [Data_07] ep 77 val 0.6101 best 0.4665@ep36 pat 41 (491s)
  [Data_07] ep 78 val 0.5790 best 0.4665@ep36 pat 42 (497s)
  [Data_07] ep 79 val 0.8010 best 0.4665@ep36 pat 43 (503s)
  [Data_07] ep 80 val 0.7159 best 0.4665@ep36 pat 44 (509s)
  [Data_07] ep 81 val 0.5129 best 0.4665@ep36 pat 45 (515s)
  [Data_07] ep 82 val 0.5102 best 0.4665@ep36 pat 46 (521s)
  [Data_07] NEWBEST ep83 val=0.4363 test=0.3249
  [Data_07] ep 83 val 0.4363 best 0.4363@ep83 pat 0 (527s)
  [Data_07] ep 84 val 0.6500 best 0.4363@ep83 pat 1 (533s)
  [Data_07] ep 85 val 0.7951 best 0.4363@ep83 pat 2 (539s)
  [Data_07] ep 86 val 0.7589 best 0.4363@ep83 pat 3 (545s)
  [Data_07] ep 87 val 0.6104 best 0.4363@ep83 pat 4 (551s)
  [Data_07] ep 88 val 0.6572 best 0.4363@ep83 pat 5 (557s)
  [Data_07] ep 89 val 0.7367 best 0.4363@ep83 pat 6 (563s)
  [Data_07] ep 90 val 0.6315 best 0.4363@ep83 pat 7 (569s)
  [Data_07] ep 91 val 0.5787 best 0.4363@ep83 pat 8 (575s)
  [Data_07] ep 92 val 0.5023 best 0.4363@ep83 pat 9 (581s)
  [Data_07] ep 93 val 0.6688 best 0.4363@ep83 pat 10 (587s)
  [Data_07] ep 94 val 0.5544 best 0.4363@ep83 pat 11 (593s)
  [Data_07] ep 95 val 0.5988 best 0.4363@ep83 pat 12 (599s)
  [Data_07] ep 96 val 0.7009 best 0.4363@ep83 pat 13 (605s)
  [Data_07] ep 97 val 0.6200 best 0.4363@ep83 pat 14 (611s)
  [Data_07] ep 98 val 0.6164 best 0.4363@ep83 pat 15 (617s)
  [Data_07] ep 99 val 0.5533 best 0.4363@ep83 pat 16 (623s)
  [Data_07] ep 100 val 0.6078 best 0.4363@ep83 pat 17 (629s)
  [Data_07] ep 101 val 0.6306 best 0.4363@ep83 pat 18 (635s)
  [Data_07] ep 102 val 0.6685 best 0.4363@ep83 pat 19 (641s)
  [Data_07] ep 103 val 0.5226 best 0.4363@ep83 pat 20 (647s)
  [Data_07] ep 104 val 0.6541 best 0.4363@ep83 pat 21 (653s)
  [Data_07] ep 105 val 0.6275 best 0.4363@ep83 pat 22 (659s)
  [Data_07] ep 106 val 0.8272 best 0.4363@ep83 pat 23 (665s)
  [Data_07] ep 107 val 0.6784 best 0.4363@ep83 pat 24 (671s)
  [Data_07] ep 108 val 0.5475 best 0.4363@ep83 pat 25 (677s)
  [Data_07] ep 109 val 0.6240 best 0.4363@ep83 pat 26 (683s)
  [Data_07] ep 110 val 0.6589 best 0.4363@ep83 pat 27 (689s)
  [Data_07] ep 111 val 0.5727 best 0.4363@ep83 pat 28 (695s)
  [Data_07] ep 112 val 0.6614 best 0.4363@ep83 pat 29 (701s)
  [Data_07] ep 113 val 0.6242 best 0.4363@ep83 pat 30 (707s)
  [Data_07] ep 114 val 0.4469 best 0.4363@ep83 pat 31 (713s)
  [Data_07] ep 115 val 0.6599 best 0.4363@ep83 pat 32 (719s)
  [Data_07] ep 116 val 0.4433 best 0.4363@ep83 pat 33 (725s)
  [Data_07] ep 117 val 0.6919 best 0.4363@ep83 pat 34 (731s)
  [Data_07] ep 118 val 0.6531 best 0.4363@ep83 pat 35 (737s)
  [Data_07] ep 119 val 0.7237 best 0.4363@ep83 pat 36 (743s)
  [Data_07] ep 120 val 0.7080 best 0.4363@ep83 pat 37 (749s)
  [Data_07] ep 121 val 0.6839 best 0.4363@ep83 pat 38 (755s)
  [Data_07] ep 122 val 0.7516 best 0.4363@ep83 pat 39 (761s)
  [Data_07] ep 123 val 0.6191 best 0.4363@ep83 pat 40 (767s)
  [Data_07] ep 124 val 0.7076 best 0.4363@ep83 pat 41 (773s)
  [Data_07] ep 125 val 0.5621 best 0.4363@ep83 pat 42 (779s)
  [Data_07] ep 126 val 0.8310 best 0.4363@ep83 pat 43 (785s)
  [Data_07] ep 127 val 0.6355 best 0.4363@ep83 pat 44 (791s)
  [Data_07] ep 128 val 0.7356 best 0.4363@ep83 pat 45 (797s)
  [Data_07] ep 129 val 0.5868 best 0.4363@ep83 pat 46 (803s)
  [Data_07] ep 130 val 0.6684 best 0.4363@ep83 pat 47 (809s)
  [Data_07] ep 131 val 0.5620 best 0.4363@ep83 pat 48 (815s)
  [Data_07] ep 132 val 0.6847 best 0.4363@ep83 pat 49 (821s)
  [Data_07] ep 133 val 0.6869 best 0.4363@ep83 pat 50 (827s)
  [Data_07] EARLYSTOP ep133 best 0.4363@ep83
*** Data_07 test MAE 0.325 (827s)
==== Data_07 DONE
