command: python -m hingesense.trainer --out results/raw/decoder --target Data_01 --seed 2027 --epochs 300 --patience 50
UserWarning: Can't initialize NVML
os: Linux-6.8.0-138-generic-x86_64-with-glibc2.35
cpu: Intel(R) Xeon(R) Platinum 8480C x224, ram 1007.5 GB
gpu: NVIDIA H100 (driver 580.173.02)
python 3.11.15, torch 2.12.0+cu130, cuda 13.0
channel mask top40 = [6, 7, 8, 9, 10, 11, 12, 13, 14, 21, 22, 25, 26, 27, 28, 34, 38, 41, 46, 48, 53, 57, 59, 61, 62, 64, 67, 69, 71, 72, 74, 76, 77, 78, 80, 81, 83, 84, 85, 98]
=== Data_01 seed=2027 epochs=300 patience=50 ablation=none channels=120 dev=cuda:0 ===
pool=56 folds (flips=True)
  [Data_01] cond=noload sources=52
  [Data_01] NEWBEST ep0 val=0.9303 test=0.8542
  [Data_01] ep 0 val 0.9303 best 0.9303@ep0 pat 0 (6s)
  [Data_01] NEWBEST ep1 val=0.7250 test=0.5036
  [Data_01] ep 1 val 0.7250 best 0.7250@ep1 pat 0 (12s)
  [Data_01] NEWBEST ep2 val=0.5697 test=0.4554
  [Data_01] ep 2 val 0.5697 best 0.5697@ep2 pat 0 (17s)
  [Data_01] NEWBEST ep3 val=0.5688 test=0.4770
  [Data_01] ep 3 val 0.5688 best 0.5688@ep3 pat 0 (23s)
  [Data_01] ep 4 val 0.5992 best 0.5688@ep3 pat 1 (29s)
  [Data_01] NEWBEST ep5 val=0.5320 test=0.4339
  [Data_01] ep 5 val 0.5320 best 0.5320@ep5 pat 0 (36s)
  [Data_01] NEWBEST ep6 val=0.5008 test=0.4231
  [Data_01] ep 6 val 0.5008 best 0.5008@ep6 pat 0 (42s)
  [Data_01] ep 7 val 0.5613 best 0.5008@ep6 pat 1 (48s)
  [Data_01] ep 8 val 0.5922 best 0.5008@ep6 pat 2 (54s)
  [Data_01] ep 9 val 0.5663 best 0.5008@ep6 pat 3 (61s)
  [Data_01] ep 10 val 0.5649 best 0.5008@ep6 pat 4 (67s)
  [Data_01] ep 11 val 0.6023 best 0.5008@ep6 pat 5 (73s)
  [Data_01] ep 12 val 0.6306 best 0.5008@ep6 pat 6 (80s)
  [Data_01] ep 13 val 0.6585 best 0.5008@ep6 pat 7 (86s)
  [Data_01] ep 14 val 0.5707 best 0.5008@ep6 pat 8 (92s)
  [Data_01] ep 15 val 0.6683 best 0.5008@ep6 pat 9 (99s)
  [Data_01] ep 16 val 0.6304 best 0.5008@ep6 pat 10 (105s)
  [Data_01] ep 17 val 0.6052 best 0.5008@ep6 pat 11 (112s)
  [Data_01] ep 18 val 0.6352 best 0.5008@ep6 pat 12 (118s)
  [Data_01] ep 19 val 0.6106 best 0.5008@ep6 pat 13 (124s)
  [Data_01] ep 20 val 0.6435 best 0.5008@ep6 pat 14 (131s)
  [Data_01] ep 21 val 0.5360 best 0.5008@ep6 pat 15 (137s)
  [Data_01] ep 22 val 0.5154 best 0.5008@ep6 pat 16 (143s)
  [Data_01] ep 23 val 0.5021 best 0.5008@ep6 pat 17 (149s)
  [Data_01] ep 24 val 0.5381 best 0.5008@ep6 pat 18 (156s)
  [Data_01] ep 25 val 0.5782 best 0.5008@ep6 pat 19 (162s)
  [Data_01] ep 26 val 0.5284 best 0.5008@ep6 pat 20 (168s)
  [Data_01] ep 27 val 0.5371 best 0.5008@ep6 pat 21 (175s)
  [Data_01] ep 28 val 0.5057 best 0.5008@ep6 pat 22 (181s)
  [Data_01] ep 29 val 0.5833 best 0.5008@ep6 pat 23 (188s)
  [Data_01] ep 30 val 0.6267 best 0.5008@ep6 pat 24 (194s)
  [Data_01] ep 31 val 0.5817 best 0.5008@ep6 pat 25 (201s)
  [Data_01] ep 32 val 0.6179 best 0.5008@ep6 pat 26 (207s)
  [Data_01] ep 33 val 0.5880 best 0.5008@ep6 pat 27 (214s)
  [Data_01] ep 34 val 0.5665 best 0.5008@ep6 pat 28 (220s)
  [Data_01] ep 35 val 0.6351 best 0.5008@ep6 pat 29 (227s)
  [Data_01] ep 36 val 0.5588 best 0.5008@ep6 pat 30 (233s)
  [Data_01] ep 37 val 0.5368 best 0.5008@ep6 pat 31 (239s)
  [Data_01] ep 38 val 0.5621 best 0.5008@ep6 pat 32 (246s)
  [Data_01] ep 39 val 0.5806 best 0.5008@ep6 pat 33 (252s)
  [Data_01] ep 40 val 0.5472 best 0.5008@ep6 pat 34 (258s)
  [Data_01] ep 41 val 0.5897 best 0.5008@ep6 pat 35 (264s)
  [Data_01] ep 42 val 0.5646 best 0.5008@ep6 pat 36 (270s)
  [Data_01] ep 43 val 0.5172 best 0.5008@ep6 pat 37 (276s)
  [Data_01] NEWBEST ep44 val=0.4923 test=0.4228
  [Data_01] ep 44 val 0.4923 best 0.4923@ep44 pat 0 (282s)
  [Data_01] ep 45 val 0.5436 best 0.4923@ep44 pat 1 (289s)
  [Data_01] ep 46 val 0.5619 best 0.4923@ep44 pat 2 (295s)
  [Data_01] ep 47 val 0.5712 best 0.4923@ep44 pat 3 (302s)
  [Data_01] ep 48 val 0.5832 best 0.4923@ep44 pat 4 (308s)
  [Data_01] ep 49 val 0.5899 best 0.4923@ep44 pat 5 (315s)
  [Data_01] ep 50 val 0.5564 best 0.4923@ep44 pat 6 (321s)
  [Data_01] ep 51 val 0.5338 best 0.4923@ep44 pat 7 (328s)
  [Data_01] ep 52 val 0.5931 best 0.4923@ep44 pat 8 (334s)
  [Data_01] ep 53 val 0.6337 best 0.4923@ep44 pat 9 (341s)
  [Data_01] ep 54 val 0.5098 best 0.4923@ep44 pat 10 (347s)
  [Data_01] ep 55 val 0.5904 best 0.4923@ep44 pat 11 (353s)
  [Data_01] ep 56 val 0.5574 best 0.4923@ep44 pat 12 (360s)
  [Data_01] ep 57 val 0.6299 best 0.4923@ep44 pat 13 (366s)
  [Data_01] ep 58 val 0.6101 best 0.4923@ep44 pat 14 (373s)
  [Data_01] ep 59 val 0.5221 best 0.4923@ep44 pat 15 (379s)
  [Data_01] ep 60 val 0.5810 best 0.4923@ep44 pat 16 (385s)
  [Data_01] ep 61 val 0.5682 best 0.4923@ep44 pat 17 (392s)
  [Data_01] ep 62 val 0.6105 best 0.4923@ep44 pat 18 (398s)
  [Data_01] ep 63 val 0.5612 best 0.4923@ep44 pat 19 (404s)
  [Data_01] ep 64 val 0.6073 best 0.4923@ep44 pat 20 (410s)
  [Data_01] ep 65 val 0.5410 best 0.4923@ep44 pat 21 (416s)
  [Data_01] ep 66 val 0.5770 best 0.4923@ep44 pat 22 (423s)
  [Data_01] ep 67 val 0.5342 best 0.4923@ep44 pat 23 (429s)
  [Data_01] ep 68 val 0.5734 best 0.4923@ep44 pat 24 (435s)
  [Data_01] ep 69 val 0.5248 best 0.4923@ep44 pat 25 (441s)
  [Data_01] ep 70 val 0.5877 best 0.4923@ep44 pat 26 (446s)
  [Data_01] ep 71 val 0.5760 best 0.4923@ep44 pat 27 (452s)
  [Data_01] ep 72 val 0.5619 best 0.4923@ep44 pat 28 (458s)
  [Data_01] ep 73 val 0.6629 best 0.4923@ep44 pat 29 (464s)
  [Data_01] ep 74 val 0.5504 best 0.4923@ep44 pat 30 (470s)
  [Data_01] ep 75 val 0.5811 best 0.4923@ep44 pat 31 (476s)
  [Data_01] ep 76 val 0.5989 best 0.4923@ep44 pat 32 (482s)
  [Data_01] ep 77 val 0.5635 best 0.4923@ep44 pat 33 (488s)
  [Data_01] ep 78 val 0.6233 best 0.4923@ep44 pat 34 (494s)
  [Data_01] ep 79 val 0.6145 best 0.4923@ep44 pat 35 (500s)
  [Data_01] ep 80 val 0.5920 best 0.4923@ep44 pat 36 (506s)
  [Data_01] ep 81 val 0.5902 best 0.4923@ep44 pat 37 (512s)
  [Data_01] ep 82 val 0.6073 best 0.4923@ep44 pat 38 (518s)
  [Data_01] ep 83 val 0.5236 best 0.4923@ep44 pat 39 (525s)
  [Data_01] ep 84 val 0.5588 best 0.4923@ep44 pat 40 (531s)
  [Data_01] ep 85 val 0.5440 best 0.4923@ep44 pat 41 (537s)
  [Data_01] ep 86 val 0.6110 best 0.4923@ep44 pat 42 (543s)
  [Data_01] ep 87 val 0.5632 best 0.4923@ep44 pat 43 (549s)
  [Data_01] ep 88 val 0.6840 best 0.4923@ep44 pat 44 (555s)
  [Data_01] ep 89 val 0.6459 best 0.4923@ep44 pat 45 (562s)
  [Data_01] ep 90 val 0.5889 best 0.4923@ep44 pat 46 (568s)
  [Data_01] ep 91 val 0.5459 best 0.4923@ep44 pat 47 (574s)
  [Data_01] ep 92 val 0.5694 best 0.4923@ep44 pat 48 (580s)
  [Data_01] ep 93 val 0.5929 best 0.4923@ep44 pat 49 (586s)
  [Data_01] NEWBEST ep94 val=0.4315 test=0.3950
  [Data_01] ep 94 val 0.4315 best 0.4315@ep94 pat 0 (592s)
  [Data_01] ep 95 val 0.5133 best 0.4315@ep94 pat 1 (599s)
  [Data_01] ep 96 val 0.5333 best 0.4315@ep94 pat 2 (605s)
  [Data_01] ep 97 val 0.4962 best 0.4315@ep94 pat 3 (611s)
  [Data_01] ep 98 val 0.5334 best 0.4315@ep94 pat 4 (617s)
  [Data_01] ep 99 val 0.5740 best 0.4315@ep94 pat 5 (623s)
  [Data_01] ep 100 val 0.5861 best 0.4315@ep94 pat 6 (629s)
  [Data_01] ep 101 val 0.5892 best 0.4315@ep94 pat 7 (635s)
  [Data_01] ep 102 val 0.5143 best 0.4315@ep94 pat 8 (641s)
  [Data_01] ep 103 val 0.5398 best 0.4315@ep94 pat 9 (648s)
  [Data_01] ep 104 val 0.5584 best 0.4315@ep94 pat 10 (654s)
  [Data_01] ep 105 val 0.5387 best 0.4315@ep94 pat 11 (660s)
  [Data_01] ep 106 val 0.5686 best 0.4315@ep94 pat 12 (666s)
  [Data_01] ep 107 val 0.5171 best 0.4315@ep94 pat 13 (672s)
  [Data_01] ep 108 val 0.5433 best 0.4315@ep94 pat 14 (678s)
  [Data_01] ep 109 val 0.5982 best 0.4315@ep94 pat 15 (684s)
  [Data_01] ep 110 val 0.5566 best 0.4315@ep94 pat 16 (690s)
  [Data_01] ep 111 val 0.5332 best 0.4315@ep94 pat 17 (695s)
  [Data_01] ep 112 val 0.6082 best 0.4315@ep94 pat 18 (701s)
  [Data_01] ep 113 val 0.5858 best 0.4315@ep94 pat 19 (707s)
  [Data_01] ep 114 val 0.5893 best 0.4315@ep94 pat 20 (713s)
  [Data_01] ep 115 val 0.6411 best 0.4315@ep94 pat 21 (719s)
  [Data_01] ep 116 val 0.5585 best 0.4315@ep94 pat 22 (726s)
  [Data_01] ep 117 val 0.5492 best 0.4315@ep94 pat 23 (732s)
  [Data_01] ep 118 val 0.5927 best 0.4315@ep94 pat 24 (738s)
  [Data_01] ep 119 val 0.5443 best 0.4315@ep94 pat 25 (744s)
  [Data_01] ep 120 val 0.6430 best 0.4315@ep94 pat 26 (750s)
  [Data_01] ep 121 val 0.5804 best 0.4315@ep94 pat 27 (756s)
  [Data_01] ep 122 val 0.5598 best 0.4315@ep94 pat 28 (762s)
  [Data_01] ep 123 val 0.5643 best 0.4315@ep94 pat 29 (768s)
  [Data_01] ep 124 val 0.5791 best 0.4315@ep94 pat 30 (774s)
  [Data_01] ep 125 val 0.5799 best 0.4315@ep94 pat 31 (780s)
  [Data_01] ep 126 val 0.6061 best 0.4315@ep94 pat 32 (786s)
  [Data_01] ep 127 val 0.6280 best 0.4315@ep94 pat 33 (792s)
  [Data_01] ep 128 val 0.5353 best 0.4315@ep94 pat 34 (798s)
  [Data_01] ep 129 val 0.5239 best 0.4315@ep94 pat 35 (804s)
  [Data_01] ep 130 val 0.6017 best 0.4315@ep94 pat 36 (810s)
  [Data_01] ep 131 val 0.5838 best 0.4315@ep94 pat 37 (816s)
  [Data_01] ep 132 val 0.5232 best 0.4315@ep94 pat 38 (822s)
  [Data_01] ep 133 val 0.5023 best 0.4315@ep94 pat 39 (828s)
  [Data_01] ep 134 val 0.5766 best 0.4315@ep94 pat 40 (834s)
  [Data_01] ep 135 val 0.5706 best 0.4315@ep94 pat 41 (840s)
  [Data_01] ep 136 val 0.5369 best 0.4315@ep94 pat 42 (846s)
  [Data_01] ep 137 val 0.5038 best 0.4315@ep94 pat 43 (852s)
  [Data_01] ep 138 val 0.4686 best 0.4315@ep94 pat 44 (858s)
  [Data_01] ep 139 val 0.5203 best 0.4315@ep94 pat 45 (864s)
  [Data_01] ep 140 val 0.5296 best 0.4315@ep94 pat 46 (870s)
  [Data_01] ep 141 val 0.4864 best 0.4315@ep94 pat 47 (876s)
  [Data_01] ep 142 val 0.5206 best 0.4315@ep94 pat 48 (882s)
  [Data_01] ep 143 val 0.5088 best 0.4315@ep94 pat 49 (888s)
  [Data_01] ep 144 val 0.5523 best 0.4315@ep94 pat 50 (894s)
  [Data_01] EARLYSTOP ep144 best 0.4315@ep94
*** Data_01 test MAE 0.395 (894s)
==== Data_01 DONE
