command: python -m hingesense.trainer --out results/raw/ablation_no_reference_pathway --target Data_01 --seed 2027 --epochs 300 --patience 50 --ablation no_reference_pathway
UserWarning: Can't initialize NVML
os: Linux-6.8.0-138-generic-x86_64-with-glibc2.35
cpu: Intel(R) Xeon(R) Platinum 8480C x224, ram 1007.5 GB
gpu: NVIDIA H100 (driver 580.173.02)
python 3.11.15, torch 2.12.0+cu130, cuda 13.0
channel mask top40 = [6, 7, 8, 9, 10, 11, 12, 13, 14, 21, 22, 25, 26, 27, 28, 34, 38, 41, 46, 48, 53, 57, 59, 61, 62, 64, 67, 69, 71, 72, 74, 76, 77, 78, 80, 81, 83, 84, 85, 98]
=== Data_01 seed=2027 epochs=300 patience=50 ablation=no_reference_pathway channels=120 dev=cuda:0 ===
pool=56 folds (flips=True)
  [Data_01] cond=noload sources=52
  [Data_01] NEWBEST ep0 val=1.0558 test=0.8555
  [Data_01] ep 0 val 1.0558 best 1.0558@ep0 pat 0 (10s)
  [Data_01] NEWBEST ep1 val=0.8505 test=0.6512
  [Data_01] ep 1 val 0.8505 best 0.8505@ep1 pat 0 (19s)
  [Data_01] NEWBEST ep2 val=0.6410 test=0.5143
  [Data_01] ep 2 val 0.6410 best 0.6410@ep2 pat 0 (28s)
  [Data_01] ep 3 val 0.6453 best 0.6410@ep2 pat 1 (37s)
  [Data_01] NEWBEST ep4 val=0.6205 test=0.5232
  [Data_01] ep 4 val 0.6205 best 0.6205@ep4 pat 0 (46s)
  [Data_01] NEWBEST ep5 val=0.5743 test=0.4609
  [Data_01] ep 5 val 0.5743 best 0.5743@ep5 pat 0 (54s)
  [Data_01] NEWBEST ep6 val=0.5371 test=0.4092
  [Data_01] ep 6 val 0.5371 best 0.5371@ep6 pat 0 (63s)
  [Data_01] ep 7 val 0.6059 best 0.5371@ep6 pat 1 (72s)
  [Data_01] ep 8 val 0.6176 best 0.5371@ep6 pat 2 (80s)
  [Data_01] ep 9 val 0.6946 best 0.5371@ep6 pat 3 (90s)
  [Data_01] ep 10 val 0.8010 best 0.5371@ep6 pat 4 (99s)
  [Data_01] ep 11 val 0.6926 best 0.5371@ep6 pat 5 (108s)
  [Data_01] ep 12 val 0.6993 best 0.5371@ep6 pat 6 (116s)
  [Data_01] ep 13 val 0.6252 best 0.5371@ep6 pat 7 (125s)
  [Data_01] ep 14 val 0.6424 best 0.5371@ep6 pat 8 (134s)
  [Data_01] ep 15 val 0.5947 best 0.5371@ep6 pat 9 (143s)
  [Data_01] ep 16 val 0.5769 best 0.5371@ep6 pat 10 (152s)
  [Data_01] ep 17 val 0.5769 best 0.5371@ep6 pat 11 (161s)
  [Data_01] ep 18 val 0.5797 best 0.5371@ep6 pat 12 (169s)
  [Data_01] NEWBEST ep19 val=0.4981 test=0.4117
  [Data_01] ep 19 val 0.4981 best 0.4981@ep19 pat 0 (178s)
  [Data_01] ep 20 val 0.5986 best 0.4981@ep19 pat 1 (187s)
  [Data_01] ep 21 val 0.5481 best 0.4981@ep19 pat 2 (196s)
  [Data_01] ep 22 val 0.5365 best 0.4981@ep19 pat 3 (205s)
  [Data_01] ep 23 val 0.5824 best 0.4981@ep19 pat 4 (214s)
  [Data_01] ep 24 val 0.5426 best 0.4981@ep19 pat 5 (223s)
  [Data_01] ep 25 val 0.5754 best 0.4981@ep19 pat 6 (231s)
  [Data_01] ep 26 val 0.5202 best 0.4981@ep19 pat 7 (240s)
  [Data_01] ep 27 val 0.5775 best 0.4981@ep19 pat 8 (249s)
  [Data_01] ep 28 val 0.5231 best 0.4981@ep19 pat 9 (258s)
  [Data_01] ep 29 val 0.5708 best 0.4981@ep19 pat 10 (267s)
  [Data_01] ep 30 val 0.5303 best 0.4981@ep19 pat 11 (276s)
  [Data_01] ep 31 val 0.6013 best 0.4981@ep19 pat 12 (285s)
  [Data_01] ep 32 val 0.5211 best 0.4981@ep19 pat 13 (293s)
  [Data_01] NEWBEST ep33 val=0.4909 test=0.4216
  [Data_01] ep 33 val 0.4909 best 0.4909@ep33 pat 0 (302s)
  [Data_01] ep 34 val 0.5597 best 0.4909@ep33 pat 1 (311s)
  [Data_01] ep 35 val 0.5671 best 0.4909@ep33 pat 2 (320s)
  [Data_01] ep 36 val 0.5129 best 0.4909@ep33 pat 3 (329s)
  [Data_01] ep 37 val 0.5355 best 0.4909@ep33 pat 4 (338s)
  [Data_01] ep 38 val 0.5962 best 0.4909@ep33 pat 5 (347s)
  [Data_01] ep 39 val 0.5579 best 0.4909@ep33 pat 6 (355s)
  [Data_01] ep 40 val 0.5827 best 0.4909@ep33 pat 7 (364s)
  [Data_01] ep 41 val 0.5596 best 0.4909@ep33 pat 8 (373s)
  [Data_01] ep 42 val 0.5066 best 0.4909@ep33 pat 9 (382s)
  [Data_01] ep 43 val 0.5496 best 0.4909@ep33 pat 10 (392s)
  [Data_01] ep 44 val 0.5440 best 0.4909@ep33 pat 11 (400s)
  [Data_01] ep 45 val 0.5295 best 0.4909@ep33 pat 12 (409s)
  [Data_01] ep 46 val 0.5644 best 0.4909@ep33 pat 13 (417s)
  [Data_01] ep 47 val 0.5831 best 0.4909@ep33 pat 14 (423s)
  [Data_01] ep 48 val 0.7022 best 0.4909@ep33 pat 15 (430s)
  [Data_01] ep 49 val 0.6409 best 0.4909@ep33 pat 16 (437s)
  [Data_01] ep 50 val 0.6850 best 0.4909@ep33 pat 17 (444s)
  [Data_01] ep 51 val 0.5961 best 0.4909@ep33 pat 18 (450s)
  [Data_01] ep 52 val 0.6719 best 0.4909@ep33 pat 19 (457s)
  [Data_01] ep 53 val 0.6471 best 0.4909@ep33 pat 20 (464s)
  [Data_01] ep 54 val 0.6291 best 0.4909@ep33 pat 21 (470s)
  [Data_01] ep 55 val 0.6460 best 0.4909@ep33 pat 22 (477s)
  [Data_01] ep 56 val 0.6472 best 0.4909@ep33 pat 23 (484s)
  [Data_01] ep 57 val 0.5403 best 0.4909@ep33 pat 24 (490s)
  [Data_01] ep 58 val 0.5270 best 0.4909@ep33 pat 25 (496s)
  [Data_01] ep 59 val 0.5897 best 0.4909@ep33 pat 26 (503s)
  [Data_01] ep 60 val 0.5823 best 0.4909@ep33 pat 27 (509s)
  [Data_01] ep 61 val 0.6421 best 0.4909@ep33 pat 28 (515s)
  [Data_01] ep 62 val 0.5861 best 0.4909@ep33 pat 29 (522s)
  [Data_01] ep 63 val 0.5550 best 0.4909@ep33 pat 30 (528s)
  [Data_01] ep 64 val 0.5501 best 0.4909@ep33 pat 31 (534s)
  [Data_01] ep 65 val 0.5402 best 0.4909@ep33 pat 32 (540s)
  [Data_01] ep 66 val 0.5053 best 0.4909@ep33 pat 33 (546s)
  [Data_01] ep 67 val 0.5027 best 0.4909@ep33 pat 34 (552s)
  [Data_01] ep 68 val 0.5263 best 0.4909@ep33 pat 35 (558s)
  [Data_01] ep 69 val 0.5346 best 0.4909@ep33 pat 36 (564s)
  [Data_01] ep 70 val 0.5446 best 0.4909@ep33 pat 37 (570s)
  [Data_01] ep 71 val 0.5125 best 0.4909@ep33 pat 38 (576s)
  [Data_01] ep 72 val 0.5485 best 0.4909@ep33 pat 39 (582s)
  [Data_01] ep 73 val 0.5857 best 0.4909@ep33 pat 40 (587s)
  [Data_01] ep 74 val 0.5231 best 0.4909@ep33 pat 41 (593s)
  [Data_01] NEWBEST ep75 val=0.4798 test=0.4415
  [Data_01] ep 75 val 0.4798 best 0.4798@ep75 pat 0 (599s)
  [Data_01] ep 76 val 0.5120 best 0.4798@ep75 pat 1 (605s)
  [Data_01] ep 77 val 0.5348 best 0.4798@ep75 pat 2 (611s)
  [Data_01] ep 78 val 0.5248 best 0.4798@ep75 pat 3 (616s)
  [Data_01] NEWBEST ep79 val=0.4755 test=0.4572
  [Data_01] ep 79 val 0.4755 best 0.4755@ep79 pat 0 (622s)
  [Data_01] ep 80 val 0.4948 best 0.4755@ep79 pat 1 (628s)
  [Data_01] ep 81 val 0.4805 best 0.4755@ep79 pat 2 (634s)
  [Data_01] NEWBEST ep82 val=0.4642 test=0.4245
  [Data_01] ep 82 val 0.4642 best 0.4642@ep82 pat 0 (639s)
  [Data_01] ep 83 val 0.4907 best 0.4642@ep82 pat 1 (645s)
  [Data_01] ep 84 val 0.5464 best 0.4642@ep82 pat 2 (651s)
  [Data_01] ep 85 val 0.5399 best 0.4642@ep82 pat 3 (657s)
  [Data_01] ep 86 val 0.5104 best 0.4642@ep82 pat 4 (663s)
  [Data_01] ep 87 val 0.5518 best 0.4642@ep82 pat 5 (668s)
  [Data_01] ep 88 val 0.5589 best 0.4642@ep82 pat 6 (674s)
  [Data_01] ep 89 val 0.5905 best 0.4642@ep82 pat 7 (680s)
  [Data_01] ep 90 val 0.6178 best 0.4642@ep82 pat 8 (686s)
  [Data_01] ep 91 val 0.5950 best 0.4642@ep82 pat 9 (692s)
  [Data_01] ep 92 val 0.5908 best 0.4642@ep82 pat 10 (698s)
  [Data_01] ep 93 val 0.5801 best 0.4642@ep82 pat 11 (704s)
  [Data_01] ep 94 val 0.5631 best 0.4642@ep82 pat 12 (709s)
  [Data_01] ep 95 val 0.5741 best 0.4642@ep82 pat 13 (715s)
  [Data_01] ep 96 val 0.4880 best 0.4642@ep82 pat 14 (721s)
  [Data_01] ep 97 val 0.5595 best 0.4642@ep82 pat 15 (727s)
  [Data_01] ep 98 val 0.4938 best 0.4642@ep82 pat 16 (733s)
  [Data_01] ep 99 val 0.4890 best 0.4642@ep82 pat 17 (738s)
  [Data_01] ep 100 val 0.5407 best 0.4642@ep82 pat 18 (744s)
  [Data_01] ep 101 val 0.5233 best 0.4642@ep82 pat 19 (750s)
  [Data_01] ep 102 val 0.5454 best 0.4642@ep82 pat 20 (756s)
  [Data_01] ep 103 val 0.5753 best 0.4642@ep82 pat 21 (762s)
  [Data_01] ep 104 val 0.5848 best 0.4642@ep82 pat 22 (767s)
  [Data_01] ep 105 val 0.5281 best 0.4642@ep82 pat 23 (773s)
  [Data_01] ep 106 val 0.5067 best 0.4642@ep82 pat 24 (779s)
  [Data_01] ep 107 val 0.5323 best 0.4642@ep82 pat 25 (785s)
  [Data_01] ep 108 val 0.5391 best 0.4642@ep82 pat 26 (791s)
  [Data_01] ep 109 val 0.5745 best 0.4642@ep82 pat 27 (796s)
  [Data_01] ep 110 val 0.6108 best 0.4642@ep82 pat 28 (802s)
  [Data_01] ep 111 val 0.5289 best 0.4642@ep82 pat 29 (808s)
  [Data_01] ep 112 val 0.5250 best 0.4642@ep82 pat 30 (814s)
  [Data_01] ep 113 val 0.5114 best 0.4642@ep82 pat 31 (819s)
  [Data_01] ep 114 val 0.5378 best 0.4642@ep82 pat 32 (825s)
  [Data_01] ep 115 val 0.5229 best 0.4642@ep82 pat 33 (831s)
  [Data_01] ep 116 val 0.5307 best 0.4642@ep82 pat 34 (837s)
  [Data_01] ep 117 val 0.5761 best 0.4642@ep82 pat 35 (843s)
  [Data_01] ep 118 val 0.5449 best 0.4642@ep82 pat 36 (848s)
  [Data_01] ep 119 val 0.5761 best 0.4642@ep82 pat 37 (854s)
  [Data_01] ep 120 val 0.5587 best 0.4642@ep82 pat 38 (860s)
  [Data_01] ep 121 val 0.5837 best 0.4642@ep82 pat 39 (866s)
  [Data_01] ep 122 val 0.5577 best 0.4642@ep82 pat 40 (871s)
  [Data_01] ep 123 val 0.5412 best 0.4642@ep82 pat 41 (877s)
  [Data_01] ep 124 val 0.5302 best 0.4642@ep82 pat 42 (883s)
  [Data_01] ep 125 val 0.5803 best 0.4642@ep82 pat 43 (889s)
  [Data_01] ep 126 val 0.5797 best 0.4642@ep82 pat 44 (895s)
  [Data_01] ep 127 val 0.5559 best 0.4642@ep82 pat 45 (900s)
  [Data_01] ep 128 val 0.4957 best 0.4642@ep82 pat 46 (906s)
  [Data_01] ep 129 val 0.5907 best 0.4642@ep82 pat 47 (912s)
  [Data_01] ep 130 val 0.4847 best 0.4642@ep82 pat 48 (918s)
  [Data_01] ep 131 val 0.4837 best 0.4642@ep82 pat 49 (924s)
  [Data_01] NEWBEST ep132 val=0.4557 test=0.3866
  [Data_01] ep 132 val 0.4557 best 0.4557@ep132 pat 0 (930s)
  [Data_01] ep 133 val 0.4889 best 0.4557@ep132 pat 1 (935s)
  [Data_01] ep 134 val 0.5649 best 0.4557@ep132 pat 2 (941s)
  [Data_01] ep 135 val 0.5156 best 0.4557@ep132 pat 3 (947s)
  [Data_01] ep 136 val 0.4665 best 0.4557@ep132 pat 4 (953s)
  [Data_01] ep 137 val 0.5012 best 0.4557@ep132 pat 5 (959s)
  [Data_01] ep 138 val 0.4674 best 0.4557@ep132 pat 6 (965s)
  [Data_01] ep 139 val 0.4811 best 0.4557@ep132 pat 7 (970s)
  [Data_01] ep 140 val 0.4788 best 0.4557@ep132 pat 8 (976s)
  [Data_01] NEWBEST ep141 val=0.4496 test=0.4097
  [Data_01] ep 141 val 0.4496 best 0.4496@ep141 pat 0 (982s)
  [Data_01] ep 142 val 0.5864 best 0.4496@ep141 pat 1 (988s)
  [Data_01] ep 143 val 0.5275 best 0.4496@ep141 pat 2 (994s)
  [Data_01] ep 144 val 0.5799 best 0.4496@ep141 pat 3 (1000s)
  [Data_01] ep 145 val 0.5313 best 0.4496@ep141 pat 4 (1005s)
  [Data_01] ep 146 val 0.5688 best 0.4496@ep141 pat 5 (1011s)
  [Data_01] ep 147 val 0.5247 best 0.4496@ep141 pat 6 (1017s)
  [Data_01] ep 148 val 0.5184 best 0.4496@ep141 pat 7 (1023s)
  [Data_01] ep 149 val 0.5297 best 0.4496@ep141 pat 8 (1029s)
  [Data_01] ep 150 val 0.4912 best 0.4496@ep141 pat 9 (1034s)
  [Data_01] ep 151 val 0.5045 best 0.4496@ep141 pat 10 (1040s)
  [Data_01] ep 152 val 0.5310 best 0.4496@ep141 pat 11 (1046s)
  [Data_01] ep 153 val 0.4643 best 0.4496@ep141 pat 12 (1052s)
  [Data_01] ep 154 val 0.4684 best 0.4496@ep141 pat 13 (1058s)
  [Data_01] ep 155 val 0.5289 best 0.4496@ep141 pat 14 (1064s)
  [Data_01] ep 156 val 0.4940 best 0.4496@ep141 pat 15 (1069s)
  [Data_01] ep 157 val 0.5288 best 0.4496@ep141 pat 16 (1075s)
  [Data_01] ep 158 val 0.5204 best 0.4496@ep141 pat 17 (1081s)
  [Data_01] ep 159 val 0.5503 best 0.4496@ep141 pat 18 (1087s)
  [Data_01] ep 160 val 0.4782 best 0.4496@ep141 pat 19 (1093s)
  [Data_01] ep 161 val 0.4801 best 0.4496@ep141 pat 20 (1099s)
  [Data_01] ep 162 val 0.5239 best 0.4496@ep141 pat 21 (1104s)
  [Data_01] ep 163 val 0.4855 best 0.4496@ep141 pat 22 (1110s)
  [Data_01] ep 164 val 0.5260 best 0.4496@ep141 pat 23 (1116s)
  [Data_01] ep 165 val 0.5416 best 0.4496@ep141 pat 24 (1122s)
  [Data_01] ep 166 val 0.5596 best 0.4496@ep141 pat 25 (1128s)
  [Data_01] ep 167 val 0.5349 best 0.4496@ep141 pat 26 (1134s)
  [Data_01] ep 168 val 0.5235 best 0.4496@ep141 pat 27 (1139s)
  [Data_01] ep 169 val 0.5429 best 0.4496@ep141 pat 28 (1145s)
  [Data_01] ep 170 val 0.5455 best 0.4496@ep141 pat 29 (1151s)
  [Data_01] ep 171 val 0.5622 best 0.4496@ep141 pat 30 (1157s)
  [Data_01] ep 172 val 0.5776 best 0.4496@ep141 pat 31 (1163s)
  [Data_01] ep 173 val 0.5198 best 0.4496@ep141 pat 32 (1168s)
  [Data_01] ep 174 val 0.5391 best 0.4496@ep141 pat 33 (1174s)
  [Data_01] ep 175 val 0.5626 best 0.4496@ep141 pat 34 (1180s)
  [Data_01] ep 176 val 0.4916 best 0.4496@ep141 pat 35 (1186s)
  [Data_01] ep 177 val 0.5314 best 0.4496@ep141 pat 36 (1192s)
  [Data_01] ep 178 val 0.5284 best 0.4496@ep141 pat 37 (1198s)
  [Data_01] ep 179 val 0.5578 best 0.4496@ep141 pat 38 (1204s)
  [Data_01] ep 180 val 0.5860 best 0.4496@ep141 pat 39 (1209s)
  [Data_01] ep 181 val 0.5142 best 0.4496@ep141 pat 40 (1215s)
  [Data_01] ep 182 val 0.5381 best 0.4496@ep141 pat 41 (1221s)
  [Data_01] ep 183 val 0.5244 best 0.4496@ep141 pat 42 (1227s)
  [Data_01] ep 184 val 0.5273 best 0.4496@ep141 pat 43 (1232s)
  [Data_01] ep 185 val 0.5600 best 0.4496@ep141 pat 44 (1238s)
  [Data_01] ep 186 val 0.5749 best 0.4496@ep141 pat 45 (1244s)
  [Data_01] ep 187 val 0.5258 best 0.4496@ep141 pat 46 (1250s)
  [Data_01] ep 188 val 0.5092 best 0.4496@ep141 pat 47 (1256s)
  [Data_01] ep 189 val 0.5140 best 0.4496@ep141 pat 48 (1262s)
  [Data_01] ep 190 val 0.5485 best 0.4496@ep141 pat 49 (1267s)
  [Data_01] ep 191 val 0.5791 best 0.4496@ep141 pat 50 (1273s)
  [Data_01] EARLYSTOP ep191 best 0.4496@ep141
*** Data_01 test MAE 0.410 (1273s)
==== Data_01 DONE
