command: python -m hingesense.trainer --out results/raw/ablation_no_reference_pathway --target Data_07 --seed 2027 --epochs 300 --patience 50 --ablation no_reference_pathway
UserWarning: Can't initialize NVML
os: Linux-6.8.0-138-generic-x86_64-with-glibc2.35
cpu: Intel(R) Xeon(R) Platinum 8480C x224, ram 1007.5 GB
gpu: NVIDIA H100 (driver 580.173.02)
python 3.11.15, torch 2.12.0+cu130, cuda 13.0
channel mask top40 = [6, 7, 8, 9, 10, 11, 12, 13, 14, 21, 22, 25, 26, 27, 28, 34, 38, 41, 46, 48, 53, 57, 59, 61, 62, 64, 67, 69, 71, 72, 74, 76, 77, 78, 80, 81, 83, 84, 85, 98]
=== Data_07 seed=2027 epochs=300 patience=50 ablation=no_reference_pathway channels=120 dev=cuda:0 ===
pool=36 folds (flips=True)
  [Data_07] cond=assembly sources=32
  [Data_07] NEWBEST ep0 val=1.2185 test=1.4956
  [Data_07] ep 0 val 1.2185 best 1.2185@ep0 pat 0 (10s)
  [Data_07] NEWBEST ep1 val=0.5869 test=0.5635
  [Data_07] ep 1 val 0.5869 best 0.5869@ep1 pat 0 (19s)
  [Data_07] ep 2 val 0.6543 best 0.5869@ep1 pat 1 (28s)
  [Data_07] NEWBEST ep3 val=0.5858 test=0.4187
  [Data_07] ep 3 val 0.5858 best 0.5858@ep3 pat 0 (37s)
  [Data_07] NEWBEST ep4 val=0.5398 test=0.4011
  [Data_07] ep 4 val 0.5398 best 0.5398@ep4 pat 0 (45s)
  [Data_07] ep 5 val 0.6043 best 0.5398@ep4 pat 1 (53s)
  [Data_07] ep 6 val 0.9359 best 0.5398@ep4 pat 2 (62s)
  [Data_07] ep 7 val 0.6095 best 0.5398@ep4 pat 3 (71s)
  [Data_07] ep 8 val 0.7942 best 0.5398@ep4 pat 4 (80s)
  [Data_07] ep 9 val 0.6967 best 0.5398@ep4 pat 5 (89s)
  [Data_07] ep 10 val 0.6210 best 0.5398@ep4 pat 6 (98s)
  [Data_07] ep 11 val 0.6283 best 0.5398@ep4 pat 7 (107s)
  [Data_07] ep 12 val 0.7057 best 0.5398@ep4 pat 8 (116s)
  [Data_07] ep 13 val 0.6244 best 0.5398@ep4 pat 9 (125s)
  [Data_07] ep 14 val 0.7168 best 0.5398@ep4 pat 10 (134s)
  [Data_07] ep 15 val 0.5761 best 0.5398@ep4 pat 11 (143s)
  [Data_07] ep 16 val 0.5497 best 0.5398@ep4 pat 12 (152s)
  [Data_07] NEWBEST ep17 val=0.5338 test=0.3331
  [Data_07] ep 17 val 0.5338 best 0.5338@ep17 pat 0 (161s)
  [Data_07] NEWBEST ep18 val=0.4907 test=0.3788
  [Data_07] ep 18 val 0.4907 best 0.4907@ep18 pat 0 (168s)
  [Data_07] ep 19 val 0.7012 best 0.4907@ep18 pat 1 (177s)
  [Data_07] ep 20 val 0.5750 best 0.4907@ep18 pat 2 (185s)
  [Data_07] ep 21 val 0.6443 best 0.4907@ep18 pat 3 (194s)
  [Data_07] ep 22 val 0.5200 best 0.4907@ep18 pat 4 (203s)
  [Data_07] NEWBEST ep23 val=0.4678 test=0.3261
  [Data_07] ep 23 val 0.4678 best 0.4678@ep23 pat 0 (212s)
  [Data_07] ep 24 val 0.5551 best 0.4678@ep23 pat 1 (221s)
  [Data_07] ep 25 val 0.6256 best 0.4678@ep23 pat 2 (230s)
  [Data_07] ep 26 val 0.6251 best 0.4678@ep23 pat 3 (238s)
  [Data_07] ep 27 val 0.6710 best 0.4678@ep23 pat 4 (247s)
  [Data_07] ep 28 val 0.5567 best 0.4678@ep23 pat 5 (256s)
  [Data_07] ep 29 val 0.6749 best 0.4678@ep23 pat 6 (265s)
  [Data_07] ep 30 val 0.5771 best 0.4678@ep23 pat 7 (274s)
  [Data_07] ep 31 val 0.6490 best 0.4678@ep23 pat 8 (283s)
  [Data_07] ep 32 val 0.5794 best 0.4678@ep23 pat 9 (291s)
  [Data_07] ep 33 val 0.6554 best 0.4678@ep23 pat 10 (300s)
  [Data_07] ep 34 val 0.6584 best 0.4678@ep23 pat 11 (309s)
  [Data_07] ep 35 val 0.5989 best 0.4678@ep23 pat 12 (318s)
  [Data_07] ep 36 val 0.5220 best 0.4678@ep23 pat 13 (326s)
  [Data_07] ep 37 val 0.6181 best 0.4678@ep23 pat 14 (335s)
  [Data_07] ep 38 val 0.6539 best 0.4678@ep23 pat 15 (344s)
  [Data_07] ep 39 val 0.6261 best 0.4678@ep23 pat 16 (353s)
  [Data_07] ep 40 val 0.5304 best 0.4678@ep23 pat 17 (362s)
  [Data_07] ep 41 val 0.6668 best 0.4678@ep23 pat 18 (371s)
  [Data_07] ep 42 val 0.6013 best 0.4678@ep23 pat 19 (380s)
  [Data_07] ep 43 val 0.6422 best 0.4678@ep23 pat 20 (388s)
  [Data_07] ep 44 val 0.5499 best 0.4678@ep23 pat 21 (396s)
  [Data_07] ep 45 val 0.5821 best 0.4678@ep23 pat 22 (404s)
  [Data_07] ep 46 val 0.4826 best 0.4678@ep23 pat 23 (413s)
  [Data_07] ep 47 val 0.5814 best 0.4678@ep23 pat 24 (420s)
  [Data_07] ep 48 val 0.6585 best 0.4678@ep23 pat 25 (427s)
  [Data_07] ep 49 val 0.4754 best 0.4678@ep23 pat 26 (433s)
  [Data_07] ep 50 val 0.5616 best 0.4678@ep23 pat 27 (440s)
  [Data_07] ep 51 val 0.5340 best 0.4678@ep23 pat 28 (447s)
  [Data_07] ep 52 val 0.5824 best 0.4678@ep23 pat 29 (453s)
  [Data_07] ep 53 val 0.7263 best 0.4678@ep23 pat 30 (460s)
  [Data_07] ep 54 val 0.5026 best 0.4678@ep23 pat 31 (467s)
  [Data_07] ep 55 val 0.5879 best 0.4678@ep23 pat 32 (473s)
  [Data_07] ep 56 val 0.7124 best 0.4678@ep23 pat 33 (480s)
  [Data_07] ep 57 val 0.7098 best 0.4678@ep23 pat 34 (486s)
  [Data_07] ep 58 val 0.5507 best 0.4678@ep23 pat 35 (493s)
  [Data_07] ep 59 val 0.6390 best 0.4678@ep23 pat 36 (499s)
  [Data_07] ep 60 val 0.5970 best 0.4678@ep23 pat 37 (505s)
  [Data_07] ep 61 val 0.6742 best 0.4678@ep23 pat 38 (512s)
  [Data_07] ep 62 val 0.7630 best 0.4678@ep23 pat 39 (518s)
  [Data_07] ep 63 val 0.5518 best 0.4678@ep23 pat 40 (524s)
  [Data_07] ep 64 val 0.6097 best 0.4678@ep23 pat 41 (531s)
  [Data_07] ep 65 val 0.5699 best 0.4678@ep23 pat 42 (537s)
  [Data_07] ep 66 val 0.6972 best 0.4678@ep23 pat 43 (543s)
  [Data_07] ep 67 val 0.6261 best 0.4678@ep23 pat 44 (549s)
  [Data_07] ep 68 val 0.6400 best 0.4678@ep23 pat 45 (555s)
  [Data_07] ep 69 val 0.5549 best 0.4678@ep23 pat 46 (561s)
  [Data_07] ep 70 val 0.6319 best 0.4678@ep23 pat 47 (566s)
  [Data_07] ep 71 val 0.5915 best 0.4678@ep23 pat 48 (572s)
  [Data_07] ep 72 val 0.6004 best 0.4678@ep23 pat 49 (578s)
  [Data_07] ep 73 val 0.7363 best 0.4678@ep23 pat 50 (584s)
  [Data_07] EARLYSTOP ep73 best 0.4678@ep23
*** Data_07 test MAE 0.326 (584s)
==== Data_07 DONE
