command: python -m hingesense.trainer --out results/raw/ablation_no_reference_pathway --target Data_02 --seed 2027 --epochs 300 --patience 50 --ablation no_reference_pathway
UserWarning: Can't initialize NVML
os: Linux-6.8.0-138-generic-x86_64-with-glibc2.35
cpu: Intel(R) Xeon(R) Platinum 8480C x224, ram 1007.5 GB
gpu: NVIDIA H100 (driver 580.173.02)
python 3.11.15, torch 2.12.0+cu130, cuda 13.0
channel mask top40 = [6, 7, 8, 9, 10, 11, 12, 13, 14, 21, 22, 25, 26, 27, 28, 34, 38, 41, 46, 48, 53, 57, 59, 61, 62, 64, 67, 69, 71, 72, 74, 76, 77, 78, 80, 81, 83, 84, 85, 98]
=== Data_02 seed=2027 epochs=300 patience=50 ablation=no_reference_pathway channels=120 dev=cuda:0 ===
pool=56 folds (flips=True)
  [Data_02] cond=noload sources=52
  [Data_02] NEWBEST ep0 val=1.2510 test=1.2122
  [Data_02] ep 0 val 1.2510 best 1.2510@ep0 pat 0 (7s)
  [Data_02] NEWBEST ep1 val=0.8811 test=0.8225
  [Data_02] ep 1 val 0.8811 best 0.8811@ep1 pat 0 (12s)
  [Data_02] ep 2 val 0.9080 best 0.8811@ep1 pat 1 (18s)
  [Data_02] NEWBEST ep3 val=0.8789 test=0.7449
  [Data_02] ep 3 val 0.8789 best 0.8789@ep3 pat 0 (23s)
  [Data_02] NEWBEST ep4 val=0.8367 test=0.6732
  [Data_02] ep 4 val 0.8367 best 0.8367@ep4 pat 0 (29s)
  [Data_02] ep 5 val 1.1051 best 0.8367@ep4 pat 1 (35s)
  [Data_02] ep 6 val 1.3106 best 0.8367@ep4 pat 2 (41s)
  [Data_02] ep 7 val 1.1941 best 0.8367@ep4 pat 3 (47s)
  [Data_02] ep 8 val 1.1428 best 0.8367@ep4 pat 4 (54s)
  [Data_02] ep 9 val 1.0519 best 0.8367@ep4 pat 5 (60s)
  [Data_02] ep 10 val 1.1962 best 0.8367@ep4 pat 6 (66s)
  [Data_02] ep 11 val 1.2076 best 0.8367@ep4 pat 7 (72s)
  [Data_02] ep 12 val 1.2644 best 0.8367@ep4 pat 8 (78s)
  [Data_02] ep 13 val 1.2666 best 0.8367@ep4 pat 9 (84s)
  [Data_02] ep 14 val 1.1750 best 0.8367@ep4 pat 10 (90s)
  [Data_02] ep 15 val 1.2212 best 0.8367@ep4 pat 11 (96s)
  [Data_02] ep 16 val 1.2405 best 0.8367@ep4 pat 12 (102s)
  [Data_02] ep 17 val 1.2002 best 0.8367@ep4 pat 13 (108s)
  [Data_02] ep 18 val 1.1505 best 0.8367@ep4 pat 14 (114s)
  [Data_02] ep 19 val 1.0746 best 0.8367@ep4 pat 15 (120s)
  [Data_02] ep 20 val 1.3781 best 0.8367@ep4 pat 16 (126s)
  [Data_02] ep 21 val 1.0545 best 0.8367@ep4 pat 17 (133s)
  [Data_02] ep 22 val 1.1462 best 0.8367@ep4 pat 18 (139s)
  [Data_02] ep 23 val 1.2044 best 0.8367@ep4 pat 19 (145s)
  [Data_02] ep 24 val 1.1643 best 0.8367@ep4 pat 20 (151s)
  [Data_02] ep 25 val 1.3402 best 0.8367@ep4 pat 21 (157s)
  [Data_02] ep 26 val 1.4169 best 0.8367@ep4 pat 22 (163s)
  [Data_02] ep 27 val 1.3381 best 0.8367@ep4 pat 23 (169s)
  [Data_02] ep 28 val 1.2917 best 0.8367@ep4 pat 24 (175s)
  [Data_02] ep 29 val 1.3989 best 0.8367@ep4 pat 25 (182s)
  [Data_02] ep 30 val 1.2543 best 0.8367@ep4 pat 26 (188s)
  [Data_02] ep 31 val 1.3881 best 0.8367@ep4 pat 27 (194s)
  [Data_02] ep 32 val 1.3039 best 0.8367@ep4 pat 28 (200s)
  [Data_02] ep 33 val 1.3042 best 0.8367@ep4 pat 29 (206s)
  [Data_02] ep 34 val 1.2483 best 0.8367@ep4 pat 30 (213s)
  [Data_02] ep 35 val 1.2059 best 0.8367@ep4 pat 31 (219s)
  [Data_02] ep 36 val 1.1698 best 0.8367@ep4 pat 32 (225s)
  [Data_02] ep 37 val 1.2022 best 0.8367@ep4 pat 33 (231s)
  [Data_02] ep 38 val 1.2332 best 0.8367@ep4 pat 34 (237s)
  [Data_02] ep 39 val 1.1349 best 0.8367@ep4 pat 35 (244s)
  [Data_02] ep 40 val 1.0787 best 0.8367@ep4 pat 36 (250s)
  [Data_02] ep 41 val 1.1985 best 0.8367@ep4 pat 37 (256s)
  [Data_02] ep 42 val 1.1753 best 0.8367@ep4 pat 38 (262s)
  [Data_02] ep 43 val 1.2070 best 0.8367@ep4 pat 39 (269s)
  [Data_02] ep 44 val 1.1484 best 0.8367@ep4 pat 40 (275s)
  [Data_02] ep 45 val 1.1757 best 0.8367@ep4 pat 41 (281s)
  [Data_02] ep 46 val 1.2175 best 0.8367@ep4 pat 42 (287s)
  [Data_02] ep 47 val 1.2147 best 0.8367@ep4 pat 43 (293s)
  [Data_02] ep 48 val 1.2461 best 0.8367@ep4 pat 44 (299s)
  [Data_02] ep 49 val 1.1555 best 0.8367@ep4 pat 45 (305s)
  [Data_02] ep 50 val 1.2289 best 0.8367@ep4 pat 46 (311s)
  [Data_02] ep 51 val 1.2221 best 0.8367@ep4 pat 47 (317s)
  [Data_02] ep 52 val 1.2612 best 0.8367@ep4 pat 48 (323s)
  [Data_02] ep 53 val 1.2098 best 0.8367@ep4 pat 49 (329s)
  [Data_02] ep 54 val 1.1522 best 0.8367@ep4 pat 50 (335s)
  [Data_02] EARLYSTOP ep54 best 0.8367@ep4
*** Data_02 test MAE 0.673 (335s)
==== Data_02 DONE
