command: python -m hingesense.trainer --out results/raw/ablation_no_reference_pathway --target Data_05 --seed 2027 --epochs 300 --patience 50 --ablation no_reference_pathway
UserWarning: Can't initialize NVML
os: Linux-6.8.0-138-generic-x86_64-with-glibc2.35
cpu: Intel(R) Xeon(R) Platinum 8480C x224, ram 1007.5 GB
gpu: NVIDIA H100 (driver 580.173.02)
python 3.11.15, torch 2.12.0+cu130, cuda 13.0
channel mask top40 = [6, 7, 8, 9, 10, 11, 12, 13, 14, 21, 22, 25, 26, 27, 28, 34, 38, 41, 46, 48, 53, 57, 59, 61, 62, 64, 67, 69, 71, 72, 74, 76, 77, 78, 80, 81, 83, 84, 85, 98]
=== Data_05 seed=2027 epochs=300 patience=50 ablation=no_reference_pathway channels=120 dev=cuda:0 ===
pool=56 folds (flips=True)
  [Data_05] cond=noload sources=52
  [Data_05] NEWBEST ep0 val=2.7103 test=1.9633
  [Data_05] ep 0 val 2.7103 best 2.7103@ep0 pat 0 (10s)
  [Data_05] ep 1 val 3.1718 best 2.7103@ep0 pat 1 (18s)
  [Data_05] ep 2 val 2.7245 best 2.7103@ep0 pat 2 (27s)
  [Data_05] NEWBEST ep3 val=2.0460 test=1.3212
  [Data_05] ep 3 val 2.0460 best 2.0460@ep3 pat 0 (36s)
  [Data_05] ep 4 val 2.1708 best 2.0460@ep3 pat 1 (44s)
  [Data_05] ep 5 val 2.2474 best 2.0460@ep3 pat 2 (52s)
  [Data_05] ep 6 val 2.4153 best 2.0460@ep3 pat 3 (61s)
  [Data_05] ep 7 val 2.2476 best 2.0460@ep3 pat 4 (70s)
  [Data_05] NEWBEST ep8 val=2.0117 test=1.2356
  [Data_05] ep 8 val 2.0117 best 2.0117@ep8 pat 0 (79s)
  [Data_05] ep 9 val 2.3355 best 2.0117@ep8 pat 1 (88s)
  [Data_05] ep 10 val 2.1662 best 2.0117@ep8 pat 2 (97s)
  [Data_05] ep 11 val 2.5876 best 2.0117@ep8 pat 3 (106s)
  [Data_05] ep 12 val 2.0716 best 2.0117@ep8 pat 4 (115s)
  [Data_05] ep 13 val 2.5337 best 2.0117@ep8 pat 5 (124s)
  [Data_05] ep 14 val 2.4076 best 2.0117@ep8 pat 6 (133s)
  [Data_05] ep 15 val 2.7192 best 2.0117@ep8 pat 7 (141s)
  [Data_05] ep 16 val 2.5336 best 2.0117@ep8 pat 8 (150s)
  [Data_05] ep 17 val 2.6090 best 2.0117@ep8 pat 9 (159s)
  [Data_05] ep 18 val 2.8729 best 2.0117@ep8 pat 10 (167s)
  [Data_05] ep 19 val 2.8786 best 2.0117@ep8 pat 11 (176s)
  [Data_05] ep 20 val 2.7106 best 2.0117@ep8 pat 12 (185s)
  [Data_05] ep 21 val 2.4011 best 2.0117@ep8 pat 13 (194s)
  [Data_05] ep 22 val 2.5568 best 2.0117@ep8 pat 14 (203s)
  [Data_05] ep 23 val 3.2210 best 2.0117@ep8 pat 15 (212s)
  [Data_05] ep 24 val 2.7125 best 2.0117@ep8 pat 16 (220s)
  [Data_05] ep 25 val 2.3736 best 2.0117@ep8 pat 17 (229s)
  [Data_05] ep 26 val 2.8829 best 2.0117@ep8 pat 18 (238s)
  [Data_05] ep 27 val 2.7145 best 2.0117@ep8 pat 19 (247s)
  [Data_05] ep 28 val 3.0188 best 2.0117@ep8 pat 20 (256s)
  [Data_05] ep 29 val 2.4219 best 2.0117@ep8 pat 21 (265s)
  [Data_05] ep 30 val 2.0862 best 2.0117@ep8 pat 22 (274s)
  [Data_05] ep 31 val 2.4078 best 2.0117@ep8 pat 23 (283s)
  [Data_05] ep 32 val 2.5539 best 2.0117@ep8 pat 24 (292s)
  [Data_05] ep 33 val 2.6598 best 2.0117@ep8 pat 25 (301s)
  [Data_05] ep 34 val 2.2649 best 2.0117@ep8 pat 26 (309s)
  [Data_05] ep 35 val 2.4240 best 2.0117@ep8 pat 27 (318s)
  [Data_05] ep 36 val 2.3717 best 2.0117@ep8 pat 28 (327s)
  [Data_05] ep 37 val 2.2605 best 2.0117@ep8 pat 29 (336s)
  [Data_05] ep 38 val 2.5385 best 2.0117@ep8 pat 30 (345s)
  [Data_05] ep 39 val 2.5849 best 2.0117@ep8 pat 31 (354s)
  [Data_05] ep 40 val 2.6845 best 2.0117@ep8 pat 32 (363s)
  [Data_05] ep 41 val 2.6084 best 2.0117@ep8 pat 33 (372s)
  [Data_05] ep 42 val 2.5978 best 2.0117@ep8 pat 34 (381s)
  [Data_05] ep 43 val 2.4941 best 2.0117@ep8 pat 35 (390s)
  [Data_05] ep 44 val 2.3281 best 2.0117@ep8 pat 36 (399s)
  [Data_05] ep 45 val 2.3147 best 2.0117@ep8 pat 37 (408s)
  [Data_05] ep 46 val 2.3737 best 2.0117@ep8 pat 38 (416s)
  [Data_05] ep 47 val 2.2270 best 2.0117@ep8 pat 39 (423s)
  [Data_05] ep 48 val 2.3736 best 2.0117@ep8 pat 40 (430s)
  [Data_05] ep 49 val 2.6219 best 2.0117@ep8 pat 41 (436s)
  [Data_05] ep 50 val 2.5733 best 2.0117@ep8 pat 42 (443s)
  [Data_05] ep 51 val 2.1749 best 2.0117@ep8 pat 43 (450s)
  [Data_05] ep 52 val 2.3303 best 2.0117@ep8 pat 44 (457s)
  [Data_05] NEWBEST ep53 val=2.0027 test=0.7496
  [Data_05] ep 53 val 2.0027 best 2.0027@ep53 pat 0 (463s)
  [Data_05] ep 54 val 2.2120 best 2.0027@ep53 pat 1 (470s)
  [Data_05] ep 55 val 2.2090 best 2.0027@ep53 pat 2 (477s)
  [Data_05] ep 56 val 2.1622 best 2.0027@ep53 pat 3 (483s)
  [Data_05] ep 57 val 2.0748 best 2.0027@ep53 pat 4 (490s)
  [Data_05] NEWBEST ep58 val=1.8102 test=0.8574
  [Data_05] ep 58 val 1.8102 best 1.8102@ep58 pat 0 (496s)
  [Data_05] ep 59 val 1.8728 best 1.8102@ep58 pat 1 (502s)
  [Data_05] ep 60 val 2.0860 best 1.8102@ep58 pat 2 (508s)
  [Data_05] ep 61 val 1.8230 best 1.8102@ep58 pat 3 (515s)
  [Data_05] ep 62 val 2.0826 best 1.8102@ep58 pat 4 (521s)
  [Data_05] ep 63 val 2.2670 best 1.8102@ep58 pat 5 (527s)
  [Data_05] ep 64 val 2.0430 best 1.8102@ep58 pat 6 (533s)
  [Data_05] ep 65 val 2.1113 best 1.8102@ep58 pat 7 (539s)
  [Data_05] ep 66 val 2.0928 best 1.8102@ep58 pat 8 (545s)
  [Data_05] ep 67 val 2.2219 best 1.8102@ep58 pat 9 (551s)
  [Data_05] ep 68 val 1.9749 best 1.8102@ep58 pat 10 (557s)
  [Data_05] ep 69 val 2.2125 best 1.8102@ep58 pat 11 (563s)
  [Data_05] ep 70 val 2.0377 best 1.8102@ep58 pat 12 (569s)
  [Data_05] ep 71 val 2.2377 best 1.8102@ep58 pat 13 (574s)
  [Data_05] ep 72 val 2.0925 best 1.8102@ep58 pat 14 (580s)
  [Data_05] NEWBEST ep73 val=1.7180 test=0.7167
  [Data_05] ep 73 val 1.7180 best 1.7180@ep73 pat 0 (586s)
  [Data_05] ep 74 val 1.9369 best 1.7180@ep73 pat 1 (592s)
  [Data_05] ep 75 val 2.1256 best 1.7180@ep73 pat 2 (598s)
  [Data_05] ep 76 val 1.8331 best 1.7180@ep73 pat 3 (603s)
  [Data_05] ep 77 val 1.9566 best 1.7180@ep73 pat 4 (609s)
  [Data_05] ep 78 val 1.9845 best 1.7180@ep73 pat 5 (615s)
  [Data_05] ep 79 val 1.9813 best 1.7180@ep73 pat 6 (620s)
  [Data_05] ep 80 val 2.0909 best 1.7180@ep73 pat 7 (626s)
  [Data_05] ep 81 val 2.1015 best 1.7180@ep73 pat 8 (632s)
  [Data_05] NEWBEST ep82 val=1.7039 test=0.8160
  [Data_05] ep 82 val 1.7039 best 1.7039@ep82 pat 0 (638s)
  [Data_05] ep 83 val 1.9633 best 1.7039@ep82 pat 1 (643s)
  [Data_05] ep 84 val 1.9876 best 1.7039@ep82 pat 2 (649s)
  [Data_05] ep 85 val 2.0119 best 1.7039@ep82 pat 3 (655s)
  [Data_05] ep 86 val 1.9309 best 1.7039@ep82 pat 4 (661s)
  [Data_05] ep 87 val 2.0297 best 1.7039@ep82 pat 5 (666s)
  [Data_05] ep 88 val 2.1667 best 1.7039@ep82 pat 6 (672s)
  [Data_05] ep 89 val 1.9711 best 1.7039@ep82 pat 7 (678s)
  [Data_05] ep 90 val 1.9064 best 1.7039@ep82 pat 8 (683s)
  [Data_05] ep 91 val 2.1454 best 1.7039@ep82 pat 9 (689s)
  [Data_05] ep 92 val 1.9383 best 1.7039@ep82 pat 10 (695s)
  [Data_05] ep 93 val 1.9273 best 1.7039@ep82 pat 11 (701s)
  [Data_05] ep 94 val 2.0691 best 1.7039@ep82 pat 12 (706s)
  [Data_05] ep 95 val 2.0213 best 1.7039@ep82 pat 13 (712s)
  [Data_05] ep 96 val 1.9043 best 1.7039@ep82 pat 14 (718s)
  [Data_05] ep 97 val 1.7058 best 1.7039@ep82 pat 15 (723s)
  [Data_05] ep 98 val 1.8809 best 1.7039@ep82 pat 16 (729s)
  [Data_05] ep 99 val 1.8929 best 1.7039@ep82 pat 17 (735s)
  [Data_05] ep 100 val 1.9017 best 1.7039@ep82 pat 18 (741s)
  [Data_05] ep 101 val 1.8198 best 1.7039@ep82 pat 19 (746s)
  [Data_05] ep 102 val 2.0120 best 1.7039@ep82 pat 20 (752s)
  [Data_05] ep 103 val 1.7948 best 1.7039@ep82 pat 21 (758s)
  [Data_05] ep 104 val 1.8353 best 1.7039@ep82 pat 22 (764s)
  [Data_05] ep 105 val 1.7944 best 1.7039@ep82 pat 23 (769s)
  [Data_05] ep 106 val 1.9932 best 1.7039@ep82 pat 24 (775s)
  [Data_05] ep 107 val 1.8265 best 1.7039@ep82 pat 25 (781s)
  [Data_05] ep 108 val 1.8089 best 1.7039@ep82 pat 26 (787s)
  [Data_05] ep 109 val 1.7302 best 1.7039@ep82 pat 27 (792s)
  [Data_05] NEWBEST ep110 val=1.6671 test=0.6962
  [Data_05] ep 110 val 1.6671 best 1.6671@ep110 pat 0 (798s)
  [Data_05] ep 111 val 1.7638 best 1.6671@ep110 pat 1 (804s)
  [Data_05] ep 112 val 1.7657 best 1.6671@ep110 pat 2 (809s)
  [Data_05] ep 113 val 1.8995 best 1.6671@ep110 pat 3 (815s)
  [Data_05] ep 114 val 1.9310 best 1.6671@ep110 pat 4 (821s)
  [Data_05] ep 115 val 1.9684 best 1.6671@ep110 pat 5 (827s)
  [Data_05] ep 116 val 1.8390 best 1.6671@ep110 pat 6 (832s)
  [Data_05] ep 117 val 1.8278 best 1.6671@ep110 pat 7 (838s)
  [Data_05] ep 118 val 1.7253 best 1.6671@ep110 pat 8 (844s)
  [Data_05] ep 119 val 1.7895 best 1.6671@ep110 pat 9 (850s)
  [Data_05] ep 120 val 1.7319 best 1.6671@ep110 pat 10 (855s)
  [Data_05] ep 121 val 1.7910 best 1.6671@ep110 pat 11 (861s)
  [Data_05] ep 122 val 1.8547 best 1.6671@ep110 pat 12 (867s)
  [Data_05] ep 123 val 1.8120 best 1.6671@ep110 pat 13 (872s)
  [Data_05] ep 124 val 1.7889 best 1.6671@ep110 pat 14 (878s)
  [Data_05] ep 125 val 1.8350 best 1.6671@ep110 pat 15 (884s)
  [Data_05] ep 126 val 1.7140 best 1.6671@ep110 pat 16 (890s)
  [Data_05] ep 127 val 1.8364 best 1.6671@ep110 pat 17 (895s)
  [Data_05] ep 128 val 1.7733 best 1.6671@ep110 pat 18 (901s)
  [Data_05] NEWBEST ep129 val=1.6282 test=0.7623
  [Data_05] ep 129 val 1.6282 best 1.6282@ep129 pat 0 (907s)
  [Data_05] ep 130 val 1.7002 best 1.6282@ep129 pat 1 (912s)
  [Data_05] ep 131 val 1.6887 best 1.6282@ep129 pat 2 (918s)
  [Data_05] ep 132 val 1.7973 best 1.6282@ep129 pat 3 (924s)
  [Data_05] ep 133 val 1.8010 best 1.6282@ep129 pat 4 (930s)
  [Data_05] ep 134 val 1.8132 best 1.6282@ep129 pat 5 (935s)
  [Data_05] ep 135 val 1.8159 best 1.6282@ep129 pat 6 (941s)
  [Data_05] ep 136 val 1.8039 best 1.6282@ep129 pat 7 (947s)
  [Data_05] ep 137 val 1.7615 best 1.6282@ep129 pat 8 (952s)
  [Data_05] ep 138 val 1.7277 best 1.6282@ep129 pat 9 (958s)
  [Data_05] ep 139 val 1.7364 best 1.6282@ep129 pat 10 (964s)
  [Data_05] ep 140 val 1.6488 best 1.6282@ep129 pat 11 (970s)
  [Data_05] ep 141 val 1.7532 best 1.6282@ep129 pat 12 (975s)
  [Data_05] ep 142 val 1.8109 best 1.6282@ep129 pat 13 (981s)
  [Data_05] ep 143 val 1.6955 best 1.6282@ep129 pat 14 (987s)
  [Data_05] NEWBEST ep144 val=1.5164 test=0.6614
  [Data_05] ep 144 val 1.5164 best 1.5164@ep144 pat 0 (993s)
  [Data_05] ep 145 val 1.5281 best 1.5164@ep144 pat 1 (998s)
  [Data_05] ep 146 val 1.6582 best 1.5164@ep144 pat 2 (1004s)
  [Data_05] ep 147 val 1.5806 best 1.5164@ep144 pat 3 (1010s)
  [Data_05] ep 148 val 1.6368 best 1.5164@ep144 pat 4 (1015s)
  [Data_05] ep 149 val 1.8537 best 1.5164@ep144 pat 5 (1021s)
  [Data_05] ep 150 val 1.8125 best 1.5164@ep144 pat 6 (1027s)
  [Data_05] ep 151 val 1.7247 best 1.5164@ep144 pat 7 (1032s)
  [Data_05] ep 152 val 1.8738 best 1.5164@ep144 pat 8 (1038s)
  [Data_05] ep 153 val 1.7795 best 1.5164@ep144 pat 9 (1044s)
  [Data_05] NEWBEST ep154 val=1.5107 test=0.7142
  [Data_05] ep 154 val 1.5107 best 1.5107@ep154 pat 0 (1050s)
  [Data_05] ep 155 val 1.7106 best 1.5107@ep154 pat 1 (1055s)
  [Data_05] NEWBEST ep156 val=1.4140 test=0.7113
  [Data_05] ep 156 val 1.4140 best 1.4140@ep156 pat 0 (1061s)
  [Data_05] ep 157 val 1.6281 best 1.4140@ep156 pat 1 (1067s)
  [Data_05] ep 158 val 1.8543 best 1.4140@ep156 pat 2 (1072s)
  [Data_05] ep 159 val 1.7686 best 1.4140@ep156 pat 3 (1078s)
  [Data_05] ep 160 val 1.5662 best 1.4140@ep156 pat 4 (1084s)
  [Data_05] ep 161 val 1.7123 best 1.4140@ep156 pat 5 (1090s)
  [Data_05] ep 162 val 1.7962 best 1.4140@ep156 pat 6 (1095s)
  [Data_05] ep 163 val 1.5305 best 1.4140@ep156 pat 7 (1101s)
  [Data_05] ep 164 val 1.7326 best 1.4140@ep156 pat 8 (1107s)
  [Data_05] ep 165 val 1.5087 best 1.4140@ep156 pat 9 (1112s)
  [Data_05] ep 166 val 1.4603 best 1.4140@ep156 pat 10 (1118s)
  [Data_05] ep 167 val 1.6418 best 1.4140@ep156 pat 11 (1124s)
  [Data_05] ep 168 val 1.7212 best 1.4140@ep156 pat 12 (1129s)
  [Data_05] NEWBEST ep169 val=1.4076 test=0.7357
  [Data_05] ep 169 val 1.4076 best 1.4076@ep169 pat 0 (1135s)
  [Data_05] ep 170 val 1.5876 best 1.4076@ep169 pat 1 (1141s)
  [Data_05] ep 171 val 1.8366 best 1.4076@ep169 pat 2 (1146s)
  [Data_05] ep 172 val 1.7612 best 1.4076@ep169 pat 3 (1152s)
  [Data_05] ep 173 val 1.7728 best 1.4076@ep169 pat 4 (1158s)
  [Data_05] ep 174 val 1.6515 best 1.4076@ep169 pat 5 (1164s)
  [Data_05] ep 175 val 1.6329 best 1.4076@ep169 pat 6 (1169s)
  [Data_05] ep 176 val 1.6065 best 1.4076@ep169 pat 7 (1175s)
  [Data_05] ep 177 val 1.5564 best 1.4076@ep169 pat 8 (1181s)
  [Data_05] ep 178 val 1.6082 best 1.4076@ep169 pat 9 (1186s)
  [Data_05] ep 179 val 1.6223 best 1.4076@ep169 pat 10 (1192s)
  [Data_05] ep 180 val 1.6156 best 1.4076@ep169 pat 11 (1198s)
  [Data_05] ep 181 val 1.7934 best 1.4076@ep169 pat 12 (1204s)
  [Data_05] ep 182 val 1.7132 best 1.4076@ep169 pat 13 (1209s)
  [Data_05] ep 183 val 1.5757 best 1.4076@ep169 pat 14 (1215s)
  [Data_05] ep 184 val 1.5190 best 1.4076@ep169 pat 15 (1221s)
  [Data_05] ep 185 val 1.5376 best 1.4076@ep169 pat 16 (1226s)
  [Data_05] ep 186 val 1.4464 best 1.4076@ep169 pat 17 (1232s)
  [Data_05] ep 187 val 1.5620 best 1.4076@ep169 pat 18 (1238s)
  [Data_05] ep 188 val 1.6867 best 1.4076@ep169 pat 19 (1244s)
  [Data_05] ep 189 val 1.4520 best 1.4076@ep169 pat 20 (1249s)
  [Data_05] ep 190 val 1.4543 best 1.4076@ep169 pat 21 (1255s)
  [Data_05] ep 191 val 1.4168 best 1.4076@ep169 pat 22 (1261s)
  [Data_05] ep 192 val 1.4665 best 1.4076@ep169 pat 23 (1267s)
  [Data_05] ep 193 val 1.6101 best 1.4076@ep169 pat 24 (1272s)
  [Data_05] ep 194 val 1.7013 best 1.4076@ep169 pat 25 (1278s)
  [Data_05] ep 195 val 1.6510 best 1.4076@ep169 pat 26 (1284s)
  [Data_05] ep 196 val 1.4771 best 1.4076@ep169 pat 27 (1289s)
  [Data_05] ep 197 val 1.6505 best 1.4076@ep169 pat 28 (1295s)
  [Data_05] ep 198 val 1.6344 best 1.4076@ep169 pat 29 (1301s)
  [Data_05] ep 199 val 1.6423 best 1.4076@ep169 pat 30 (1306s)
  [Data_05] ep 200 val 1.8210 best 1.4076@ep169 pat 31 (1312s)
  [Data_05] ep 201 val 1.5680 best 1.4076@ep169 pat 32 (1318s)
  [Data_05] ep 202 val 1.6697 best 1.4076@ep169 pat 33 (1323s)
  [Data_05] ep 203 val 1.6882 best 1.4076@ep169 pat 34 (1329s)
  [Data_05] ep 204 val 1.4997 best 1.4076@ep169 pat 35 (1334s)
  [Data_05] ep 205 val 1.6158 best 1.4076@ep169 pat 36 (1340s)
  [Data_05] ep 206 val 1.4482 best 1.4076@ep169 pat 37 (1346s)
  [Data_05] ep 207 val 1.5461 best 1.4076@ep169 pat 38 (1351s)
  [Data_05] ep 208 val 1.5686 best 1.4076@ep169 pat 39 (1357s)
  [Data_05] ep 209 val 1.5234 best 1.4076@ep169 pat 40 (1363s)
  [Data_05] ep 210 val 1.6105 best 1.4076@ep169 pat 41 (1368s)
  [Data_05] ep 211 val 1.6293 best 1.4076@ep169 pat 42 (1374s)
  [Data_05] ep 212 val 1.6943 best 1.4076@ep169 pat 43 (1379s)
  [Data_05] ep 213 val 1.5896 best 1.4076@ep169 pat 44 (1385s)
  [Data_05] ep 214 val 1.8526 best 1.4076@ep169 pat 45 (1391s)
  [Data_05] ep 215 val 1.5445 best 1.4076@ep169 pat 46 (1396s)
  [Data_05] ep 216 val 1.6785 best 1.4076@ep169 pat 47 (1402s)
  [Data_05] ep 217 val 1.8986 best 1.4076@ep169 pat 48 (1408s)
  [Data_05] ep 218 val 1.5670 best 1.4076@ep169 pat 49 (1413s)
  [Data_05] ep 219 val 1.7001 best 1.4076@ep169 pat 50 (1419s)
  [Data_05] EARLYSTOP ep219 best 1.4076@ep169
*** Data_05 test MAE 0.736 (1419s)
==== Data_05 DONE
