command: python -m hingesense.trainer --out results/raw/ablation_no_reference_pathway --target Data_10 --seed 2027 --epochs 300 --patience 50 --ablation no_reference_pathway
UserWarning: Can't initialize NVML
os: Linux-6.8.0-138-generic-x86_64-with-glibc2.35
cpu: Intel(R) Xeon(R) Platinum 8480C x224, ram 1007.5 GB
gpu: NVIDIA H100 (driver 580.173.02)
python 3.11.15, torch 2.12.0+cu130, cuda 13.0
channel mask top40 = [6, 7, 8, 9, 10, 11, 12, 13, 14, 21, 22, 25, 26, 27, 28, 34, 38, 41, 46, 48, 53, 57, 59, 61, 62, 64, 67, 69, 71, 72, 74, 76, 77, 78, 80, 81, 83, 84, 85, 98]
=== Data_10 seed=2027 epochs=300 patience=50 ablation=no_reference_pathway channels=120 dev=cuda:0 ===
pool=36 folds (flips=True)
  [Data_10] cond=assembly sources=32
  [Data_10] NEWBEST ep0 val=0.2746 test=0.2608
  [Data_10] ep 0 val 0.2746 best 0.2746@ep0 pat 0 (6s)
  [Data_10] NEWBEST ep1 val=0.1662 test=0.1538
  [Data_10] ep 1 val 0.1662 best 0.1662@ep1 pat 0 (11s)
  [Data_10] NEWBEST ep2 val=0.1437 test=0.1348
  [Data_10] ep 2 val 0.1437 best 0.1437@ep2 pat 0 (17s)
  [Data_10] NEWBEST ep3 val=0.1357 test=0.1389
  [Data_10] ep 3 val 0.1357 best 0.1357@ep3 pat 0 (23s)
  [Data_10] ep 4 val 0.1426 best 0.1357@ep3 pat 1 (29s)
  [Data_10] ep 5 val 0.1371 best 0.1357@ep3 pat 2 (35s)
  [Data_10] ep 6 val 0.1541 best 0.1357@ep3 pat 3 (41s)
  [Data_10] ep 7 val 0.1362 best 0.1357@ep3 pat 4 (47s)
  [Data_10] ep 8 val 0.1493 best 0.1357@ep3 pat 5 (53s)
  [Data_10] ep 9 val 0.1441 best 0.1357@ep3 pat 6 (59s)
  [Data_10] ep 10 val 0.1612 best 0.1357@ep3 pat 7 (65s)
  [Data_10] ep 11 val 0.1662 best 0.1357@ep3 pat 8 (71s)
  [Data_10] ep 12 val 0.1589 best 0.1357@ep3 pat 9 (77s)
  [Data_10] ep 13 val 0.1363 best 0.1357@ep3 pat 10 (83s)
  [Data_10] ep 14 val 0.1698 best 0.1357@ep3 pat 11 (89s)
  [Data_10] ep 15 val 0.1697 best 0.1357@ep3 pat 12 (95s)
  [Data_10] ep 16 val 0.1496 best 0.1357@ep3 pat 13 (101s)
  [Data_10] ep 17 val 0.1904 best 0.1357@ep3 pat 14 (107s)
  [Data_10] ep 18 val 0.1536 best 0.1357@ep3 pat 15 (113s)
  [Data_10] ep 19 val 0.1827 best 0.1357@ep3 pat 16 (119s)
  [Data_10] ep 20 val 0.1787 best 0.1357@ep3 pat 17 (125s)
  [Data_10] ep 21 val 0.1882 best 0.1357@ep3 pat 18 (131s)
  [Data_10] ep 22 val 0.1649 best 0.1357@ep3 pat 19 (137s)
  [Data_10] ep 23 val 0.1757 best 0.1357@ep3 pat 20 (143s)
  [Data_10] ep 24 val 0.1878 best 0.1357@ep3 pat 21 (150s)
  [Data_10] ep 25 val 0.2147 best 0.1357@ep3 pat 22 (156s)
  [Data_10] ep 26 val 0.1967 best 0.1357@ep3 pat 23 (162s)
  [Data_10] ep 27 val 0.1954 best 0.1357@ep3 pat 24 (168s)
  [Data_10] NEWBEST ep28 val=0.1323 test=0.1352
  [Data_10] ep 28 val 0.1323 best 0.1323@ep28 pat 0 (174s)
  [Data_10] ep 29 val 0.1920 best 0.1323@ep28 pat 1 (180s)
  [Data_10] ep 30 val 0.1675 best 0.1323@ep28 pat 2 (186s)
  [Data_10] ep 31 val 0.1906 best 0.1323@ep28 pat 3 (192s)
  [Data_10] ep 32 val 0.1910 best 0.1323@ep28 pat 4 (198s)
  [Data_10] ep 33 val 0.2007 best 0.1323@ep28 pat 5 (204s)
  [Data_10] ep 34 val 0.2072 best 0.1323@ep28 pat 6 (210s)
  [Data_10] ep 35 val 0.1721 best 0.1323@ep28 pat 7 (216s)
  [Data_10] ep 36 val 0.1845 best 0.1323@ep28 pat 8 (222s)
  [Data_10] ep 37 val 0.1679 best 0.1323@ep28 pat 9 (229s)
  [Data_10] ep 38 val 0.1950 best 0.1323@ep28 pat 10 (235s)
  [Data_10] ep 39 val 0.1833 best 0.1323@ep28 pat 11 (241s)
  [Data_10] ep 40 val 0.1837 best 0.1323@ep28 pat 12 (247s)
  [Data_10] ep 41 val 0.1766 best 0.1323@ep28 pat 13 (253s)
  [Data_10] ep 42 val 0.1739 best 0.1323@ep28 pat 14 (259s)
  [Data_10] ep 43 val 0.1648 best 0.1323@ep28 pat 15 (265s)
  [Data_10] ep 44 val 0.1550 best 0.1323@ep28 pat 16 (271s)
  [Data_10] ep 45 val 0.1670 best 0.1323@ep28 pat 17 (277s)
  [Data_10] ep 46 val 0.1590 best 0.1323@ep28 pat 18 (283s)
  [Data_10] ep 47 val 0.1804 best 0.1323@ep28 pat 19 (289s)
  [Data_10] ep 48 val 0.1962 best 0.1323@ep28 pat 20 (295s)
  [Data_10] ep 49 val 0.1559 best 0.1323@ep28 pat 21 (301s)
  [Data_10] ep 50 val 0.1694 best 0.1323@ep28 pat 22 (308s)
  [Data_10] ep 51 val 0.1693 best 0.1323@ep28 pat 23 (314s)
  [Data_10] ep 52 val 0.1749 best 0.1323@ep28 pat 24 (319s)
  [Data_10] ep 53 val 0.1735 best 0.1323@ep28 pat 25 (325s)
  [Data_10] ep 54 val 0.1741 best 0.1323@ep28 pat 26 (331s)
  [Data_10] ep 55 val 0.1588 best 0.1323@ep28 pat 27 (337s)
  [Data_10] ep 56 val 0.1839 best 0.1323@ep28 pat 28 (343s)
  [Data_10] ep 57 val 0.1502 best 0.1323@ep28 pat 29 (349s)
  [Data_10] ep 58 val 0.1552 best 0.1323@ep28 pat 30 (355s)
  [Data_10] ep 59 val 0.1354 best 0.1323@ep28 pat 31 (360s)
  [Data_10] ep 60 val 0.1486 best 0.1323@ep28 pat 32 (366s)
  [Data_10] ep 61 val 0.1665 best 0.1323@ep28 pat 33 (372s)
  [Data_10] ep 62 val 0.1378 best 0.1323@ep28 pat 34 (378s)
  [Data_10] NEWBEST ep63 val=0.1314 test=0.1408
  [Data_10] ep 63 val 0.1314 best 0.1314@ep63 pat 0 (384s)
  [Data_10] ep 64 val 0.1772 best 0.1314@ep63 pat 1 (389s)
  [Data_10] ep 65 val 0.1660 best 0.1314@ep63 pat 2 (395s)
  [Data_10] ep 66 val 0.1641 best 0.1314@ep63 pat 3 (401s)
  [Data_10] ep 67 val 0.1632 best 0.1314@ep63 pat 4 (407s)
  [Data_10] ep 68 val 0.1562 best 0.1314@ep63 pat 5 (412s)
  [Data_10] ep 69 val 0.1381 best 0.1314@ep63 pat 6 (418s)
  [Data_10] ep 70 val 0.1682 best 0.1314@ep63 pat 7 (424s)
  [Data_10] ep 71 val 0.1499 best 0.1314@ep63 pat 8 (430s)
  [Data_10] ep 72 val 0.1765 best 0.1314@ep63 pat 9 (435s)
  [Data_10] ep 73 val 0.1731 best 0.1314@ep63 pat 10 (441s)
  [Data_10] ep 74 val 0.1467 best 0.1314@ep63 pat 11 (447s)
  [Data_10] ep 75 val 0.1643 best 0.1314@ep63 pat 12 (453s)
  [Data_10] ep 76 val 0.1517 best 0.1314@ep63 pat 13 (459s)
  [Data_10] ep 77 val 0.1402 best 0.1314@ep63 pat 14 (464s)
  [Data_10] ep 78 val 0.1423 best 0.1314@ep63 pat 15 (470s)
  [Data_10] NEWBEST ep79 val=0.1309 test=0.1366
  [Data_10] ep 79 val 0.1309 best 0.1309@ep79 pat 0 (476s)
  [Data_10] ep 80 val 0.1809 best 0.1309@ep79 pat 1 (482s)
  [Data_10] ep 81 val 0.1698 best 0.1309@ep79 pat 2 (488s)
  [Data_10] ep 82 val 0.1634 best 0.1309@ep79 pat 3 (493s)
  [Data_10] ep 83 val 0.1870 best 0.1309@ep79 pat 4 (499s)
  [Data_10] ep 84 val 0.1787 best 0.1309@ep79 pat 5 (505s)
  [Data_10] ep 85 val 0.1363 best 0.1309@ep79 pat 6 (511s)
  [Data_10] ep 86 val 0.1511 best 0.1309@ep79 pat 7 (517s)
  [Data_10] ep 87 val 0.1396 best 0.1309@ep79 pat 8 (523s)
  [Data_10] ep 88 val 0.1548 best 0.1309@ep79 pat 9 (528s)
  [Data_10] ep 89 val 0.1740 best 0.1309@ep79 pat 10 (534s)
  [Data_10] ep 90 val 0.1640 best 0.1309@ep79 pat 11 (540s)
  [Data_10] ep 91 val 0.1566 best 0.1309@ep79 pat 12 (546s)
  [Data_10] ep 92 val 0.1637 best 0.1309@ep79 pat 13 (552s)
  [Data_10] ep 93 val 0.1696 best 0.1309@ep79 pat 14 (558s)
  [Data_10] ep 94 val 0.1853 best 0.1309@ep79 pat 15 (563s)
  [Data_10] ep 95 val 0.1837 best 0.1309@ep79 pat 16 (569s)
  [Data_10] ep 96 val 0.1864 best 0.1309@ep79 pat 17 (575s)
  [Data_10] ep 97 val 0.2049 best 0.1309@ep79 pat 18 (581s)
  [Data_10] ep 98 val 0.2069 best 0.1309@ep79 pat 19 (587s)
  [Data_10] ep 99 val 0.2095 best 0.1309@ep79 pat 20 (593s)
  [Data_10] ep 100 val 0.1840 best 0.1309@ep79 pat 21 (599s)
  [Data_10] ep 101 val 0.1997 best 0.1309@ep79 pat 22 (604s)
  [Data_10] ep 102 val 0.2027 best 0.1309@ep79 pat 23 (610s)
  [Data_10] ep 103 val 0.2069 best 0.1309@ep79 pat 24 (616s)
  [Data_10] ep 104 val 0.2067 best 0.1309@ep79 pat 25 (622s)
  [Data_10] ep 105 val 0.2317 best 0.1309@ep79 pat 26 (627s)
  [Data_10] ep 106 val 0.1901 best 0.1309@ep79 pat 27 (633s)
  [Data_10] ep 107 val 0.1936 best 0.1309@ep79 pat 28 (639s)
  [Data_10] ep 108 val 0.1881 best 0.1309@ep79 pat 29 (645s)
  [Data_10] ep 109 val 0.2031 best 0.1309@ep79 pat 30 (651s)
  [Data_10] ep 110 val 0.1804 best 0.1309@ep79 pat 31 (657s)
  [Data_10] ep 111 val 0.1856 best 0.1309@ep79 pat 32 (663s)
  [Data_10] ep 112 val 0.1717 best 0.1309@ep79 pat 33 (668s)
  [Data_10] ep 113 val 0.1832 best 0.1309@ep79 pat 34 (674s)
  [Data_10] ep 114 val 0.1848 best 0.1309@ep79 pat 35 (680s)
  [Data_10] ep 115 val 0.2288 best 0.1309@ep79 pat 36 (686s)
  [Data_10] ep 116 val 0.1812 best 0.1309@ep79 pat 37 (692s)
  [Data_10] ep 117 val 0.2165 best 0.1309@ep79 pat 38 (698s)
  [Data_10] ep 118 val 0.2092 best 0.1309@ep79 pat 39 (704s)
  [Data_10] ep 119 val 0.1949 best 0.1309@ep79 pat 40 (710s)
  [Data_10] ep 120 val 0.1585 best 0.1309@ep79 pat 41 (715s)
  [Data_10] ep 121 val 0.2010 best 0.1309@ep79 pat 42 (721s)
  [Data_10] ep 122 val 0.2005 best 0.1309@ep79 pat 43 (727s)
  [Data_10] ep 123 val 0.2025 best 0.1309@ep79 pat 44 (733s)
  [Data_10] ep 124 val 0.2176 best 0.1309@ep79 pat 45 (739s)
  [Data_10] ep 125 val 0.2004 best 0.1309@ep79 pat 46 (745s)
  [Data_10] ep 126 val 0.2086 best 0.1309@ep79 pat 47 (750s)
  [Data_10] ep 127 val 0.1525 best 0.1309@ep79 pat 48 (756s)
  [Data_10] ep 128 val 0.1732 best 0.1309@ep79 pat 49 (762s)
  [Data_10] ep 129 val 0.2036 best 0.1309@ep79 pat 50 (768s)
  [Data_10] EARLYSTOP ep129 best 0.1309@ep79
*** Data_10 test MAE 0.137 (768s)
==== Data_10 DONE
