command: python -m hingesense.trainer --out results/raw/ablation_no_reference_pathway --target Data_09 --seed 2027 --epochs 300 --patience 50 --ablation no_reference_pathway
UserWarning: Can't initialize NVML
os: Linux-6.8.0-138-generic-x86_64-with-glibc2.35
cpu: Intel(R) Xeon(R) Platinum 8480C x224, ram 1007.5 GB
gpu: NVIDIA H100 (driver 580.173.02)
python 3.11.15, torch 2.12.0+cu130, cuda 13.0
channel mask top40 = [6, 7, 8, 9, 10, 11, 12, 13, 14, 21, 22, 25, 26, 27, 28, 34, 38, 41, 46, 48, 53, 57, 59, 61, 62, 64, 67, 69, 71, 72, 74, 76, 77, 78, 80, 81, 83, 84, 85, 98]
=== Data_09 seed=2027 epochs=300 patience=50 ablation=no_reference_pathway channels=120 dev=cuda:0 ===
pool=36 folds (flips=True)
  [Data_09] cond=assembly sources=32
  [Data_09] NEWBEST ep0 val=0.3551 test=0.4072
  [Data_09] ep 0 val 0.3551 best 0.3551@ep0 pat 0 (7s)
  [Data_09] NEWBEST ep1 val=0.2463 test=0.2952
  [Data_09] ep 1 val 0.2463 best 0.2463@ep1 pat 0 (15s)
  [Data_09] NEWBEST ep2 val=0.2299 test=0.3448
  [Data_09] ep 2 val 0.2299 best 0.2299@ep2 pat 0 (23s)
  [Data_09] NEWBEST ep3 val=0.2258 test=0.3261
  [Data_09] ep 3 val 0.2258 best 0.2258@ep3 pat 0 (32s)
  [Data_09] ep 4 val 0.2280 best 0.2258@ep3 pat 1 (41s)
  [Data_09] ep 5 val 0.2619 best 0.2258@ep3 pat 2 (49s)
  [Data_09] ep 6 val 0.3058 best 0.2258@ep3 pat 3 (57s)
  [Data_09] ep 7 val 0.2421 best 0.2258@ep3 pat 4 (66s)
  [Data_09] ep 8 val 0.2420 best 0.2258@ep3 pat 5 (75s)
  [Data_09] NEWBEST ep9 val=0.2085 test=0.3744
  [Data_09] ep 9 val 0.2085 best 0.2085@ep9 pat 0 (84s)
  [Data_09] ep 10 val 0.2480 best 0.2085@ep9 pat 1 (93s)
  [Data_09] ep 11 val 0.2610 best 0.2085@ep9 pat 2 (102s)
  [Data_09] ep 12 val 0.2456 best 0.2085@ep9 pat 3 (111s)
  [Data_09] ep 13 val 0.2503 best 0.2085@ep9 pat 4 (120s)
  [Data_09] ep 14 val 0.2651 best 0.2085@ep9 pat 5 (129s)
  [Data_09] ep 15 val 0.3042 best 0.2085@ep9 pat 6 (138s)
  [Data_09] ep 16 val 0.2782 best 0.2085@ep9 pat 7 (147s)
  [Data_09] ep 17 val 0.2753 best 0.2085@ep9 pat 8 (155s)
  [Data_09] ep 18 val 0.2424 best 0.2085@ep9 pat 9 (164s)
  [Data_09] ep 19 val 0.2709 best 0.2085@ep9 pat 10 (172s)
  [Data_09] ep 20 val 0.2335 best 0.2085@ep9 pat 11 (181s)
  [Data_09] ep 21 val 0.2752 best 0.2085@ep9 pat 12 (189s)
  [Data_09] ep 22 val 0.2732 best 0.2085@ep9 pat 13 (198s)
  [Data_09] ep 23 val 0.2799 best 0.2085@ep9 pat 14 (207s)
  [Data_09] ep 24 val 0.2710 best 0.2085@ep9 pat 15 (216s)
  [Data_09] ep 25 val 0.2644 best 0.2085@ep9 pat 16 (225s)
  [Data_09] ep 26 val 0.2777 best 0.2085@ep9 pat 17 (234s)
  [Data_09] ep 27 val 0.2719 best 0.2085@ep9 pat 18 (243s)
  [Data_09] ep 28 val 0.2849 best 0.2085@ep9 pat 19 (251s)
  [Data_09] ep 29 val 0.2851 best 0.2085@ep9 pat 20 (260s)
  [Data_09] ep 30 val 0.3133 best 0.2085@ep9 pat 21 (269s)
  [Data_09] ep 31 val 0.2769 best 0.2085@ep9 pat 22 (278s)
  [Data_09] ep 32 val 0.2911 best 0.2085@ep9 pat 23 (287s)
  [Data_09] ep 33 val 0.2672 best 0.2085@ep9 pat 24 (296s)
  [Data_09] ep 34 val 0.2536 best 0.2085@ep9 pat 25 (304s)
  [Data_09] ep 35 val 0.2420 best 0.2085@ep9 pat 26 (313s)
  [Data_09] ep 36 val 0.2579 best 0.2085@ep9 pat 27 (322s)
  [Data_09] ep 37 val 0.3112 best 0.2085@ep9 pat 28 (331s)
  [Data_09] ep 38 val 0.3018 best 0.2085@ep9 pat 29 (339s)
  [Data_09] ep 39 val 0.2874 best 0.2085@ep9 pat 30 (348s)
  [Data_09] ep 40 val 0.3127 best 0.2085@ep9 pat 31 (357s)
  [Data_09] ep 41 val 0.2728 best 0.2085@ep9 pat 32 (366s)
  [Data_09] ep 42 val 0.2795 best 0.2085@ep9 pat 33 (375s)
  [Data_09] ep 43 val 0.3031 best 0.2085@ep9 pat 34 (384s)
  [Data_09] ep 44 val 0.2772 best 0.2085@ep9 pat 35 (393s)
  [Data_09] ep 45 val 0.3410 best 0.2085@ep9 pat 36 (402s)
  [Data_09] ep 46 val 0.3491 best 0.2085@ep9 pat 37 (410s)
  [Data_09] ep 47 val 0.3429 best 0.2085@ep9 pat 38 (419s)
  [Data_09] ep 48 val 0.2924 best 0.2085@ep9 pat 39 (426s)
  [Data_09] ep 49 val 0.3423 best 0.2085@ep9 pat 40 (432s)
  [Data_09] ep 50 val 0.3164 best 0.2085@ep9 pat 41 (439s)
  [Data_09] ep 51 val 0.3169 best 0.2085@ep9 pat 42 (446s)
  [Data_09] ep 52 val 0.3177 best 0.2085@ep9 pat 43 (453s)
  [Data_09] ep 53 val 0.3482 best 0.2085@ep9 pat 44 (459s)
  [Data_09] ep 54 val 0.3053 best 0.2085@ep9 pat 45 (466s)
  [Data_09] ep 55 val 0.3232 best 0.2085@ep9 pat 46 (473s)
  [Data_09] ep 56 val 0.3225 best 0.2085@ep9 pat 47 (479s)
  [Data_09] ep 57 val 0.3296 best 0.2085@ep9 pat 48 (486s)
  [Data_09] ep 58 val 0.3412 best 0.2085@ep9 pat 49 (492s)
  [Data_09] ep 59 val 0.3497 best 0.2085@ep9 pat 50 (499s)
  [Data_09] EARLYSTOP ep59 best 0.2085@ep9
*** Data_09 test MAE 0.374 (499s)
==== Data_09 DONE
