command: python -m hingesense.trainer --out results/raw/ablation_no_reference_pathway --target Data_06 --seed 2027 --epochs 300 --patience 50 --ablation no_reference_pathway
UserWarning: Can't initialize NVML
os: Linux-6.8.0-138-generic-x86_64-with-glibc2.35
cpu: Intel(R) Xeon(R) Platinum 8480C x224, ram 1007.5 GB
gpu: NVIDIA H100 (driver 580.173.02)
python 3.11.15, torch 2.12.0+cu130, cuda 13.0
channel mask top40 = [6, 7, 8, 9, 10, 11, 12, 13, 14, 21, 22, 25, 26, 27, 28, 34, 38, 41, 46, 48, 53, 57, 59, 61, 62, 64, 67, 69, 71, 72, 74, 76, 77, 78, 80, 81, 83, 84, 85, 98]
=== Data_06 seed=2027 epochs=300 patience=50 ablation=no_reference_pathway channels=120 dev=cuda:0 ===
pool=56 folds (flips=True)
  [Data_06] cond=noload sources=52
  [Data_06] NEWBEST ep0 val=0.6335 test=0.6457
  [Data_06] ep 0 val 0.6335 best 0.6335@ep0 pat 0 (7s)
  [Data_06] NEWBEST ep1 val=0.5980 test=0.6336
  [Data_06] ep 1 val 0.5980 best 0.5980@ep1 pat 0 (12s)
  [Data_06] ep 2 val 0.6467 best 0.5980@ep1 pat 1 (18s)
  [Data_06] ep 3 val 0.6013 best 0.5980@ep1 pat 2 (24s)
  [Data_06] NEWBEST ep4 val=0.5595 test=0.5164
  [Data_06] ep 4 val 0.5595 best 0.5595@ep4 pat 0 (30s)
  [Data_06] ep 5 val 0.6479 best 0.5595@ep4 pat 1 (36s)
  [Data_06] ep 6 val 0.6058 best 0.5595@ep4 pat 2 (42s)
  [Data_06] NEWBEST ep7 val=0.4741 test=0.4634
  [Data_06] ep 7 val 0.4741 best 0.4741@ep7 pat 0 (48s)
  [Data_06] ep 8 val 0.6038 best 0.4741@ep7 pat 1 (54s)
  [Data_06] ep 9 val 0.5582 best 0.4741@ep7 pat 2 (61s)
  [Data_06] ep 10 val 0.5749 best 0.4741@ep7 pat 3 (67s)
  [Data_06] ep 11 val 0.5429 best 0.4741@ep7 pat 4 (73s)
  [Data_06] ep 12 val 0.4813 best 0.4741@ep7 pat 5 (79s)
  [Data_06] ep 13 val 0.5918 best 0.4741@ep7 pat 6 (85s)
  [Data_06] ep 14 val 0.5854 best 0.4741@ep7 pat 7 (91s)
  [Data_06] ep 15 val 0.5105 best 0.4741@ep7 pat 8 (97s)
  [Data_06] ep 16 val 0.5174 best 0.4741@ep7 pat 9 (103s)
  [Data_06] ep 17 val 0.4932 best 0.4741@ep7 pat 10 (109s)
  [Data_06] ep 18 val 0.5305 best 0.4741@ep7 pat 11 (115s)
  [Data_06] ep 19 val 0.5066 best 0.4741@ep7 pat 12 (121s)
  [Data_06] ep 20 val 0.5041 best 0.4741@ep7 pat 13 (127s)
  [Data_06] ep 21 val 0.5033 best 0.4741@ep7 pat 14 (133s)
  [Data_06] NEWBEST ep22 val=0.4729 test=0.4129
  [Data_06] ep 22 val 0.4729 best 0.4729@ep22 pat 0 (140s)
  [Data_06] ep 23 val 0.4872 best 0.4729@ep22 pat 1 (146s)
  [Data_06] ep 24 val 0.4842 best 0.4729@ep22 pat 2 (152s)
  [Data_06] ep 25 val 0.5328 best 0.4729@ep22 pat 3 (158s)
  [Data_06] ep 26 val 0.5281 best 0.4729@ep22 pat 4 (164s)
  [Data_06] ep 27 val 0.5123 best 0.4729@ep22 pat 5 (170s)
  [Data_06] ep 28 val 0.5542 best 0.4729@ep22 pat 6 (176s)
  [Data_06] ep 29 val 0.4858 best 0.4729@ep22 pat 7 (183s)
  [Data_06] ep 30 val 0.5623 best 0.4729@ep22 pat 8 (189s)
  [Data_06] ep 31 val 0.5582 best 0.4729@ep22 pat 9 (195s)
  [Data_06] ep 32 val 0.5558 best 0.4729@ep22 pat 10 (201s)
  [Data_06] ep 33 val 0.5130 best 0.4729@ep22 pat 11 (207s)
  [Data_06] ep 34 val 0.5288 best 0.4729@ep22 pat 12 (213s)
  [Data_06] ep 35 val 0.5058 best 0.4729@ep22 pat 13 (219s)
  [Data_06] ep 36 val 0.5172 best 0.4729@ep22 pat 14 (226s)
  [Data_06] ep 37 val 0.5424 best 0.4729@ep22 pat 15 (232s)
  [Data_06] ep 38 val 0.5171 best 0.4729@ep22 pat 16 (238s)
  [Data_06] ep 39 val 0.5163 best 0.4729@ep22 pat 17 (244s)
  [Data_06] ep 40 val 0.4879 best 0.4729@ep22 pat 18 (250s)
  [Data_06] ep 41 val 0.4730 best 0.4729@ep22 pat 19 (257s)
  [Data_06] ep 42 val 0.5116 best 0.4729@ep22 pat 20 (263s)
  [Data_06] ep 43 val 0.5025 best 0.4729@ep22 pat 21 (269s)
  [Data_06] ep 44 val 0.5046 best 0.4729@ep22 pat 22 (275s)
  [Data_06] ep 45 val 0.4883 best 0.4729@ep22 pat 23 (281s)
  [Data_06] ep 46 val 0.5378 best 0.4729@ep22 pat 24 (287s)
  [Data_06] ep 47 val 0.5440 best 0.4729@ep22 pat 25 (294s)
  [Data_06] ep 48 val 0.5014 best 0.4729@ep22 pat 26 (300s)
  [Data_06] ep 49 val 0.5748 best 0.4729@ep22 pat 27 (306s)
  [Data_06] ep 50 val 0.5238 best 0.4729@ep22 pat 28 (312s)
  [Data_06] ep 51 val 0.5049 best 0.4729@ep22 pat 29 (318s)
  [Data_06] ep 52 val 0.5373 best 0.4729@ep22 pat 30 (324s)
  [Data_06] ep 53 val 0.4990 best 0.4729@ep22 pat 31 (330s)
  [Data_06] ep 54 val 0.5314 best 0.4729@ep22 pat 32 (336s)
  [Data_06] ep 55 val 0.5350 best 0.4729@ep22 pat 33 (341s)
  [Data_06] ep 56 val 0.5133 best 0.4729@ep22 pat 34 (347s)
  [Data_06] ep 57 val 0.4891 best 0.4729@ep22 pat 35 (353s)
  [Data_06] ep 58 val 0.5016 best 0.4729@ep22 pat 36 (359s)
  [Data_06] ep 59 val 0.5134 best 0.4729@ep22 pat 37 (364s)
  [Data_06] ep 60 val 0.5248 best 0.4729@ep22 pat 38 (370s)
  [Data_06] ep 61 val 0.4892 best 0.4729@ep22 pat 39 (376s)
  [Data_06] ep 62 val 0.5460 best 0.4729@ep22 pat 40 (381s)
  [Data_06] ep 63 val 0.5387 best 0.4729@ep22 pat 41 (387s)
  [Data_06] ep 64 val 0.5584 best 0.4729@ep22 pat 42 (393s)
  [Data_06] ep 65 val 0.5656 best 0.4729@ep22 pat 43 (398s)
  [Data_06] ep 66 val 0.5493 best 0.4729@ep22 pat 44 (404s)
  [Data_06] ep 67 val 0.4925 best 0.4729@ep22 pat 45 (410s)
  [Data_06] ep 68 val 0.5108 best 0.4729@ep22 pat 46 (415s)
  [Data_06] ep 69 val 0.5590 best 0.4729@ep22 pat 47 (421s)
  [Data_06] ep 70 val 0.5002 best 0.4729@ep22 pat 48 (426s)
  [Data_06] ep 71 val 0.5165 best 0.4729@ep22 pat 49 (432s)
  [Data_06] ep 72 val 0.5106 best 0.4729@ep22 pat 50 (438s)
  [Data_06] EARLYSTOP ep72 best 0.4729@ep22
*** Data_06 test MAE 0.413 (438s)
==== Data_06 DONE
