command: python -m hingesense.trainer --out results/raw/ablation_no_reference_pathway --target Data_04 --seed 2027 --epochs 300 --patience 50 --ablation no_reference_pathway
UserWarning: Can't initialize NVML
os: Linux-6.8.0-138-generic-x86_64-with-glibc2.35
cpu: Intel(R) Xeon(R) Platinum 8480C x224, ram 1007.5 GB
gpu: NVIDIA H100 (driver 580.173.02)
python 3.11.15, torch 2.12.0+cu130, cuda 13.0
channel mask top40 = [6, 7, 8, 9, 10, 11, 12, 13, 14, 21, 22, 25, 26, 27, 28, 34, 38, 41, 46, 48, 53, 57, 59, 61, 62, 64, 67, 69, 71, 72, 74, 76, 77, 78, 80, 81, 83, 84, 85, 98]
=== Data_04 seed=2027 epochs=300 patience=50 ablation=no_reference_pathway channels=120 dev=cuda:0 ===
pool=56 folds (flips=True)
  [Data_04] cond=noload sources=52
  [Data_04] NEWBEST ep0 val=0.4087 test=0.4705
  [Data_04] ep 0 val 0.4087 best 0.4087@ep0 pat 0 (7s)
  [Data_04] NEWBEST ep1 val=0.2997 test=0.3735
  [Data_04] ep 1 val 0.2997 best 0.2997@ep1 pat 0 (12s)
  [Data_04] ep 2 val 0.3481 best 0.2997@ep1 pat 1 (18s)
  [Data_04] NEWBEST ep3 val=0.2992 test=0.3794
  [Data_04] ep 3 val 0.2992 best 0.2992@ep3 pat 0 (24s)
  [Data_04] ep 4 val 0.3659 best 0.2992@ep3 pat 1 (29s)
  [Data_04] ep 5 val 0.3218 best 0.2992@ep3 pat 2 (36s)
  [Data_04] ep 6 val 0.3364 best 0.2992@ep3 pat 3 (41s)
  [Data_04] NEWBEST ep7 val=0.2988 test=0.3756
  [Data_04] ep 7 val 0.2988 best 0.2988@ep7 pat 0 (47s)
  [Data_04] NEWBEST ep8 val=0.2980 test=0.3607
  [Data_04] ep 8 val 0.2980 best 0.2980@ep8 pat 0 (53s)
  [Data_04] ep 9 val 0.3044 best 0.2980@ep8 pat 1 (59s)
  [Data_04] NEWBEST ep10 val=0.2767 test=0.3592
  [Data_04] ep 10 val 0.2767 best 0.2767@ep10 pat 0 (65s)
  [Data_04] ep 11 val 0.3153 best 0.2767@ep10 pat 1 (71s)
  [Data_04] ep 12 val 0.2981 best 0.2767@ep10 pat 2 (77s)
  [Data_04] ep 13 val 0.3174 best 0.2767@ep10 pat 3 (83s)
  [Data_04] ep 14 val 0.3148 best 0.2767@ep10 pat 4 (90s)
  [Data_04] ep 15 val 0.3632 best 0.2767@ep10 pat 5 (96s)
  [Data_04] ep 16 val 0.3469 best 0.2767@ep10 pat 6 (102s)
  [Data_04] ep 17 val 0.2918 best 0.2767@ep10 pat 7 (108s)
  [Data_04] ep 18 val 0.3186 best 0.2767@ep10 pat 8 (115s)
  [Data_04] ep 19 val 0.3320 best 0.2767@ep10 pat 9 (121s)
  [Data_04] ep 20 val 0.3095 best 0.2767@ep10 pat 10 (127s)
  [Data_04] ep 21 val 0.3262 best 0.2767@ep10 pat 11 (133s)
  [Data_04] ep 22 val 0.3289 best 0.2767@ep10 pat 12 (139s)
  [Data_04] ep 23 val 0.3288 best 0.2767@ep10 pat 13 (145s)
  [Data_04] ep 24 val 0.2916 best 0.2767@ep10 pat 14 (151s)
  [Data_04] ep 25 val 0.2968 best 0.2767@ep10 pat 15 (158s)
  [Data_04] ep 26 val 0.2791 best 0.2767@ep10 pat 16 (164s)
  [Data_04] ep 27 val 0.3206 best 0.2767@ep10 pat 17 (170s)
  [Data_04] ep 28 val 0.3249 best 0.2767@ep10 pat 18 (176s)
  [Data_04] ep 29 val 0.3113 best 0.2767@ep10 pat 19 (182s)
  [Data_04] ep 30 val 0.2969 best 0.2767@ep10 pat 20 (188s)
  [Data_04] ep 31 val 0.2914 best 0.2767@ep10 pat 21 (194s)
  [Data_04] ep 32 val 0.3048 best 0.2767@ep10 pat 22 (201s)
  [Data_04] ep 33 val 0.3130 best 0.2767@ep10 pat 23 (207s)
  [Data_04] ep 34 val 0.3163 best 0.2767@ep10 pat 24 (213s)
  [Data_04] ep 35 val 0.2909 best 0.2767@ep10 pat 25 (219s)
  [Data_04] ep 36 val 0.2881 best 0.2767@ep10 pat 26 (226s)
  [Data_04] ep 37 val 0.2980 best 0.2767@ep10 pat 27 (232s)
  [Data_04] ep 38 val 0.2960 best 0.2767@ep10 pat 28 (238s)
  [Data_04] ep 39 val 0.3033 best 0.2767@ep10 pat 29 (244s)
  [Data_04] ep 40 val 0.2998 best 0.2767@ep10 pat 30 (251s)
  [Data_04] ep 41 val 0.3071 best 0.2767@ep10 pat 31 (257s)
  [Data_04] ep 42 val 0.2856 best 0.2767@ep10 pat 32 (263s)
  [Data_04] ep 43 val 0.3066 best 0.2767@ep10 pat 33 (270s)
  [Data_04] ep 44 val 0.2933 best 0.2767@ep10 pat 34 (276s)
  [Data_04] ep 45 val 0.3004 best 0.2767@ep10 pat 35 (282s)
  [Data_04] ep 46 val 0.3472 best 0.2767@ep10 pat 36 (288s)
  [Data_04] ep 47 val 0.3120 best 0.2767@ep10 pat 37 (294s)
  [Data_04] ep 48 val 0.3439 best 0.2767@ep10 pat 38 (301s)
  [Data_04] ep 49 val 0.3313 best 0.2767@ep10 pat 39 (307s)
  [Data_04] ep 50 val 0.3397 best 0.2767@ep10 pat 40 (313s)
  [Data_04] ep 51 val 0.3419 best 0.2767@ep10 pat 41 (319s)
  [Data_04] ep 52 val 0.3468 best 0.2767@ep10 pat 42 (324s)
  [Data_04] ep 53 val 0.3397 best 0.2767@ep10 pat 43 (330s)
  [Data_04] ep 54 val 0.3227 best 0.2767@ep10 pat 44 (336s)
  [Data_04] ep 55 val 0.3301 best 0.2767@ep10 pat 45 (342s)
  [Data_04] ep 56 val 0.3337 best 0.2767@ep10 pat 46 (347s)
  [Data_04] ep 57 val 0.3640 best 0.2767@ep10 pat 47 (353s)
  [Data_04] ep 58 val 0.3299 best 0.2767@ep10 pat 48 (359s)
  [Data_04] ep 59 val 0.3070 best 0.2767@ep10 pat 49 (364s)
  [Data_04] ep 60 val 0.3141 best 0.2767@ep10 pat 50 (370s)
  [Data_04] EARLYSTOP ep60 best 0.2767@ep10
*** Data_04 test MAE 0.359 (370s)
==== Data_04 DONE
