command: python -m hingesense.trainer --out results/raw/electrodes_top4 --target Data_12 --seed 2027 --epochs 300 --patience 50 --channels 0,7,14,21,28,98
UserWarning: Can't initialize NVML
os: Linux-6.8.0-138-generic-x86_64-with-glibc2.35
cpu: Intel(R) Xeon(R) Platinum 8480C x224, ram 1007.5 GB
gpu: NVIDIA H100 (driver 580.173.02)
python 3.11.15, torch 2.12.0+cu130, cuda 13.0
channel subset (6 channels) = [0, 7, 14, 21, 28, 98]
=== Data_12 seed=2027 epochs=300 patience=50 ablation=none channels=6 dev=cuda:0 ===
pool=36 folds (flips=True)
  [Data_12] cond=assembly sources=32
  [Data_12] NEWBEST ep0 val=1.2602 test=0.9410
  [Data_12] ep 0 val 1.2602 best 1.2602@ep0 pat 0 (6s)
  [Data_12] NEWBEST ep1 val=0.8445 test=0.7158
  [Data_12] ep 1 val 0.8445 best 0.8445@ep1 pat 0 (12s)
  [Data_12] NEWBEST ep2 val=0.7246 test=0.5588
  [Data_12] ep 2 val 0.7246 best 0.7246@ep2 pat 0 (18s)
  [Data_12] NEWBEST ep3 val=0.6713 test=0.4430
  [Data_12] ep 3 val 0.6713 best 0.6713@ep3 pat 0 (24s)
  [Data_12] NEWBEST ep4 val=0.6508 test=0.4717
  [Data_12] ep 4 val 0.6508 best 0.6508@ep4 pat 0 (30s)
  [Data_12] ep 5 val 0.8172 best 0.6508@ep4 pat 1 (36s)
  [Data_12] ep 6 val 0.6691 best 0.6508@ep4 pat 2 (43s)
  [Data_12] NEWBEST ep7 val=0.6221 test=0.4567
  [Data_12] ep 7 val 0.6221 best 0.6221@ep7 pat 0 (49s)
  [Data_12] NEWBEST ep8 val=0.6215 test=0.4621
  [Data_12] ep 8 val 0.6215 best 0.6215@ep8 pat 0 (55s)
  [Data_12] ep 9 val 0.7413 best 0.6215@ep8 pat 1 (61s)
  [Data_12] ep 10 val 0.6414 best 0.6215@ep8 pat 2 (67s)
  [Data_12] ep 11 val 0.6360 best 0.6215@ep8 pat 3 (73s)
  [Data_12] ep 12 val 0.6755 best 0.6215@ep8 pat 4 (79s)
  [Data_12] ep 13 val 0.7612 best 0.6215@ep8 pat 5 (85s)
  [Data_12] NEWBEST ep14 val=0.6113 test=0.4388
  [Data_12] ep 14 val 0.6113 best 0.6113@ep14 pat 0 (92s)
  [Data_12] ep 15 val 0.6684 best 0.6113@ep14 pat 1 (98s)
  [Data_12] ep 16 val 0.7049 best 0.6113@ep14 pat 2 (104s)
  [Data_12] ep 17 val 0.6611 best 0.6113@ep14 pat 3 (110s)
  [Data_12] ep 18 val 0.7308 best 0.6113@ep14 pat 4 (116s)
  [Data_12] ep 19 val 0.6959 best 0.6113@ep14 pat 5 (122s)
  [Data_12] ep 20 val 0.7122 best 0.6113@ep14 pat 6 (128s)
  [Data_12] ep 21 val 0.6593 best 0.6113@ep14 pat 7 (134s)
  [Data_12] ep 22 val 0.7118 best 0.6113@ep14 pat 8 (141s)
  [Data_12] ep 23 val 0.6529 best 0.6113@ep14 pat 9 (147s)
  [Data_12] ep 24 val 0.6775 best 0.6113@ep14 pat 10 (153s)
  [Data_12] ep 25 val 0.7142 best 0.6113@ep14 pat 11 (159s)
  [Data_12] ep 26 val 0.6821 best 0.6113@ep14 pat 12 (165s)
  [Data_12] ep 27 val 0.6876 best 0.6113@ep14 pat 13 (171s)
  [Data_12] ep 28 val 0.6495 best 0.6113@ep14 pat 14 (177s)
  [Data_12] ep 29 val 0.6530 best 0.6113@ep14 pat 15 (183s)
  [Data_12] ep 30 val 0.6857 best 0.6113@ep14 pat 16 (189s)
  [Data_12] ep 31 val 0.6329 best 0.6113@ep14 pat 17 (195s)
  [Data_12] ep 32 val 0.6779 best 0.6113@ep14 pat 18 (201s)
  [Data_12] ep 33 val 0.7290 best 0.6113@ep14 pat 19 (207s)
  [Data_12] ep 34 val 0.6451 best 0.6113@ep14 pat 20 (213s)
  [Data_12] ep 35 val 0.7067 best 0.6113@ep14 pat 21 (220s)
  [Data_12] NEWBEST ep36 val=0.5847 test=0.4551
  [Data_12] ep 36 val 0.5847 best 0.5847@ep36 pat 0 (226s)
  [Data_12] ep 37 val 0.6778 best 0.5847@ep36 pat 1 (232s)
  [Data_12] ep 38 val 0.6669 best 0.5847@ep36 pat 2 (238s)
  [Data_12] ep 39 val 0.6512 best 0.5847@ep36 pat 3 (244s)
  [Data_12] ep 40 val 0.6723 best 0.5847@ep36 pat 4 (250s)
  [Data_12] ep 41 val 0.6285 best 0.5847@ep36 pat 5 (256s)
  [Data_12] ep 42 val 0.6117 best 0.5847@ep36 pat 6 (262s)
  [Data_12] ep 43 val 0.6810 best 0.5847@ep36 pat 7 (268s)
  [Data_12] ep 44 val 0.6609 best 0.5847@ep36 pat 8 (274s)
  [Data_12] ep 45 val 0.6910 best 0.5847@ep36 pat 9 (281s)
  [Data_12] ep 46 val 0.6418 best 0.5847@ep36 pat 10 (287s)
  [Data_12] NEWBEST ep47 val=0.5792 test=0.4083
  [Data_12] ep 47 val 0.5792 best 0.5792@ep47 pat 0 (293s)
  [Data_12] ep 48 val 0.6863 best 0.5792@ep47 pat 1 (299s)
  [Data_12] NEWBEST ep49 val=0.5716 test=0.4326
  [Data_12] ep 49 val 0.5716 best 0.5716@ep49 pat 0 (305s)
  [Data_12] ep 50 val 0.6551 best 0.5716@ep49 pat 1 (311s)
  [Data_12] ep 51 val 0.6985 best 0.5716@ep49 pat 2 (317s)
  [Data_12] ep 52 val 0.6537 best 0.5716@ep49 pat 3 (323s)
  [Data_12] ep 53 val 0.6142 best 0.5716@ep49 pat 4 (329s)
  [Data_12] ep 54 val 0.6551 best 0.5716@ep49 pat 5 (336s)
  [Data_12] ep 55 val 0.6385 best 0.5716@ep49 pat 6 (342s)
  [Data_12] ep 56 val 0.6779 best 0.5716@ep49 pat 7 (348s)
  [Data_12] ep 57 val 0.6411 best 0.5716@ep49 pat 8 (354s)
  [Data_12] ep 58 val 0.6089 best 0.5716@ep49 pat 9 (360s)
  [Data_12] ep 59 val 0.6541 best 0.5716@ep49 pat 10 (367s)
  [Data_12] ep 60 val 0.6566 best 0.5716@ep49 pat 11 (373s)
  [Data_12] ep 61 val 0.6623 best 0.5716@ep49 pat 12 (379s)
  [Data_12] ep 62 val 0.6061 best 0.5716@ep49 pat 13 (385s)
  [Data_12] ep 63 val 0.6695 best 0.5716@ep49 pat 14 (391s)
  [Data_12] ep 64 val 0.6727 best 0.5716@ep49 pat 15 (397s)
  [Data_12] ep 65 val 0.6468 best 0.5716@ep49 pat 16 (403s)
  [Data_12] ep 66 val 0.6627 best 0.5716@ep49 pat 17 (409s)
  [Data_12] ep 67 val 0.7160 best 0.5716@ep49 pat 18 (416s)
  [Data_12] ep 68 val 0.7156 best 0.5716@ep49 pat 19 (422s)
  [Data_12] ep 69 val 0.6596 best 0.5716@ep49 pat 20 (428s)
  [Data_12] ep 70 val 0.6085 best 0.5716@ep49 pat 21 (434s)
  [Data_12] ep 71 val 0.6821 best 0.5716@ep49 pat 22 (440s)
  [Data_12] ep 72 val 0.6857 best 0.5716@ep49 pat 23 (446s)
  [Data_12] ep 73 val 0.6397 best 0.5716@ep49 pat 24 (452s)
  [Data_12] ep 74 val 0.5808 best 0.5716@ep49 pat 25 (458s)
  [Data_12] ep 75 val 0.5879 best 0.5716@ep49 pat 26 (464s)
  [Data_12] ep 76 val 0.6307 best 0.5716@ep49 pat 27 (470s)
  [Data_12] ep 77 val 0.6570 best 0.5716@ep49 pat 28 (476s)
  [Data_12] ep 78 val 0.6171 best 0.5716@ep49 pat 29 (482s)
  [Data_12] ep 79 val 0.6913 best 0.5716@ep49 pat 30 (488s)
  [Data_12] ep 80 val 0.6158 best 0.5716@ep49 pat 31 (494s)
  [Data_12] ep 81 val 0.6865 best 0.5716@ep49 pat 32 (500s)
  [Data_12] ep 82 val 0.6713 best 0.5716@ep49 pat 33 (505s)
  [Data_12] ep 83 val 0.6755 best 0.5716@ep49 pat 34 (511s)
  [Data_12] ep 84 val 0.6621 best 0.5716@ep49 pat 35 (517s)
  [Data_12] ep 85 val 0.6402 best 0.5716@ep49 pat 36 (523s)
  [Data_12] ep 86 val 0.6796 best 0.5716@ep49 pat 37 (529s)
  [Data_12] ep 87 val 0.6682 best 0.5716@ep49 pat 38 (535s)
  [Data_12] ep 88 val 0.7027 best 0.5716@ep49 pat 39 (540s)
  [Data_12] ep 89 val 0.6732 best 0.5716@ep49 pat 40 (546s)
  [Data_12] ep 90 val 0.6313 best 0.5716@ep49 pat 41 (552s)
  [Data_12] ep 91 val 0.6738 best 0.5716@ep49 pat 42 (558s)
  [Data_12] ep 92 val 0.6570 best 0.5716@ep49 pat 43 (564s)
  [Data_12] ep 93 val 0.6556 best 0.5716@ep49 pat 44 (570s)
  [Data_12] ep 94 val 0.6145 best 0.5716@ep49 pat 45 (576s)
  [Data_12] ep 95 val 0.6352 best 0.5716@ep49 pat 46 (581s)
  [Data_12] ep 96 val 0.6260 best 0.5716@ep49 pat 47 (587s)
  [Data_12] ep 97 val 0.5849 best 0.5716@ep49 pat 48 (593s)
  [Data_12] ep 98 val 0.6913 best 0.5716@ep49 pat 49 (599s)
  [Data_12] ep 99 val 0.6354 best 0.5716@ep49 pat 50 (605s)
  [Data_12] EARLYSTOP ep99 best 0.5716@ep49
*** Data_12 test MAE 0.433 (606s)
==== Data_12 DONE
