command: python -m hingesense.trainer --out results/raw/electrodes_top4 --target Data_06 --seed 2027 --epochs 300 --patience 50 --channels 0,7,14,21,28,98
UserWarning: Can't initialize NVML
os: Linux-6.8.0-138-generic-x86_64-with-glibc2.35
cpu: Intel(R) Xeon(R) Platinum 8480C x224, ram 1007.5 GB
gpu: NVIDIA H100 (driver 580.173.02)
python 3.11.15, torch 2.12.0+cu130, cuda 13.0
channel subset (6 channels) = [0, 7, 14, 21, 28, 98]
=== Data_06 seed=2027 epochs=300 patience=50 ablation=none channels=6 dev=cuda:0 ===
pool=56 folds (flips=True)
  [Data_06] cond=noload sources=52
  [Data_06] NEWBEST ep0 val=2.6520 test=2.5518
  [Data_06] ep 0 val 2.6520 best 2.6520@ep0 pat 0 (7s)
  [Data_06] NEWBEST ep1 val=2.2219 test=2.1196
  [Data_06] ep 1 val 2.2219 best 2.2219@ep1 pat 0 (13s)
  [Data_06] NEWBEST ep2 val=0.8845 test=0.8945
  [Data_06] ep 2 val 0.8845 best 0.8845@ep2 pat 0 (19s)
  [Data_06] NEWBEST ep3 val=0.8460 test=0.8646
  [Data_06] ep 3 val 0.8460 best 0.8460@ep3 pat 0 (25s)
  [Data_06] NEWBEST ep4 val=0.6836 test=0.7070
  [Data_06] ep 4 val 0.6836 best 0.6836@ep4 pat 0 (31s)
  [Data_06] ep 5 val 0.7583 best 0.6836@ep4 pat 1 (37s)
  [Data_06] NEWBEST ep6 val=0.6175 test=0.5665
  [Data_06] ep 6 val 0.6175 best 0.6175@ep6 pat 0 (44s)
  [Data_06] ep 7 val 0.6611 best 0.6175@ep6 pat 1 (50s)
  [Data_06] ep 8 val 0.7034 best 0.6175@ep6 pat 2 (56s)
  [Data_06] ep 9 val 0.6182 best 0.6175@ep6 pat 3 (62s)
  [Data_06] ep 10 val 0.6518 best 0.6175@ep6 pat 4 (68s)
  [Data_06] ep 11 val 0.6447 best 0.6175@ep6 pat 5 (74s)
  [Data_06] NEWBEST ep12 val=0.6112 test=0.5540
  [Data_06] ep 12 val 0.6112 best 0.6112@ep12 pat 0 (80s)
  [Data_06] ep 13 val 0.6185 best 0.6112@ep12 pat 1 (87s)
  [Data_06] ep 14 val 0.6186 best 0.6112@ep12 pat 2 (93s)
  [Data_06] ep 15 val 0.6889 best 0.6112@ep12 pat 3 (99s)
  [Data_06] NEWBEST ep16 val=0.5070 test=0.4708
  [Data_06] ep 16 val 0.5070 best 0.5070@ep16 pat 0 (105s)
  [Data_06] ep 17 val 0.6368 best 0.5070@ep16 pat 1 (111s)
  [Data_06] ep 18 val 0.5708 best 0.5070@ep16 pat 2 (117s)
  [Data_06] ep 19 val 0.6370 best 0.5070@ep16 pat 3 (123s)
  [Data_06] ep 20 val 0.6357 best 0.5070@ep16 pat 4 (130s)
  [Data_06] ep 21 val 0.5917 best 0.5070@ep16 pat 5 (136s)
  [Data_06] ep 22 val 0.6727 best 0.5070@ep16 pat 6 (142s)
  [Data_06] ep 23 val 0.6476 best 0.5070@ep16 pat 7 (148s)
  [Data_06] ep 24 val 0.7066 best 0.5070@ep16 pat 8 (154s)
  [Data_06] ep 25 val 0.6363 best 0.5070@ep16 pat 9 (160s)
  [Data_06] ep 26 val 0.5983 best 0.5070@ep16 pat 10 (166s)
  [Data_06] ep 27 val 0.7054 best 0.5070@ep16 pat 11 (173s)
  [Data_06] ep 28 val 0.5912 best 0.5070@ep16 pat 12 (179s)
  [Data_06] ep 29 val 0.5742 best 0.5070@ep16 pat 13 (185s)
  [Data_06] ep 30 val 0.6254 best 0.5070@ep16 pat 14 (191s)
  [Data_06] ep 31 val 0.6652 best 0.5070@ep16 pat 15 (197s)
  [Data_06] ep 32 val 0.6796 best 0.5070@ep16 pat 16 (203s)
  [Data_06] ep 33 val 0.6595 best 0.5070@ep16 pat 17 (209s)
  [Data_06] ep 34 val 0.6490 best 0.5070@ep16 pat 18 (215s)
  [Data_06] ep 35 val 0.6102 best 0.5070@ep16 pat 19 (221s)
  [Data_06] ep 36 val 0.6307 best 0.5070@ep16 pat 20 (228s)
  [Data_06] ep 37 val 0.6129 best 0.5070@ep16 pat 21 (234s)
  [Data_06] ep 38 val 0.6210 best 0.5070@ep16 pat 22 (240s)
  [Data_06] ep 39 val 0.6014 best 0.5070@ep16 pat 23 (246s)
  [Data_06] NEWBEST ep40 val=0.4825 test=0.3903
  [Data_06] ep 40 val 0.4825 best 0.4825@ep40 pat 0 (252s)
  [Data_06] ep 41 val 0.5869 best 0.4825@ep40 pat 1 (258s)
  [Data_06] ep 42 val 0.5412 best 0.4825@ep40 pat 2 (264s)
  [Data_06] ep 43 val 0.5949 best 0.4825@ep40 pat 3 (270s)
  [Data_06] ep 44 val 0.5707 best 0.4825@ep40 pat 4 (277s)
  [Data_06] ep 45 val 0.5422 best 0.4825@ep40 pat 5 (283s)
  [Data_06] ep 46 val 0.6490 best 0.4825@ep40 pat 6 (289s)
  [Data_06] ep 47 val 0.5334 best 0.4825@ep40 pat 7 (295s)
  [Data_06] ep 48 val 0.5503 best 0.4825@ep40 pat 8 (301s)
  [Data_06] ep 49 val 0.5444 best 0.4825@ep40 pat 9 (307s)
  [Data_06] ep 50 val 0.5028 best 0.4825@ep40 pat 10 (313s)
  [Data_06] NEWBEST ep51 val=0.4545 test=0.3790
  [Data_06] ep 51 val 0.4545 best 0.4545@ep51 pat 0 (319s)
  [Data_06] ep 52 val 0.5916 best 0.4545@ep51 pat 1 (325s)
  [Data_06] ep 53 val 0.5891 best 0.4545@ep51 pat 2 (332s)
  [Data_06] ep 54 val 0.5480 best 0.4545@ep51 pat 3 (338s)
  [Data_06] ep 55 val 0.5327 best 0.4545@ep51 pat 4 (344s)
  [Data_06] ep 56 val 0.4775 best 0.4545@ep51 pat 5 (350s)
  [Data_06] ep 57 val 0.5307 best 0.4545@ep51 pat 6 (356s)
  [Data_06] ep 58 val 0.5361 best 0.4545@ep51 pat 7 (362s)
  [Data_06] ep 59 val 0.5832 best 0.4545@ep51 pat 8 (368s)
  [Data_06] ep 60 val 0.5918 best 0.4545@ep51 pat 9 (374s)
  [Data_06] ep 61 val 0.5059 best 0.4545@ep51 pat 10 (381s)
  [Data_06] ep 62 val 0.5632 best 0.4545@ep51 pat 11 (387s)
  [Data_06] ep 63 val 0.6065 best 0.4545@ep51 pat 12 (393s)
  [Data_06] ep 64 val 0.5963 best 0.4545@ep51 pat 13 (399s)
  [Data_06] ep 65 val 0.5095 best 0.4545@ep51 pat 14 (405s)
  [Data_06] ep 66 val 0.5332 best 0.4545@ep51 pat 15 (411s)
  [Data_06] ep 67 val 0.5674 best 0.4545@ep51 pat 16 (417s)
  [Data_06] ep 68 val 0.5922 best 0.4545@ep51 pat 17 (424s)
  [Data_06] ep 69 val 0.5366 best 0.4545@ep51 pat 18 (430s)
  [Data_06] ep 70 val 0.4910 best 0.4545@ep51 pat 19 (436s)
  [Data_06] ep 71 val 0.5223 best 0.4545@ep51 pat 20 (442s)
  [Data_06] ep 72 val 0.5538 best 0.4545@ep51 pat 21 (448s)
  [Data_06] ep 73 val 0.5307 best 0.4545@ep51 pat 22 (454s)
  [Data_06] ep 74 val 0.5907 best 0.4545@ep51 pat 23 (460s)
  [Data_06] ep 75 val 0.5708 best 0.4545@ep51 pat 24 (465s)
  [Data_06] ep 76 val 0.5503 best 0.4545@ep51 pat 25 (471s)
  [Data_06] ep 77 val 0.5965 best 0.4545@ep51 pat 26 (477s)
  [Data_06] ep 78 val 0.5233 best 0.4545@ep51 pat 27 (483s)
  [Data_06] ep 79 val 0.5228 best 0.4545@ep51 pat 28 (489s)
  [Data_06] ep 80 val 0.5890 best 0.4545@ep51 pat 29 (494s)
  [Data_06] ep 81 val 0.5434 best 0.4545@ep51 pat 30 (500s)
  [Data_06] ep 82 val 0.5032 best 0.4545@ep51 pat 31 (505s)
  [Data_06] ep 83 val 0.4574 best 0.4545@ep51 pat 32 (511s)
  [Data_06] ep 84 val 0.5217 best 0.4545@ep51 pat 33 (517s)
  [Data_06] ep 85 val 0.5412 best 0.4545@ep51 pat 34 (523s)
  [Data_06] ep 86 val 0.5604 best 0.4545@ep51 pat 35 (528s)
  [Data_06] ep 87 val 0.5496 best 0.4545@ep51 pat 36 (534s)
  [Data_06] ep 88 val 0.5318 best 0.4545@ep51 pat 37 (539s)
  [Data_06] ep 89 val 0.5298 best 0.4545@ep51 pat 38 (545s)
  [Data_06] ep 90 val 0.5350 best 0.4545@ep51 pat 39 (551s)
  [Data_06] ep 91 val 0.4824 best 0.4545@ep51 pat 40 (557s)
  [Data_06] ep 92 val 0.5536 best 0.4545@ep51 pat 41 (562s)
  [Data_06] ep 93 val 0.5482 best 0.4545@ep51 pat 42 (568s)
  [Data_06] ep 94 val 0.5523 best 0.4545@ep51 pat 43 (574s)
  [Data_06] ep 95 val 0.5170 best 0.4545@ep51 pat 44 (579s)
  [Data_06] ep 96 val 0.5768 best 0.4545@ep51 pat 45 (585s)
  [Data_06] ep 97 val 0.5594 best 0.4545@ep51 pat 46 (591s)
  [Data_06] ep 98 val 0.5127 best 0.4545@ep51 pat 47 (596s)
  [Data_06] ep 99 val 0.5084 best 0.4545@ep51 pat 48 (602s)
  [Data_06] ep 100 val 0.5297 best 0.4545@ep51 pat 49 (608s)
  [Data_06] ep 101 val 0.5593 best 0.4545@ep51 pat 50 (613s)
  [Data_06] EARLYSTOP ep101 best 0.4545@ep51
*** Data_06 test MAE 0.379 (613s)
==== Data_06 DONE
