command: python -m hingesense.trainer --out results/raw/electrodes_top4 --target Data_08 --seed 2027 --epochs 300 --patience 50 --channels 0,7,14,21,28,98
UserWarning: Can't initialize NVML
os: Linux-6.8.0-138-generic-x86_64-with-glibc2.35
cpu: Intel(R) Xeon(R) Platinum 8480C x224, ram 1007.5 GB
gpu: NVIDIA H100 (driver 580.173.02)
python 3.11.15, torch 2.12.0+cu130, cuda 13.0
channel subset (6 channels) = [0, 7, 14, 21, 28, 98]
=== Data_08 seed=2027 epochs=300 patience=50 ablation=none channels=6 dev=cuda:0 ===
pool=36 folds (flips=True)
  [Data_08] cond=assembly sources=32
  [Data_08] NEWBEST ep0 val=1.4543 test=1.0223
  [Data_08] ep 0 val 1.4543 best 1.4543@ep0 pat 0 (6s)
  [Data_08] NEWBEST ep1 val=1.3798 test=0.7726
  [Data_08] ep 1 val 1.3798 best 1.3798@ep1 pat 0 (12s)
  [Data_08] ep 2 val 1.7791 best 1.3798@ep1 pat 1 (18s)
  [Data_08] ep 3 val 1.4520 best 1.3798@ep1 pat 2 (24s)
  [Data_08] ep 4 val 1.7745 best 1.3798@ep1 pat 3 (31s)
  [Data_08] NEWBEST ep5 val=1.2745 test=0.6125
  [Data_08] ep 5 val 1.2745 best 1.2745@ep5 pat 0 (37s)
  [Data_08] ep 6 val 1.2910 best 1.2745@ep5 pat 1 (43s)
  [Data_08] NEWBEST ep7 val=1.2720 test=0.6247
  [Data_08] ep 7 val 1.2720 best 1.2720@ep7 pat 0 (49s)
  [Data_08] NEWBEST ep8 val=1.2706 test=0.5686
  [Data_08] ep 8 val 1.2706 best 1.2706@ep8 pat 0 (55s)
  [Data_08] ep 9 val 1.3319 best 1.2706@ep8 pat 1 (61s)
  [Data_08] ep 10 val 1.5823 best 1.2706@ep8 pat 2 (67s)
  [Data_08] ep 11 val 1.3929 best 1.2706@ep8 pat 3 (73s)
  [Data_08] NEWBEST ep12 val=1.2166 test=0.5953
  [Data_08] ep 12 val 1.2166 best 1.2166@ep12 pat 0 (80s)
  [Data_08] ep 13 val 1.3005 best 1.2166@ep12 pat 1 (86s)
  [Data_08] ep 14 val 1.4381 best 1.2166@ep12 pat 2 (92s)
  [Data_08] ep 15 val 1.2723 best 1.2166@ep12 pat 3 (98s)
  [Data_08] ep 16 val 1.2720 best 1.2166@ep12 pat 4 (104s)
  [Data_08] ep 17 val 1.5149 best 1.2166@ep12 pat 5 (110s)
  [Data_08] ep 18 val 1.2711 best 1.2166@ep12 pat 6 (116s)
  [Data_08] ep 19 val 1.2652 best 1.2166@ep12 pat 7 (122s)
  [Data_08] ep 20 val 1.4072 best 1.2166@ep12 pat 8 (128s)
  [Data_08] ep 21 val 1.2356 best 1.2166@ep12 pat 9 (134s)
  [Data_08] ep 22 val 1.2536 best 1.2166@ep12 pat 10 (140s)
  [Data_08] ep 23 val 1.3928 best 1.2166@ep12 pat 11 (146s)
  [Data_08] ep 24 val 1.3564 best 1.2166@ep12 pat 12 (153s)
  [Data_08] ep 25 val 1.3671 best 1.2166@ep12 pat 13 (159s)
  [Data_08] ep 26 val 1.3298 best 1.2166@ep12 pat 14 (165s)
  [Data_08] ep 27 val 1.2801 best 1.2166@ep12 pat 15 (171s)
  [Data_08] NEWBEST ep28 val=1.2158 test=0.5821
  [Data_08] ep 28 val 1.2158 best 1.2158@ep28 pat 0 (177s)
  [Data_08] ep 29 val 1.2698 best 1.2158@ep28 pat 1 (183s)
  [Data_08] ep 30 val 1.2915 best 1.2158@ep28 pat 2 (189s)
  [Data_08] ep 31 val 1.2923 best 1.2158@ep28 pat 3 (195s)
  [Data_08] ep 32 val 1.3740 best 1.2158@ep28 pat 4 (202s)
  [Data_08] ep 33 val 1.3450 best 1.2158@ep28 pat 5 (208s)
  [Data_08] ep 34 val 1.3022 best 1.2158@ep28 pat 6 (214s)
  [Data_08] ep 35 val 1.3382 best 1.2158@ep28 pat 7 (220s)
  [Data_08] ep 36 val 1.2860 best 1.2158@ep28 pat 8 (226s)
  [Data_08] ep 37 val 1.3369 best 1.2158@ep28 pat 9 (232s)
  [Data_08] ep 38 val 1.3485 best 1.2158@ep28 pat 10 (238s)
  [Data_08] ep 39 val 1.2968 best 1.2158@ep28 pat 11 (244s)
  [Data_08] ep 40 val 1.3098 best 1.2158@ep28 pat 12 (250s)
  [Data_08] ep 41 val 1.2831 best 1.2158@ep28 pat 13 (257s)
  [Data_08] ep 42 val 1.3126 best 1.2158@ep28 pat 14 (263s)
  [Data_08] ep 43 val 1.2472 best 1.2158@ep28 pat 15 (269s)
  [Data_08] ep 44 val 1.2780 best 1.2158@ep28 pat 16 (275s)
  [Data_08] ep 45 val 1.2554 best 1.2158@ep28 pat 17 (281s)
  [Data_08] ep 46 val 1.2664 best 1.2158@ep28 pat 18 (287s)
  [Data_08] ep 47 val 1.2571 best 1.2158@ep28 pat 19 (293s)
  [Data_08] ep 48 val 1.3228 best 1.2158@ep28 pat 20 (299s)
  [Data_08] ep 49 val 1.2640 best 1.2158@ep28 pat 21 (305s)
  [Data_08] ep 50 val 1.2866 best 1.2158@ep28 pat 22 (311s)
  [Data_08] ep 51 val 1.3609 best 1.2158@ep28 pat 23 (318s)
  [Data_08] ep 52 val 1.2716 best 1.2158@ep28 pat 24 (324s)
  [Data_08] ep 53 val 1.2343 best 1.2158@ep28 pat 25 (330s)
  [Data_08] ep 54 val 1.2638 best 1.2158@ep28 pat 26 (336s)
  [Data_08] ep 55 val 1.2806 best 1.2158@ep28 pat 27 (342s)
  [Data_08] ep 56 val 1.2535 best 1.2158@ep28 pat 28 (348s)
  [Data_08] ep 57 val 1.2649 best 1.2158@ep28 pat 29 (354s)
  [Data_08] ep 58 val 1.3161 best 1.2158@ep28 pat 30 (360s)
  [Data_08] ep 59 val 1.2641 best 1.2158@ep28 pat 31 (366s)
  [Data_08] ep 60 val 1.3733 best 1.2158@ep28 pat 32 (372s)
  [Data_08] ep 61 val 1.3193 best 1.2158@ep28 pat 33 (379s)
  [Data_08] ep 62 val 1.2900 best 1.2158@ep28 pat 34 (385s)
  [Data_08] ep 63 val 1.2903 best 1.2158@ep28 pat 35 (391s)
  [Data_08] ep 64 val 1.4200 best 1.2158@ep28 pat 36 (397s)
  [Data_08] ep 65 val 1.2756 best 1.2158@ep28 pat 37 (403s)
  [Data_08] ep 66 val 1.4072 best 1.2158@ep28 pat 38 (409s)
  [Data_08] ep 67 val 1.3490 best 1.2158@ep28 pat 39 (415s)
  [Data_08] ep 68 val 1.3125 best 1.2158@ep28 pat 40 (421s)
  [Data_08] ep 69 val 1.3404 best 1.2158@ep28 pat 41 (427s)
  [Data_08] ep 70 val 1.3411 best 1.2158@ep28 pat 42 (434s)
  [Data_08] ep 71 val 1.3634 best 1.2158@ep28 pat 43 (440s)
  [Data_08] ep 72 val 1.2532 best 1.2158@ep28 pat 44 (446s)
  [Data_08] ep 73 val 1.3263 best 1.2158@ep28 pat 45 (452s)
  [Data_08] ep 74 val 1.3319 best 1.2158@ep28 pat 46 (458s)
  [Data_08] ep 75 val 1.4124 best 1.2158@ep28 pat 47 (464s)
  [Data_08] ep 76 val 1.3514 best 1.2158@ep28 pat 48 (470s)
  [Data_08] ep 77 val 1.3062 best 1.2158@ep28 pat 49 (476s)
  [Data_08] ep 78 val 1.3769 best 1.2158@ep28 pat 50 (482s)
  [Data_08] EARLYSTOP ep78 best 1.2158@ep28
*** Data_08 test MAE 0.582 (482s)
==== Data_08 DONE
