command: python -m hingesense.trainer --out results/raw/electrodes_top4 --target Data_02 --seed 2027 --epochs 300 --patience 50 --channels 0,7,14,21,28,98
UserWarning: Can't initialize NVML
os: Linux-6.8.0-138-generic-x86_64-with-glibc2.35
cpu: Intel(R) Xeon(R) Platinum 8480C x224, ram 1007.5 GB
gpu: NVIDIA H100 (driver 580.173.02)
python 3.11.15, torch 2.12.0+cu130, cuda 13.0
channel subset (6 channels) = [0, 7, 14, 21, 28, 98]
=== Data_02 seed=2027 epochs=300 patience=50 ablation=none channels=6 dev=cuda:0 ===
pool=56 folds (flips=True)
  [Data_02] cond=noload sources=52
  [Data_02] NEWBEST ep0 val=1.7173 test=1.9852
  [Data_02] ep 0 val 1.7173 best 1.7173@ep0 pat 0 (7s)
  [Data_02] NEWBEST ep1 val=0.7635 test=1.2898
  [Data_02] ep 1 val 0.7635 best 0.7635@ep1 pat 0 (13s)
  [Data_02] NEWBEST ep2 val=0.5717 test=0.8990
  [Data_02] ep 2 val 0.5717 best 0.5717@ep2 pat 0 (20s)
  [Data_02] NEWBEST ep3 val=0.4400 test=0.6825
  [Data_02] ep 3 val 0.4400 best 0.4400@ep3 pat 0 (26s)
  [Data_02] NEWBEST ep4 val=0.3150 test=0.4599
  [Data_02] ep 4 val 0.3150 best 0.3150@ep4 pat 0 (32s)
  [Data_02] NEWBEST ep5 val=0.2830 test=0.4291
  [Data_02] ep 5 val 0.2830 best 0.2830@ep5 pat 0 (38s)
  [Data_02] NEWBEST ep6 val=0.2300 test=0.3638
  [Data_02] ep 6 val 0.2300 best 0.2300@ep6 pat 0 (44s)
  [Data_02] ep 7 val 0.2369 best 0.2300@ep6 pat 1 (51s)
  [Data_02] ep 8 val 0.2514 best 0.2300@ep6 pat 2 (57s)
  [Data_02] NEWBEST ep9 val=0.2185 test=0.3330
  [Data_02] ep 9 val 0.2185 best 0.2185@ep9 pat 0 (63s)
  [Data_02] ep 10 val 0.2319 best 0.2185@ep9 pat 1 (69s)
  [Data_02] ep 11 val 0.2251 best 0.2185@ep9 pat 2 (75s)
  [Data_02] ep 12 val 0.2466 best 0.2185@ep9 pat 3 (82s)
  [Data_02] ep 13 val 0.2188 best 0.2185@ep9 pat 4 (88s)
  [Data_02] NEWBEST ep14 val=0.2122 test=0.4239
  [Data_02] ep 14 val 0.2122 best 0.2122@ep14 pat 0 (94s)
  [Data_02] NEWBEST ep15 val=0.2042 test=0.3575
  [Data_02] ep 15 val 0.2042 best 0.2042@ep15 pat 0 (100s)
  [Data_02] ep 16 val 0.2212 best 0.2042@ep15 pat 1 (106s)
  [Data_02] ep 17 val 0.2259 best 0.2042@ep15 pat 2 (113s)
  [Data_02] ep 18 val 0.2182 best 0.2042@ep15 pat 3 (119s)
  [Data_02] ep 19 val 0.2160 best 0.2042@ep15 pat 4 (125s)
  [Data_02] ep 20 val 0.2043 best 0.2042@ep15 pat 5 (131s)
  [Data_02] ep 21 val 0.2358 best 0.2042@ep15 pat 6 (137s)
  [Data_02] ep 22 val 0.2090 best 0.2042@ep15 pat 7 (144s)
  [Data_02] ep 23 val 0.2385 best 0.2042@ep15 pat 8 (150s)
  [Data_02] ep 24 val 0.2097 best 0.2042@ep15 pat 9 (156s)
  [Data_02] ep 25 val 0.2201 best 0.2042@ep15 pat 10 (162s)
  [Data_02] ep 26 val 0.2172 best 0.2042@ep15 pat 11 (168s)
  [Data_02] ep 27 val 0.2060 best 0.2042@ep15 pat 12 (174s)
  [Data_02] ep 28 val 0.2095 best 0.2042@ep15 pat 13 (181s)
  [Data_02] ep 29 val 0.2222 best 0.2042@ep15 pat 14 (187s)
  [Data_02] NEWBEST ep30 val=0.1919 test=0.4348
  [Data_02] ep 30 val 0.1919 best 0.1919@ep30 pat 0 (193s)
  [Data_02] ep 31 val 0.2002 best 0.1919@ep30 pat 1 (199s)
  [Data_02] NEWBEST ep32 val=0.1800 test=0.3976
  [Data_02] ep 32 val 0.1800 best 0.1800@ep32 pat 0 (206s)
  [Data_02] ep 33 val 0.1906 best 0.1800@ep32 pat 1 (212s)
  [Data_02] ep 34 val 0.2450 best 0.1800@ep32 pat 2 (218s)
  [Data_02] ep 35 val 0.1938 best 0.1800@ep32 pat 3 (224s)
  [Data_02] ep 36 val 0.1864 best 0.1800@ep32 pat 4 (230s)
  [Data_02] ep 37 val 0.2060 best 0.1800@ep32 pat 5 (237s)
  [Data_02] ep 38 val 0.1895 best 0.1800@ep32 pat 6 (243s)
  [Data_02] ep 39 val 0.2082 best 0.1800@ep32 pat 7 (249s)
  [Data_02] ep 40 val 0.2066 best 0.1800@ep32 pat 8 (255s)
  [Data_02] ep 41 val 0.1893 best 0.1800@ep32 pat 9 (261s)
  [Data_02] ep 42 val 0.2344 best 0.1800@ep32 pat 10 (267s)
  [Data_02] ep 43 val 0.2093 best 0.1800@ep32 pat 11 (274s)
  [Data_02] ep 44 val 0.1831 best 0.1800@ep32 pat 12 (280s)
  [Data_02] ep 45 val 0.2178 best 0.1800@ep32 pat 13 (286s)
  [Data_02] ep 46 val 0.2020 best 0.1800@ep32 pat 14 (292s)
  [Data_02] NEWBEST ep47 val=0.1779 test=0.3557
  [Data_02] ep 47 val 0.1779 best 0.1779@ep47 pat 0 (298s)
  [Data_02] ep 48 val 0.2011 best 0.1779@ep47 pat 1 (305s)
  [Data_02] ep 49 val 0.2206 best 0.1779@ep47 pat 2 (311s)
  [Data_02] ep 50 val 0.1833 best 0.1779@ep47 pat 3 (317s)
  [Data_02] NEWBEST ep51 val=0.1774 test=0.4195
  [Data_02] ep 51 val 0.1774 best 0.1774@ep51 pat 0 (323s)
  [Data_02] NEWBEST ep52 val=0.1748 test=0.3940
  [Data_02] ep 52 val 0.1748 best 0.1748@ep52 pat 0 (329s)
  [Data_02] NEWBEST ep53 val=0.1691 test=0.3234
  [Data_02] ep 53 val 0.1691 best 0.1691@ep53 pat 0 (336s)
  [Data_02] NEWBEST ep54 val=0.1623 test=0.3619
  [Data_02] ep 54 val 0.1623 best 0.1623@ep54 pat 0 (342s)
  [Data_02] NEWBEST ep55 val=0.1578 test=0.3422
  [Data_02] ep 55 val 0.1578 best 0.1578@ep55 pat 0 (348s)
  [Data_02] ep 56 val 0.1655 best 0.1578@ep55 pat 1 (354s)
  [Data_02] ep 57 val 0.1788 best 0.1578@ep55 pat 2 (360s)
  [Data_02] ep 58 val 0.1801 best 0.1578@ep55 pat 3 (367s)
  [Data_02] ep 59 val 0.2166 best 0.1578@ep55 pat 4 (373s)
  [Data_02] ep 60 val 0.1813 best 0.1578@ep55 pat 5 (379s)
  [Data_02] ep 61 val 0.1909 best 0.1578@ep55 pat 6 (385s)
  [Data_02] ep 62 val 0.1888 best 0.1578@ep55 pat 7 (392s)
  [Data_02] ep 63 val 0.1786 best 0.1578@ep55 pat 8 (398s)
  [Data_02] ep 64 val 0.1716 best 0.1578@ep55 pat 9 (404s)
  [Data_02] ep 65 val 0.1824 best 0.1578@ep55 pat 10 (410s)
  [Data_02] ep 66 val 0.1711 best 0.1578@ep55 pat 11 (416s)
  [Data_02] ep 67 val 0.2028 best 0.1578@ep55 pat 12 (422s)
  [Data_02] ep 68 val 0.2019 best 0.1578@ep55 pat 13 (429s)
  [Data_02] ep 69 val 0.1671 best 0.1578@ep55 pat 14 (435s)
  [Data_02] ep 70 val 0.1613 best 0.1578@ep55 pat 15 (441s)
  [Data_02] ep 71 val 0.1646 best 0.1578@ep55 pat 16 (447s)
  [Data_02] ep 72 val 0.1598 best 0.1578@ep55 pat 17 (453s)
  [Data_02] ep 73 val 0.1651 best 0.1578@ep55 pat 18 (459s)
  [Data_02] ep 74 val 0.1871 best 0.1578@ep55 pat 19 (465s)
  [Data_02] ep 75 val 0.1756 best 0.1578@ep55 pat 20 (471s)
  [Data_02] ep 76 val 0.1750 best 0.1578@ep55 pat 21 (477s)
  [Data_02] ep 77 val 0.1921 best 0.1578@ep55 pat 22 (482s)
  [Data_02] ep 78 val 0.1739 best 0.1578@ep55 pat 23 (488s)
  [Data_02] ep 79 val 0.1595 best 0.1578@ep55 pat 24 (494s)
  [Data_02] NEWBEST ep80 val=0.1533 test=0.3038
  [Data_02] ep 80 val 0.1533 best 0.1533@ep80 pat 0 (500s)
  [Data_02] ep 81 val 0.1597 best 0.1533@ep80 pat 1 (505s)
  [Data_02] ep 82 val 0.2024 best 0.1533@ep80 pat 2 (511s)
  [Data_02] ep 83 val 0.1863 best 0.1533@ep80 pat 3 (516s)
  [Data_02] ep 84 val 0.1706 best 0.1533@ep80 pat 4 (522s)
  [Data_02] ep 85 val 0.1758 best 0.1533@ep80 pat 5 (528s)
  [Data_02] ep 86 val 0.1764 best 0.1533@ep80 pat 6 (534s)
  [Data_02] ep 87 val 0.1649 best 0.1533@ep80 pat 7 (539s)
  [Data_02] ep 88 val 0.1816 best 0.1533@ep80 pat 8 (545s)
  [Data_02] ep 89 val 0.2019 best 0.1533@ep80 pat 9 (551s)
  [Data_02] ep 90 val 0.2080 best 0.1533@ep80 pat 10 (556s)
  [Data_02] ep 91 val 0.1682 best 0.1533@ep80 pat 11 (562s)
  [Data_02] ep 92 val 0.1888 best 0.1533@ep80 pat 12 (567s)
  [Data_02] ep 93 val 0.2028 best 0.1533@ep80 pat 13 (573s)
  [Data_02] ep 94 val 0.1990 best 0.1533@ep80 pat 14 (579s)
  [Data_02] ep 95 val 0.1888 best 0.1533@ep80 pat 15 (584s)
  [Data_02] ep 96 val 0.1690 best 0.1533@ep80 pat 16 (590s)
  [Data_02] ep 97 val 0.1788 best 0.1533@ep80 pat 17 (596s)
  [Data_02] ep 98 val 0.2001 best 0.1533@ep80 pat 18 (602s)
  [Data_02] ep 99 val 0.1926 best 0.1533@ep80 pat 19 (607s)
  [Data_02] ep 100 val 0.1700 best 0.1533@ep80 pat 20 (613s)
  [Data_02] ep 101 val 0.1885 best 0.1533@ep80 pat 21 (618s)
  [Data_02] ep 102 val 0.1702 best 0.1533@ep80 pat 22 (624s)
  [Data_02] ep 103 val 0.1561 best 0.1533@ep80 pat 23 (629s)
  [Data_02] ep 104 val 0.1764 best 0.1533@ep80 pat 24 (635s)
  [Data_02] ep 105 val 0.1990 best 0.1533@ep80 pat 25 (641s)
  [Data_02] ep 106 val 0.2145 best 0.1533@ep80 pat 26 (646s)
  [Data_02] ep 107 val 0.1766 best 0.1533@ep80 pat 27 (652s)
  [Data_02] ep 108 val 0.2018 best 0.1533@ep80 pat 28 (657s)
  [Data_02] ep 109 val 0.1930 best 0.1533@ep80 pat 29 (663s)
  [Data_02] ep 110 val 0.1849 best 0.1533@ep80 pat 30 (669s)
  [Data_02] ep 111 val 0.1589 best 0.1533@ep80 pat 31 (674s)
  [Data_02] ep 112 val 0.1725 best 0.1533@ep80 pat 32 (680s)
  [Data_02] ep 113 val 0.1966 best 0.1533@ep80 pat 33 (685s)
  [Data_02] ep 114 val 0.2004 best 0.1533@ep80 pat 34 (691s)
  [Data_02] ep 115 val 0.2143 best 0.1533@ep80 pat 35 (696s)
  [Data_02] ep 116 val 0.1660 best 0.1533@ep80 pat 36 (702s)
  [Data_02] ep 117 val 0.1801 best 0.1533@ep80 pat 37 (708s)
  [Data_02] ep 118 val 0.1749 best 0.1533@ep80 pat 38 (713s)
  [Data_02] ep 119 val 0.2026 best 0.1533@ep80 pat 39 (719s)
  [Data_02] ep 120 val 0.1892 best 0.1533@ep80 pat 40 (724s)
  [Data_02] ep 121 val 0.1789 best 0.1533@ep80 pat 41 (730s)
  [Data_02] ep 122 val 0.1905 best 0.1533@ep80 pat 42 (735s)
  [Data_02] ep 123 val 0.1837 best 0.1533@ep80 pat 43 (741s)
  [Data_02] ep 124 val 0.1785 best 0.1533@ep80 pat 44 (747s)
  [Data_02] ep 125 val 0.1778 best 0.1533@ep80 pat 45 (752s)
  [Data_02] ep 126 val 0.2267 best 0.1533@ep80 pat 46 (758s)
  [Data_02] ep 127 val 0.1729 best 0.1533@ep80 pat 47 (763s)
  [Data_02] ep 128 val 0.1943 best 0.1533@ep80 pat 48 (769s)
  [Data_02] ep 129 val 0.1558 best 0.1533@ep80 pat 49 (775s)
  [Data_02] ep 130 val 0.1921 best 0.1533@ep80 pat 50 (780s)
  [Data_02] EARLYSTOP ep130 best 0.1533@ep80
*** Data_02 test MAE 0.304 (780s)
==== Data_02 DONE
