command: python -m hingesense.trainer --out results/raw/electrodes_top4 --target Data_05 --seed 2027 --epochs 300 --patience 50 --channels 0,7,14,21,28,98
UserWarning: Can't initialize NVML
os: Linux-6.8.0-138-generic-x86_64-with-glibc2.35
cpu: Intel(R) Xeon(R) Platinum 8480C x224, ram 1007.5 GB
gpu: NVIDIA H100 (driver 580.173.02)
python 3.11.15, torch 2.12.0+cu130, cuda 13.0
channel subset (6 channels) = [0, 7, 14, 21, 28, 98]
=== Data_05 seed=2027 epochs=300 patience=50 ablation=none channels=6 dev=cuda:0 ===
pool=56 folds (flips=True)
  [Data_05] cond=noload sources=52
  [Data_05] NEWBEST ep0 val=2.5693 test=1.9964
  [Data_05] ep 0 val 2.5693 best 2.5693@ep0 pat 0 (7s)
  [Data_05] NEWBEST ep1 val=2.4991 test=1.8419
  [Data_05] ep 1 val 2.4991 best 2.4991@ep1 pat 0 (13s)
  [Data_05] NEWBEST ep2 val=1.6181 test=1.1509
  [Data_05] ep 2 val 1.6181 best 1.6181@ep2 pat 0 (19s)
  [Data_05] NEWBEST ep3 val=1.2767 test=1.1382
  [Data_05] ep 3 val 1.2767 best 1.2767@ep3 pat 0 (25s)
  [Data_05] ep 4 val 1.3775 best 1.2767@ep3 pat 1 (31s)
  [Data_05] NEWBEST ep5 val=1.1358 test=1.0007
  [Data_05] ep 5 val 1.1358 best 1.1358@ep5 pat 0 (38s)
  [Data_05] NEWBEST ep6 val=1.0466 test=0.9365
  [Data_05] ep 6 val 1.0466 best 1.0466@ep6 pat 0 (44s)
  [Data_05] NEWBEST ep7 val=0.9718 test=0.8196
  [Data_05] ep 7 val 0.9718 best 0.9718@ep7 pat 0 (50s)
  [Data_05] NEWBEST ep8 val=0.8971 test=0.8001
  [Data_05] ep 8 val 0.8971 best 0.8971@ep8 pat 0 (56s)
  [Data_05] NEWBEST ep9 val=0.8323 test=0.7379
  [Data_05] ep 9 val 0.8323 best 0.8323@ep9 pat 0 (62s)
  [Data_05] NEWBEST ep10 val=0.8077 test=0.7087
  [Data_05] ep 10 val 0.8077 best 0.8077@ep10 pat 0 (69s)
  [Data_05] NEWBEST ep11 val=0.7021 test=0.6380
  [Data_05] ep 11 val 0.7021 best 0.7021@ep11 pat 0 (75s)
  [Data_05] ep 12 val 0.7381 best 0.7021@ep11 pat 1 (81s)
  [Data_05] ep 13 val 0.7448 best 0.7021@ep11 pat 2 (87s)
  [Data_05] ep 14 val 0.7179 best 0.7021@ep11 pat 3 (93s)
  [Data_05] ep 15 val 0.7563 best 0.7021@ep11 pat 4 (99s)
  [Data_05] ep 16 val 0.7927 best 0.7021@ep11 pat 5 (106s)
  [Data_05] ep 17 val 0.7258 best 0.7021@ep11 pat 6 (112s)
  [Data_05] ep 18 val 0.7270 best 0.7021@ep11 pat 7 (118s)
  [Data_05] ep 19 val 0.7092 best 0.7021@ep11 pat 8 (124s)
  [Data_05] ep 20 val 0.7580 best 0.7021@ep11 pat 9 (130s)
  [Data_05] ep 21 val 0.7538 best 0.7021@ep11 pat 10 (136s)
  [Data_05] ep 22 val 0.8350 best 0.7021@ep11 pat 11 (143s)
  [Data_05] ep 23 val 0.7811 best 0.7021@ep11 pat 12 (149s)
  [Data_05] ep 24 val 0.8068 best 0.7021@ep11 pat 13 (155s)
  [Data_05] ep 25 val 0.7699 best 0.7021@ep11 pat 14 (161s)
  [Data_05] ep 26 val 0.8204 best 0.7021@ep11 pat 15 (167s)
  [Data_05] ep 27 val 0.8002 best 0.7021@ep11 pat 16 (173s)
  [Data_05] ep 28 val 0.7709 best 0.7021@ep11 pat 17 (179s)
  [Data_05] ep 29 val 0.7451 best 0.7021@ep11 pat 18 (185s)
  [Data_05] ep 30 val 0.7536 best 0.7021@ep11 pat 19 (191s)
  [Data_05] ep 31 val 0.7537 best 0.7021@ep11 pat 20 (198s)
  [Data_05] ep 32 val 0.8145 best 0.7021@ep11 pat 21 (204s)
  [Data_05] ep 33 val 0.8444 best 0.7021@ep11 pat 22 (210s)
  [Data_05] ep 34 val 0.7798 best 0.7021@ep11 pat 23 (216s)
  [Data_05] ep 35 val 0.7443 best 0.7021@ep11 pat 24 (222s)
  [Data_05] ep 36 val 0.7353 best 0.7021@ep11 pat 25 (229s)
  [Data_05] NEWBEST ep37 val=0.6983 test=0.6062
  [Data_05] ep 37 val 0.6983 best 0.6983@ep37 pat 0 (235s)
  [Data_05] NEWBEST ep38 val=0.6940 test=0.6215
  [Data_05] ep 38 val 0.6940 best 0.6940@ep38 pat 0 (241s)
  [Data_05] ep 39 val 0.8583 best 0.6940@ep38 pat 1 (247s)
  [Data_05] ep 40 val 0.7379 best 0.6940@ep38 pat 2 (253s)
  [Data_05] ep 41 val 0.7536 best 0.6940@ep38 pat 3 (259s)
  [Data_05] ep 42 val 0.7403 best 0.6940@ep38 pat 4 (266s)
  [Data_05] ep 43 val 0.7402 best 0.6940@ep38 pat 5 (272s)
  [Data_05] ep 44 val 0.7800 best 0.6940@ep38 pat 6 (278s)
  [Data_05] ep 45 val 0.7844 best 0.6940@ep38 pat 7 (284s)
  [Data_05] ep 46 val 0.7727 best 0.6940@ep38 pat 8 (290s)
  [Data_05] ep 47 val 0.7674 best 0.6940@ep38 pat 9 (297s)
  [Data_05] ep 48 val 0.7189 best 0.6940@ep38 pat 10 (303s)
  [Data_05] ep 49 val 0.7125 best 0.6940@ep38 pat 11 (309s)
  [Data_05] NEWBEST ep50 val=0.6842 test=0.5799
  [Data_05] ep 50 val 0.6842 best 0.6842@ep50 pat 0 (315s)
  [Data_05] ep 51 val 0.7488 best 0.6842@ep50 pat 1 (321s)
  [Data_05] ep 52 val 0.7269 best 0.6842@ep50 pat 2 (327s)
  [Data_05] ep 53 val 0.7221 best 0.6842@ep50 pat 3 (333s)
  [Data_05] ep 54 val 0.7912 best 0.6842@ep50 pat 4 (339s)
  [Data_05] NEWBEST ep55 val=0.6724 test=0.6153
  [Data_05] ep 55 val 0.6724 best 0.6724@ep55 pat 0 (345s)
  [Data_05] ep 56 val 0.7298 best 0.6724@ep55 pat 1 (351s)
  [Data_05] ep 57 val 0.8175 best 0.6724@ep55 pat 2 (357s)
  [Data_05] ep 58 val 0.7299 best 0.6724@ep55 pat 3 (363s)
  [Data_05] ep 59 val 0.6982 best 0.6724@ep55 pat 4 (369s)
  [Data_05] ep 60 val 0.7259 best 0.6724@ep55 pat 5 (375s)
  [Data_05] ep 61 val 0.7327 best 0.6724@ep55 pat 6 (381s)
  [Data_05] ep 62 val 0.7492 best 0.6724@ep55 pat 7 (386s)
  [Data_05] ep 63 val 0.7145 best 0.6724@ep55 pat 8 (392s)
  [Data_05] ep 64 val 0.7230 best 0.6724@ep55 pat 9 (398s)
  [Data_05] ep 65 val 0.7309 best 0.6724@ep55 pat 10 (404s)
  [Data_05] ep 66 val 0.6774 best 0.6724@ep55 pat 11 (410s)
  [Data_05] ep 67 val 0.7559 best 0.6724@ep55 pat 12 (415s)
  [Data_05] ep 68 val 0.7241 best 0.6724@ep55 pat 13 (421s)
  [Data_05] ep 69 val 0.7713 best 0.6724@ep55 pat 14 (426s)
  [Data_05] ep 70 val 0.7293 best 0.6724@ep55 pat 15 (432s)
  [Data_05] ep 71 val 0.7904 best 0.6724@ep55 pat 16 (438s)
  [Data_05] ep 72 val 0.7546 best 0.6724@ep55 pat 17 (443s)
  [Data_05] ep 73 val 0.7271 best 0.6724@ep55 pat 18 (449s)
  [Data_05] ep 74 val 0.7548 best 0.6724@ep55 pat 19 (454s)
  [Data_05] ep 75 val 0.7634 best 0.6724@ep55 pat 20 (460s)
  [Data_05] ep 76 val 0.7180 best 0.6724@ep55 pat 21 (466s)
  [Data_05] ep 77 val 0.7027 best 0.6724@ep55 pat 22 (471s)
  [Data_05] ep 78 val 0.7249 best 0.6724@ep55 pat 23 (477s)
  [Data_05] ep 79 val 0.7619 best 0.6724@ep55 pat 24 (482s)
  [Data_05] ep 80 val 0.7824 best 0.6724@ep55 pat 25 (488s)
  [Data_05] ep 81 val 0.8010 best 0.6724@ep55 pat 26 (493s)
  [Data_05] ep 82 val 0.7259 best 0.6724@ep55 pat 27 (499s)
  [Data_05] ep 83 val 0.7006 best 0.6724@ep55 pat 28 (504s)
  [Data_05] ep 84 val 0.7455 best 0.6724@ep55 pat 29 (510s)
  [Data_05] ep 85 val 0.7539 best 0.6724@ep55 pat 30 (515s)
  [Data_05] ep 86 val 0.6975 best 0.6724@ep55 pat 31 (521s)
  [Data_05] ep 87 val 0.7445 best 0.6724@ep55 pat 32 (526s)
  [Data_05] ep 88 val 0.7776 best 0.6724@ep55 pat 33 (532s)
  [Data_05] ep 89 val 0.7459 best 0.6724@ep55 pat 34 (538s)
  [Data_05] ep 90 val 0.6915 best 0.6724@ep55 pat 35 (543s)
  [Data_05] ep 91 val 0.7596 best 0.6724@ep55 pat 36 (549s)
  [Data_05] ep 92 val 0.6879 best 0.6724@ep55 pat 37 (554s)
  [Data_05] ep 93 val 0.7138 best 0.6724@ep55 pat 38 (560s)
  [Data_05] ep 94 val 0.6734 best 0.6724@ep55 pat 39 (566s)
  [Data_05] ep 95 val 0.7381 best 0.6724@ep55 pat 40 (571s)
  [Data_05] ep 96 val 0.7772 best 0.6724@ep55 pat 41 (577s)
  [Data_05] ep 97 val 0.7955 best 0.6724@ep55 pat 42 (582s)
  [Data_05] ep 98 val 0.7887 best 0.6724@ep55 pat 43 (588s)
  [Data_05] ep 99 val 0.7824 best 0.6724@ep55 pat 44 (594s)
  [Data_05] ep 100 val 0.8096 best 0.6724@ep55 pat 45 (599s)
  [Data_05] ep 101 val 0.7259 best 0.6724@ep55 pat 46 (605s)
  [Data_05] ep 102 val 0.7409 best 0.6724@ep55 pat 47 (610s)
  [Data_05] ep 103 val 0.7454 best 0.6724@ep55 pat 48 (616s)
  [Data_05] ep 104 val 0.7193 best 0.6724@ep55 pat 49 (622s)
  [Data_05] ep 105 val 0.6954 best 0.6724@ep55 pat 50 (627s)
  [Data_05] EARLYSTOP ep105 best 0.6724@ep55
*** Data_05 test MAE 0.615 (627s)
==== Data_05 DONE
