command: python -m hingesense.trainer --out results/raw/electrodes_top4 --target Data_01 --seed 2027 --epochs 300 --patience 50 --channels 0,7,14,21,28,98
UserWarning: Can't initialize NVML
os: Linux-6.8.0-138-generic-x86_64-with-glibc2.35
cpu: Intel(R) Xeon(R) Platinum 8480C x224, ram 1007.5 GB
gpu: NVIDIA H100 (driver 580.173.02)
python 3.11.15, torch 2.12.0+cu130, cuda 13.0
channel subset (6 channels) = [0, 7, 14, 21, 28, 98]
=== Data_01 seed=2027 epochs=300 patience=50 ablation=none channels=6 dev=cuda:0 ===
pool=56 folds (flips=True)
  [Data_01] cond=noload sources=52
  [Data_01] NEWBEST ep0 val=2.9141 test=3.2547
  [Data_01] ep 0 val 2.9141 best 2.9141@ep0 pat 0 (6s)
  [Data_01] NEWBEST ep1 val=2.0564 test=1.9570
  [Data_01] ep 1 val 2.0564 best 2.0564@ep1 pat 0 (13s)
  [Data_01] NEWBEST ep2 val=1.6229 test=1.2924
  [Data_01] ep 2 val 1.6229 best 1.6229@ep2 pat 0 (19s)
  [Data_01] NEWBEST ep3 val=1.3055 test=0.9370
  [Data_01] ep 3 val 1.3055 best 1.3055@ep3 pat 0 (25s)
  [Data_01] NEWBEST ep4 val=1.1255 test=0.9255
  [Data_01] ep 4 val 1.1255 best 1.1255@ep4 pat 0 (31s)
  [Data_01] NEWBEST ep5 val=0.8124 test=0.8049
  [Data_01] ep 5 val 0.8124 best 0.8124@ep5 pat 0 (37s)
  [Data_01] ep 6 val 0.9935 best 0.8124@ep5 pat 1 (43s)
  [Data_01] ep 7 val 0.8622 best 0.8124@ep5 pat 2 (50s)
  [Data_01] ep 8 val 1.2202 best 0.8124@ep5 pat 3 (56s)
  [Data_01] ep 9 val 1.0179 best 0.8124@ep5 pat 4 (62s)
  [Data_01] ep 10 val 0.9430 best 0.8124@ep5 pat 5 (68s)
  [Data_01] ep 11 val 1.1205 best 0.8124@ep5 pat 6 (74s)
  [Data_01] ep 12 val 0.9946 best 0.8124@ep5 pat 7 (80s)
  [Data_01] ep 13 val 1.3149 best 0.8124@ep5 pat 8 (86s)
  [Data_01] ep 14 val 1.4873 best 0.8124@ep5 pat 9 (93s)
  [Data_01] ep 15 val 1.0702 best 0.8124@ep5 pat 10 (99s)
  [Data_01] ep 16 val 0.9616 best 0.8124@ep5 pat 11 (105s)
  [Data_01] ep 17 val 1.0574 best 0.8124@ep5 pat 12 (111s)
  [Data_01] ep 18 val 0.8600 best 0.8124@ep5 pat 13 (117s)
  [Data_01] ep 19 val 1.0015 best 0.8124@ep5 pat 14 (123s)
  [Data_01] ep 20 val 0.8688 best 0.8124@ep5 pat 15 (130s)
  [Data_01] ep 21 val 0.8556 best 0.8124@ep5 pat 16 (136s)
  [Data_01] ep 22 val 1.0487 best 0.8124@ep5 pat 17 (142s)
  [Data_01] ep 23 val 1.0105 best 0.8124@ep5 pat 18 (148s)
  [Data_01] ep 24 val 0.8894 best 0.8124@ep5 pat 19 (154s)
  [Data_01] ep 25 val 0.9819 best 0.8124@ep5 pat 20 (160s)
  [Data_01] ep 26 val 0.8655 best 0.8124@ep5 pat 21 (167s)
  [Data_01] ep 27 val 0.9907 best 0.8124@ep5 pat 22 (173s)
  [Data_01] ep 28 val 0.9402 best 0.8124@ep5 pat 23 (179s)
  [Data_01] ep 29 val 0.9746 best 0.8124@ep5 pat 24 (185s)
  [Data_01] ep 30 val 0.8808 best 0.8124@ep5 pat 25 (191s)
  [Data_01] NEWBEST ep31 val=0.8063 test=0.7887
  [Data_01] ep 31 val 0.8063 best 0.8063@ep31 pat 0 (197s)
  [Data_01] ep 32 val 0.9822 best 0.8063@ep31 pat 1 (203s)
  [Data_01] NEWBEST ep33 val=0.7665 test=0.7626
  [Data_01] ep 33 val 0.7665 best 0.7665@ep33 pat 0 (210s)
  [Data_01] ep 34 val 0.8061 best 0.7665@ep33 pat 1 (216s)
  [Data_01] ep 35 val 0.8181 best 0.7665@ep33 pat 2 (222s)
  [Data_01] ep 36 val 0.9031 best 0.7665@ep33 pat 3 (228s)
  [Data_01] ep 37 val 1.0096 best 0.7665@ep33 pat 4 (234s)
  [Data_01] ep 38 val 0.8344 best 0.7665@ep33 pat 5 (240s)
  [Data_01] ep 39 val 1.0318 best 0.7665@ep33 pat 6 (247s)
  [Data_01] ep 40 val 1.0078 best 0.7665@ep33 pat 7 (253s)
  [Data_01] ep 41 val 0.9015 best 0.7665@ep33 pat 8 (259s)
  [Data_01] ep 42 val 1.1490 best 0.7665@ep33 pat 9 (265s)
  [Data_01] ep 43 val 0.9894 best 0.7665@ep33 pat 10 (271s)
  [Data_01] ep 44 val 0.9861 best 0.7665@ep33 pat 11 (277s)
  [Data_01] ep 45 val 0.9222 best 0.7665@ep33 pat 12 (284s)
  [Data_01] ep 46 val 0.9216 best 0.7665@ep33 pat 13 (290s)
  [Data_01] ep 47 val 1.2561 best 0.7665@ep33 pat 14 (296s)
  [Data_01] ep 48 val 1.2565 best 0.7665@ep33 pat 15 (302s)
  [Data_01] ep 49 val 1.0646 best 0.7665@ep33 pat 16 (308s)
  [Data_01] ep 50 val 1.1615 best 0.7665@ep33 pat 17 (314s)
  [Data_01] ep 51 val 1.2101 best 0.7665@ep33 pat 18 (320s)
  [Data_01] ep 52 val 1.0251 best 0.7665@ep33 pat 19 (327s)
  [Data_01] ep 53 val 1.1037 best 0.7665@ep33 pat 20 (332s)
  [Data_01] ep 54 val 0.9815 best 0.7665@ep33 pat 21 (339s)
  [Data_01] ep 55 val 1.0531 best 0.7665@ep33 pat 22 (345s)
  [Data_01] ep 56 val 0.9419 best 0.7665@ep33 pat 23 (350s)
  [Data_01] ep 57 val 0.9333 best 0.7665@ep33 pat 24 (357s)
  [Data_01] ep 58 val 0.9405 best 0.7665@ep33 pat 25 (362s)
  [Data_01] ep 59 val 0.9720 best 0.7665@ep33 pat 26 (368s)
  [Data_01] ep 60 val 1.0722 best 0.7665@ep33 pat 27 (374s)
  [Data_01] ep 61 val 0.9388 best 0.7665@ep33 pat 28 (380s)
  [Data_01] ep 62 val 0.9119 best 0.7665@ep33 pat 29 (386s)
  [Data_01] ep 63 val 0.9690 best 0.7665@ep33 pat 30 (392s)
  [Data_01] ep 64 val 0.9831 best 0.7665@ep33 pat 31 (397s)
  [Data_01] ep 65 val 1.1538 best 0.7665@ep33 pat 32 (403s)
  [Data_01] ep 66 val 1.0297 best 0.7665@ep33 pat 33 (409s)
  [Data_01] ep 67 val 0.9812 best 0.7665@ep33 pat 34 (414s)
  [Data_01] ep 68 val 0.8549 best 0.7665@ep33 pat 35 (420s)
  [Data_01] ep 69 val 0.8944 best 0.7665@ep33 pat 36 (426s)
  [Data_01] ep 70 val 1.0152 best 0.7665@ep33 pat 37 (432s)
  [Data_01] ep 71 val 0.8556 best 0.7665@ep33 pat 38 (437s)
  [Data_01] ep 72 val 0.9307 best 0.7665@ep33 pat 39 (443s)
  [Data_01] ep 73 val 0.9450 best 0.7665@ep33 pat 40 (449s)
  [Data_01] ep 74 val 0.9539 best 0.7665@ep33 pat 41 (454s)
  [Data_01] ep 75 val 0.9028 best 0.7665@ep33 pat 42 (460s)
  [Data_01] ep 76 val 0.8780 best 0.7665@ep33 pat 43 (466s)
  [Data_01] ep 77 val 0.8696 best 0.7665@ep33 pat 44 (471s)
  [Data_01] ep 78 val 0.9405 best 0.7665@ep33 pat 45 (477s)
  [Data_01] ep 79 val 0.8969 best 0.7665@ep33 pat 46 (483s)
  [Data_01] ep 80 val 1.0331 best 0.7665@ep33 pat 47 (488s)
  [Data_01] ep 81 val 0.9560 best 0.7665@ep33 pat 48 (494s)
  [Data_01] ep 82 val 0.9756 best 0.7665@ep33 pat 49 (500s)
  [Data_01] ep 83 val 0.8472 best 0.7665@ep33 pat 50 (505s)
  [Data_01] EARLYSTOP ep83 best 0.7665@ep33
*** Data_01 test MAE 0.763 (505s)
==== Data_01 DONE
