command: python -m hingesense.trainer --out results/raw/electrodes_top4 --target Data_10 --seed 2027 --epochs 300 --patience 50 --channels 0,7,14,21,28,98
UserWarning: Can't initialize NVML
os: Linux-6.8.0-138-generic-x86_64-with-glibc2.35
cpu: Intel(R) Xeon(R) Platinum 8480C x224, ram 1007.5 GB
gpu: NVIDIA H100 (driver 580.173.02)
python 3.11.15, torch 2.12.0+cu130, cuda 13.0
channel subset (6 channels) = [0, 7, 14, 21, 28, 98]
=== Data_10 seed=2027 epochs=300 patience=50 ablation=none channels=6 dev=cuda:0 ===
pool=36 folds (flips=True)
  [Data_10] cond=assembly sources=32
  [Data_10] NEWBEST ep0 val=0.6671 test=0.6584
  [Data_10] ep 0 val 0.6671 best 0.6671@ep0 pat 0 (6s)
  [Data_10] NEWBEST ep1 val=0.4221 test=0.3847
  [Data_10] ep 1 val 0.4221 best 0.4221@ep1 pat 0 (12s)
  [Data_10] NEWBEST ep2 val=0.3002 test=0.3048
  [Data_10] ep 2 val 0.3002 best 0.3002@ep2 pat 0 (18s)
  [Data_10] NEWBEST ep3 val=0.2321 test=0.2275
  [Data_10] ep 3 val 0.2321 best 0.2321@ep3 pat 0 (24s)
  [Data_10] NEWBEST ep4 val=0.2126 test=0.2144
  [Data_10] ep 4 val 0.2126 best 0.2126@ep4 pat 0 (31s)
  [Data_10] NEWBEST ep5 val=0.1814 test=0.1871
  [Data_10] ep 5 val 0.1814 best 0.1814@ep5 pat 0 (37s)
  [Data_10] ep 6 val 0.1966 best 0.1814@ep5 pat 1 (43s)
  [Data_10] NEWBEST ep7 val=0.1699 test=0.1851
  [Data_10] ep 7 val 0.1699 best 0.1699@ep7 pat 0 (49s)
  [Data_10] ep 8 val 0.1899 best 0.1699@ep7 pat 1 (55s)
  [Data_10] ep 9 val 0.1786 best 0.1699@ep7 pat 2 (61s)
  [Data_10] ep 10 val 0.1875 best 0.1699@ep7 pat 3 (68s)
  [Data_10] ep 11 val 0.1879 best 0.1699@ep7 pat 4 (74s)
  [Data_10] ep 12 val 0.1927 best 0.1699@ep7 pat 5 (80s)
  [Data_10] NEWBEST ep13 val=0.1621 test=0.1754
  [Data_10] ep 13 val 0.1621 best 0.1621@ep13 pat 0 (86s)
  [Data_10] ep 14 val 0.1702 best 0.1621@ep13 pat 1 (92s)
  [Data_10] ep 15 val 0.1724 best 0.1621@ep13 pat 2 (98s)
  [Data_10] ep 16 val 0.1635 best 0.1621@ep13 pat 3 (105s)
  [Data_10] NEWBEST ep17 val=0.1553 test=0.1618
  [Data_10] ep 17 val 0.1553 best 0.1553@ep17 pat 0 (111s)
  [Data_10] ep 18 val 0.1769 best 0.1553@ep17 pat 1 (117s)
  [Data_10] ep 19 val 0.1790 best 0.1553@ep17 pat 2 (123s)
  [Data_10] ep 20 val 0.1848 best 0.1553@ep17 pat 3 (129s)
  [Data_10] ep 21 val 0.1789 best 0.1553@ep17 pat 4 (135s)
  [Data_10] ep 22 val 0.1792 best 0.1553@ep17 pat 5 (142s)
  [Data_10] ep 23 val 0.1602 best 0.1553@ep17 pat 6 (148s)
  [Data_10] ep 24 val 0.1793 best 0.1553@ep17 pat 7 (154s)
  [Data_10] ep 25 val 0.1982 best 0.1553@ep17 pat 8 (160s)
  [Data_10] ep 26 val 0.1711 best 0.1553@ep17 pat 9 (166s)
  [Data_10] ep 27 val 0.1820 best 0.1553@ep17 pat 10 (172s)
  [Data_10] ep 28 val 0.1639 best 0.1553@ep17 pat 11 (179s)
  [Data_10] NEWBEST ep29 val=0.1551 test=0.1636
  [Data_10] ep 29 val 0.1551 best 0.1551@ep29 pat 0 (185s)
  [Data_10] ep 30 val 0.1675 best 0.1551@ep29 pat 1 (191s)
  [Data_10] ep 31 val 0.1677 best 0.1551@ep29 pat 2 (197s)
  [Data_10] ep 32 val 0.1715 best 0.1551@ep29 pat 3 (203s)
  [Data_10] ep 33 val 0.1730 best 0.1551@ep29 pat 4 (210s)
  [Data_10] ep 34 val 0.1839 best 0.1551@ep29 pat 5 (216s)
  [Data_10] ep 35 val 0.1692 best 0.1551@ep29 pat 6 (222s)
  [Data_10] ep 36 val 0.1556 best 0.1551@ep29 pat 7 (228s)
  [Data_10] ep 37 val 0.1652 best 0.1551@ep29 pat 8 (234s)
  [Data_10] NEWBEST ep38 val=0.1519 test=0.1505
  [Data_10] ep 38 val 0.1519 best 0.1519@ep38 pat 0 (240s)
  [Data_10] ep 39 val 0.1653 best 0.1519@ep38 pat 1 (247s)
  [Data_10] ep 40 val 0.1767 best 0.1519@ep38 pat 2 (253s)
  [Data_10] ep 41 val 0.1710 best 0.1519@ep38 pat 3 (259s)
  [Data_10] ep 42 val 0.1693 best 0.1519@ep38 pat 4 (265s)
  [Data_10] ep 43 val 0.1651 best 0.1519@ep38 pat 5 (271s)
  [Data_10] ep 44 val 0.1788 best 0.1519@ep38 pat 6 (277s)
  [Data_10] ep 45 val 0.1848 best 0.1519@ep38 pat 7 (284s)
  [Data_10] ep 46 val 0.1780 best 0.1519@ep38 pat 8 (290s)
  [Data_10] ep 47 val 0.1657 best 0.1519@ep38 pat 9 (296s)
  [Data_10] ep 48 val 0.1666 best 0.1519@ep38 pat 10 (302s)
  [Data_10] ep 49 val 0.1830 best 0.1519@ep38 pat 11 (308s)
  [Data_10] ep 50 val 0.1720 best 0.1519@ep38 pat 12 (314s)
  [Data_10] ep 51 val 0.1901 best 0.1519@ep38 pat 13 (320s)
  [Data_10] ep 52 val 0.1990 best 0.1519@ep38 pat 14 (327s)
  [Data_10] ep 53 val 0.1621 best 0.1519@ep38 pat 15 (333s)
  [Data_10] ep 54 val 0.1717 best 0.1519@ep38 pat 16 (339s)
  [Data_10] ep 55 val 0.1782 best 0.1519@ep38 pat 17 (345s)
  [Data_10] ep 56 val 0.1674 best 0.1519@ep38 pat 18 (351s)
  [Data_10] ep 57 val 0.1669 best 0.1519@ep38 pat 19 (357s)
  [Data_10] ep 58 val 0.1657 best 0.1519@ep38 pat 20 (364s)
  [Data_10] ep 59 val 0.1855 best 0.1519@ep38 pat 21 (370s)
  [Data_10] ep 60 val 0.1599 best 0.1519@ep38 pat 22 (376s)
  [Data_10] ep 61 val 0.1794 best 0.1519@ep38 pat 23 (382s)
  [Data_10] ep 62 val 0.1663 best 0.1519@ep38 pat 24 (388s)
  [Data_10] ep 63 val 0.1762 best 0.1519@ep38 pat 25 (394s)
  [Data_10] ep 64 val 0.1719 best 0.1519@ep38 pat 26 (401s)
  [Data_10] ep 65 val 0.1829 best 0.1519@ep38 pat 27 (407s)
  [Data_10] ep 66 val 0.1797 best 0.1519@ep38 pat 28 (413s)
  [Data_10] NEWBEST ep67 val=0.1473 test=0.1431
  [Data_10] ep 67 val 0.1473 best 0.1473@ep67 pat 0 (419s)
  [Data_10] ep 68 val 0.1630 best 0.1473@ep67 pat 1 (425s)
  [Data_10] ep 69 val 0.1661 best 0.1473@ep67 pat 2 (431s)
  [Data_10] ep 70 val 0.1567 best 0.1473@ep67 pat 3 (437s)
  [Data_10] ep 71 val 0.1806 best 0.1473@ep67 pat 4 (444s)
  [Data_10] ep 72 val 0.1783 best 0.1473@ep67 pat 5 (450s)
  [Data_10] ep 73 val 0.1665 best 0.1473@ep67 pat 6 (456s)
  [Data_10] ep 74 val 0.1522 best 0.1473@ep67 pat 7 (462s)
  [Data_10] ep 75 val 0.1707 best 0.1473@ep67 pat 8 (468s)
  [Data_10] ep 76 val 0.1702 best 0.1473@ep67 pat 9 (474s)
  [Data_10] ep 77 val 0.1577 best 0.1473@ep67 pat 10 (480s)
  [Data_10] ep 78 val 0.1710 best 0.1473@ep67 pat 11 (486s)
  [Data_10] ep 79 val 0.2043 best 0.1473@ep67 pat 12 (491s)
  [Data_10] ep 80 val 0.1669 best 0.1473@ep67 pat 13 (497s)
  [Data_10] ep 81 val 0.1605 best 0.1473@ep67 pat 14 (503s)
  [Data_10] ep 82 val 0.1523 best 0.1473@ep67 pat 15 (508s)
  [Data_10] ep 83 val 0.1525 best 0.1473@ep67 pat 16 (514s)
  [Data_10] ep 84 val 0.1657 best 0.1473@ep67 pat 17 (520s)
  [Data_10] ep 85 val 0.1592 best 0.1473@ep67 pat 18 (526s)
  [Data_10] ep 86 val 0.1506 best 0.1473@ep67 pat 19 (531s)
  [Data_10] ep 87 val 0.1745 best 0.1473@ep67 pat 20 (537s)
  [Data_10] ep 88 val 0.1526 best 0.1473@ep67 pat 21 (543s)
  [Data_10] ep 89 val 0.1513 best 0.1473@ep67 pat 22 (548s)
  [Data_10] ep 90 val 0.1534 best 0.1473@ep67 pat 23 (554s)
  [Data_10] ep 91 val 0.1985 best 0.1473@ep67 pat 24 (560s)
  [Data_10] ep 92 val 0.1869 best 0.1473@ep67 pat 25 (565s)
  [Data_10] ep 93 val 0.1618 best 0.1473@ep67 pat 26 (571s)
  [Data_10] ep 94 val 0.1860 best 0.1473@ep67 pat 27 (577s)
  [Data_10] ep 95 val 0.1678 best 0.1473@ep67 pat 28 (583s)
  [Data_10] ep 96 val 0.1650 best 0.1473@ep67 pat 29 (588s)
  [Data_10] ep 97 val 0.1761 best 0.1473@ep67 pat 30 (594s)
  [Data_10] ep 98 val 0.1595 best 0.1473@ep67 pat 31 (600s)
  [Data_10] NEWBEST ep99 val=0.1352 test=0.1327
  [Data_10] ep 99 val 0.1352 best 0.1352@ep99 pat 0 (606s)
  [Data_10] ep 100 val 0.1403 best 0.1352@ep99 pat 1 (611s)
  [Data_10] ep 101 val 0.1644 best 0.1352@ep99 pat 2 (617s)
  [Data_10] ep 102 val 0.1541 best 0.1352@ep99 pat 3 (622s)
  [Data_10] ep 103 val 0.1713 best 0.1352@ep99 pat 4 (628s)
  [Data_10] ep 104 val 0.1689 best 0.1352@ep99 pat 5 (634s)
  [Data_10] ep 105 val 0.1710 best 0.1352@ep99 pat 6 (639s)
  [Data_10] ep 106 val 0.1618 best 0.1352@ep99 pat 7 (645s)
  [Data_10] ep 107 val 0.1814 best 0.1352@ep99 pat 8 (651s)
  [Data_10] ep 108 val 0.1498 best 0.1352@ep99 pat 9 (656s)
  [Data_10] ep 109 val 0.1726 best 0.1352@ep99 pat 10 (662s)
  [Data_10] ep 110 val 0.1770 best 0.1352@ep99 pat 11 (668s)
  [Data_10] ep 111 val 0.1469 best 0.1352@ep99 pat 12 (673s)
  [Data_10] ep 112 val 0.1489 best 0.1352@ep99 pat 13 (679s)
  [Data_10] ep 113 val 0.1410 best 0.1352@ep99 pat 14 (684s)
  [Data_10] ep 114 val 0.1372 best 0.1352@ep99 pat 15 (690s)
  [Data_10] ep 115 val 0.1578 best 0.1352@ep99 pat 16 (696s)
  [Data_10] ep 116 val 0.1663 best 0.1352@ep99 pat 17 (701s)
  [Data_10] ep 117 val 0.1382 best 0.1352@ep99 pat 18 (707s)
  [Data_10] ep 118 val 0.1622 best 0.1352@ep99 pat 19 (713s)
  [Data_10] ep 119 val 0.1641 best 0.1352@ep99 pat 20 (718s)
  [Data_10] ep 120 val 0.1719 best 0.1352@ep99 pat 21 (724s)
  [Data_10] ep 121 val 0.1532 best 0.1352@ep99 pat 22 (730s)
  [Data_10] ep 122 val 0.1668 best 0.1352@ep99 pat 23 (735s)
  [Data_10] ep 123 val 0.1657 best 0.1352@ep99 pat 24 (741s)
  [Data_10] ep 124 val 0.1665 best 0.1352@ep99 pat 25 (747s)
  [Data_10] ep 125 val 0.1538 best 0.1352@ep99 pat 26 (752s)
  [Data_10] ep 126 val 0.1476 best 0.1352@ep99 pat 27 (758s)
  [Data_10] ep 127 val 0.1502 best 0.1352@ep99 pat 28 (763s)
  [Data_10] ep 128 val 0.1805 best 0.1352@ep99 pat 29 (769s)
  [Data_10] ep 129 val 0.1516 best 0.1352@ep99 pat 30 (775s)
  [Data_10] ep 130 val 0.1852 best 0.1352@ep99 pat 31 (780s)
  [Data_10] ep 131 val 0.1577 best 0.1352@ep99 pat 32 (786s)
  [Data_10] ep 132 val 0.1684 best 0.1352@ep99 pat 33 (792s)
  [Data_10] ep 133 val 0.1636 best 0.1352@ep99 pat 34 (797s)
  [Data_10] ep 134 val 0.1725 best 0.1352@ep99 pat 35 (803s)
  [Data_10] ep 135 val 0.1601 best 0.1352@ep99 pat 36 (809s)
  [Data_10] ep 136 val 0.1701 best 0.1352@ep99 pat 37 (815s)
  [Data_10] ep 137 val 0.1620 best 0.1352@ep99 pat 38 (820s)
  [Data_10] ep 138 val 0.1499 best 0.1352@ep99 pat 39 (826s)
  [Data_10] ep 139 val 0.1685 best 0.1352@ep99 pat 40 (832s)
  [Data_10] ep 140 val 0.1512 best 0.1352@ep99 pat 41 (837s)
  [Data_10] ep 141 val 0.1549 best 0.1352@ep99 pat 42 (843s)
  [Data_10] ep 142 val 0.1526 best 0.1352@ep99 pat 43 (849s)
  [Data_10] ep 143 val 0.1542 best 0.1352@ep99 pat 44 (854s)
  [Data_10] ep 144 val 0.1714 best 0.1352@ep99 pat 45 (860s)
  [Data_10] ep 145 val 0.1527 best 0.1352@ep99 pat 46 (866s)
  [Data_10] ep 146 val 0.1724 best 0.1352@ep99 pat 47 (871s)
  [Data_10] ep 147 val 0.1758 best 0.1352@ep99 pat 48 (877s)
  [Data_10] ep 148 val 0.1792 best 0.1352@ep99 pat 49 (883s)
  [Data_10] ep 149 val 0.1551 best 0.1352@ep99 pat 50 (888s)
  [Data_10] EARLYSTOP ep149 best 0.1352@ep99
*** Data_10 test MAE 0.133 (888s)
==== Data_10 DONE
