command: python -m hingesense.trainer --out results/raw/electrodes_top4 --target Data_11 --seed 2027 --epochs 300 --patience 50 --channels 0,7,14,21,28,98
UserWarning: Can't initialize NVML
os: Linux-6.8.0-138-generic-x86_64-with-glibc2.35
cpu: Intel(R) Xeon(R) Platinum 8480C x224, ram 1007.5 GB
gpu: NVIDIA H100 (driver 580.173.02)
python 3.11.15, torch 2.12.0+cu130, cuda 13.0
channel subset (6 channels) = [0, 7, 14, 21, 28, 98]
=== Data_11 seed=2027 epochs=300 patience=50 ablation=none channels=6 dev=cuda:0 ===
pool=36 folds (flips=True)
  [Data_11] cond=assembly sources=32
  [Data_11] NEWBEST ep0 val=2.5775 test=1.9989
  [Data_11] ep 0 val 2.5775 best 2.5775@ep0 pat 0 (6s)
  [Data_11] NEWBEST ep1 val=1.1469 test=0.7043
  [Data_11] ep 1 val 1.1469 best 1.1469@ep1 pat 0 (12s)
  [Data_11] NEWBEST ep2 val=0.8591 test=0.7873
  [Data_11] ep 2 val 0.8591 best 0.8591@ep2 pat 0 (18s)
  [Data_11] ep 3 val 1.0093 best 0.8591@ep2 pat 1 (24s)
  [Data_11] ep 4 val 1.0481 best 0.8591@ep2 pat 2 (30s)
  [Data_11] NEWBEST ep5 val=0.6532 test=0.4632
  [Data_11] ep 5 val 0.6532 best 0.6532@ep5 pat 0 (37s)
  [Data_11] ep 6 val 0.8458 best 0.6532@ep5 pat 1 (43s)
  [Data_11] ep 7 val 0.9432 best 0.6532@ep5 pat 2 (49s)
  [Data_11] ep 8 val 1.0461 best 0.6532@ep5 pat 3 (55s)
  [Data_11] ep 9 val 0.7861 best 0.6532@ep5 pat 4 (61s)
  [Data_11] NEWBEST ep10 val=0.6096 test=0.5613
  [Data_11] ep 10 val 0.6096 best 0.6096@ep10 pat 0 (67s)
  [Data_11] ep 11 val 1.0162 best 0.6096@ep10 pat 1 (73s)
  [Data_11] ep 12 val 0.9808 best 0.6096@ep10 pat 2 (80s)
  [Data_11] ep 13 val 0.8905 best 0.6096@ep10 pat 3 (86s)
  [Data_11] NEWBEST ep14 val=0.5708 test=0.5397
  [Data_11] ep 14 val 0.5708 best 0.5708@ep14 pat 0 (92s)
  [Data_11] ep 15 val 0.7660 best 0.5708@ep14 pat 1 (98s)
  [Data_11] ep 16 val 0.8718 best 0.5708@ep14 pat 2 (104s)
  [Data_11] ep 17 val 0.8419 best 0.5708@ep14 pat 3 (110s)
  [Data_11] ep 18 val 0.7885 best 0.5708@ep14 pat 4 (116s)
  [Data_11] ep 19 val 0.7118 best 0.5708@ep14 pat 5 (123s)
  [Data_11] ep 20 val 0.7024 best 0.5708@ep14 pat 6 (129s)
  [Data_11] ep 21 val 0.8453 best 0.5708@ep14 pat 7 (135s)
  [Data_11] ep 22 val 0.6611 best 0.5708@ep14 pat 8 (141s)
  [Data_11] ep 23 val 0.5956 best 0.5708@ep14 pat 9 (147s)
  [Data_11] ep 24 val 1.0350 best 0.5708@ep14 pat 10 (153s)
  [Data_11] ep 25 val 0.6985 best 0.5708@ep14 pat 11 (159s)
  [Data_11] ep 26 val 0.8022 best 0.5708@ep14 pat 12 (166s)
  [Data_11] ep 27 val 1.0257 best 0.5708@ep14 pat 13 (172s)
  [Data_11] ep 28 val 0.9435 best 0.5708@ep14 pat 14 (178s)
  [Data_11] ep 29 val 0.6757 best 0.5708@ep14 pat 15 (184s)
  [Data_11] ep 30 val 0.7126 best 0.5708@ep14 pat 16 (190s)
  [Data_11] ep 31 val 0.7360 best 0.5708@ep14 pat 17 (196s)
  [Data_11] ep 32 val 0.8048 best 0.5708@ep14 pat 18 (202s)
  [Data_11] ep 33 val 0.6949 best 0.5708@ep14 pat 19 (209s)
  [Data_11] ep 34 val 0.7332 best 0.5708@ep14 pat 20 (215s)
  [Data_11] ep 35 val 1.0169 best 0.5708@ep14 pat 21 (221s)
  [Data_11] ep 36 val 0.9070 best 0.5708@ep14 pat 22 (227s)
  [Data_11] ep 37 val 1.0331 best 0.5708@ep14 pat 23 (233s)
  [Data_11] ep 38 val 0.9129 best 0.5708@ep14 pat 24 (239s)
  [Data_11] ep 39 val 0.8975 best 0.5708@ep14 pat 25 (245s)
  [Data_11] ep 40 val 0.7010 best 0.5708@ep14 pat 26 (252s)
  [Data_11] ep 41 val 0.9540 best 0.5708@ep14 pat 27 (258s)
  [Data_11] ep 42 val 0.6821 best 0.5708@ep14 pat 28 (264s)
  [Data_11] ep 43 val 0.7703 best 0.5708@ep14 pat 29 (270s)
  [Data_11] ep 44 val 0.7190 best 0.5708@ep14 pat 30 (276s)
  [Data_11] ep 45 val 0.6754 best 0.5708@ep14 pat 31 (282s)
  [Data_11] ep 46 val 1.0308 best 0.5708@ep14 pat 32 (288s)
  [Data_11] ep 47 val 0.7270 best 0.5708@ep14 pat 33 (295s)
  [Data_11] ep 48 val 0.6741 best 0.5708@ep14 pat 34 (301s)
  [Data_11] ep 49 val 0.7595 best 0.5708@ep14 pat 35 (307s)
  [Data_11] ep 50 val 0.7013 best 0.5708@ep14 pat 36 (313s)
  [Data_11] ep 51 val 0.8563 best 0.5708@ep14 pat 37 (319s)
  [Data_11] ep 52 val 0.8576 best 0.5708@ep14 pat 38 (325s)
  [Data_11] ep 53 val 0.8885 best 0.5708@ep14 pat 39 (331s)
  [Data_11] ep 54 val 0.6585 best 0.5708@ep14 pat 40 (338s)
  [Data_11] ep 55 val 1.1046 best 0.5708@ep14 pat 41 (343s)
  [Data_11] ep 56 val 0.8326 best 0.5708@ep14 pat 42 (349s)
  [Data_11] ep 57 val 0.6779 best 0.5708@ep14 pat 43 (355s)
  [Data_11] ep 58 val 1.0229 best 0.5708@ep14 pat 44 (362s)
  [Data_11] ep 59 val 0.8062 best 0.5708@ep14 pat 45 (368s)
  [Data_11] ep 60 val 0.8929 best 0.5708@ep14 pat 46 (374s)
  [Data_11] ep 61 val 0.8676 best 0.5708@ep14 pat 47 (380s)
  [Data_11] ep 62 val 0.6962 best 0.5708@ep14 pat 48 (385s)
  [Data_11] ep 63 val 0.7180 best 0.5708@ep14 pat 49 (391s)
  [Data_11] ep 64 val 0.8462 best 0.5708@ep14 pat 50 (397s)
  [Data_11] EARLYSTOP ep64 best 0.5708@ep14
*** Data_11 test MAE 0.540 (397s)
==== Data_11 DONE
