command: python -m hingesense.trainer --out results/raw/electrodes_top4 --target Data_04 --seed 2027 --epochs 300 --patience 50 --channels 0,7,14,21,28,98
UserWarning: Can't initialize NVML
os: Linux-6.8.0-138-generic-x86_64-with-glibc2.35
cpu: Intel(R) Xeon(R) Platinum 8480C x224, ram 1007.5 GB
gpu: NVIDIA H100 (driver 580.173.02)
python 3.11.15, torch 2.12.0+cu130, cuda 13.0
channel subset (6 channels) = [0, 7, 14, 21, 28, 98]
=== Data_04 seed=2027 epochs=300 patience=50 ablation=none channels=6 dev=cuda:0 ===
pool=56 folds (flips=True)
  [Data_04] cond=noload sources=52
  [Data_04] NEWBEST ep0 val=1.4236 test=1.3713
  [Data_04] ep 0 val 1.4236 best 1.4236@ep0 pat 0 (7s)
  [Data_04] ep 1 val 1.5616 best 1.4236@ep0 pat 1 (13s)
  [Data_04] NEWBEST ep2 val=0.5831 test=0.4985
  [Data_04] ep 2 val 0.5831 best 0.5831@ep2 pat 0 (19s)
  [Data_04] ep 3 val 0.6025 best 0.5831@ep2 pat 1 (26s)
  [Data_04] ep 4 val 1.0561 best 0.5831@ep2 pat 2 (32s)
  [Data_04] NEWBEST ep5 val=0.5535 test=0.5713
  [Data_04] ep 5 val 0.5535 best 0.5535@ep5 pat 0 (38s)
  [Data_04] ep 6 val 0.5846 best 0.5535@ep5 pat 1 (44s)
  [Data_04] ep 7 val 0.7845 best 0.5535@ep5 pat 2 (50s)
  [Data_04] ep 8 val 0.6883 best 0.5535@ep5 pat 3 (57s)
  [Data_04] NEWBEST ep9 val=0.5295 test=0.5555
  [Data_04] ep 9 val 0.5295 best 0.5295@ep9 pat 0 (63s)
  [Data_04] ep 10 val 0.6493 best 0.5295@ep9 pat 1 (69s)
  [Data_04] ep 11 val 0.5586 best 0.5295@ep9 pat 2 (75s)
  [Data_04] ep 12 val 0.5812 best 0.5295@ep9 pat 3 (81s)
  [Data_04] ep 13 val 0.5384 best 0.5295@ep9 pat 4 (87s)
  [Data_04] NEWBEST ep14 val=0.5147 test=0.5453
  [Data_04] ep 14 val 0.5147 best 0.5147@ep14 pat 0 (94s)
  [Data_04] ep 15 val 0.5232 best 0.5147@ep14 pat 1 (100s)
  [Data_04] ep 16 val 0.5751 best 0.5147@ep14 pat 2 (106s)
  [Data_04] ep 17 val 0.6913 best 0.5147@ep14 pat 3 (112s)
  [Data_04] ep 18 val 0.5787 best 0.5147@ep14 pat 4 (118s)
  [Data_04] ep 19 val 0.5967 best 0.5147@ep14 pat 5 (124s)
  [Data_04] NEWBEST ep20 val=0.4778 test=0.5529
  [Data_04] ep 20 val 0.4778 best 0.4778@ep20 pat 0 (131s)
  [Data_04] ep 21 val 0.5526 best 0.4778@ep20 pat 1 (137s)
  [Data_04] ep 22 val 0.6105 best 0.4778@ep20 pat 2 (143s)
  [Data_04] ep 23 val 0.5959 best 0.4778@ep20 pat 3 (149s)
  [Data_04] ep 24 val 0.5872 best 0.4778@ep20 pat 4 (155s)
  [Data_04] ep 25 val 0.5971 best 0.4778@ep20 pat 5 (162s)
  [Data_04] ep 26 val 0.5443 best 0.4778@ep20 pat 6 (168s)
  [Data_04] ep 27 val 0.6106 best 0.4778@ep20 pat 7 (174s)
  [Data_04] ep 28 val 0.5748 best 0.4778@ep20 pat 8 (180s)
  [Data_04] ep 29 val 0.6816 best 0.4778@ep20 pat 9 (186s)
  [Data_04] ep 30 val 0.7166 best 0.4778@ep20 pat 10 (192s)
  [Data_04] ep 31 val 0.6474 best 0.4778@ep20 pat 11 (199s)
  [Data_04] ep 32 val 0.6536 best 0.4778@ep20 pat 12 (205s)
  [Data_04] ep 33 val 0.6629 best 0.4778@ep20 pat 13 (211s)
  [Data_04] ep 34 val 0.6420 best 0.4778@ep20 pat 14 (217s)
  [Data_04] ep 35 val 0.5432 best 0.4778@ep20 pat 15 (223s)
  [Data_04] ep 36 val 0.6092 best 0.4778@ep20 pat 16 (230s)
  [Data_04] ep 37 val 0.5743 best 0.4778@ep20 pat 17 (236s)
  [Data_04] ep 38 val 0.5810 best 0.4778@ep20 pat 18 (242s)
  [Data_04] ep 39 val 0.6318 best 0.4778@ep20 pat 19 (248s)
  [Data_04] ep 40 val 0.6325 best 0.4778@ep20 pat 20 (254s)
  [Data_04] ep 41 val 0.6158 best 0.4778@ep20 pat 21 (260s)
  [Data_04] ep 42 val 0.6045 best 0.4778@ep20 pat 22 (266s)
  [Data_04] ep 43 val 0.6191 best 0.4778@ep20 pat 23 (273s)
  [Data_04] ep 44 val 0.5683 best 0.4778@ep20 pat 24 (279s)
  [Data_04] ep 45 val 0.5836 best 0.4778@ep20 pat 25 (285s)
  [Data_04] ep 46 val 0.6019 best 0.4778@ep20 pat 26 (291s)
  [Data_04] ep 47 val 0.6120 best 0.4778@ep20 pat 27 (297s)
  [Data_04] ep 48 val 0.5957 best 0.4778@ep20 pat 28 (303s)
  [Data_04] ep 49 val 0.6170 best 0.4778@ep20 pat 29 (310s)
  [Data_04] ep 50 val 0.5147 best 0.4778@ep20 pat 30 (316s)
  [Data_04] ep 51 val 0.5522 best 0.4778@ep20 pat 31 (322s)
  [Data_04] ep 52 val 0.5782 best 0.4778@ep20 pat 32 (328s)
  [Data_04] ep 53 val 0.5863 best 0.4778@ep20 pat 33 (334s)
  [Data_04] ep 54 val 0.5615 best 0.4778@ep20 pat 34 (340s)
  [Data_04] ep 55 val 0.6277 best 0.4778@ep20 pat 35 (347s)
  [Data_04] ep 56 val 0.6017 best 0.4778@ep20 pat 36 (353s)
  [Data_04] ep 57 val 0.5572 best 0.4778@ep20 pat 37 (359s)
  [Data_04] ep 58 val 0.6186 best 0.4778@ep20 pat 38 (365s)
  [Data_04] ep 59 val 0.5869 best 0.4778@ep20 pat 39 (371s)
  [Data_04] ep 60 val 0.5761 best 0.4778@ep20 pat 40 (378s)
  [Data_04] ep 61 val 0.6012 best 0.4778@ep20 pat 41 (384s)
  [Data_04] ep 62 val 0.5468 best 0.4778@ep20 pat 42 (390s)
  [Data_04] ep 63 val 0.5194 best 0.4778@ep20 pat 43 (396s)
  [Data_04] ep 64 val 0.5761 best 0.4778@ep20 pat 44 (402s)
  [Data_04] ep 65 val 0.5658 best 0.4778@ep20 pat 45 (409s)
  [Data_04] ep 66 val 0.5323 best 0.4778@ep20 pat 46 (415s)
  [Data_04] ep 67 val 0.5433 best 0.4778@ep20 pat 47 (421s)
  [Data_04] ep 68 val 0.5463 best 0.4778@ep20 pat 48 (427s)
  [Data_04] ep 69 val 0.6196 best 0.4778@ep20 pat 49 (433s)
  [Data_04] ep 70 val 0.6228 best 0.4778@ep20 pat 50 (439s)
  [Data_04] EARLYSTOP ep70 best 0.4778@ep20
*** Data_04 test MAE 0.553 (440s)
==== Data_04 DONE
