command: python -m hingesense.trainer --out results/raw/electrodes_top4 --target Data_03 --seed 2027 --epochs 300 --patience 50 --channels 0,7,14,21,28,98
UserWarning: Can't initialize NVML
os: Linux-6.8.0-138-generic-x86_64-with-glibc2.35
cpu: Intel(R) Xeon(R) Platinum 8480C x224, ram 1007.5 GB
gpu: NVIDIA H100 (driver 580.173.02)
python 3.11.15, torch 2.12.0+cu130, cuda 13.0
channel subset (6 channels) = [0, 7, 14, 21, 28, 98]
=== Data_03 seed=2027 epochs=300 patience=50 ablation=none channels=6 dev=cuda:0 ===
pool=56 folds (flips=True)
  [Data_03] cond=noload sources=52
  [Data_03] NEWBEST ep0 val=2.3377 test=1.8452
  [Data_03] ep 0 val 2.3377 best 2.3377@ep0 pat 0 (7s)
  [Data_03] NEWBEST ep1 val=1.2086 test=1.0124
  [Data_03] ep 1 val 1.2086 best 1.2086@ep1 pat 0 (13s)
  [Data_03] NEWBEST ep2 val=1.0695 test=0.5632
  [Data_03] ep 2 val 1.0695 best 1.0695@ep2 pat 0 (20s)
  [Data_03] NEWBEST ep3 val=0.7894 test=0.3468
  [Data_03] ep 3 val 0.7894 best 0.7894@ep3 pat 0 (26s)
  [Data_03] NEWBEST ep4 val=0.6247 test=0.3235
  [Data_03] ep 4 val 0.6247 best 0.6247@ep4 pat 0 (32s)
  [Data_03] NEWBEST ep5 val=0.5548 test=0.1857
  [Data_03] ep 5 val 0.5548 best 0.5548@ep5 pat 0 (38s)
  [Data_03] NEWBEST ep6 val=0.5463 test=0.1952
  [Data_03] ep 6 val 0.5463 best 0.5463@ep6 pat 0 (44s)
  [Data_03] ep 7 val 0.5996 best 0.5463@ep6 pat 1 (50s)
  [Data_03] NEWBEST ep8 val=0.4698 test=0.1846
  [Data_03] ep 8 val 0.4698 best 0.4698@ep8 pat 0 (56s)
  [Data_03] NEWBEST ep9 val=0.4459 test=0.1572
  [Data_03] ep 9 val 0.4459 best 0.4459@ep9 pat 0 (63s)
  [Data_03] NEWBEST ep10 val=0.4200 test=0.1810
  [Data_03] ep 10 val 0.4200 best 0.4200@ep10 pat 0 (69s)
  [Data_03] ep 11 val 0.4242 best 0.4200@ep10 pat 1 (75s)
  [Data_03] ep 12 val 0.4519 best 0.4200@ep10 pat 2 (81s)
  [Data_03] ep 13 val 0.4548 best 0.4200@ep10 pat 3 (87s)
  [Data_03] ep 14 val 0.5512 best 0.4200@ep10 pat 4 (93s)
  [Data_03] ep 15 val 0.4458 best 0.4200@ep10 pat 5 (99s)
  [Data_03] ep 16 val 0.4966 best 0.4200@ep10 pat 6 (106s)
  [Data_03] ep 17 val 0.4667 best 0.4200@ep10 pat 7 (112s)
  [Data_03] ep 18 val 0.4530 best 0.4200@ep10 pat 8 (118s)
  [Data_03] ep 19 val 0.4677 best 0.4200@ep10 pat 9 (124s)
  [Data_03] ep 20 val 0.4630 best 0.4200@ep10 pat 10 (130s)
  [Data_03] ep 21 val 0.4305 best 0.4200@ep10 pat 11 (136s)
  [Data_03] NEWBEST ep22 val=0.3733 test=0.1900
  [Data_03] ep 22 val 0.3733 best 0.3733@ep22 pat 0 (143s)
  [Data_03] ep 23 val 0.4231 best 0.3733@ep22 pat 1 (149s)
  [Data_03] ep 24 val 0.3914 best 0.3733@ep22 pat 2 (155s)
  [Data_03] ep 25 val 0.4302 best 0.3733@ep22 pat 3 (161s)
  [Data_03] ep 26 val 0.4467 best 0.3733@ep22 pat 4 (167s)
  [Data_03] ep 27 val 0.4035 best 0.3733@ep22 pat 5 (173s)
  [Data_03] ep 28 val 0.4208 best 0.3733@ep22 pat 6 (180s)
  [Data_03] ep 29 val 0.4393 best 0.3733@ep22 pat 7 (186s)
  [Data_03] ep 30 val 0.4304 best 0.3733@ep22 pat 8 (192s)
  [Data_03] ep 31 val 0.4198 best 0.3733@ep22 pat 9 (198s)
  [Data_03] ep 32 val 0.3868 best 0.3733@ep22 pat 10 (204s)
  [Data_03] NEWBEST ep33 val=0.3696 test=0.1615
  [Data_03] ep 33 val 0.3696 best 0.3696@ep33 pat 0 (210s)
  [Data_03] ep 34 val 0.4273 best 0.3696@ep33 pat 1 (217s)
  [Data_03] NEWBEST ep35 val=0.3582 test=0.1556
  [Data_03] ep 35 val 0.3582 best 0.3582@ep35 pat 0 (223s)
  [Data_03] ep 36 val 0.4388 best 0.3582@ep35 pat 1 (229s)
  [Data_03] NEWBEST ep37 val=0.3452 test=0.1662
  [Data_03] ep 37 val 0.3452 best 0.3452@ep37 pat 0 (235s)
  [Data_03] ep 38 val 0.3752 best 0.3452@ep37 pat 1 (241s)
  [Data_03] ep 39 val 0.4104 best 0.3452@ep37 pat 2 (247s)
  [Data_03] ep 40 val 0.3806 best 0.3452@ep37 pat 3 (254s)
  [Data_03] ep 41 val 0.3490 best 0.3452@ep37 pat 4 (260s)
  [Data_03] ep 42 val 0.3675 best 0.3452@ep37 pat 5 (266s)
  [Data_03] ep 43 val 0.3967 best 0.3452@ep37 pat 6 (272s)
  [Data_03] ep 44 val 0.3748 best 0.3452@ep37 pat 7 (278s)
  [Data_03] ep 45 val 0.3470 best 0.3452@ep37 pat 8 (284s)
  [Data_03] ep 46 val 0.3787 best 0.3452@ep37 pat 9 (291s)
  [Data_03] NEWBEST ep47 val=0.3234 test=0.1405
  [Data_03] ep 47 val 0.3234 best 0.3234@ep47 pat 0 (297s)
  [Data_03] ep 48 val 0.3745 best 0.3234@ep47 pat 1 (303s)
  [Data_03] ep 49 val 0.3649 best 0.3234@ep47 pat 2 (309s)
  [Data_03] ep 50 val 0.4002 best 0.3234@ep47 pat 3 (315s)
  [Data_03] ep 51 val 0.3607 best 0.3234@ep47 pat 4 (321s)
  [Data_03] ep 52 val 0.3626 best 0.3234@ep47 pat 5 (327s)
  [Data_03] ep 53 val 0.3915 best 0.3234@ep47 pat 6 (333s)
  [Data_03] ep 54 val 0.3850 best 0.3234@ep47 pat 7 (340s)
  [Data_03] ep 55 val 0.3715 best 0.3234@ep47 pat 8 (346s)
  [Data_03] ep 56 val 0.3771 best 0.3234@ep47 pat 9 (352s)
  [Data_03] ep 57 val 0.3955 best 0.3234@ep47 pat 10 (358s)
  [Data_03] ep 58 val 0.3939 best 0.3234@ep47 pat 11 (364s)
  [Data_03] ep 59 val 0.3802 best 0.3234@ep47 pat 12 (370s)
  [Data_03] ep 60 val 0.3727 best 0.3234@ep47 pat 13 (376s)
  [Data_03] ep 61 val 0.3763 best 0.3234@ep47 pat 14 (382s)
  [Data_03] ep 62 val 0.3739 best 0.3234@ep47 pat 15 (389s)
  [Data_03] ep 63 val 0.3997 best 0.3234@ep47 pat 16 (395s)
  [Data_03] ep 64 val 0.3398 best 0.3234@ep47 pat 17 (400s)
  [Data_03] ep 65 val 0.3262 best 0.3234@ep47 pat 18 (406s)
  [Data_03] ep 66 val 0.4024 best 0.3234@ep47 pat 19 (412s)
  [Data_03] ep 67 val 0.4060 best 0.3234@ep47 pat 20 (417s)
  [Data_03] ep 68 val 0.3485 best 0.3234@ep47 pat 21 (423s)
  [Data_03] ep 69 val 0.3761 best 0.3234@ep47 pat 22 (429s)
  [Data_03] ep 70 val 0.3920 best 0.3234@ep47 pat 23 (435s)
  [Data_03] ep 71 val 0.3613 best 0.3234@ep47 pat 24 (440s)
  [Data_03] NEWBEST ep72 val=0.3200 test=0.1424
  [Data_03] ep 72 val 0.3200 best 0.3200@ep72 pat 0 (446s)
  [Data_03] ep 73 val 0.3310 best 0.3200@ep72 pat 1 (452s)
  [Data_03] ep 74 val 0.3882 best 0.3200@ep72 pat 2 (457s)
  [Data_03] ep 75 val 0.4004 best 0.3200@ep72 pat 3 (463s)
  [Data_03] ep 76 val 0.3532 best 0.3200@ep72 pat 4 (469s)
  [Data_03] ep 77 val 0.3673 best 0.3200@ep72 pat 5 (475s)
  [Data_03] ep 78 val 0.3563 best 0.3200@ep72 pat 6 (480s)
  [Data_03] ep 79 val 0.3354 best 0.3200@ep72 pat 7 (486s)
  [Data_03] ep 80 val 0.3880 best 0.3200@ep72 pat 8 (492s)
  [Data_03] ep 81 val 0.3663 best 0.3200@ep72 pat 9 (498s)
  [Data_03] ep 82 val 0.3760 best 0.3200@ep72 pat 10 (503s)
  [Data_03] ep 83 val 0.3476 best 0.3200@ep72 pat 11 (509s)
  [Data_03] ep 84 val 0.3604 best 0.3200@ep72 pat 12 (515s)
  [Data_03] ep 85 val 0.4031 best 0.3200@ep72 pat 13 (520s)
  [Data_03] ep 86 val 0.3785 best 0.3200@ep72 pat 14 (526s)
  [Data_03] ep 87 val 0.4239 best 0.3200@ep72 pat 15 (532s)
  [Data_03] ep 88 val 0.3896 best 0.3200@ep72 pat 16 (537s)
  [Data_03] ep 89 val 0.3705 best 0.3200@ep72 pat 17 (543s)
  [Data_03] ep 90 val 0.3513 best 0.3200@ep72 pat 18 (549s)
  [Data_03] ep 91 val 0.3624 best 0.3200@ep72 pat 19 (554s)
  [Data_03] ep 92 val 0.3641 best 0.3200@ep72 pat 20 (560s)
  [Data_03] ep 93 val 0.3794 best 0.3200@ep72 pat 21 (566s)
  [Data_03] ep 94 val 0.3926 best 0.3200@ep72 pat 22 (571s)
  [Data_03] ep 95 val 0.3508 best 0.3200@ep72 pat 23 (577s)
  [Data_03] ep 96 val 0.3792 best 0.3200@ep72 pat 24 (583s)
  [Data_03] ep 97 val 0.3639 best 0.3200@ep72 pat 25 (588s)
  [Data_03] ep 98 val 0.3428 best 0.3200@ep72 pat 26 (594s)
  [Data_03] ep 99 val 0.3527 best 0.3200@ep72 pat 27 (599s)
  [Data_03] ep 100 val 0.3576 best 0.3200@ep72 pat 28 (605s)
  [Data_03] ep 101 val 0.3758 best 0.3200@ep72 pat 29 (611s)
  [Data_03] ep 102 val 0.3889 best 0.3200@ep72 pat 30 (616s)
  [Data_03] ep 103 val 0.3596 best 0.3200@ep72 pat 31 (622s)
  [Data_03] ep 104 val 0.3693 best 0.3200@ep72 pat 32 (628s)
  [Data_03] ep 105 val 0.3819 best 0.3200@ep72 pat 33 (633s)
  [Data_03] ep 106 val 0.3544 best 0.3200@ep72 pat 34 (639s)
  [Data_03] ep 107 val 0.3661 best 0.3200@ep72 pat 35 (644s)
  [Data_03] ep 108 val 0.3908 best 0.3200@ep72 pat 36 (650s)
  [Data_03] ep 109 val 0.4102 best 0.3200@ep72 pat 37 (655s)
  [Data_03] ep 110 val 0.3972 best 0.3200@ep72 pat 38 (661s)
  [Data_03] ep 111 val 0.4157 best 0.3200@ep72 pat 39 (666s)
  [Data_03] ep 112 val 0.3590 best 0.3200@ep72 pat 40 (672s)
  [Data_03] ep 113 val 0.3609 best 0.3200@ep72 pat 41 (677s)
  [Data_03] ep 114 val 0.3765 best 0.3200@ep72 pat 42 (683s)
  [Data_03] ep 115 val 0.3854 best 0.3200@ep72 pat 43 (688s)
  [Data_03] ep 116 val 0.3916 best 0.3200@ep72 pat 44 (694s)
  [Data_03] ep 117 val 0.3518 best 0.3200@ep72 pat 45 (700s)
  [Data_03] ep 118 val 0.3632 best 0.3200@ep72 pat 46 (705s)
  [Data_03] ep 119 val 0.3992 best 0.3200@ep72 pat 47 (711s)
  [Data_03] ep 120 val 0.3890 best 0.3200@ep72 pat 48 (716s)
  [Data_03] ep 121 val 0.3638 best 0.3200@ep72 pat 49 (722s)
  [Data_03] ep 122 val 0.3836 best 0.3200@ep72 pat 50 (727s)
  [Data_03] EARLYSTOP ep122 best 0.3200@ep72
*** Data_03 test MAE 0.142 (727s)
==== Data_03 DONE
